[2m2026-08-24T18:12:23.752609Z[0m [32m INFO[0m [1mtick[0m[1m{[0m[3mtick[0m[2m=[0m0 [3marrivals[0m[2m=[0m2[1m}[0m[2m:[0m[1mapply_arrivals[0m[1m{[0m[3marrivals[0m[2m=[0m2 [3mgroups[0m[2m=[0m2[1m}[0m[2m:[0m [2msprefa_engine_rs::incremental[0m[2m:[0m close [3mtime.busy[0m[2m=[0m227µs [3mtime.idle[0m[2m=[0m1.08µs
[2m2026-08-24T18:12:23.756368Z[0m [32m INFO[0m [1mtick[0m[1m{[0m[3mtick[0m[2m=[0m0 [3marrivals[0m[2m=[0m2[1m}[0m[2m:[0m [2msprefa_engine_rs::driver[0m[2m:[0m close [3mtime.busy[0m[2m=[0m5.90ms [3mtime.idle[0m[2m=[0m3.00µs
[2m2026-08-24T18:12:23.757421Z[0m [32m INFO[0m [1mtick[0m[1m{[0m[3mtick[0m[2m=[0m1 [3marrivals[0m[2m=[0m1[1m}[0m[2m:[0m[1mapply_arrivals[0m[1m{[0m[3marrivals[0m[2m=[0m1 [3mgroups[0m[2m=[0m1[1m}[0m[2m:[0m [2msprefa_engine_rs::incremental[0m[2m:[0m close [3mtime.busy[0m[2m=[0m149µs [3mtime.idle[0m[2m=[0m1.42µs
[2m2026-08-24T18:12:23.766314Z[0m [32m INFO[0m [1mtick[0m[1m{[0m[3mtick[0m[2m=[0m1 [3marrivals[0m[2m=[0m1[1m}[0m[2m:[0m [2msprefa_engine_rs::driver[0m[2m:[0m close [3mtime.busy[0m[2m=[0m9.89ms [3mtime.idle[0m[2m=[0m749ns
[2m2026-08-24T18:12:23.767358Z[0m [32m INFO[0m [1mtick[0m[1m{[0m[3mtick[0m[2m=[0m2 [3marrivals[0m[2m=[0m1[1m}[0m[2m:[0m[1mapply_arrivals[0m[1m{[0m[3marrivals[0m[2m=[0m1 [3mgroups[0m[2m=[0m1[1m}[0m[2m:[0m [2msprefa_engine_rs::incremental[0m[2m:[0m close [3mtime.busy[0m[2m=[0m52.0µs [3mtime.idle[0m[2m=[0m750ns
[2m2026-08-24T18:12:23.774321Z[0m [32m INFO[0m [1mtick[0m[1m{[0m[3mtick[0m[2m=[0m2 [3marrivals[0m[2m=[0m1[1m}[0m[2m:[0m [2msprefa_engine_rs::driver[0m[2m:[0m close [3mtime.busy[0m[2m=[0m7.96ms [3mtime.idle[0m[2m=[0m667ns
[2m2026-08-24T18:12:23.775397Z[0m [32m INFO[0m [1mtick[0m[1m{[0m[3mtick[0m[2m=[0m3 [3marrivals[0m[2m=[0m1[1m}[0m[2m:[0m[1mapply_arrivals[0m[1m{[0m[3marrivals[0m[2m=[0m1 [3mgroups[0m[2m=[0m1[1m}[0m[2m:[0m [2msprefa_engine_rs::incremental[0m[2m:[0m close [3mtime.busy[0m[2m=[0m160µs [3mtime.idle[0m[2m=[0m250ns
[2m2026-08-24T18:12:23.787080Z[0m [32m INFO[0m [1mtick[0m[1m{[0m[3mtick[0m[2m=[0m3 [3marrivals[0m[2m=[0m1[1m}[0m[2m:[0m [2msprefa_engine_rs::driver[0m[2m:[0m close [3mtime.busy[0m[2m=[0m12.7ms [3mtime.idle[0m[2m=[0m666ns
[2m2026-08-24T18:12:23.788369Z[0m [32m INFO[0m [1mtick[0m[1m{[0m[3mtick[0m[2m=[0m4 [3marrivals[0m[2m=[0m1[1m}[0m[2m:[0m[1mapply_arrivals[0m[1m{[0m[3marrivals[0m[2m=[0m1 [3mgroups[0m[2m=[0m1[1m}[0m[2m:[0m [2msprefa_engine_rs::incremental[0m[2m:[0m close [3mtime.busy[0m[2m=[0m180µs [3mtime.idle[0m[2m=[0m292ns
[2m2026-08-24T18:12:23.798460Z[0m [32m INFO[0m [1mtick[0m[1m{[0m[3mtick[0m[2m=[0m4 [3marrivals[0m[2m=[0m1[1m}[0m[2m:[0m [2msprefa_engine_rs::driver[0m[2m:[0m close [3mtime.busy[0m[2m=[0m11.3ms [3mtime.idle[0m[2m=[0m917ns
[2m2026-08-24T18:12:23.799647Z[0m [32m INFO[0m [1mtick[0m[1m{[0m[3mtick[0m[2m=[0m5 [3marrivals[0m[2m=[0m1[1m}[0m[2m:[0m[1mapply_arrivals[0m[1m{[0m[3marrivals[0m[2m=[0m1 [3mgroups[0m[2m=[0m1[1m}[0m[2m:[0m [2msprefa_engine_rs::incremental[0m[2m:[0m close [3mtime.busy[0m[2m=[0m51.0µs [3mtime.idle[0m[2m=[0m624ns
[2m2026-08-24T18:12:23.814989Z[0m [32m INFO[0m [1mtick[0m[1m{[0m[3mtick[0m[2m=[0m5 [3marrivals[0m[2m=[0m1[1m}[0m[2m:[0m [2msprefa_engine_rs::driver[0m[2m:[0m close [3mtime.busy[0m[2m=[0m16.4ms [3mtime.idle[0m[2m=[0m1.33µs
[2m2026-08-24T18:12:23.816347Z[0m [32m INFO[0m [1mtick[0m[1m{[0m[3mtick[0m[2m=[0m6 [3marrivals[0m[2m=[0m1[1m}[0m[2m:[0m[1mapply_arrivals[0m[1m{[0m[3marrivals[0m[2m=[0m1 [3mgroups[0m[2m=[0m1[1m}[0m[2m:[0m [2msprefa_engine_rs::incremental[0m[2m:[0m close [3mtime.busy[0m[2m=[0m72.5µs [3mtime.idle[0m[2m=[0m334ns
[2m2026-08-24T18:12:23.822746Z[0m [32m INFO[0m [1mtick[0m[1m{[0m[3mtick[0m[2m=[0m6 [3marrivals[0m[2m=[0m1[1m}[0m[2m:[0m [2msprefa_engine_rs::driver[0m[2m:[0m close [3mtime.busy[0m[2m=[0m7.58ms [3mtime.idle[0m[2m=[0m834ns
[2m2026-08-24T18:12:23.823867Z[0m [32m INFO[0m [1mtick[0m[1m{[0m[3mtick[0m[2m=[0m7 [3marrivals[0m[2m=[0m1[1m}[0m[2m:[0m[1mapply_arrivals[0m[1m{[0m[3marrivals[0m[2m=[0m1 [3mgroups[0m[2m=[0m1[1m}[0m[2m:[0m [2msprefa_engine_rs::incremental[0m[2m:[0m close [3mtime.busy[0m[2m=[0m63.7µs [3mtime.idle[0m[2m=[0m333ns
[2m2026-08-24T18:12:23.826461Z[0m [32m INFO[0m [1mtick[0m[1m{[0m[3mtick[0m[2m=[0m7 [3marrivals[0m[2m=[0m1[1m}[0m[2m:[0m [2msprefa_engine_rs::driver[0m[2m:[0m close [3mtime.busy[0m[2m=[0m3.65ms [3mtime.idle[0m[2m=[0m250ns
[2m2026-08-24T18:12:23.827295Z[0m [32m INFO[0m [1mtick[0m[1m{[0m[3mtick[0m[2m=[0m8 [3marrivals[0m[2m=[0m1[1m}[0m[2m:[0m[1mapply_arrivals[0m[1m{[0m[3marrivals[0m[2m=[0m1 [3mgroups[0m[2m=[0m1[1m}[0m[2m:[0m [2msprefa_engine_rs::incremental[0m[2m:[0m close [3mtime.busy[0m[2m=[0m44.8µs [3mtime.idle[0m[2m=[0m250ns
[2m2026-08-24T18:12:23.829200Z[0m [32m INFO[0m [1mtick[0m[1m{[0m[3mtick[0m[2m=[0m8 [3marrivals[0m[2m=[0m1[1m}[0m[2m:[0m [2msprefa_engine_rs::driver[0m[2m:[0m close [3mtime.busy[0m[2m=[0m2.72ms [3mtime.idle[0m[2m=[0m209ns
[2m2026-08-24T18:12:23.830042Z[0m [32m INFO[0m [1mtick[0m[1m{[0m[3mtick[0m[2m=[0m9 [3marrivals[0m[2m=[0m1[1m}[0m[2m:[0m[1mapply_arrivals[0m[1m{[0m[3marrivals[0m[2m=[0m1 [3mgroups[0m[2m=[0m1[1m}[0m[2m:[0m [2msprefa_engine_rs::incremental[0m[2m:[0m close [3mtime.busy[0m[2m=[0m55.9µs [3mtime.idle[0m[2m=[0m292ns
[2m2026-08-24T18:12:23.832238Z[0m [32m INFO[0m [1mtick[0m[1m{[0m[3mtick[0m[2m=[0m9 [3marrivals[0m[2m=[0m1[1m}[0m[2m:[0m [2msprefa_engine_rs::driver[0m[2m:[0m close [3mtime.busy[0m[2m=[0m3.02ms [3mtime.idle[0m[2m=[0m208ns
[2m2026-08-24T18:12:23.833213Z[0m [32m INFO[0m [1mtick[0m[1m{[0m[3mtick[0m[2m=[0m10 [3marrivals[0m[2m=[0m1[1m}[0m[2m:[0m[1mapply_arrivals[0m[1m{[0m[3marrivals[0m[2m=[0m1 [3mgroups[0m[2m=[0m1[1m}[0m[2m:[0m [2msprefa_engine_rs::incremental[0m[2m:[0m close [3mtime.busy[0m[2m=[0m44.0µs [3mtime.idle[0m[2m=[0m208ns
[2m2026-08-24T18:12:23.834665Z[0m [32m INFO[0m [1mtick[0m[1m{[0m[3mtick[0m[2m=[0m10 [3marrivals[0m[2m=[0m1[1m}[0m[2m:[0m [2msprefa_engine_rs::driver[0m[2m:[0m close [3mtime.busy[0m[2m=[0m2.40ms [3mtime.idle[0m[2m=[0m250ns
[2m2026-08-24T18:12:23.835533Z[0m [32m INFO[0m [1mtick[0m[1m{[0m[3mtick[0m[2m=[0m11 [3marrivals[0m[2m=[0m1[1m}[0m[2m:[0m[1mapply_arrivals[0m[1m{[0m[3marrivals[0m[2m=[0m1 [3mgroups[0m[2m=[0m1[1m}[0m[2m:[0m [2msprefa_engine_rs::incremental[0m[2m:[0m close [3mtime.busy[0m[2m=[0m68.3µs [3mtime.idle[0m[2m=[0m126ns
[2m2026-08-24T18:12:23.843116Z[0m [32m INFO[0m [1mtick[0m[1m{[0m[3mtick[0m[2m=[0m11 [3marrivals[0m[2m=[0m1[1m}[0m[2m:[0m [2msprefa_engine_rs::driver[0m[2m:[0m close [3mtime.busy[0m[2m=[0m8.43ms [3mtime.idle[0m[2m=[0m333ns
[2m2026-08-24T18:12:23.844595Z[0m [32m INFO[0m [1mtick[0m[1m{[0m[3mtick[0m[2m=[0m12 [3marrivals[0m[2m=[0m1[1m}[0m[2m:[0m[1mapply_arrivals[0m[1m{[0m[3marrivals[0m[2m=[0m1 [3mgroups[0m[2m=[0m1[1m}[0m[2m:[0m [2msprefa_engine_rs::incremental[0m[2m:[0m close [3mtime.busy[0m[2m=[0m89.6µs [3mtime.idle[0m[2m=[0m166ns
[2m2026-08-24T18:12:23.851222Z[0m [32m INFO[0m [1mtick[0m[1m{[0m[3mtick[0m[2m=[0m12 [3marrivals[0m[2m=[0m1[1m}[0m[2m:[0m [2msprefa_engine_rs::driver[0m[2m:[0m close [3mtime.busy[0m[2m=[0m7.78ms [3mtime.idle[0m[2m=[0m792ns
[2m2026-08-24T18:12:23.852826Z[0m [32m INFO[0m [1mtick[0m[1m{[0m[3mtick[0m[2m=[0m13 [3marrivals[0m[2m=[0m0[1m}[0m[2m:[0m [2msprefa_engine_rs::driver[0m[2m:[0m close [3mtime.busy[0m[2m=[0m1.48ms [3mtime.idle[0m[2m=[0m624ns
[2m2026-08-24T18:12:23.852850Z[0m [32m INFO[0m [2msprefa_engine_rs::sql[0m[2m:[0m seam tally [3mstatements[0m[2m=[0m10147 [3minert[0m[2m=[0m4266 [3minert_pct[0m[2m=[0m42 [3mrows_out[0m[2m=[0m834 [3mrows_changed[0m[2m=[0m2162 [3mms[0m[2m=[0m79

== DL_TRACE_SUMMARY ==
  us_total     us_sql    us_rust    pct    calls  rows_out   changed  verb             relation
     92115      92015        100  45.5%     1743         0         0  ddl              -
      9223       8734        488   4.6%       28        28        28  probe            -
      6696       6656         39   3.3%      344         0        25  boot             -
      4459       4459          0   2.2%     1093         0         0  unlabelled       -
      2630       2564         65   1.3%       36         0         0  level_insert     notification_seen
      1835       1822         13   0.9%        6         3        13  level_insert     gql_pull
      1779       1774          5   0.9%       27         0         0  clear            promote
      1702       1699          2   0.8%       13         0         0  clear            prepare
      1327       1292         35   0.7%       48         7         9  level_insert     pr_batch_member
      1318       1273         45   0.7%       55         3         3  level_insert     pull_request_seen
      1235       1142         93   0.6%      187         0        71  recount          __host_demand_http__post
      1047       1016         31   0.5%       49         0         0  level_insert     discovered_repo
       983        952         30   0.5%       42        11        19  level_insert     __host_demand_http__post
       995        944         50   0.5%       73         0         0  recount          notification_seen
       960        935         25   0.5%       24         7        21  level_insert     __host_demand_http__get
       913        888         25   0.5%       31         0         3  recount          gql_pull
       893        847         46   0.4%       94         0        70  recount          __host_demand_http__get
       840        799         40   0.4%       90        28        67  aggregate        pr_post_body
       811        791         20   0.4%       24         2         7  level_insert     repo_event_seen
       753        744          9   0.4%        5         4         4  level_insert     page_response
       806        728         78   0.4%      140         0         0  level_insert     branch_pattern_list
       736        720         15   0.4%        6         0         0  level_insert     gql_status_context
       754        677         76   0.4%      140         0         0  level_insert     link_part_list
       681        660         20   0.3%       10         4         4  level_insert     page_arrival
       571        561          9   0.3%        4         1         1  level_insert     period_candidate
       556        553          2   0.3%       13         0         0  clear            merge
       550        543          6   0.3%        6         0         0  level_insert     gql_review
       540        534          5   0.3%        6         0         0  level_insert     gql_comment
       528        518         10   0.3%        8         5         5  level_insert     poll_state
       549        511         37   0.3%       73         0        11  recount          repo_event_seen
       522        510         12   0.3%       20         0         0  level_insert     watched_global
       513        506          6   0.3%        6         0         0  level_insert     gql_check_run
       518        503         15   0.3%       16         0         0  level_insert     checkout_task
       533        501         31   0.3%       70        24        57  aggregate        pr_batch
       547        498         48   0.3%       84         0        13  recount          pull_request_seen
       495        481         14   0.2%       13         3         3  level_insert     pr_batch_arrival
       490        476         13   0.2%       16         0         0  level_insert     lane_proof
       561        476         85   0.3%      169         0        22  recount          pr_batch_arrival
       488        474         14   0.2%       14         0         0  level_insert     over_budget
       472        463          9   0.2%       12         2         2  level_insert     page_prev_etag
       473        457         15   0.2%       24         0         0  level_insert     candidate_branch
       502        456         46   0.2%       95         0        42  recount          page_response
       472        454         18   0.2%       24        18        20  level_insert     pr_selection
       507        448         59   0.3%      112         0        47  recount          poll_state
       467        447         20   0.2%        4         4         0  publish          gql_pull
       469        443         25   0.2%       54         0         6  recount          change_candidate
       449        438         10   0.2%        8         4         4  level_insert     due
       449        432         17   0.2%        4         4         0  publish          pull_request_seen
       481        430         51   0.2%      114         0        59  recount          pr_query
       439        424         15   0.2%       25         4         6  level_insert     change_candidate
       450        422         28   0.2%       54         0         0  recount          link_part_list
       427        413         14   0.2%        4         3         0  publish          pull_request
       445        403         42   0.2%       85         0        20  recount          page_arrival
       403        398          5   0.2%       14         0         0  snapshot_pre     -
       408        398          9   0.2%       10         0         0  level_insert     pr_status_check_seen
       400        393          6   0.2%        5         1         1  level_insert     dirty_pr
       430        393         37   0.2%       80         0         0  recount          discovered_repo
       431        389         42   0.2%       88        23        51  aggregate        rate_pool
       405        387         18   0.2%       31         0         0  recount          gql_status_context
       406        385         21   0.2%       31         0         0  recount          gql_comment
       423        382         40   0.2%       85         0        25  recount          pr_batch_response
       529        375        154   0.3%        9        16         0  publish          __host_demand_http__post
       391        372         19   0.2%       31         0         0  recount          gql_review
       385        367         18   0.2%       31         0         0  recount          gql_check_run
       362        353          8   0.2%        6         0         0  level_insert     gql_label
       382        327         54   0.2%      112         0        38  recount          page_prev_etag
       349        326         23   0.2%       46         0        30  recount          pr_selection
       337        326         11   0.2%       15         2         5  level_insert     __host_demand_toml__json
       327        323          4   0.2%        2         1         1  level_insert     watched_repo_seen
       355        321         34   0.2%       66         0        39  recount          rest_response
       347        315         32   0.2%       73         0         0  recount          candidate_branch
       317        306         10   0.2%       15         2         6  level_insert     __host_demand_env__var
       320        305         15   0.2%       30         7        16  aggregate        request_headers
       389        296         92   0.2%       30         0        44  stage            rate_pool
       290        281          9   0.1%       10         6         6  level_insert     pr_due
       304        276         28   0.2%       56         0         5  recount          dirty_pr
       294        272         21   0.1%       42         0         9  recount          pr_batch_member
       451        269        182   0.2%       38         0        14  recount          call_candidate
       335        266         68   0.2%       27         0        47  stage            pr_post_body
       265        260          4   0.1%        6         0         0  level_insert     gql_requested_reviewer
       260        251          8   0.1%       10         0         0  level_insert     pr_comment_seen
       268        248         19   0.1%       20         0         3  recount          open_pr
       253        247          5   0.1%        6         1         2  level_insert     gql_merge_commit
       291        246         44   0.1%       74         0         0  recount          over_budget
       248        244          3   0.1%        3         3         3  level_insert     pr_batch_response
       257        243         13   0.1%       31         0         0  recount          gql_label
       260        239         20   0.1%       42         0        30  recount          pr_batch_alias
       280        237         42   0.1%        6        10         0  publish          __host_demand_http__get
       264        235         28   0.1%       66         0        24  recount          pr_post_field
       247        234         13   0.1%       21         3         3  level_insert     request_header
       239        232          6   0.1%        6         1         1  level_insert     gql_pull_closed_at
       237        232          5   0.1%        6         1         1  level_insert     gql_pull_merged_at
       244        229         14   0.1%       31         0        24  recount          request_header
       268        228         39   0.1%       84         0        29  recount          poll_state_tag
       235        228          7   0.1%       11         1         1  level_insert     pr_merge_commit_seen
       224        222          2   0.1%       13        13         0  read_staged      -
       234        220         14   0.1%        5         5         0  publish          page_response
       228        217         10   0.1%       20         0         0  recount          lane_proof
       247        217         29   0.1%       57         0         0  recount          pr_comment_seen
       227        216         10   0.1%        6         1         1  level_insert     token_seen
       268        214         54   0.1%       21         0        41  stage            pr_batch
       231        214         17   0.1%       38         0         8  recount          header_rate_reset
       221        213          7   0.1%        3         2         0  publish          open_pr
       228        212         15   0.1%       31         0         0  recount          gql_requested_reviewer
       229        210         19   0.1%       42         0         8  recount          header_etag
       235        209         26   0.1%       57         0         0  recount          pr_status_check_seen
       213        207          5   0.1%        5         1         1  level_insert     config_doc
       231        206         24   0.1%        6        20         0  publish          pr_batch_alias
       219        205         14   0.1%       31         0         0  recount          gql_merge_commit
       214        201         13   0.1%       20         3         8  aggregate        graphql_headers
       205        198          6   0.1%       10         0         0  level_insert     pr_label_seen
       216        197         19   0.1%       47         0         9  recount          pr_due
       202        196          5   0.1%        8         2         4  level_insert     recent_event
       202        195          7   0.1%        9         6         6  level_insert     rest_response
       208        195         13   0.1%       20         9        10  level_insert     pr_query
       209        195         14   0.1%       31         0         0  recount          gql_pull_closed_at
       248        194         54   0.1%       15         0        42  stage            pr_batch_alias
       255        193         61   0.1%       18         0        24  stage            __host_demand_http__post
       199        193          5   0.1%        5         0         0  level_insert     endpoint_cooling
       198        191          7   0.1%       10         0         0  level_insert     pr_review_seen
       201        187         13   0.1%       31         0         0  recount          gql_pull_merged_at
       188        184          3   0.1%        4         1         6  edge_project     repo_config
       226        181         45   0.1%       15         0        42  stage            pr_selection
       186        179          6   0.1%       10         0         0  level_insert     pr_requested_reviewer_seen
       224        178         46   0.1%        6        20         0  publish          pr_selection
       208        176         31   0.1%        2         2         0  publish          __host_response_http__post
       221        172         48   0.1%       19         0        25  stage            pr_post_field
       194        170         23   0.1%        5         5         0  publish          __host_response_http__get
       232        170         62   0.1%        8        19         0  publish          pr_post_body
       212        166         46   0.1%        8        14         0  publish          pr_post_field
       180        165         14   0.1%       16        18        19  level_insert     pr_batch_alias
       194        165         28   0.1%       57         0         0  recount          pr_review_seen
       174        165          9   0.1%       12         0         0  level_insert     rate_warm
       190        164         25   0.1%       57         0         0  recount          pr_merge_commit_seen
       175        162         12   0.1%       28         0         8  recount          due
       192        160         32   0.1%       10         5         5  arrive           __host_response_http__get
       164        157          7   0.1%       10         4        12  level_insert     __host_demand_dl__tick_cost
       159        155          4   0.1%        2         1         0  publish          watched_repo_seen
       159        155          4   0.1%        2         1         0  publish          watched_repo
       206        152         54   0.1%       10         0        10  stage            __host_response_http__get
       202        150         52   0.1%        6        15         0  publish          pr_batch
       157        147         10   0.1%       18         0         3  recount          open_pr_head
       154        147          7   0.1%        4         2         0  publish          recent_event
       157        146         11   0.1%        5         8         0  publish          pr_batch_member
       168        143         24   0.1%       57         0         0  recount          pr_label_seen
       153        143          9   0.1%       12         0         0  level_insert     not_an_org
       182        143         38   0.1%       11         0        14  stage            rest_response
       149        143          5   0.1%        7         7         7  level_insert     call_candidate
       189        142         47   0.1%       12         0        14  stage            call_log
       156        141         15   0.1%        8         9         0  publish          poll_state
       193        141         52   0.1%        6         0         6  stage            pull_request_seen
       171        140         31   0.1%       74         0         0  recount          rate_warm
       187        139         48   0.1%       12         0        14  stage            call_candidate
       170        138         32   0.1%       14         0        20  stage            pr_query
       144        137          6   0.1%        3         3         0  publish          repo_event_seen
       152        137         14   0.1%       42         0         0  recount          header_link
       145        136          9   0.1%        5         0         0  level_insert     measured
       142        135          7   0.1%        4         2         0  publish          repo_event
       138        134          3   0.1%        7         4         4  level_insert     page_fetch
       149        133         16   0.1%        5         5         0  publish          page_arrival
       175        133         42   0.1%        6         0         6  stage            gql_pull
       134        131          2   0.1%        1         1         0  publish          gql_merge_commit
       138        130          8   0.1%        8         1         1  level_insert     open_pr
       160        129         30   0.1%       38         0         8  recount          header_rate_remaining
       234        129        105   0.1%       26        38         4  intern           -
       145        128         16   0.1%       42         0         0  recount          header_modified
       169        128         41   0.1%       12         0        15  stage            poll_state
       147        127         19   0.1%        7         9         0  publish          call_candidate
       138        126         11   0.1%       28         0         3  recount          gql_rate_remaining
       162        126         35   0.1%       10         0        16  stage            pr_batch_member
       150        126         23   0.1%       57         0         0  recount          pr_requested_reviewer_seen
       134        126          8   0.1%        5         5         5  level_insert     current_clock
       133        124          8   0.1%       15         0         0  level_insert     branch_seen
       135        124         10   0.1%        8         7         0  publish          poll_state_etag
       158        123         34   0.1%        9         0        15  stage            __host_demand_http__get
       162        121         41   0.1%        8         0         8  stage            page_response
       125        121          4   0.1%        2         1         0  publish          repo_config
       132        117         15   0.1%       10         7         0  publish          call_log
       126        115         11   0.1%       28         0         3  recount          gql_rate_reset
       120        114          6   0.1%       10        11        11  level_insert     pr_post_field
       151        114         37   0.1%        6         0         6  stage            pr_batch_arrival
       152        114         38   0.1%        7        12         0  publish          pr_query
       146        114         32   0.1%       10         5         6  arrive           __host_response_clock__tick
       150        113         36   0.1%        8         0         8  stage            page_arrival
       121        112          8   0.1%        4         6         0  publish          change_candidate
       138        110         27   0.1%        4         0         5  stage            pull_request
       127        110         17   0.1%        4         2         2  arrive           __host_response_http__post
       117        109          7   0.1%       10         4         6  level_insert     header_etag
       123        109         14   0.1%       38         0         0  recount          header_poll_interval
       114        108          5   0.1%        6         1         2  level_insert     watched_endpoint
       122        108         13   0.1%       38         0         3  recount          dirty_repo
       142        108         34   0.1%        6         0         6  stage            pr_batch_response
       114        107          7   0.1%        5         4         0  publish          change_log
       122        107         15   0.1%       38         0         0  recount          endpoint_hit
       109        105          4   0.1%        1         1         0  publish          __host_response_env__var
       136        104         31   0.1%       10         0        13  stage            rate_state
       107        104          3   0.1%       14         0         0  advance_tick     -
       108        104          4   0.1%        3         3         0  publish          request_header
       120        103         16   0.1%       10        16         0  publish          rate_pool
       107        100          7   0.1%        5         5         0  publish          header_etag
       137        100         36   0.1%       10         0        10  stage            __host_response_clock__tick
       103        100          2   0.1%        2         1         0  publish          watched_endpoint
       104        100          3   0.1%        2         1         0  publish          poll_endpoint
       110        100         10   0.1%        4         4         0  publish          __host_demand_dl__tick_cost
       128         98         30   0.1%        4         0         4  stage            __host_response_http__post
       112         97         15   0.1%       38         0         0  recount          endpoint_miss
        99         94          4   0.0%        1         2         1  publish          __host_demand_env__var
       116         92         24   0.1%        9         0         9  stage            due
       106         92         14   0.1%        6         0         6  stage            gql_rate_reset
        97         92          5   0.0%        3         2         0  publish          open_pr_head
       100         91          8   0.0%        5         4         0  publish          page_fetch
        93         91          2   0.0%        1         1         0  publish          gql_pull_closed_at
        94         91          3   0.0%        2         1         0  publish          graphql_header
       115         91         24   0.1%        9         0         9  stage            page_fetch
        92         89          2   0.0%        5         0         0  level_insert     endpoint_hit
       100         88         11   0.0%        5         4         0  publish          due
        92         88          4   0.0%        4         3         0  publish          page_prev_etag
        96         88          7   0.0%       16         3         7  aggregate        endpoint_period
        90         87          3   0.0%        1         2         1  publish          __host_demand_toml__json
       110         87         23   0.1%       10         0        10  stage            current_clock
       105         86         18   0.1%        6         0         8  stage            change_log
        89         86          2   0.0%        4         0         0  edge_project     org_config
       105         84         20   0.1%        8         0         8  stage            __host_demand_dl__tick_cost
       110         84         25   0.1%        9         0        12  stage            request_headers
       108         83         24   0.1%        8         0        11  stage            poll_state_etag
        90         82          8   0.0%       14         0         0  retention        call_log
        90         81          8   0.0%        2         1         2  arrive           __host_response_env__var
       100         81         18   0.0%        3         0         3  stage            open_pr
        83         81          1   0.0%        1         1         0  publish          gql_pull_merged_at
        90         79         10   0.0%        9         8         0  publish          rate_state
        80         78          2   0.0%        2         1         0  publish          pr_transition
        95         77         17   0.0%        6         9         0  publish          rest_response
        95         77         18   0.0%        8         0         8  stage            header_etag
        83         77          6   0.0%        3         5         0  publish          request_headers
        95         76         19   0.0%        8         0         8  stage            header_rate_remaining
        84         76          8   0.0%       12         0         0  edge_project     gh_username
       106         75         30   0.1%        4         4         0  publish          pr_batch_arrival
        92         74         17   0.0%        6         0         6  stage            recent_event
        93         74         18   0.0%        8         0        11  stage            poll_state_polled
        90         74         16   0.0%        7         0        13  stage            pr_due
        93         73         19   0.0%        4         4         0  publish          pr_batch_response
        89         71         18   0.0%        8         0         8  stage            header_rate_reset
        86         70         15   0.0%        3         0         3  stage            watched_repo_seen
        84         70         13   0.0%        6         0         6  stage            poll_state_tag
        85         69         15   0.0%        6         0         6  stage            gql_rate_remaining
        80         69         10   0.0%        8         3         6  aggregate        best_token_rank
        74         69          4   0.0%        4         3         0  publish          poll_state_tag
        85         69         15   0.0%        4         0         4  stage            repo_event_seen
        76         67          8   0.0%        5         5         1  publish          __host_response_clock__tick
        74         67          7   0.0%        8         4         0  publish          page_ordinal
        74         67          6   0.0%        5         5         0  publish          header_rate_remaining
        70         66          3   0.0%        8         2         2  level_insert     poll_state_tag
        92         66         25   0.0%        7         0         6  edge_project     repo_checkout
        73         65          7   0.0%        8         7         0  publish          poll_state_polled
        71         65          6   0.0%       10         0         0  level_insert     header_link
        85         65         19   0.0%        8         0         8  stage            page_ordinal
        71         65          6   0.0%        4         4         0  publish          gql_rate_remaining
        67         65          2   0.0%        2         1         0  publish          repo
        67         64          3   0.0%        2         1         0  publish          global_setting
        81         64         16   0.0%        6         0         8  stage            change_candidate
        68         64          4   0.0%        1         1         1  publish          __host_response_toml__json
        76         64         11   0.0%        5         0         6  stage            graphql_headers
        67         63          3   0.0%        4         1         0  edge_project     global_setting
        67         63          3   0.0%        2         2         0  publish          graphql_headers
        79         63         16   0.0%        4         0         4  stage            repo_event
        70         63          7   0.0%        4         3         0  publish          last_body
        74         61         13   0.0%        4         0         5  stage            last_body
        64         61          3   0.0%        5         4         4  level_insert     header_rate_reset
        63         60          2   0.0%        2         1         0  publish          pr_merge_commit
        65         59          5   0.0%       10         0         0  level_insert     header_modified
        61         58          2   0.0%        5         4         4  level_insert     header_rate_remaining
        64         58          6   0.0%        5         5         0  publish          header_rate_reset
        69         57         11   0.0%        5         0         8  stage            request_header
        62         57          5   0.0%        4         1         2  level_insert     graphql_header
        71         57         13   0.0%        5         0         6  stage            endpoint_period
        62         56          5   0.0%       14         0         0  retention        change_log
        69         56         12   0.0%        4         0         5  stage            best_token_rank
        65         56          9   0.0%        3         0         3  stage            graphql_header
        60         55          5   0.0%        4         4         0  publish          gql_rate_reset
        63         54          8   0.0%        3         0         6  stage            api_tier
        63         54          8   0.0%        3         0         3  stage            open_pr_head
        56         54          1   0.0%        2         2         2  level_insert     api_tier
        55         54          1   0.0%        1         1         1  level_insert     config_present
        57         53          3   0.0%        2         2         0  publish          api_tier
        60         52          7   0.0%        4         8         0  publish          pr_due
        61         52          9   0.0%        8         3         6  aggregate        best_config_rank
        57         52          5   0.0%        4         3         0  publish          poll_state_changed
        60         52          7   0.0%        2         0         4  stage            __host_demand_env__var
        63         51         11   0.0%        2         0         2  stage            global_setting
        54         51          2   0.0%        3         3         2  edge_project     chosen_config
        52         51          1   0.0%        1         1         0  publish          pr_merge_commit_seen
        53         51          2   0.0%        3         3         3  level_insert     gql_rate_remaining
        53         51          2   0.0%        2         2         0  publish          endpoint_period
        52         50          2   0.0%        4         1         1  level_insert     open_pr_head
        52         50          2   0.0%        3         3         3  level_insert     gql_rate_reset
        59         48         10   0.0%        5         0         5  stage            page_prev_etag
        63         48         14   0.0%        2         1         2  arrive           __host_response_toml__json
        57         47          9   0.0%        2         0         2  stage            repo_config
        53         46          6   0.0%        3         0         3  stage            poll_endpoint
        54         45          8   0.0%        2         0         2  stage            __host_response_env__var
        54         44          9   0.0%        2         0         2  stage            watched_repo
        50         44          5   0.0%       14         0         0  retention        engine_tick_cost
        52         43          8   0.0%        3         0         3  stage            watched_endpoint
        45         43          2   0.0%        2         1         0  publish          period_candidate
        47         43          4   0.0%        2         1         1  publish          chosen_config
        49         42          6   0.0%       12         4         6  edge_project     page_ordinal
        47         42          4   0.0%        2         0         2  stage            dirty_pr
        43         42          1   0.0%        1         1         0  publish          token_seen
        51         42          9   0.0%        2         0         2  stage            __host_response_toml__json
        43         42          1   0.0%        1         1         0  publish          dirty_pr
        43         41          1   0.0%        2         1         0  publish          api_token
        46         40          6   0.0%        2         0         2  stage            gql_merge_commit
        49         40          8   0.0%        4         0         5  stage            poll_state_changed
        57         40         16   0.0%        2         0         2  edge_write       pull_request
        44         40          4   0.0%        3         3         0  publish          dirty_repo
        41         39          1   0.0%        2         1         0  publish          seq_repo_ordinal_2
        48         39          9   0.0%        4         0         5  stage            best_config_rank
        45         39          6   0.0%        2         0         2  stage            gql_pull_closed_at
        40         38          1   0.0%        3         2         2  level_insert     dirty_repo
        46         38          8   0.0%        4         0         4  stage            dirty_repo
        43         38          5   0.0%        2         1         1  level_insert     poll_endpoint
        44         37          7   0.0%        3         0         3  stage            repo
        42         37          5   0.0%        4         3         4  edge_project     pull_request
        37         36          1   0.0%        1         1         1  publish          config_present
        38         36          2   0.0%        5         0         0  level_insert     header_poll_interval
        41         36          5   0.0%        2         0         4  stage            __host_demand_toml__json
        52         35         16   0.0%        5         0         5  edge_write       rate_state
        38         35          2   0.0%        1         1         1  publish          config_doc
        41         35          6   0.0%        3         0         3  stage            period_candidate
        40         35          5   0.0%        2         0         2  stage            gql_pull_merged_at
        51         34         17   0.0%        6         0         7  edge_write       call_log
        40         33          6   0.0%        2         0         2  stage            pr_transition
        41         33          8   0.0%        2         0         2  stage            chosen_config
        37         32          4   0.0%        2         0         2  stage            pr_merge_commit_seen
        90         32         57   0.0%        2         0         2  stage            seq_repo_ordinal_2
        37         32          5   0.0%        2         0         2  stage            pr_merge_commit
        35         32          3   0.0%        5         0         0  level_insert     endpoint_miss
        41         30         10   0.0%        5         5         1  publish          current_clock
        38         30          7   0.0%        2         0         2  stage            config_doc
        36         30          6   0.0%        2         0         2  stage            token_seen
        42         30         11   0.0%        3         2         3  edge_lookup      pull_request
        34         29          4   0.0%        2         0         2  stage            api_token
        34         29          5   0.0%        7         7         6  edge_project     call_log
        34         29          5   0.0%        2         0         2  stage            pr_ever_synced
        29         28          1   0.0%        2         1         1  level_insert     repo
        34         27          6   0.0%        1         0         1  edge_write       watched_repo
        29         26          2   0.0%        2         1         0  publish          repo_ordinal
        31         26          4   0.0%        2         0         2  stage            repo_ordinal
        28         26          2   0.0%        2         1         0  publish          pr_ever_synced
        29         26          3   0.0%        8         0         5  edge_project     page_queued
        28         26          2   0.0%        2         2         2  edge_project     api_token
        31         25          5   0.0%        6         7         0  edge_project     rate_state
        32         25          6   0.0%        4         3         4  read_staged      pull_request_seen
        29         25          4   0.0%        2         0         2  stage            config_present
        34         24          9   0.0%        4         0         4  edge_write       page_ordinal
        37         24         13   0.0%        6         5         0  edge_lookup      rate_state
        31         24          7   0.0%        2         0         2  edge_write       repo_event
        36         24         12   0.0%        1         0         1  edge_write       global_setting
        36         23         12   0.0%        4         0         4  edge_write       poll_state_etag
        23         22          1   0.0%        2         1         2  edge_project     seq_repo_ordinal_2
        24         21          3   0.0%        5         4         3  edge_project     poll_state_etag
        25         20          4   0.0%        2         0         2  edge_write       last_body
        36         20         15   0.0%        1         0         3  edge_lookup      repo_config
        23         19          3   0.0%        2         0         3  edge_lookup      repo_event
        27         19          7   0.0%        4         0         1  edge_lookup      page_ordinal
        24         18          6   0.0%        3         0         4  edge_write       change_log
        26         18          8   0.0%        4         0         4  edge_write       poll_state_polled
        23         17          5   0.0%        1         0         1  edge_write       repo_config
        24         17          6   0.0%        4         4         4  edge_project     change_log
        19         17          2   0.0%        2         0         2  edge_write       seq_repo_ordinal_2
        17         15          1   0.0%        1         0         1  edge_lookup      pr_merge_commit
        17         15          1   0.0%        3         1         3  edge_project     pr_transition
        16         15          1   0.0%        1         1         0  edge_project     watched_repo
        17         15          2   0.0%        5         0         5  edge_project     poll_state_modified
        18         14          4   0.0%        2         0         2  edge_write       poll_state_changed
        16         14          1   0.0%        1         1         1  read_staged      watched_repo
        16         14          2   0.0%        5         2         2  edge_project     last_body
        16         14          2   0.0%        3         2         4  edge_project     repo_event
        16         14          2   0.0%        1         0         1  edge_write       pr_merge_commit
        17         13          4   0.0%        1         0         0  edge_lookup      global_setting
        18         13          5   0.0%        1         2         0  publish          best_token_rank
        14         13          1   0.0%        1         0         1  edge_write       api_token
        13         12          0   0.0%        1         1         1  edge_project     pr_merge_commit
        15         12          2   0.0%        1         0         1  edge_write       chosen_config
        13         12          1   0.0%        1         2         1  publish          best_config_rank
        12         11          0   0.0%        2         1         2  edge_project     repo_ordinal
        13         11          2   0.0%        4         3         4  edge_project     pr_ever_synced
        13         11          2   0.0%        5         2         5  edge_project     poll_state_changed
        12         10          2   0.0%        5         4         5  edge_project     poll_state_polled
        12          9          3   0.0%        1         0         0  edge_lookup      watched_repo
        11          9          2   0.0%        5         0         5  edge_project     poll_state_period
        10          9          1   0.0%        1         0         1  edge_write       repo_ordinal
        10          9          1   0.0%        1         0         1  edge_write       pr_ever_synced
        16          8          7   0.0%        4         3         2  edge_lookup      poll_state_etag
        12          7          5   0.0%        4         3         4  edge_lookup      poll_state_polled
        10          6          3   0.0%        3         2         2  edge_lookup      chosen_config
        10          6          3   0.0%        2         1         1  edge_lookup      last_body
         8          6          2   0.0%        1         0         1  edge_write       pr_transition
         9          5          3   0.0%        3         2         3  edge_lookup      pr_ever_synced
         9          5          4   0.0%        2         1         2  edge_lookup      api_token
         7          4          2   0.0%        2         1         2  edge_lookup      poll_state_changed
         5          3          1   0.0%        1         0         1  edge_lookup      repo_ordinal
         5          3          1   0.0%        1         0         1  edge_lookup      seq_repo_ordinal_2
        14          0         14   0.0%        0         0         0  arrive_diff      -
        30          0         30   0.0%        0         0         0  arrive_encode    -
         0          0          0   0.0%        0         0         0  decode           -
       864          0        864   0.4%        0         0         0  ticklog          -
    186228                        91.9%                               TOTAL sqlite     
      3638                         1.8%                               TOTAL rust in scopes 
     12773                         6.3%                               TOTAL rust unscoped 
    202640                       100.0%                               TOTAL wall       
