[2m2026-08-24T18:12:15.578683Z[0m [32m INFO[0m [1mtick[0m[1m{[0m[3mtick[0m[2m=[0m0 [3marrivals[0m[2m=[0m2[1m}[0m[2m:[0m[1mapply_arrivals[0m[1m{[0m[3marrivals[0m[2m=[0m2 [3mgroups[0m[2m=[0m2[1m}[0m[2m:[0m [2msprefa_engine_rs::incremental[0m[2m:[0m close [3mtime.busy[0m[2m=[0m581µs [3mtime.idle[0m[2m=[0m1.83µs
[2m2026-08-24T18:12:15.583619Z[0m [32m INFO[0m [1mtick[0m[1m{[0m[3mtick[0m[2m=[0m0 [3marrivals[0m[2m=[0m2[1m}[0m[2m:[0m [2msprefa_engine_rs::driver[0m[2m:[0m close [3mtime.busy[0m[2m=[0m8.57ms [3mtime.idle[0m[2m=[0m17.2µs
[2m2026-08-24T18:12:15.584921Z[0m [32m INFO[0m [1mtick[0m[1m{[0m[3mtick[0m[2m=[0m1 [3marrivals[0m[2m=[0m1[1m}[0m[2m:[0m[1mapply_arrivals[0m[1m{[0m[3marrivals[0m[2m=[0m1 [3mgroups[0m[2m=[0m1[1m}[0m[2m:[0m [2msprefa_engine_rs::incremental[0m[2m:[0m close [3mtime.busy[0m[2m=[0m122µs [3mtime.idle[0m[2m=[0m583ns
[2m2026-08-24T18:12:15.593728Z[0m [32m INFO[0m [1mtick[0m[1m{[0m[3mtick[0m[2m=[0m1 [3marrivals[0m[2m=[0m1[1m}[0m[2m:[0m [2msprefa_engine_rs::driver[0m[2m:[0m close [3mtime.busy[0m[2m=[0m9.85ms [3mtime.idle[0m[2m=[0m1.08µs
[2m2026-08-24T18:12:15.594639Z[0m [32m INFO[0m [1mtick[0m[1m{[0m[3mtick[0m[2m=[0m2 [3marrivals[0m[2m=[0m1[1m}[0m[2m:[0m[1mapply_arrivals[0m[1m{[0m[3marrivals[0m[2m=[0m1 [3mgroups[0m[2m=[0m1[1m}[0m[2m:[0m [2msprefa_engine_rs::incremental[0m[2m:[0m close [3mtime.busy[0m[2m=[0m51.0µs [3mtime.idle[0m[2m=[0m416ns
[2m2026-08-24T18:12:15.601624Z[0m [32m INFO[0m [1mtick[0m[1m{[0m[3mtick[0m[2m=[0m2 [3marrivals[0m[2m=[0m1[1m}[0m[2m:[0m [2msprefa_engine_rs::driver[0m[2m:[0m close [3mtime.busy[0m[2m=[0m7.87ms [3mtime.idle[0m[2m=[0m666ns
[2m2026-08-24T18:12:15.602718Z[0m [32m INFO[0m [1mtick[0m[1m{[0m[3mtick[0m[2m=[0m3 [3marrivals[0m[2m=[0m1[1m}[0m[2m:[0m[1mapply_arrivals[0m[1m{[0m[3marrivals[0m[2m=[0m1 [3mgroups[0m[2m=[0m1[1m}[0m[2m:[0m [2msprefa_engine_rs::incremental[0m[2m:[0m close [3mtime.busy[0m[2m=[0m160µs [3mtime.idle[0m[2m=[0m250ns
[2m2026-08-24T18:12:15.614730Z[0m [32m INFO[0m [1mtick[0m[1m{[0m[3mtick[0m[2m=[0m3 [3marrivals[0m[2m=[0m1[1m}[0m[2m:[0m [2msprefa_engine_rs::driver[0m[2m:[0m close [3mtime.busy[0m[2m=[0m13.1ms [3mtime.idle[0m[2m=[0m667ns
[2m2026-08-24T18:12:15.616320Z[0m [32m INFO[0m [1mtick[0m[1m{[0m[3mtick[0m[2m=[0m4 [3marrivals[0m[2m=[0m1[1m}[0m[2m:[0m[1mapply_arrivals[0m[1m{[0m[3marrivals[0m[2m=[0m1 [3mgroups[0m[2m=[0m1[1m}[0m[2m:[0m [2msprefa_engine_rs::incremental[0m[2m:[0m close [3mtime.busy[0m[2m=[0m184µs [3mtime.idle[0m[2m=[0m416ns
[2m2026-08-24T18:12:15.625537Z[0m [32m INFO[0m [1mtick[0m[1m{[0m[3mtick[0m[2m=[0m4 [3marrivals[0m[2m=[0m1[1m}[0m[2m:[0m [2msprefa_engine_rs::driver[0m[2m:[0m close [3mtime.busy[0m[2m=[0m10.4ms [3mtime.idle[0m[2m=[0m709ns
[2m2026-08-24T18:12:15.626652Z[0m [32m INFO[0m [1mtick[0m[1m{[0m[3mtick[0m[2m=[0m5 [3marrivals[0m[2m=[0m1[1m}[0m[2m:[0m[1mapply_arrivals[0m[1m{[0m[3marrivals[0m[2m=[0m1 [3mgroups[0m[2m=[0m1[1m}[0m[2m:[0m [2msprefa_engine_rs::incremental[0m[2m:[0m close [3mtime.busy[0m[2m=[0m54.6µs [3mtime.idle[0m[2m=[0m334ns
[2m2026-08-24T18:12:15.642097Z[0m [32m INFO[0m [1mtick[0m[1m{[0m[3mtick[0m[2m=[0m5 [3marrivals[0m[2m=[0m1[1m}[0m[2m:[0m [2msprefa_engine_rs::driver[0m[2m:[0m close [3mtime.busy[0m[2m=[0m16.4ms [3mtime.idle[0m[2m=[0m792ns
[2m2026-08-24T18:12:15.643566Z[0m [32m INFO[0m [1mtick[0m[1m{[0m[3mtick[0m[2m=[0m6 [3marrivals[0m[2m=[0m1[1m}[0m[2m:[0m[1mapply_arrivals[0m[1m{[0m[3marrivals[0m[2m=[0m1 [3mgroups[0m[2m=[0m1[1m}[0m[2m:[0m [2msprefa_engine_rs::incremental[0m[2m:[0m close [3mtime.busy[0m[2m=[0m78.6µs [3mtime.idle[0m[2m=[0m541ns
[2m2026-08-24T18:12:15.650637Z[0m [32m INFO[0m [1mtick[0m[1m{[0m[3mtick[0m[2m=[0m6 [3marrivals[0m[2m=[0m1[1m}[0m[2m:[0m [2msprefa_engine_rs::driver[0m[2m:[0m close [3mtime.busy[0m[2m=[0m8.36ms [3mtime.idle[0m[2m=[0m1.04µs
[2m2026-08-24T18:12:15.651740Z[0m [32m INFO[0m [1mtick[0m[1m{[0m[3mtick[0m[2m=[0m7 [3marrivals[0m[2m=[0m1[1m}[0m[2m:[0m[1mapply_arrivals[0m[1m{[0m[3marrivals[0m[2m=[0m1 [3mgroups[0m[2m=[0m1[1m}[0m[2m:[0m [2msprefa_engine_rs::incremental[0m[2m:[0m close [3mtime.busy[0m[2m=[0m64.8µs [3mtime.idle[0m[2m=[0m458ns
[2m2026-08-24T18:12:15.654293Z[0m [32m INFO[0m [1mtick[0m[1m{[0m[3mtick[0m[2m=[0m7 [3marrivals[0m[2m=[0m1[1m}[0m[2m:[0m [2msprefa_engine_rs::driver[0m[2m:[0m close [3mtime.busy[0m[2m=[0m3.59ms [3mtime.idle[0m[2m=[0m375ns
[2m2026-08-24T18:12:15.655103Z[0m [32m INFO[0m [1mtick[0m[1m{[0m[3mtick[0m[2m=[0m8 [3marrivals[0m[2m=[0m1[1m}[0m[2m:[0m[1mapply_arrivals[0m[1m{[0m[3marrivals[0m[2m=[0m1 [3mgroups[0m[2m=[0m1[1m}[0m[2m:[0m [2msprefa_engine_rs::incremental[0m[2m:[0m close [3mtime.busy[0m[2m=[0m52.5µs [3mtime.idle[0m[2m=[0m208ns
[2m2026-08-24T18:12:15.656996Z[0m [32m INFO[0m [1mtick[0m[1m{[0m[3mtick[0m[2m=[0m8 [3marrivals[0m[2m=[0m1[1m}[0m[2m:[0m [2msprefa_engine_rs::driver[0m[2m:[0m close [3mtime.busy[0m[2m=[0m2.68ms [3mtime.idle[0m[2m=[0m291ns
[2m2026-08-24T18:12:15.657831Z[0m [32m INFO[0m [1mtick[0m[1m{[0m[3mtick[0m[2m=[0m9 [3marrivals[0m[2m=[0m1[1m}[0m[2m:[0m[1mapply_arrivals[0m[1m{[0m[3marrivals[0m[2m=[0m1 [3mgroups[0m[2m=[0m1[1m}[0m[2m:[0m [2msprefa_engine_rs::incremental[0m[2m:[0m close [3mtime.busy[0m[2m=[0m51.3µs [3mtime.idle[0m[2m=[0m166ns
[2m2026-08-24T18:12:15.660187Z[0m [32m INFO[0m [1mtick[0m[1m{[0m[3mtick[0m[2m=[0m9 [3marrivals[0m[2m=[0m1[1m}[0m[2m:[0m [2msprefa_engine_rs::driver[0m[2m:[0m close [3mtime.busy[0m[2m=[0m3.17ms [3mtime.idle[0m[2m=[0m209ns
[2m2026-08-24T18:12:15.661155Z[0m [32m INFO[0m [1mtick[0m[1m{[0m[3mtick[0m[2m=[0m10 [3marrivals[0m[2m=[0m1[1m}[0m[2m:[0m[1mapply_arrivals[0m[1m{[0m[3marrivals[0m[2m=[0m1 [3mgroups[0m[2m=[0m1[1m}[0m[2m:[0m [2msprefa_engine_rs::incremental[0m[2m:[0m close [3mtime.busy[0m[2m=[0m52.5µs [3mtime.idle[0m[2m=[0m250ns
[2m2026-08-24T18:12:15.662679Z[0m [32m INFO[0m [1mtick[0m[1m{[0m[3mtick[0m[2m=[0m10 [3marrivals[0m[2m=[0m1[1m}[0m[2m:[0m [2msprefa_engine_rs::driver[0m[2m:[0m close [3mtime.busy[0m[2m=[0m2.45ms [3mtime.idle[0m[2m=[0m333ns
[2m2026-08-24T18:12:15.663525Z[0m [32m INFO[0m [1mtick[0m[1m{[0m[3mtick[0m[2m=[0m11 [3marrivals[0m[2m=[0m1[1m}[0m[2m:[0m[1mapply_arrivals[0m[1m{[0m[3marrivals[0m[2m=[0m1 [3mgroups[0m[2m=[0m1[1m}[0m[2m:[0m [2msprefa_engine_rs::incremental[0m[2m:[0m close [3mtime.busy[0m[2m=[0m64.8µs [3mtime.idle[0m[2m=[0m167ns
[2m2026-08-24T18:12:15.670688Z[0m [32m INFO[0m [1mtick[0m[1m{[0m[3mtick[0m[2m=[0m11 [3marrivals[0m[2m=[0m1[1m}[0m[2m:[0m [2msprefa_engine_rs::driver[0m[2m:[0m close [3mtime.busy[0m[2m=[0m7.99ms [3mtime.idle[0m[2m=[0m333ns
[2m2026-08-24T18:12:15.672092Z[0m [32m INFO[0m [1mtick[0m[1m{[0m[3mtick[0m[2m=[0m12 [3marrivals[0m[2m=[0m1[1m}[0m[2m:[0m[1mapply_arrivals[0m[1m{[0m[3marrivals[0m[2m=[0m1 [3mgroups[0m[2m=[0m1[1m}[0m[2m:[0m [2msprefa_engine_rs::incremental[0m[2m:[0m close [3mtime.busy[0m[2m=[0m100µs [3mtime.idle[0m[2m=[0m166ns
[2m2026-08-24T18:12:15.678100Z[0m [32m INFO[0m [1mtick[0m[1m{[0m[3mtick[0m[2m=[0m12 [3marrivals[0m[2m=[0m1[1m}[0m[2m:[0m [2msprefa_engine_rs::driver[0m[2m:[0m close [3mtime.busy[0m[2m=[0m7.10ms [3mtime.idle[0m[2m=[0m375ns
[2m2026-08-24T18:12:15.679740Z[0m [32m INFO[0m [1mtick[0m[1m{[0m[3mtick[0m[2m=[0m13 [3marrivals[0m[2m=[0m0[1m}[0m[2m:[0m [2msprefa_engine_rs::driver[0m[2m:[0m close [3mtime.busy[0m[2m=[0m1.53ms [3mtime.idle[0m[2m=[0m209ns
[2m2026-08-24T18:12:15.679767Z[0m [32m INFO[0m [2msprefa_engine_rs::sql[0m[2m:[0m seam tally [3mstatements[0m[2m=[0m10147 [3minert[0m[2m=[0m4266 [3minert_pct[0m[2m=[0m42 [3mrows_out[0m[2m=[0m834 [3mrows_changed[0m[2m=[0m2162 [3mms[0m[2m=[0m79

== DL_TRACE_SUMMARY ==
  us_total     us_sql    us_rust    pct    calls  rows_out   changed  verb             relation
     91070      90965        105  44.0%     1743         0         0  ddl              -
      9609       9131        477   4.6%       28        28        28  probe            -
      7370       7103        267   3.6%      344         0        25  boot             -
      4415       4415          0   2.1%     1093         0         0  unlabelled       -
      2482       2407         75   1.2%       36         0         0  level_insert     notification_seen
      1844       1833         11   0.9%        6         3        13  level_insert     gql_pull
      1708       1704          4   0.8%       27         0         0  clear            promote
      1647       1645          2   0.8%       13         0         0  clear            prepare
      1672       1629         42   0.8%       55         3         3  level_insert     pull_request_seen
      1404       1311         93   0.7%      187         0        71  recount          __host_demand_http__post
      1323       1284         38   0.6%       48         7         9  level_insert     pr_batch_member
      1031        999         31   0.5%       49         0         0  level_insert     discovered_repo
       992        970         21   0.5%       24         7        21  level_insert     __host_demand_http__get
      1020        968         51   0.5%       94         0        70  recount          __host_demand_http__get
       981        950         31   0.5%       42        11        19  level_insert     __host_demand_http__post
       936        911         25   0.5%       31         0         3  recount          gql_pull
       890        843         47   0.4%       73         0         0  recount          notification_seen
       838        828         10   0.4%        5         4         4  level_insert     page_response
       846        802         44   0.4%       90        28        67  aggregate        pr_post_body
       861        785         75   0.4%      140         0         0  level_insert     branch_pattern_list
       753        732         21   0.4%       24         2         7  level_insert     repo_event_seen
       740        664         76   0.4%      140         0         0  level_insert     link_part_list
       649        623         25   0.3%       10         4         4  level_insert     page_arrival
       593        586          7   0.3%        6         0         0  level_insert     gql_status_context
       559        548         10   0.3%        8         5         5  level_insert     poll_state
       548        545          3   0.3%       13         0         0  clear            merge
       539        530          8   0.3%        4         1         1  level_insert     period_candidate
       534        528          6   0.3%        6         0         0  level_insert     gql_comment
       535        528          7   0.3%        6         0         0  level_insert     gql_review
       531        526          5   0.3%        6         0         0  level_insert     gql_check_run
       543        508         35   0.3%       70        24        57  aggregate        pr_batch
       550        502         47   0.3%       84         0        13  recount          pull_request_seen
       537        499         37   0.3%       73         0        11  recount          repo_event_seen
       513        499         14   0.2%       16         0         0  level_insert     checkout_task
       556        477         78   0.3%      169         0        22  recount          pr_batch_arrival
       497        471         25   0.2%       54         0         6  recount          change_candidate
       487        470         17   0.2%       24        18        20  level_insert     pr_selection
       478        468         10   0.2%        8         4         4  level_insert     due
       481        466         15   0.2%       20         0         0  level_insert     watched_global
       479        465         14   0.2%       14         0         0  level_insert     over_budget
       476        461         15   0.2%       13         3         3  level_insert     pr_batch_arrival
       467        458          8   0.2%       12         2         2  level_insert     page_prev_etag
       488        444         44   0.2%       95         0        42  recount          page_response
       454        443         10   0.2%       16         0         0  level_insert     lane_proof
       432        414         18   0.2%       24         0         0  level_insert     candidate_branch
       431        413         18   0.2%       25         4         6  level_insert     change_candidate
       466        411         55   0.2%      112         0        47  recount          poll_state
       437        409         28   0.2%       54         0         0  recount          link_part_list
       425        407         17   0.2%        4         4         0  publish          pull_request_seen
       422        403         18   0.2%       31         0         0  recount          gql_status_context
       405        400          4   0.2%       14         0         0  snapshot_pre     -
       417        399         17   0.2%       31         0         0  recount          gql_comment
       409        397         12   0.2%        5         1         1  level_insert     dirty_pr
       445        397         47   0.2%       88        23        51  aggregate        rate_pool
       415        396         18   0.2%       31         0         0  recount          gql_check_run
       438        392         45   0.2%       85         0        20  recount          page_arrival
       410        391         18   0.2%       31         0         0  recount          gql_review
       396        386         10   0.2%       10         0         0  level_insert     pr_status_check_seen
       539        385        154   0.3%        9        16         0  publish          __host_demand_http__post
       404        384         20   0.2%        4         4         0  publish          gql_pull
       429        380         49   0.2%      114         0        59  recount          pr_query
       401        369         32   0.2%       80         0         0  recount          discovered_repo
       382        368         13   0.2%        4         3         0  publish          pull_request
       382        368         13   0.2%       15         2         5  level_insert     __host_demand_toml__json
       354        349          4   0.2%        6         0         0  level_insert     gql_label
       385        345         40   0.2%       85         0        25  recount          pr_batch_response
       356        341         15   0.2%       15         2         6  level_insert     __host_demand_env__var
       352        337         15   0.2%       30         7        16  aggregate        request_headers
       389        307         82   0.2%       30         0        44  stage            rate_pool
       329        306         23   0.2%       46         0        30  recount          pr_selection
       305        301          3   0.1%        2         1         1  level_insert     watched_repo_seen
       351        299         51   0.2%      112         0        38  recount          page_prev_etag
       313        298         15   0.2%       10         6         6  level_insert     pr_due
       308        277         30   0.1%       66         0        39  recount          rest_response
       298        272         26   0.1%       56         0         5  recount          dirty_pr
       302        271         30   0.1%       73         0         0  recount          candidate_branch
       272        268          3   0.1%        6         0         0  level_insert     gql_requested_reviewer
       283        262         21   0.1%       42         0         9  recount          pr_batch_member
       274        260         14   0.1%       31         0         0  recount          gql_label
       252        248          3   0.1%        3         3         3  level_insert     pr_batch_response
       308        246         62   0.1%       27         0        47  stage            pr_post_body
       365        243        122   0.2%       38         0        14  recount          call_candidate
       271        242         29   0.1%       66         0        24  recount          pr_post_field
       249        237         11   0.1%       10         0         0  level_insert     pr_comment_seen
       252        236         16   0.1%       21         3         3  level_insert     request_header
       236        232          4   0.1%        6         1         2  level_insert     gql_merge_commit
       236        230          6   0.1%        5         1         1  level_insert     config_doc
       234        228          5   0.1%        6         1         1  level_insert     gql_pull_closed_at
       234        227          6   0.1%       11         1         1  level_insert     pr_merge_commit_seen
       232        226          5   0.1%        6         1         1  level_insert     gql_pull_merged_at
       240        225         14   0.1%       31         0        24  recount          request_header
       234        223         10   0.1%       20         0         0  recount          lane_proof
       235        221         13   0.1%        5         5         0  publish          page_response
       223        220          2   0.1%       13        13         0  read_staged      -
       255        219         36   0.1%       84         0        29  recount          poll_state_tag
       660        218        442   0.3%        6        10         0  publish          __host_demand_http__get
       226        214         11   0.1%       20         0         3  recount          open_pr
       232        214         18   0.1%       42         0        30  recount          pr_batch_alias
       223        213          9   0.1%        6         1         1  level_insert     token_seen
       227        212         14   0.1%       31         0         0  recount          gql_merge_commit
       225        208         16   0.1%       31         0         0  recount          gql_requested_reviewer
       419        207        212   0.2%       10         5         6  arrive           __host_response_clock__tick
       232        206         26   0.1%       57         0         0  recount          pr_status_check_seen
       226        205         20   0.1%        6        20         0  publish          pr_batch_alias
       208        202          6   0.1%        8         2         4  level_insert     recent_event
       230        201         29   0.1%       57         0         0  recount          pr_comment_seen
       255        201         54   0.1%       21         0        41  stage            pr_batch
       206        200          6   0.1%       10         0         0  level_insert     pr_requested_reviewer_seen
       252        199         53   0.1%       15         0        42  stage            pr_batch_alias
       206        198          7   0.1%        9         6         6  level_insert     rest_response
       205        196          9   0.1%       10         0         0  level_insert     pr_review_seen
       203        195          7   0.1%        3         2         0  publish          open_pr
       208        194         14   0.1%       31         0         0  recount          gql_pull_closed_at
       211        190         20   0.1%       42         0         8  recount          header_etag
       194        190          3   0.1%        4         1         6  edge_project     repo_config
       201        189         11   0.1%       20         3         8  aggregate        graphql_headers
       202        189         12   0.1%       20         9        10  level_insert     pr_query
       249        188         60   0.1%       18         0        24  stage            __host_demand_http__post
       213        188         24   0.1%        5         5         0  publish          __host_response_http__get
       219        186         32   0.1%       74         0         0  recount          over_budget
       226        182         44   0.1%       15         0        42  stage            pr_selection
       229        181         47   0.1%       19         0        25  stage            pr_post_field
       199        181         17   0.1%       47         0         9  recount          pr_due
       227        180         46   0.1%        6        20         0  publish          pr_selection
       193        178         15   0.1%       10         0         0  level_insert     pr_label_seen
       192        178         14   0.1%       31         0         0  recount          gql_pull_merged_at
       222        177         45   0.1%        8        14         0  publish          pr_post_field
       178        173          4   0.1%        5         0         0  level_insert     endpoint_cooling
       182        171         11   0.1%       10         4        12  level_insert     __host_demand_dl__tick_cost
       232        171         61   0.1%        8        19         0  publish          pr_post_body
       182        170         12   0.1%       16        18        19  level_insert     pr_batch_alias
       196        168         27   0.1%       57         0         0  recount          pr_review_seen
       175        165         10   0.1%       12         0         0  level_insert     rate_warm
       164        160          4   0.1%        7         4         4  level_insert     page_fetch
       211        157         54   0.1%       10         0        10  stage            __host_response_http__get
       161        157          4   0.1%        2         1         0  publish          watched_repo
       186        156         30   0.1%       10         5         5  arrive           __host_response_http__get
       159        155          3   0.1%        2         1         0  publish          watched_repo_seen
       168        155         13   0.1%       28         0         8  recount          due
       180        155         25   0.1%        2         2         0  publish          __host_response_http__post
       163        154          9   0.1%        5         5         5  level_insert     current_clock
       629        154        474   0.3%       26        38         4  intern           -
       161        153          7   0.1%        7         7         7  level_insert     call_candidate
       157        150          7   0.1%        3         3         0  publish          repo_event_seen
       156        150          6   0.1%        4         2         0  publish          recent_event
       160        149         10   0.1%        5         8         0  publish          pr_batch_member
       201        148         52   0.1%        8         0         8  stage            page_response
       155        148          7   0.1%        4         2         0  publish          repo_event
       160        147         12   0.1%       28         0         3  recount          gql_rate_reset
       194        145         48   0.1%       12         0        14  stage            call_log
       159        145         13   0.1%        8         9         0  publish          poll_state
       191        142         49   0.1%       12         0        14  stage            call_candidate
       167        142         25   0.1%       57         0         0  recount          pr_merge_commit_seen
       155        139         15   0.1%        5         5         0  publish          page_arrival
       151        138         12   0.1%       12         0         0  level_insert     not_an_org
       143        138          5   0.1%        6         1         2  level_insert     watched_endpoint
       184        138         45   0.1%        6        15         0  publish          pr_batch
       168        138         29   0.1%       74         0         0  recount          rate_warm
       173        136         36   0.1%       11         0        14  stage            rest_response
       186        136         49   0.1%        6         0         6  stage            pull_request_seen
       156        136         19   0.1%        7         9         0  publish          call_candidate
       158        134         23   0.1%       57         0         0  recount          pr_requested_reviewer_seen
       157        134         23   0.1%       57         0         0  recount          pr_label_seen
       152        132         19   0.1%       38         0         8  recount          header_rate_remaining
       144        132         11   0.1%       28         0         3  recount          gql_rate_remaining
       178        132         46   0.1%        6         0         6  stage            gql_pull
       164        131         32   0.1%       14         0        20  stage            pr_query
       173        130         43   0.1%       12         0        15  stage            poll_state
       217        129         88   0.1%       10         0        10  stage            __host_response_clock__tick
       143        128         15   0.1%       38         0         8  recount          header_rate_reset
       143        127         15   0.1%       42         0         0  recount          header_link
       134        125          8   0.1%        4         6         0  publish          change_candidate
       140        122         17   0.1%       42         0         0  recount          header_modified
       129        122          7   0.1%        5         0         0  level_insert     measured
       162        120         41   0.1%       10         0        16  stage            pr_batch_member
       131        120         10   0.1%        8         7         0  publish          poll_state_etag
       131        119         12   0.1%        4         2         2  arrive           __host_response_http__post
       134        118         15   0.1%       10         7         0  publish          call_log
       120        117          3   0.1%        2         1         0  publish          repo_config
       148        117         31   0.1%        9         0        15  stage            __host_demand_http__get
       152        116         36   0.1%        6         0         6  stage            pr_batch_arrival
       136        116         20   0.1%       15         0         0  level_insert     branch_seen
       152        115         37   0.1%        7        12         0  publish          pr_query
       127        112         15   0.1%       38         0         0  recount          endpoint_hit
       118        111          7   0.1%        5         4         0  publish          change_log
       148        111         37   0.1%        8         0         8  stage            page_arrival
       117        111          5   0.1%       10        11        11  level_insert     pr_post_field
       119        111          7   0.1%        8         1         1  level_insert     open_pr
       113        110          2   0.1%       14         0         0  advance_tick     -
       111        108          3   0.1%        2         1         0  publish          watched_endpoint
       120        108         11   0.1%       18         0         3  recount          open_pr_head
       129        105         23   0.1%       10         0        10  stage            current_clock
       132        105         26   0.1%        4         0         5  stage            pull_request
       143        105         37   0.1%       10         0        13  stage            rate_state
       112        105          7   0.1%       10         4         6  level_insert     header_etag
       107        102          4   0.1%        1         2         1  publish          __host_demand_env__var
       119        101         18   0.1%       38         0         0  recount          header_poll_interval
       137        100         37   0.1%        6         0         6  stage            pr_batch_response
       117        100         17   0.1%       10        16         0  publish          rate_pool
       102         99          2   0.0%        1         1         0  publish          gql_merge_commit
       139         99         39   0.1%        4         0         4  stage            __host_response_http__post
       103         99          4   0.1%        1         2         1  publish          __host_demand_toml__json
       112         99         13   0.1%        4         4         0  publish          __host_demand_dl__tick_cost
       108         98         10   0.1%        1         1         0  publish          __host_response_env__var
       117         96         20   0.1%        9         0        12  stage            request_headers
       100         95          4   0.0%        3         3         0  publish          request_header
       108         95         13   0.1%       38         0         3  recount          dirty_repo
       117         95         22   0.1%        9         0         9  stage            due
       118         95         23   0.1%        8         0        11  stage            poll_state_etag
       118         94         24   0.1%        9         0         9  stage            page_fetch
       109         93         15   0.1%       38         0         0  recount          endpoint_miss
       100         92          7   0.0%        5         5         0  publish          header_etag
        95         91          3   0.0%        4         0         0  edge_project     org_config
        94         91          3   0.0%        5         0         0  level_insert     endpoint_hit
        93         88          5   0.0%        3         2         0  publish          open_pr_head
        96         88          8   0.0%        5         4         0  publish          page_fetch
       107         87         19   0.1%        8         0        11  stage            poll_state_polled
       105         86         19   0.1%        8         0         8  stage            __host_demand_dl__tick_cost
        89         85          3   0.0%        2         1         0  publish          graphql_header
        90         85          5   0.0%        1         1         0  publish          gql_pull_closed_at
        91         84          7   0.0%        5         4         0  publish          due
        90         82          8   0.0%       16         3         7  aggregate        endpoint_period
        89         82          7   0.0%       14         0         0  retention        call_log
        90         82          8   0.0%        5         5         1  publish          __host_response_clock__tick
        84         81          3   0.0%        2         1         0  publish          poll_endpoint
        82         80          1   0.0%        1         1         0  publish          gql_pull_merged_at
        87         80          6   0.0%        3         5         0  publish          request_headers
        93         79         14   0.0%        3         0         3  stage            open_pr
        87         79          8   0.0%       12         0         0  edge_project     gh_username
        80         78          2   0.0%        2         1         0  publish          pr_transition
        94         78         16   0.0%        6         9         0  publish          rest_response
        88         77         10   0.0%        9         8         0  publish          rate_state
        94         77         17   0.0%        7         0        13  stage            pr_due
        94         77         16   0.0%        6         0         6  stage            recent_event
        99         76         23   0.0%        8         0         8  stage            page_ordinal
        82         75          6   0.0%       10         0         0  level_insert     header_link
        93         74         18   0.0%        8         0         8  stage            header_etag
        94         74         19   0.0%        4         4         0  publish          pr_batch_response
        79         73          6   0.0%        1         1         1  publish          __host_response_toml__json
        90         72         17   0.0%        8         0         8  stage            header_rate_reset
        76         72          4   0.0%        4         3         0  publish          page_prev_etag
        87         71         16   0.0%        6         0         8  stage            change_log
        96         71         25   0.0%        7         0         6  edge_project     repo_checkout
        92         70         21   0.0%        4         4         0  publish          pr_batch_arrival
        90         69         20   0.0%        8         0         8  stage            header_rate_remaining
        84         69         14   0.0%        6         0         6  stage            gql_rate_remaining
        82         68         14   0.0%        3         0         3  stage            watched_repo_seen
        72         67          4   0.0%        4         3         0  publish          poll_state_tag
        70         67          3   0.0%        4         1         0  edge_project     global_setting
        75         67          8   0.0%        8         4         0  publish          page_ordinal
        69         66          3   0.0%        2         2         0  publish          graphql_headers
        72         66          6   0.0%        2         1         2  arrive           __host_response_toml__json
        70         65          5   0.0%        8         3         6  aggregate        best_token_rank
        77         65         11   0.0%        6         0         6  stage            poll_state_tag
        80         64         15   0.0%        6         0         8  stage            change_candidate
        79         64         14   0.0%        4         0         4  stage            repo_event_seen
        72         64          8   0.0%        8         7         0  publish          poll_state_polled
        70         63          6   0.0%        5         5         0  publish          header_rate_remaining
        76         63         12   0.0%        8         3         6  aggregate        best_config_rank
        68         62          5   0.0%        5         5         0  publish          header_rate_reset
        69         62          7   0.0%        2         1         2  arrive           __host_response_env__var
        65         62          2   0.0%        2         1         0  publish          global_setting
        64         62          2   0.0%        2         1         0  publish          repo
        76         61         14   0.0%        4         0         4  stage            repo_event
        65         61          3   0.0%        8         2         2  level_insert     poll_state_tag
        72         61         10   0.0%        2         0         4  stage            __host_demand_toml__json
        74         60         13   0.0%        6         0         6  stage            gql_rate_reset
        62         60          2   0.0%        3         3         2  edge_project     chosen_config
        72         60         12   0.0%        5         0         8  stage            request_header
        72         59         12   0.0%        4         0         5  stage            last_body
        61         59          1   0.0%        1         1         1  level_insert     config_present
        61         58          2   0.0%        5         4         4  level_insert     header_rate_reset
        64         58          6   0.0%        4         4         0  publish          gql_rate_remaining
        61         58          2   0.0%        2         1         0  publish          pr_merge_commit
        60         58          1   0.0%        2         2         2  level_insert     api_tier
        63         57          5   0.0%       10         0         0  level_insert     header_modified
        69         57         11   0.0%        5         0         6  stage            endpoint_period
        62         57          4   0.0%        4         3         0  publish          poll_state_changed
        58         55          3   0.0%        5         4         4  level_insert     header_rate_remaining
        65         55         10   0.0%        4         0         5  stage            best_token_rank
        56         54          2   0.0%        2         0         2  edge_write       seq_repo_ordinal_2
        58         54          4   0.0%       14         0         0  retention        change_log
        55         53          2   0.0%        4         1         2  level_insert     graphql_header
        64         52         11   0.0%        5         0         6  stage            graphql_headers
        54         52          1   0.0%        1         1         0  publish          dirty_pr
        55         52          3   0.0%        2         2         0  publish          api_tier
        59         52          7   0.0%        4         3         0  publish          last_body
        62         51         10   0.0%        5         0         5  stage            page_prev_etag
        56         51          4   0.0%        4         4         0  publish          gql_rate_reset
        59         51          8   0.0%        3         0         6  stage            api_tier
        60         50          9   0.0%        4         0         4  stage            dirty_repo
        53         50          2   0.0%        3         3         3  level_insert     gql_rate_remaining
        56         50          5   0.0%        2         0         2  stage            gql_merge_commit
        58         50          8   0.0%        3         0         3  stage            open_pr_head
        59         49          9   0.0%        3         0         3  stage            watched_endpoint
        51         49          1   0.0%        1         1         0  publish          pr_merge_commit_seen
        58         49          8   0.0%        4         0         5  stage            poll_state_changed
        59         49         10   0.0%        2         0         2  stage            watched_repo
        56         49          7   0.0%        3         0         3  stage            poll_endpoint
        58         49          9   0.0%        2         0         2  stage            chosen_config
        58         48          9   0.0%        2         0         2  stage            __host_response_toml__json
        56         48          8   0.0%        3         0         3  stage            graphql_header
        51         47          4   0.0%        2         1         1  publish          chosen_config
        58         47         11   0.0%        2         0         2  stage            global_setting
        49         46          2   0.0%        3         3         3  level_insert     gql_rate_reset
        48         46          2   0.0%        4         1         1  level_insert     open_pr_head
        50         46          4   0.0%       14         0         0  retention        engine_tick_cost
        54         45          9   0.0%        2         0         2  stage            repo_config
        51         45          6   0.0%        3         0         3  stage            repo
        50         44          5   0.0%        2         0         2  stage            gql_pull_closed_at
        46         44          1   0.0%        3         2         2  level_insert     dirty_repo
        51         44          7   0.0%        4         8         0  publish          pr_due
        53         44          9   0.0%        2         0         2  stage            config_doc
        44         42          2   0.0%        2         1         0  publish          seq_repo_ordinal_2
        44         42          1   0.0%        2         1         1  level_insert     poll_endpoint
        52         42         10   0.0%        4         0         5  stage            best_config_rank
        43         41          2   0.0%        2         2         0  publish          endpoint_period
        47         40          6   0.0%       12         4         6  edge_project     page_ordinal
        48         40          7   0.0%        2         0         2  stage            __host_response_env__var
        46         39          6   0.0%        3         0         3  stage            period_candidate
        41         39          1   0.0%        2         1         0  publish          api_token
        41         39          2   0.0%        2         1         0  publish          period_candidate
        44         39          4   0.0%        2         0         2  stage            dirty_pr
        40         39          1   0.0%        1         1         1  publish          config_present
       259         38        221   0.1%        2         0         4  stage            __host_demand_env__var
        41         38          2   0.0%        1         1         1  publish          config_doc
        43         38          5   0.0%        2         0         2  stage            config_present
        66         37         28   0.0%        2         0         2  edge_write       pull_request
        42         37          4   0.0%        2         0         2  stage            pr_merge_commit_seen
        38         37          1   0.0%        1         1         0  publish          token_seen
        45         37          8   0.0%        5         0         0  level_insert     endpoint_miss
        41         36          4   0.0%        2         0         2  stage            gql_pull_merged_at
        40         35          4   0.0%        3         3         0  publish          dirty_repo
        37         35          2   0.0%        5         0         0  level_insert     header_poll_interval
        53         34         18   0.0%        6         0         7  edge_write       call_log
        44         34         10   0.0%        3         2         3  edge_lookup      pull_request
        39         33          6   0.0%        2         0         2  stage            pr_transition
        33         32          1   0.0%        2         1         1  level_insert     repo
        37         32          5   0.0%        5         5         1  publish          current_clock
        36         31          4   0.0%        2         0         2  stage            pr_merge_commit
        37         31          5   0.0%        2         0         2  stage            token_seen
        33         29          4   0.0%        2         0         2  stage            api_token
        31         29          2   0.0%        2         1         0  publish          repo_ordinal
        33         28          5   0.0%        7         7         6  edge_project     call_log
        35         28          6   0.0%        1         0         1  edge_write       watched_repo
        32         28          4   0.0%        2         0         2  stage            repo_ordinal
        31         27          3   0.0%        1         0         1  edge_write       chosen_config
        37         27          9   0.0%        4         0         4  edge_write       page_ordinal
        41         27         14   0.0%        5         0         5  edge_write       rate_state
        31         27          3   0.0%        2         0         2  stage            pr_ever_synced
        32         27          5   0.0%        4         3         4  edge_project     pull_request
        38         27         11   0.0%        6         5         0  edge_lookup      rate_state
        83         26         56   0.0%        2         0         2  stage            seq_repo_ordinal_2
        26         24          1   0.0%        2         2         2  edge_project     api_token
        30         23          6   0.0%        1         0         1  edge_write       global_setting
        29         23          6   0.0%        4         3         4  read_staged      pull_request_seen
        25         23          2   0.0%        2         1         0  publish          pr_ever_synced
        35         23         12   0.0%        4         0         4  edge_write       poll_state_etag
        25         22          3   0.0%        8         0         5  edge_project     page_queued
        29         21          7   0.0%        2         0         2  edge_write       repo_event
        26         21          4   0.0%        6         7         0  edge_project     rate_state
        29         21          8   0.0%        4         0         4  edge_write       poll_state_polled
        23         20          3   0.0%        5         4         3  edge_project     poll_state_etag
        27         20          7   0.0%        4         0         1  edge_lookup      page_ordinal
        24         18          5   0.0%        1         0         1  edge_write       repo_config
        19         18          1   0.0%        2         1         2  edge_project     seq_repo_ordinal_2
        19         17          2   0.0%        3         1         3  edge_project     pr_transition
        21         17          3   0.0%        2         0         3  edge_lookup      repo_event
        19         17          2   0.0%        1         0         1  edge_write       pr_merge_commit
        19         17          2   0.0%        4         4         4  edge_project     change_log
        31         17         14   0.0%        1         0         3  edge_lookup      repo_config
        22         16          6   0.0%        3         0         4  edge_write       change_log
        21         16          4   0.0%        2         0         2  edge_write       last_body
        17         16          1   0.0%        1         1         0  edge_project     watched_repo
        17         15          2   0.0%        5         2         5  edge_project     poll_state_changed
        16         14          1   0.0%        3         2         4  edge_project     repo_event
        16         14          2   0.0%        5         0         5  edge_project     poll_state_modified
        18         14          3   0.0%        2         0         2  edge_write       poll_state_changed
        15         14          1   0.0%        1         2         1  publish          best_config_rank
        15         12          2   0.0%        5         2         2  edge_project     last_body
        14         12          1   0.0%        1         2         0  publish          best_token_rank
        14         12          1   0.0%        1         0         1  edge_lookup      pr_merge_commit
        13         12          1   0.0%        1         1         1  read_staged      watched_repo
        14         11          2   0.0%        5         4         5  edge_project     poll_state_polled
        12         11          0   0.0%        1         1         1  edge_project     pr_merge_commit
        11         11          0   0.0%        2         1         2  edge_project     repo_ordinal
        13         11          2   0.0%        4         3         4  edge_project     pr_ever_synced
        13         10          2   0.0%        1         0         0  edge_lookup      global_setting
        12         10          1   0.0%        1         0         1  edge_write       api_token
        14          9          5   0.0%        3         2         2  edge_lookup      chosen_config
        12          9          3   0.0%        1         0         0  edge_lookup      watched_repo
        11          9          2   0.0%        5         0         5  edge_project     poll_state_period
        10          8          1   0.0%        1         0         1  edge_write       repo_ordinal
         9          8          1   0.0%        1         0         1  edge_write       pr_ever_synced
        15          8          6   0.0%        4         3         2  edge_lookup      poll_state_etag
        14          8          6   0.0%        4         3         4  edge_lookup      poll_state_polled
         9          6          3   0.0%        2         1         1  edge_lookup      last_body
         7          5          1   0.0%        1         0         1  edge_write       pr_transition
         8          5          2   0.0%        2         1         2  edge_lookup      poll_state_changed
         8          5          2   0.0%        2         1         2  edge_lookup      api_token
         8          5          3   0.0%        3         2         3  edge_lookup      pr_ever_synced
         4          3          1   0.0%        1         0         1  edge_lookup      repo_ordinal
         5          3          1   0.0%        1         0         1  edge_lookup      seq_repo_ordinal_2
        16          0         16   0.0%        0         0         0  arrive_diff      -
        31          0         31   0.0%        0         0         0  arrive_encode    -
         0          0          0   0.0%        0         0         0  decode           -
      1292          0       1292   0.6%        0         0         0  ticklog          -
    185710                        89.7%                               TOTAL sqlite     
      5418                         2.6%                               TOTAL rust in scopes 
     15984                         7.7%                               TOTAL rust unscoped 
    207113                       100.0%                               TOTAL wall       
