[2m2026-08-24T18:12:23.374912Z[0m [32m INFO[0m [1mtick[0m[1m{[0m[3mtick[0m[2m=[0m0 [3marrivals[0m[2m=[0m2[1m}[0m[2m:[0m[1mapply_arrivals[0m[1m{[0m[3marrivals[0m[2m=[0m2 [3mgroups[0m[2m=[0m2[1m}[0m[2m:[0m [2msprefa_engine_rs::incremental[0m[2m:[0m close [3mtime.busy[0m[2m=[0m249µs [3mtime.idle[0m[2m=[0m1.00µs
[2m2026-08-24T18:12:23.379241Z[0m [32m INFO[0m [1mtick[0m[1m{[0m[3mtick[0m[2m=[0m0 [3marrivals[0m[2m=[0m2[1m}[0m[2m:[0m [2msprefa_engine_rs::driver[0m[2m:[0m close [3mtime.busy[0m[2m=[0m6.97ms [3mtime.idle[0m[2m=[0m3.92µs
[2m2026-08-24T18:12:23.380242Z[0m [32m INFO[0m [1mtick[0m[1m{[0m[3mtick[0m[2m=[0m1 [3marrivals[0m[2m=[0m1[1m}[0m[2m:[0m[1mapply_arrivals[0m[1m{[0m[3marrivals[0m[2m=[0m1 [3mgroups[0m[2m=[0m1[1m}[0m[2m:[0m [2msprefa_engine_rs::incremental[0m[2m:[0m close [3mtime.busy[0m[2m=[0m104µs [3mtime.idle[0m[2m=[0m500ns
[2m2026-08-24T18:12:23.388692Z[0m [32m INFO[0m [1mtick[0m[1m{[0m[3mtick[0m[2m=[0m1 [3marrivals[0m[2m=[0m1[1m}[0m[2m:[0m [2msprefa_engine_rs::driver[0m[2m:[0m close [3mtime.busy[0m[2m=[0m9.38ms [3mtime.idle[0m[2m=[0m1.04µs
[2m2026-08-24T18:12:23.389752Z[0m [32m INFO[0m [1mtick[0m[1m{[0m[3mtick[0m[2m=[0m2 [3marrivals[0m[2m=[0m1[1m}[0m[2m:[0m[1mapply_arrivals[0m[1m{[0m[3marrivals[0m[2m=[0m1 [3mgroups[0m[2m=[0m1[1m}[0m[2m:[0m [2msprefa_engine_rs::incremental[0m[2m:[0m close [3mtime.busy[0m[2m=[0m56.8µs [3mtime.idle[0m[2m=[0m667ns
[2m2026-08-24T18:12:23.397256Z[0m [32m INFO[0m [1mtick[0m[1m{[0m[3mtick[0m[2m=[0m2 [3marrivals[0m[2m=[0m1[1m}[0m[2m:[0m [2msprefa_engine_rs::driver[0m[2m:[0m close [3mtime.busy[0m[2m=[0m8.52ms [3mtime.idle[0m[2m=[0m1.04µs
[2m2026-08-24T18:12:23.398405Z[0m [32m INFO[0m [1mtick[0m[1m{[0m[3mtick[0m[2m=[0m3 [3marrivals[0m[2m=[0m1[1m}[0m[2m:[0m[1mapply_arrivals[0m[1m{[0m[3marrivals[0m[2m=[0m1 [3mgroups[0m[2m=[0m1[1m}[0m[2m:[0m [2msprefa_engine_rs::incremental[0m[2m:[0m close [3mtime.busy[0m[2m=[0m155µs [3mtime.idle[0m[2m=[0m333ns
[2m2026-08-24T18:12:23.410385Z[0m [32m INFO[0m [1mtick[0m[1m{[0m[3mtick[0m[2m=[0m3 [3marrivals[0m[2m=[0m1[1m}[0m[2m:[0m [2msprefa_engine_rs::driver[0m[2m:[0m close [3mtime.busy[0m[2m=[0m13.1ms [3mtime.idle[0m[2m=[0m583ns
[2m2026-08-24T18:12:23.411804Z[0m [32m INFO[0m [1mtick[0m[1m{[0m[3mtick[0m[2m=[0m4 [3marrivals[0m[2m=[0m1[1m}[0m[2m:[0m[1mapply_arrivals[0m[1m{[0m[3marrivals[0m[2m=[0m1 [3mgroups[0m[2m=[0m1[1m}[0m[2m:[0m [2msprefa_engine_rs::incremental[0m[2m:[0m close [3mtime.busy[0m[2m=[0m200µs [3mtime.idle[0m[2m=[0m334ns
[2m2026-08-24T18:12:23.421349Z[0m [32m INFO[0m [1mtick[0m[1m{[0m[3mtick[0m[2m=[0m4 [3marrivals[0m[2m=[0m1[1m}[0m[2m:[0m [2msprefa_engine_rs::driver[0m[2m:[0m close [3mtime.busy[0m[2m=[0m10.8ms [3mtime.idle[0m[2m=[0m999ns
[2m2026-08-24T18:12:23.422459Z[0m [32m INFO[0m [1mtick[0m[1m{[0m[3mtick[0m[2m=[0m5 [3marrivals[0m[2m=[0m1[1m}[0m[2m:[0m[1mapply_arrivals[0m[1m{[0m[3marrivals[0m[2m=[0m1 [3mgroups[0m[2m=[0m1[1m}[0m[2m:[0m [2msprefa_engine_rs::incremental[0m[2m:[0m close [3mtime.busy[0m[2m=[0m48.6µs [3mtime.idle[0m[2m=[0m333ns
[2m2026-08-24T18:12:23.437865Z[0m [32m INFO[0m [1mtick[0m[1m{[0m[3mtick[0m[2m=[0m5 [3marrivals[0m[2m=[0m1[1m}[0m[2m:[0m [2msprefa_engine_rs::driver[0m[2m:[0m close [3mtime.busy[0m[2m=[0m16.4ms [3mtime.idle[0m[2m=[0m1.33µs
[2m2026-08-24T18:12:23.439205Z[0m [32m INFO[0m [1mtick[0m[1m{[0m[3mtick[0m[2m=[0m6 [3marrivals[0m[2m=[0m1[1m}[0m[2m:[0m[1mapply_arrivals[0m[1m{[0m[3marrivals[0m[2m=[0m1 [3mgroups[0m[2m=[0m1[1m}[0m[2m:[0m [2msprefa_engine_rs::incremental[0m[2m:[0m close [3mtime.busy[0m[2m=[0m80.5µs [3mtime.idle[0m[2m=[0m791ns
[2m2026-08-24T18:12:23.445958Z[0m [32m INFO[0m [1mtick[0m[1m{[0m[3mtick[0m[2m=[0m6 [3marrivals[0m[2m=[0m1[1m}[0m[2m:[0m [2msprefa_engine_rs::driver[0m[2m:[0m close [3mtime.busy[0m[2m=[0m7.91ms [3mtime.idle[0m[2m=[0m834ns
[2m2026-08-24T18:12:23.447072Z[0m [32m INFO[0m [1mtick[0m[1m{[0m[3mtick[0m[2m=[0m7 [3marrivals[0m[2m=[0m1[1m}[0m[2m:[0m[1mapply_arrivals[0m[1m{[0m[3marrivals[0m[2m=[0m1 [3mgroups[0m[2m=[0m1[1m}[0m[2m:[0m [2msprefa_engine_rs::incremental[0m[2m:[0m close [3mtime.busy[0m[2m=[0m62.2µs [3mtime.idle[0m[2m=[0m250ns
[2m2026-08-24T18:12:23.449549Z[0m [32m INFO[0m [1mtick[0m[1m{[0m[3mtick[0m[2m=[0m7 [3marrivals[0m[2m=[0m1[1m}[0m[2m:[0m [2msprefa_engine_rs::driver[0m[2m:[0m close [3mtime.busy[0m[2m=[0m3.52ms [3mtime.idle[0m[2m=[0m500ns
[2m2026-08-24T18:12:23.450397Z[0m [32m INFO[0m [1mtick[0m[1m{[0m[3mtick[0m[2m=[0m8 [3marrivals[0m[2m=[0m1[1m}[0m[2m:[0m[1mapply_arrivals[0m[1m{[0m[3marrivals[0m[2m=[0m1 [3mgroups[0m[2m=[0m1[1m}[0m[2m:[0m [2msprefa_engine_rs::incremental[0m[2m:[0m close [3mtime.busy[0m[2m=[0m44.5µs [3mtime.idle[0m[2m=[0m209ns
[2m2026-08-24T18:12:23.452392Z[0m [32m INFO[0m [1mtick[0m[1m{[0m[3mtick[0m[2m=[0m8 [3marrivals[0m[2m=[0m1[1m}[0m[2m:[0m [2msprefa_engine_rs::driver[0m[2m:[0m close [3mtime.busy[0m[2m=[0m2.82ms [3mtime.idle[0m[2m=[0m125ns
[2m2026-08-24T18:12:23.453284Z[0m [32m INFO[0m [1mtick[0m[1m{[0m[3mtick[0m[2m=[0m9 [3marrivals[0m[2m=[0m1[1m}[0m[2m:[0m[1mapply_arrivals[0m[1m{[0m[3marrivals[0m[2m=[0m1 [3mgroups[0m[2m=[0m1[1m}[0m[2m:[0m [2msprefa_engine_rs::incremental[0m[2m:[0m close [3mtime.busy[0m[2m=[0m67.7µs [3mtime.idle[0m[2m=[0m249ns
[2m2026-08-24T18:12:23.455557Z[0m [32m INFO[0m [1mtick[0m[1m{[0m[3mtick[0m[2m=[0m9 [3marrivals[0m[2m=[0m1[1m}[0m[2m:[0m [2msprefa_engine_rs::driver[0m[2m:[0m close [3mtime.busy[0m[2m=[0m3.14ms [3mtime.idle[0m[2m=[0m375ns
[2m2026-08-24T18:12:23.456434Z[0m [32m INFO[0m [1mtick[0m[1m{[0m[3mtick[0m[2m=[0m10 [3marrivals[0m[2m=[0m1[1m}[0m[2m:[0m[1mapply_arrivals[0m[1m{[0m[3marrivals[0m[2m=[0m1 [3mgroups[0m[2m=[0m1[1m}[0m[2m:[0m [2msprefa_engine_rs::incremental[0m[2m:[0m close [3mtime.busy[0m[2m=[0m43.2µs [3mtime.idle[0m[2m=[0m125ns
[2m2026-08-24T18:12:23.457826Z[0m [32m INFO[0m [1mtick[0m[1m{[0m[3mtick[0m[2m=[0m10 [3marrivals[0m[2m=[0m1[1m}[0m[2m:[0m [2msprefa_engine_rs::driver[0m[2m:[0m close [3mtime.busy[0m[2m=[0m2.23ms [3mtime.idle[0m[2m=[0m250ns
[2m2026-08-24T18:12:23.458623Z[0m [32m INFO[0m [1mtick[0m[1m{[0m[3mtick[0m[2m=[0m11 [3marrivals[0m[2m=[0m1[1m}[0m[2m:[0m[1mapply_arrivals[0m[1m{[0m[3marrivals[0m[2m=[0m1 [3mgroups[0m[2m=[0m1[1m}[0m[2m:[0m [2msprefa_engine_rs::incremental[0m[2m:[0m close [3mtime.busy[0m[2m=[0m61.8µs [3mtime.idle[0m[2m=[0m166ns
[2m2026-08-24T18:12:23.466480Z[0m [32m INFO[0m [1mtick[0m[1m{[0m[3mtick[0m[2m=[0m11 [3marrivals[0m[2m=[0m1[1m}[0m[2m:[0m [2msprefa_engine_rs::driver[0m[2m:[0m close [3mtime.busy[0m[2m=[0m8.63ms [3mtime.idle[0m[2m=[0m333ns
[2m2026-08-24T18:12:23.467948Z[0m [32m INFO[0m [1mtick[0m[1m{[0m[3mtick[0m[2m=[0m12 [3marrivals[0m[2m=[0m1[1m}[0m[2m:[0m[1mapply_arrivals[0m[1m{[0m[3marrivals[0m[2m=[0m1 [3mgroups[0m[2m=[0m1[1m}[0m[2m:[0m [2msprefa_engine_rs::incremental[0m[2m:[0m close [3mtime.busy[0m[2m=[0m91.5µs [3mtime.idle[0m[2m=[0m375ns
[2m2026-08-24T18:12:23.475025Z[0m [32m INFO[0m [1mtick[0m[1m{[0m[3mtick[0m[2m=[0m12 [3marrivals[0m[2m=[0m1[1m}[0m[2m:[0m [2msprefa_engine_rs::driver[0m[2m:[0m close [3mtime.busy[0m[2m=[0m8.22ms [3mtime.idle[0m[2m=[0m1.00µs
[2m2026-08-24T18:12:23.476781Z[0m [32m INFO[0m [1mtick[0m[1m{[0m[3mtick[0m[2m=[0m13 [3marrivals[0m[2m=[0m0[1m}[0m[2m:[0m [2msprefa_engine_rs::driver[0m[2m:[0m close [3mtime.busy[0m[2m=[0m1.62ms [3mtime.idle[0m[2m=[0m875ns
[2m2026-08-24T18:12:23.476808Z[0m [32m INFO[0m [2msprefa_engine_rs::sql[0m[2m:[0m seam tally [3mstatements[0m[2m=[0m10147 [3minert[0m[2m=[0m4266 [3minert_pct[0m[2m=[0m42 [3mrows_out[0m[2m=[0m834 [3mrows_changed[0m[2m=[0m2162 [3mms[0m[2m=[0m80

== DL_TRACE_SUMMARY ==
  us_total     us_sql    us_rust    pct    calls  rows_out   changed  verb             relation
     92034      91939         94  44.9%     1743         0         0  ddl              -
      9751       9259        491   4.8%       28        28        28  probe            -
      6978       6943         34   3.4%      344         0        25  boot             -
      4912       4912          0   2.4%     1093         0         0  unlabelled       -
      2514       2454         60   1.2%       36         0         0  level_insert     notification_seen
      1921       1903         17   0.9%        6         3        13  level_insert     gql_pull
      1744       1739          5   0.9%       27         0         0  clear            promote
      1680       1678          2   0.8%       13         0         0  clear            prepare
      1376       1340         35   0.7%       48         7         9  level_insert     pr_batch_member
      1326       1283         43   0.6%       55         3         3  level_insert     pull_request_seen
      1273       1172        101   0.6%      187         0        71  recount          __host_demand_http__post
      1072       1040         31   0.5%       49         0         0  level_insert     discovered_repo
       987        965         22   0.5%       24         7        21  level_insert     __host_demand_http__get
       988        958         30   0.5%       42        11        19  level_insert     __host_demand_http__post
       978        926         52   0.5%       73         0         0  recount          notification_seen
       931        905         26   0.5%       31         0         3  recount          gql_pull
       921        870         50   0.4%       94         0        70  recount          __host_demand_http__get
       861        836         25   0.4%       24         2         7  level_insert     repo_event_seen
       886        807         79   0.4%      140         0         0  level_insert     branch_pattern_list
       838        797         40   0.4%       90        28        67  aggregate        pr_post_body
       747        739          8   0.4%        5         4         4  level_insert     page_response
       808        724         84   0.4%      140         0         0  level_insert     link_part_list
       641        625         16   0.3%       10         4         4  level_insert     page_arrival
       606        597          9   0.3%        6         0         0  level_insert     gql_comment
       596        589          7   0.3%        6         0         0  level_insert     gql_status_context
       582        578          3   0.3%       13         0         0  clear            merge
       583        575          8   0.3%        4         1         1  level_insert     period_candidate
       611        560         50   0.3%       84         0        13  recount          pull_request_seen
       549        541          8   0.3%        6         0         0  level_insert     gql_review
       547        540          7   0.3%        6         0         0  level_insert     gql_check_run
       564        525         38   0.3%       73         0        11  recount          repo_event_seen
       529        512         16   0.3%       14         0         0  level_insert     over_budget
       591        509         81   0.3%      169         0        22  recount          pr_batch_arrival
       507        496         10   0.2%        8         5         5  level_insert     poll_state
       521        495         26   0.3%       54         0         6  recount          change_candidate
       521        489         32   0.3%       70        24        57  aggregate        pr_batch
       499        484         15   0.2%       13         3         3  level_insert     pr_batch_arrival
       523        475         47   0.3%       95         0        42  recount          page_response
       485        469         15   0.2%       20         0         0  level_insert     watched_global
       486        467         18   0.2%       16         0         0  level_insert     checkout_task
       464        455          8   0.2%       12         2         2  level_insert     page_prev_etag
       467        453         14   0.2%        8         4         4  level_insert     due
       465        451         14   0.2%       16         0         0  level_insert     lane_proof
       468        450         18   0.2%       24        18        20  level_insert     pr_selection
       462        443         18   0.2%        4         4         0  publish          gql_pull
       459        441         18   0.2%       31         0         0  recount          gql_check_run
       455        438         17   0.2%       24         0         0  level_insert     candidate_branch
       454        437         17   0.2%       25         4         6  level_insert     change_candidate
       483        426         57   0.2%      112         0        47  recount          poll_state
       444        417         27   0.2%       54         0         0  recount          link_part_list
       434        416         17   0.2%        4         4         0  publish          pull_request_seen
       429        415         14   0.2%        4         3         0  publish          pull_request
       459        411         47   0.2%       85         0        20  recount          page_arrival
       427        410         17   0.2%       31         0         0  recount          gql_comment
       412        408          4   0.2%       14         0         0  snapshot_pre     -
       426        408         18   0.2%       31         0         0  recount          gql_status_context
       431        397         33   0.2%       80         0         0  recount          discovered_repo
       395        384         11   0.2%        6         0         0  level_insert     gql_label
       400        381         19   0.2%       31         0         0  recount          gql_review
       388        379          9   0.2%       10         0         0  level_insert     pr_status_check_seen
       430        378         51   0.2%      114         0        59  recount          pr_query
       421        378         42   0.2%       85         0        25  recount          pr_batch_response
       534        369        165   0.3%        9        16         0  publish          __host_demand_http__post
       380        369         10   0.2%       15         2         6  level_insert     __host_demand_env__var
       370        363          6   0.2%        5         1         1  level_insert     dirty_pr
       401        359         42   0.2%       88        23        51  aggregate        rate_pool
       377        342         35   0.2%       57         0         0  recount          pr_status_check_seen
       359        334         24   0.2%       46         0        30  recount          pr_selection
       333        318         15   0.2%       30         7        16  aggregate        request_headers
       315        310          4   0.2%        2         1         1  level_insert     watched_repo_seen
       362        309         52   0.2%      112         0        38  recount          page_prev_etag
       314        302         11   0.2%       15         2         5  level_insert     __host_demand_toml__json
       333        301         32   0.2%       66         0        39  recount          rest_response
       308        297         10   0.2%       10         6         6  level_insert     pr_due
       384        293         90   0.2%       30         0        44  stage            rate_pool
       322        289         33   0.2%       73         0         0  recount          candidate_branch
       311        284         26   0.2%       56         0         5  recount          dirty_pr
       297        274         22   0.1%       42         0         9  recount          pr_batch_member
       266        262          4   0.1%        6         0         0  level_insert     gql_requested_reviewer
       391        259        131   0.2%       38         0        14  recount          call_candidate
       272        258         14   0.1%       31         0         0  recount          gql_label
       258        255          3   0.1%        3         3         3  level_insert     pr_batch_response
       265        253         11   0.1%       20         0         0  recount          lane_proof
       282        252         29   0.1%       66         0        24  recount          pr_post_field
       265        251         13   0.1%       21         3         3  level_insert     request_header
       256        250          6   0.1%        6         1         2  level_insert     gql_merge_commit
       247        244          2   0.1%       13        13         0  read_staged      -
       251        243          8   0.1%       10         0         0  level_insert     pr_comment_seen
       255        241         14   0.1%       20         0         3  recount          open_pr
       300        237         62   0.1%       27         0        47  stage            pr_post_body
       243        237          6   0.1%        6         1         1  level_insert     gql_pull_closed_at
       273        236         37   0.1%        6        10         0  publish          __host_demand_http__get
       250        230         19   0.1%       42         0        30  recount          pr_batch_alias
       264        227         36   0.1%       84         0        29  recount          poll_state_tag
       233        225          8   0.1%       11         1         1  level_insert     pr_merge_commit_seen
       229        223          6   0.1%        6         1         1  level_insert     gql_pull_merged_at
       230        216         13   0.1%       31         0        24  recount          request_header
       232        216         15   0.1%       31         0         0  recount          gql_requested_reviewer
       244        215         29   0.1%       57         0         0  recount          pr_comment_seen
       227        214         13   0.1%        5         5         0  publish          page_response
       218        212          6   0.1%        5         1         1  level_insert     config_doc
       217        210          7   0.1%        9         6         6  level_insert     rest_response
       220        210         10   0.1%        2         1         0  publish          repo_config
       216        209          6   0.1%        6         1         1  level_insert     token_seen
       244        208         35   0.1%       74         0         0  recount          over_budget
       262        207         55   0.1%       21         0        41  stage            pr_batch
       219        204         15   0.1%       31         0         0  recount          gql_merge_commit
       225        204         21   0.1%        6        20         0  publish          pr_batch_alias
       213        201         12   0.1%        3         3         0  publish          repo_event_seen
       210        197         12   0.1%        3         2         0  publish          open_pr
       214        193         20   0.1%       42         0         8  recount          header_etag
       240        190         50   0.1%       15         0        42  stage            pr_batch_alias
       203        190         12   0.1%       20         3         8  aggregate        graphql_headers
       192        186          5   0.1%        8         2         4  level_insert     recent_event
       232        186         45   0.1%        6        20         0  publish          pr_selection
       192        186          6   0.1%       10         0         0  level_insert     pr_label_seen
       200        186         14   0.1%       31         0         0  recount          gql_pull_closed_at
       199        185         13   0.1%       31         0         0  recount          gql_pull_merged_at
       244        185         59   0.1%       18         0        24  stage            __host_demand_http__post
       190        185          5   0.1%        4         1         6  edge_project     repo_config
       197        185         12   0.1%       20         9        10  level_insert     pr_query
       191        185          5   0.1%       10         0         0  level_insert     pr_review_seen
       231        184         46   0.1%        8        14         0  publish          pr_post_field
       187        181          5   0.1%        2         1         0  publish          watched_repo_seen
       205        176         29   0.1%        2         2         0  publish          __host_response_http__post
       237        176         61   0.1%        8        19         0  publish          pr_post_body
       200        176         24   0.1%        5         5         0  publish          __host_response_http__get
       246        173         73   0.1%        6         0         6  stage            pull_request_seen
       217        173         44   0.1%       15         0        42  stage            pr_selection
       177        171          6   0.1%       10         0         0  level_insert     pr_requested_reviewer_seen
       178        170          7   0.1%       10         4        12  level_insert     __host_demand_dl__tick_cost
       181        169         11   0.1%       16        18        19  level_insert     pr_batch_alias
       173        168          4   0.1%        5         0         0  level_insert     endpoint_cooling
       179        168         11   0.1%        5         8         0  publish          pr_batch_member
       218        167         50   0.1%       19         0        25  stage            pr_post_field
       208        167         41   0.1%        8         0         8  stage            page_arrival
       186        167         18   0.1%       47         0         9  recount          pr_due
       194        166         27   0.1%       57         0         0  recount          pr_review_seen
       200        166         34   0.1%       10         5         5  arrive           __host_response_http__get
       172        163          9   0.1%       12         0         0  level_insert     rate_warm
       174        161         13   0.1%       28         0         8  recount          due
       164        160          4   0.1%        2         1         0  publish          watched_repo
       157        151          6   0.1%        4         2         0  publish          recent_event
       203        150         53   0.1%       10         0        10  stage            __host_response_http__get
       173        150         23   0.1%       57         0         0  recount          pr_label_seen
       204        149         54   0.1%       12         0        14  stage            call_log
       180        148         32   0.1%       74         0         0  recount          rate_warm
       187        148         39   0.1%       11         0        14  stage            rest_response
       190        146         44   0.1%        6         0         6  stage            gql_pull
       168        144         23   0.1%       57         0         0  recount          pr_merge_commit_seen
       162        144         18   0.1%       38         0         8  recount          header_rate_remaining
       190        143         47   0.1%       12         0        14  stage            call_candidate
       153        140         12   0.1%       28         0         3  recount          gql_rate_remaining
       184        139         45   0.1%        6        15         0  publish          pr_batch
       153        139         14   0.1%        8         9         0  publish          poll_state
       145        138          6   0.1%        4         2         0  publish          repo_event
       143        138          4   0.1%        7         4         4  level_insert     page_fetch
       144        137          6   0.1%        7         7         7  level_insert     call_candidate
       153        137         15   0.1%       38         0         8  recount          header_rate_reset
       144        136          7   0.1%       12         0         0  level_insert     not_an_org
       151        136         14   0.1%       42         0         0  recount          header_link
       153        134         18   0.1%       42         0         0  recount          header_modified
       245        134        110   0.1%       26        38         4  intern           -
       154        134         20   0.1%        7         9         0  publish          call_candidate
       148        133         15   0.1%        5         5         0  publish          page_arrival
       155        133         22   0.1%       57         0         0  recount          pr_requested_reviewer_seen
       141        133          8   0.1%        5         5         5  level_insert     current_clock
       148        132         15   0.1%       10         7         0  publish          call_log
       139        130          9   0.1%       18         0         3  recount          open_pr_head
       164        128         36   0.1%       10         5         6  arrive           __host_response_clock__tick
       130        127          2   0.1%        1         1         0  publish          gql_merge_commit
       137        125         12   0.1%       28         0         3  recount          gql_rate_reset
       155        124         31   0.1%        4         0         5  stage            pull_request
       138        124         14   0.1%        4         2         2  arrive           __host_response_http__post
       170        124         45   0.1%        8         0         8  stage            page_response
       134        124         10   0.1%        8         7         0  publish          poll_state_etag
       132        123          8   0.1%       10         4         6  level_insert     header_etag
       133        122         10   0.1%       15         0         0  level_insert     branch_seen
       129        122          7   0.1%        5         0         0  level_insert     measured
       155        122         32   0.1%       14         0        20  stage            pr_query
       174        122         52   0.1%       12         0        15  stage            poll_state
       154        121         32   0.1%        9         0        15  stage            __host_demand_http__get
       155        120         35   0.1%       10         0        16  stage            pr_batch_member
       123        119          4   0.1%        6         1         2  level_insert     watched_endpoint
       121        118          2   0.1%       14         0         0  advance_tick     -
       125        118          6   0.1%        8         1         1  level_insert     open_pr
       127        118          8   0.1%        4         6         0  publish          change_candidate
       155        118         37   0.1%        7        12         0  publish          pr_query
       120        114          6   0.1%        1         2         1  publish          __host_demand_env__var
       151        114         37   0.1%       10         0        13  stage            rate_state
       126        113         13   0.1%       38         0         3  recount          dirty_repo
       128        112         15   0.1%       38         0         0  recount          header_poll_interval
       118        112          5   0.1%        3         3         2  edge_project     chosen_config
       128        112         16   0.1%       38         0         0  recount          endpoint_hit
       148        111         37   0.1%        6         0         6  stage            pr_batch_arrival
       116        109          7   0.1%        5         4         0  publish          change_log
       110        107          3   0.1%        2         1         0  publish          watched_endpoint
       111        105          5   0.1%       10        11        11  level_insert     pr_post_field
       144        105         39   0.1%        6         0         6  stage            pr_batch_response
       109        104          5   0.1%        3         3         0  publish          request_header
       139        104         35   0.1%        4         0         4  stage            __host_response_http__post
       115        103         11   0.1%        4         4         0  publish          __host_demand_dl__tick_cost
       118        103         15   0.1%       38         0         0  recount          endpoint_miss
       138        101         37   0.1%       10         0        10  stage            __host_response_clock__tick
       119        101         17   0.1%       10        16         0  publish          rate_pool
       105        101          4   0.1%        1         1         0  publish          __host_response_env__var
       119         99         19   0.1%        8         0         8  stage            __host_demand_dl__tick_cost
       120         96         24   0.1%        8         0        11  stage            poll_state_etag
        99         96          3   0.0%        1         2         1  publish          __host_demand_toml__json
       120         95         25   0.1%        9         0         9  stage            page_fetch
       103         94          8   0.1%       16         3         7  aggregate        endpoint_period
        95         92          2   0.0%        4         0         0  edge_project     org_config
        94         89          4   0.0%        3         2         0  publish          open_pr_head
        96         89          7   0.0%        5         5         0  publish          header_etag
        97         89          8   0.0%        5         4         0  publish          page_fetch
        96         88          8   0.0%        3         5         0  publish          request_headers
       113         88         24   0.1%       10         0        10  stage            current_clock
        98         88          9   0.0%       12         0         0  edge_project     gh_username
       109         88         20   0.1%        9         0        12  stage            request_headers
        90         88          2   0.0%        1         1         0  publish          gql_pull_closed_at
        90         87          2   0.0%        5         0         0  level_insert     endpoint_hit
        95         87          7   0.0%        5         4         0  publish          due
       104         87         17   0.1%        6         9         0  publish          rest_response
        90         86          3   0.0%        2         1         0  publish          graphql_header
       108         86         21   0.1%        9         0         9  stage            due
        92         85          7   0.0%       14         0         0  retention        call_log
        86         83          3   0.0%        2         1         0  publish          pr_transition
       113         83         29   0.1%        8         0         8  stage            header_etag
        85         83          1   0.0%        1         1         0  publish          gql_pull_merged_at
        99         81         18   0.0%        7         0        13  stage            pr_due
        84         81          3   0.0%        2         1         0  publish          poll_endpoint
        95         80         15   0.0%        3         0         3  stage            watched_repo_seen
       114         79         34   0.1%        7         0         6  edge_project     repo_checkout
       101         79         22   0.0%        4         4         0  publish          pr_batch_arrival
        99         79         20   0.0%        4         4         0  publish          pr_batch_response
        84         79          5   0.0%        1         1         1  publish          __host_response_toml__json
        94         79         15   0.0%        3         0         3  stage            open_pr
        98         78         20   0.0%        8         0         8  stage            header_rate_remaining
        95         77         17   0.0%        8         0         8  stage            header_rate_reset
        95         77         17   0.0%        6         0         8  stage            change_candidate
        96         76         19   0.0%        8         0         8  stage            page_ordinal
        93         76         17   0.0%        6         0         6  stage            recent_event
        86         76         10   0.0%        9         8         0  publish          rate_state
        81         74          6   0.0%        4         3         0  publish          page_prev_etag
        76         73          3   0.0%        1         1         0  publish          token_seen
        92         73         19   0.0%        8         0        11  stage            poll_state_polled
        89         72         16   0.0%        6         0         8  stage            change_log
        78         70          8   0.0%        5         5         1  publish          __host_response_clock__tick
        75         70          5   0.0%       10         0         0  level_insert     header_link
        73         70          3   0.0%        4         1         0  edge_project     global_setting
        74         69          4   0.0%        4         3         0  publish          poll_state_tag
        75         68          7   0.0%        8         4         0  publish          page_ordinal
        70         67          3   0.0%        5         4         4  level_insert     header_rate_reset
        82         67         15   0.0%        6         0         6  stage            gql_rate_remaining
        81         66         14   0.0%        8         3         6  aggregate        best_config_rank
        73         65          8   0.0%        8         7         0  publish          poll_state_polled
        68         65          3   0.0%        8         2         2  level_insert     poll_state_tag
        68         64          4   0.0%        2         2         0  publish          graphql_headers
        66         63          2   0.0%        2         1         0  publish          pr_merge_commit
        70         63          6   0.0%        4         4         0  publish          gql_rate_remaining
        77         63         13   0.0%        6         0         6  stage            gql_rate_reset
        66         63          3   0.0%        5         4         4  level_insert     header_rate_remaining
        68         62          6   0.0%       10         0         0  level_insert     header_modified
        63         61          2   0.0%        2         1         0  publish          repo
        74         61         12   0.0%        6         0         6  stage            poll_state_tag
        73         61         12   0.0%        5         0         8  stage            request_header
        64         60          3   0.0%        2         1         0  publish          global_setting
        65         60          4   0.0%       14         0         0  retention        change_log
        67         60          6   0.0%        5         5         0  publish          header_rate_remaining
        66         59          7   0.0%        4         8         0  publish          pr_due
        72         58         14   0.0%        4         0         5  stage            last_body
        65         58          7   0.0%        2         0         2  edge_write       repo_event
        72         57         14   0.0%        4         0         4  stage            repo_event_seen
        66         57          8   0.0%        3         0         3  stage            open_pr_head
        61         57          3   0.0%        4         1         2  level_insert     graphql_header
        66         57          8   0.0%        8         3         6  aggregate        best_token_rank
        71         57         14   0.0%        4         0         4  stage            repo_event
        62         57          5   0.0%        5         5         0  publish          header_rate_reset
        67         56         10   0.0%        3         0         3  stage            watched_endpoint
        68         56         12   0.0%        5         0         6  stage            endpoint_period
        67         56         10   0.0%        5         0         6  stage            graphql_headers
        57         55          1   0.0%        1         1         0  publish          pr_merge_commit_seen
        61         55          6   0.0%        2         1         2  arrive           __host_response_toml__json
        56         54          1   0.0%        2         2         2  level_insert     api_tier
        59         54          4   0.0%        4         4         0  publish          gql_rate_reset
        56         54          2   0.0%        3         3         3  level_insert     gql_rate_reset
        56         54          2   0.0%        3         3         3  level_insert     gql_rate_remaining
        53         52          0   0.0%        1         1         1  level_insert     config_present
        64         52         11   0.0%        2         0         2  stage            watched_repo
        56         52          4   0.0%        2         1         1  publish          chosen_config
        62         51         10   0.0%        5         0         5  stage            page_prev_etag
        58         51          6   0.0%        4         3         0  publish          last_body
        55         51          3   0.0%        2         2         0  publish          api_tier
        55         51          4   0.0%        4         3         0  publish          poll_state_changed
        59         51          8   0.0%        3         0         6  stage            api_tier
        58         51          7   0.0%        3         0         3  stage            poll_endpoint
        52         50          1   0.0%        1         1         0  publish          dirty_pr
        56         50          5   0.0%        2         1         2  arrive           __host_response_env__var
        51         49          1   0.0%        3         2         2  level_insert     dirty_repo
        50         49          1   0.0%        2         1         1  level_insert     poll_endpoint
        55         49          6   0.0%        2         0         2  stage            pr_merge_commit
        56         48          7   0.0%        3         0         3  stage            graphql_header
        50         47          2   0.0%        2         2         0  publish          endpoint_period
        56         46          9   0.0%        4         0         5  stage            best_token_rank
        52         46          6   0.0%        2         0         2  stage            gql_merge_commit
        48         45          2   0.0%        2         1         0  publish          seq_repo_ordinal_2
        52         45          6   0.0%       12         4         6  edge_project     page_ordinal
        53         45          8   0.0%        2         0         2  stage            global_setting
        53         44          9   0.0%        4         0         5  stage            poll_state_changed
        54         44          9   0.0%        2         0         2  stage            __host_response_toml__json
        54         44         10   0.0%        4         0         5  stage            best_config_rank
        50         43          7   0.0%        2         0         2  stage            pr_transition
        46         42          3   0.0%        4         1         1  level_insert     open_pr_head
        45         42          2   0.0%        2         1         0  publish          period_candidate
        60         42         18   0.0%        2         0         2  edge_write       pull_request
        49         42          6   0.0%        3         0         3  stage            repo
        46         41          4   0.0%       14         0         0  retention        engine_tick_cost
        49         41          8   0.0%        2         0         2  stage            repo_config
        49         41          8   0.0%        4         0         4  stage            dirty_repo
        60         40         19   0.0%        6         0         7  edge_write       call_log
        43         40          2   0.0%        1         1         1  publish          config_doc
        54         40         14   0.0%        6         5         0  edge_lookup      rate_state
        47         40          6   0.0%        3         0         3  stage            period_candidate
        41         40          1   0.0%        2         1         0  publish          api_token
        47         38          8   0.0%        2         0         2  stage            chosen_config
        41         38          2   0.0%        2         1         0  publish          repo_ordinal
        41         38          2   0.0%        5         0         0  level_insert     endpoint_miss
        44         38          6   0.0%        2         0         2  stage            __host_response_env__var
        40         38          2   0.0%        5         0         0  level_insert     header_poll_interval
        42         37          4   0.0%        2         0         2  stage            dirty_pr
        38         37          1   0.0%        1         1         1  publish          config_present
        45         37          8   0.0%        2         0         4  stage            __host_demand_env__var
        42         36          5   0.0%        2         0         2  stage            gql_pull_closed_at
        43         36          7   0.0%        2         0         2  stage            config_doc
        39         34          4   0.0%        3         3         0  publish          dirty_repo
        41         34          6   0.0%        2         0         4  stage            __host_demand_toml__json
        39         34          5   0.0%        2         0         2  stage            gql_pull_merged_at
        39         34          5   0.0%        2         0         2  stage            pr_merge_commit_seen
        38         33          5   0.0%        7         7         6  edge_project     call_log
        43         32         11   0.0%        3         2         3  edge_lookup      pull_request
        36         31          5   0.0%        4         3         4  edge_project     pull_request
        32         31          1   0.0%        2         1         1  level_insert     repo
        37         29          7   0.0%        1         0         1  edge_write       watched_repo
        35         29          5   0.0%        5         5         1  publish          current_clock
        33         29          4   0.0%        2         0         2  stage            config_present
        32         28          4   0.0%        2         0         2  stage            pr_ever_synced
       102         28         73   0.0%        2         0         2  stage            seq_repo_ordinal_2
        44         28         16   0.0%        5         0         5  edge_write       rate_state
        33         28          5   0.0%        2         0         2  stage            token_seen
        32         27          4   0.0%        2         0         2  stage            repo_ordinal
        31         27          3   0.0%        2         0         2  stage            api_token
        33         27          6   0.0%        6         7         0  edge_project     rate_state
        28         26          2   0.0%        2         1         0  publish          pr_ever_synced
        33         26          6   0.0%        4         3         4  read_staged      pull_request_seen
        38         24         13   0.0%        4         0         4  edge_write       poll_state_etag
        33         24          9   0.0%        4         0         4  edge_write       page_ordinal
        27         24          3   0.0%        5         4         3  edge_project     poll_state_etag
        24         23          1   0.0%        2         1         2  edge_project     seq_repo_ordinal_2
        25         22          3   0.0%        8         0         5  edge_project     page_queued
        29         21          8   0.0%        4         0         1  edge_lookup      page_ordinal
        23         21          1   0.0%        2         2         2  edge_project     api_token
        23         20          2   0.0%        1         0         1  edge_write       pr_merge_commit
        28         20          8   0.0%        4         0         4  edge_write       poll_state_polled
        25         20          5   0.0%        1         0         1  edge_write       global_setting
        26         20          6   0.0%        3         0         4  edge_write       change_log
        21         19          1   0.0%        1         1         0  edge_project     watched_repo
        25         19          5   0.0%        2         0         2  edge_write       last_body
        20         19          0   0.0%        1         1         1  edge_project     pr_merge_commit
        21         19          2   0.0%        4         4         4  edge_project     change_log
        22         18          3   0.0%        1         0         1  edge_write       chosen_config
        22         18          4   0.0%        2         0         3  edge_lookup      repo_event
        22         17          5   0.0%        1         0         1  edge_write       repo_config
        18         17          1   0.0%        1         0         1  edge_lookup      pr_merge_commit
        18         16          2   0.0%        5         0         5  edge_project     poll_state_modified
        17         15          2   0.0%        2         0         2  edge_write       seq_repo_ordinal_2
        28         15         13   0.0%        1         0         3  edge_lookup      repo_config
        17         15          2   0.0%        3         1         3  edge_project     pr_transition
        17         14          2   0.0%        4         3         4  edge_project     pr_ever_synced
        17         14          2   0.0%        5         2         2  edge_project     last_body
        16         14          1   0.0%        3         2         4  edge_project     repo_event
        17         13          3   0.0%        2         0         2  edge_write       poll_state_changed
        14         13          1   0.0%        1         2         1  publish          best_config_rank
        14         12          1   0.0%        1         1         1  read_staged      watched_repo
        14         12          1   0.0%        1         2         0  publish          best_token_rank
        12         11          0   0.0%        2         1         2  edge_project     repo_ordinal
        13         11          2   0.0%        5         2         5  edge_project     poll_state_changed
        18         10          8   0.0%        1         0         0  edge_lookup      watched_repo
        12         10          2   0.0%        5         4         5  edge_project     poll_state_polled
        11         10          1   0.0%        1         0         1  edge_write       api_token
        12         10          2   0.0%        5         0         5  edge_project     poll_state_period
        17          9          7   0.0%        4         3         2  edge_lookup      poll_state_etag
        11          9          1   0.0%        1         0         1  edge_write       repo_ordinal
        15          9          6   0.0%        3         2         2  edge_lookup      chosen_config
        12          8          3   0.0%        1         0         0  edge_lookup      global_setting
        10          8          1   0.0%        1         0         1  edge_write       pr_ever_synced
        14          8          5   0.0%        4         3         4  edge_lookup      poll_state_polled
        10          8          2   0.0%        1         0         1  edge_write       pr_transition
        10          6          3   0.0%        2         1         1  edge_lookup      last_body
        10          6          3   0.0%        3         2         3  edge_lookup      pr_ever_synced
         7          5          2   0.0%        2         1         2  edge_lookup      api_token
         8          5          2   0.0%        2         1         2  edge_lookup      poll_state_changed
         5          4          1   0.0%        1         0         1  edge_lookup      repo_ordinal
         5          3          1   0.0%        1         0         1  edge_lookup      seq_repo_ordinal_2
        16          0         16   0.0%        0         0         0  arrive_diff      -
        33          0         33   0.0%        0         0         0  arrive_encode    -
         0          0          0   0.0%        0         0         0  decode           -
       880          0        880   0.4%        0         0         0  ticklog          -
    188387                        91.9%                               TOTAL sqlite     
      3221                         1.6%                               TOTAL rust in scopes 
     13449                         6.6%                               TOTAL rust unscoped 
    205058                       100.0%                               TOTAL wall       
