[2m2026-08-24T18:12:23.572410Z[0m [32m INFO[0m [1mtick[0m[1m{[0m[3mtick[0m[2m=[0m0 [3marrivals[0m[2m=[0m64[1m}[0m[2m:[0m[1mapply_arrivals[0m[1m{[0m[3marrivals[0m[2m=[0m64 [3mgroups[0m[2m=[0m64[1m}[0m[2m:[0m [2msprefa_engine_rs::incremental[0m[2m:[0m close [3mtime.busy[0m[2m=[0m3.49ms [3mtime.idle[0m[2m=[0m875ns
[2m2026-08-24T18:12:23.583523Z[0m [32m INFO[0m [1mtick[0m[1m{[0m[3mtick[0m[2m=[0m0 [3marrivals[0m[2m=[0m64[1m}[0m[2m:[0m [2msprefa_engine_rs::driver[0m[2m:[0m close [3mtime.busy[0m[2m=[0m16.1ms [3mtime.idle[0m[2m=[0m4.33µs
[2m2026-08-24T18:12:23.587119Z[0m [32m INFO[0m [1mtick[0m[1m{[0m[3mtick[0m[2m=[0m1 [3marrivals[0m[2m=[0m64[1m}[0m[2m:[0m[1mapply_arrivals[0m[1m{[0m[3marrivals[0m[2m=[0m64 [3mgroups[0m[2m=[0m64[1m}[0m[2m:[0m [2msprefa_engine_rs::incremental[0m[2m:[0m close [3mtime.busy[0m[2m=[0m1.77ms [3mtime.idle[0m[2m=[0m1.08µs
[2m2026-08-24T18:12:23.591695Z[0m [32m INFO[0m [1mtick[0m[1m{[0m[3mtick[0m[2m=[0m1 [3marrivals[0m[2m=[0m64[1m}[0m[2m:[0m [2msprefa_engine_rs::driver[0m[2m:[0m close [3mtime.busy[0m[2m=[0m8.09ms [3mtime.idle[0m[2m=[0m750ns
[2m2026-08-24T18:12:23.595158Z[0m [32m INFO[0m [1mtick[0m[1m{[0m[3mtick[0m[2m=[0m2 [3marrivals[0m[2m=[0m64[1m}[0m[2m:[0m[1mapply_arrivals[0m[1m{[0m[3marrivals[0m[2m=[0m64 [3mgroups[0m[2m=[0m64[1m}[0m[2m:[0m [2msprefa_engine_rs::incremental[0m[2m:[0m close [3mtime.busy[0m[2m=[0m1.93ms [3mtime.idle[0m[2m=[0m1.42µs
[2m2026-08-24T18:12:23.600098Z[0m [32m INFO[0m [1mtick[0m[1m{[0m[3mtick[0m[2m=[0m2 [3marrivals[0m[2m=[0m64[1m}[0m[2m:[0m [2msprefa_engine_rs::driver[0m[2m:[0m close [3mtime.busy[0m[2m=[0m8.34ms [3mtime.idle[0m[2m=[0m625ns
[2m2026-08-24T18:12:23.600171Z[0m [32m INFO[0m [2msprefa_engine_rs::sql[0m[2m:[0m seam tally [3mstatements[0m[2m=[0m4496 [3minert[0m[2m=[0m0 [3minert_pct[0m[2m=[0m0 [3mrows_out[0m[2m=[0m963 [3mrows_changed[0m[2m=[0m1922 [3mms[0m[2m=[0m20

== DL_TRACE_SUMMARY ==
  us_total     us_sql    us_rust    pct    calls  rows_out   changed  verb             relation
     49803      49730         72  59.1%     1345         0         0  ddl              -
      5555       5555          0   6.6%      838         0         0  unlabelled       -
      2084       1979        105   2.5%        3         3         2  probe            -
      1830       1828          2   2.2%        2         0         0  clear            prepare
      1239       1237          2   1.5%        3         3         0  retraction_guard -
       586        580          5   0.7%      128         0         0  boot             -
       336        335          0   0.4%        3         0         0  clear            promote
       251        147        104   0.3%        6       192       384  intern           -
       135        101         34   0.2%        6         0         6  stage            source_45
       108         90         17   0.1%        3         3         3  publish          heavy_0
        83         73          9   0.1%        6         0         6  stage            heavy_41
        92         73         19   0.1%        6         0         6  stage            source_47
        72         71          1   0.1%        3         3         3  level_insert     heavy_17
        81         68         12   0.1%        3         3         3  arrive           source_0
        69         67          2   0.1%        3         3         3  level_insert     heavy_0
        76         66          9   0.1%        6         0         6  stage            source_53
        80         66         13   0.1%        6         0         6  stage            source_46
        75         66          9   0.1%        6         0         6  stage            source_22
        74         64          9   0.1%        6         0         6  stage            source_62
        76         63         13   0.1%        6         0         6  stage            source_56
        76         62         13   0.1%        6         0         6  stage            source_48
        86         62         24   0.1%        6         0         6  stage            source_0
        71         62          8   0.1%        6         0         6  stage            heavy_43
        72         61         10   0.1%        6         0         6  stage            source_60
        65         60          4   0.1%        3         3         3  publish          source_0
        68         60          8   0.1%        6         0         6  stage            heavy_12
        69         59          9   0.1%        6         0         6  stage            heavy_36
        68         58          9   0.1%        6         0         6  stage            source_59
        67         58          9   0.1%        6         0         6  stage            source_54
        67         58          9   0.1%        6         0         6  stage            source_51
        66         57          8   0.1%        6         0         6  stage            heavy_45
        72         57         15   0.1%        6         0         6  stage            heavy_52
        66         57          9   0.1%        6         0         6  stage            source_23
        58         57          1   0.1%        3         3         3  level_insert     heavy_45
        67         56         10   0.1%        6         0         6  stage            source_49
        66         56          9   0.1%        6         0         6  stage            source_61
        66         56          9   0.1%        6         0         6  stage            heavy_10
        65         56          8   0.1%        6         0         6  stage            heavy_23
        66         56          9   0.1%        6         0         6  stage            source_20
        65         56          8   0.1%        6         0         6  stage            heavy_21
        65         56          9   0.1%        6         0         6  stage            heavy_38
        66         56         10   0.1%        6         0         6  stage            source_50
        57         56          1   0.1%        3         3         3  level_insert     heavy_57
        65         56          9   0.1%        6         0         6  stage            source_55
        66         56          9   0.1%        6         0         6  stage            heavy_4
        68         56         11   0.1%        6         0         6  stage            source_2
        63         55          7   0.1%        3         3         3  publish          source_56
        64         55          8   0.1%        6         0         6  stage            heavy_9
        65         55          9   0.1%        6         0         6  stage            source_35
        64         55          8   0.1%        6         0         6  stage            heavy_33
        64         55          8   0.1%        6         0         6  stage            heavy_63
        64         55          9   0.1%        6         0         6  stage            source_24
        68         55         12   0.1%        6         0         6  stage            source_3
        65         55          9   0.1%        6         0         6  stage            source_5
        64         55          9   0.1%        6         0         6  stage            source_29
        68         55         13   0.1%        6         0         6  stage            source_36
        67         55         12   0.1%        6         0         6  stage            heavy_0
        56         55          1   0.1%        3         3         3  level_insert     heavy_6
        57         55          2   0.1%        3         3         3  publish          heavy_59
        74         55         19   0.1%        6         0         6  stage            heavy_40
        69         55         14   0.1%        6         0         6  stage            source_27
        63         54          8   0.1%        6         0         6  stage            heavy_28
        58         54          3   0.1%        3         3         3  arrive           source_43
        64         54          9   0.1%        6         0         6  stage            source_63
        64         54          9   0.1%        6         0         6  stage            source_12
        63         54          8   0.1%        6         0         6  stage            heavy_58
        64         54         10   0.1%        6         0         6  stage            source_7
        67         54         13   0.1%        6         0         6  stage            source_1
        66         54         12   0.1%        6         0         6  stage            source_6
        63         54          9   0.1%        6         0         6  stage            source_43
        62         53          8   0.1%        6         0         6  stage            heavy_6
        63         53          9   0.1%        6         0         6  stage            source_40
        63         53          9   0.1%        6         0         6  stage            source_57
        63         53          9   0.1%        6         0         6  stage            source_38
        64         53         10   0.1%        6         0         6  stage            source_31
        59         53          5   0.1%        3         3         3  arrive           source_46
        62         53          8   0.1%        6         0         6  stage            heavy_49
        63         53          9   0.1%        6         0         6  stage            heavy_1
        62         53          9   0.1%        6         0         6  stage            source_58
        62         53          8   0.1%        6         0         6  stage            heavy_61
        61         53          8   0.1%        6         0         6  stage            heavy_31
        63         53         10   0.1%        6         0         6  stage            source_11
        61         53          8   0.1%        6         0         6  stage            heavy_37
        62         53          9   0.1%        6         0         6  stage            source_26
        54         53          1   0.1%        3         3         3  level_insert     heavy_34
        62         53          9   0.1%        6         0         6  stage            heavy_39
        62         52          9   0.1%        6         0         6  stage            source_33
        62         52         10   0.1%        6         0         6  stage            source_4
        62         52          9   0.1%        6         0         6  stage            heavy_35
        62         52         10   0.1%        6         0         6  stage            source_52
        54         52          1   0.1%        3         3         3  level_insert     heavy_54
        62         52          9   0.1%        6         0         6  stage            source_30
        53         52          1   0.1%        3         3         3  level_insert     heavy_8
        61         52          8   0.1%        6         0         6  stage            heavy_16
        63         52         10   0.1%        6         0         6  stage            source_14
        53         52          1   0.1%        3         3         3  level_insert     heavy_42
        55         52          3   0.1%        3         3         3  publish          source_11
        53         51          1   0.1%        3         3         3  level_insert     heavy_47
        61         51          9   0.1%        6         0         6  stage            source_41
        55         51          3   0.1%        3         3         3  publish          source_1
        61         51          9   0.1%        6         0         6  stage            source_16
        53         51          1   0.1%        3         3         3  level_insert     heavy_36
        54         51          2   0.1%        3         3         3  publish          source_47
        60         51          9   0.1%        6         0         6  stage            heavy_5
        62         51         11   0.1%        6         0         6  stage            source_8
        60         51          9   0.1%        6         0         6  stage            source_42
        60         51          8   0.1%        6         0         6  stage            heavy_20
        60         51          8   0.1%        6         0         6  stage            heavy_55
        60         51          8   0.1%        6         0         6  stage            heavy_50
        52         51          1   0.1%        3         3         3  level_insert     heavy_38
        60         51          8   0.1%        6         0         6  stage            heavy_56
        62         51         11   0.1%        6         0         6  stage            source_10
        54         51          3   0.1%        3         3         3  publish          source_45
        60         51          9   0.1%        6         0         6  stage            source_44
        52         50          1   0.1%        3         3         3  level_insert     heavy_41
        60         50          9   0.1%        6         0         6  stage            source_13
        60         50          9   0.1%        6         0         6  stage            source_25
        53         50          2   0.1%        3         3         3  publish          source_54
        51         50          1   0.1%        3         3         3  level_insert     heavy_30
        59         50          8   0.1%        6         0         6  stage            heavy_51
        64         50         14   0.1%        6         0         6  stage            source_18
        59         50          9   0.1%        6         0         6  stage            heavy_18
        59         49          9   0.1%        6         0         6  stage            heavy_7
        61         49         11   0.1%        6         0         6  stage            source_17
        52         49          2   0.1%        3         3         3  publish          source_28
        59         49          9   0.1%        6         0         6  stage            source_9
        60         49         11   0.1%        6         0         6  stage            source_28
        58         49          8   0.1%        6         0         6  stage            heavy_14
        51         49          1   0.1%        3         3         3  level_insert     heavy_25
        58         49          8   0.1%        6         0         6  stage            heavy_42
        58         49          8   0.1%        6         0         6  stage            heavy_13
        51         49          1   0.1%        3         3         3  level_insert     heavy_4
        59         49          9   0.1%        6         0         6  stage            source_39
        58         49          9   0.1%        6         0         6  stage            heavy_11
        59         49          9   0.1%        6         0         6  stage            source_32
        51         49          1   0.1%        3         3         3  level_insert     heavy_51
        58         49          9   0.1%        6         0         6  stage            source_34
        50         49          1   0.1%        3         3         3  level_insert     heavy_15
        58         49          9   0.1%        6         0         6  stage            source_21
        57         49          8   0.1%        6         0         6  stage            heavy_19
        51         49          2   0.1%        3         3         3  publish          source_8
        50         49          1   0.1%        3         3         3  level_insert     heavy_33
        50         49          1   0.1%        3         3         3  level_insert     heavy_3
        51         49          2   0.1%        3         3         3  publish          heavy_13
        57         49          8   0.1%        6         0         6  stage            heavy_62
        58         49          9   0.1%        6         0         6  stage            heavy_54
        58         49          9   0.1%        6         0         6  stage            source_19
        59         49         10   0.1%        6         0         6  stage            source_15
        58         48          9   0.1%        6         0         6  stage            heavy_2
        58         48          9   0.1%        6         0         6  stage            source_37
        52         48          3   0.1%        3         3         3  publish          heavy_1
        50         48          1   0.1%        3         3         3  level_insert     heavy_40
        57         48          8   0.1%        6         0         6  stage            heavy_44
        56         48          8   0.1%        6         0         6  stage            heavy_27
        56         48          8   0.1%        6         0         6  stage            heavy_32
        49         48          1   0.1%        3         3         3  level_insert     heavy_56
        50         48          2   0.1%        3         3         3  publish          source_19
        59         48         11   0.1%        6         0         6  stage            heavy_53
        49         47          1   0.1%        3         3         3  level_insert     heavy_16
        56         47          8   0.1%        6         0         6  stage            heavy_24
        48         47          1   0.1%        3         3         3  level_insert     heavy_61
        56         47          8   0.1%        6         0         6  stage            heavy_15
        48         47          1   0.1%        3         3         3  level_insert     heavy_55
        56         47          9   0.1%        6         0         6  stage            heavy_60
        63         47         15   0.1%        6         0         6  stage            heavy_26
        56         47          8   0.1%        6         0         6  stage            heavy_57
        55         47          8   0.1%        6         0         6  stage            heavy_47
        50         47          3   0.1%        3         3         3  publish          source_23
        50         47          3   0.1%        3         3         3  publish          source_51
        55         47          8   0.1%        6         0         6  stage            heavy_34
        56         47          8   0.1%        6         0         6  stage            heavy_8
        56         47          9   0.1%        6         0         6  stage            heavy_25
        48         47          1   0.1%        3         3         3  level_insert     heavy_37
        50         46          3   0.1%        3         3         3  publish          source_44
        48         46          1   0.1%        3         3         3  level_insert     heavy_1
        47         46          1   0.1%        3         3         3  level_insert     heavy_52
        71         46         24   0.1%        6         0         6  stage            heavy_17
        55         46          8   0.1%        6         0         6  stage            heavy_59
        47         46          1   0.1%        3         3         3  level_insert     heavy_27
        48         46          1   0.1%        3         3         3  level_insert     heavy_53
        54         46          8   0.1%        6         0         6  stage            heavy_46
        47         46          1   0.1%        3         3         3  level_insert     heavy_14
        59         46         12   0.1%        6         0         6  stage            heavy_48
        55         46          8   0.1%        6         0         6  stage            heavy_22
        49         46          3   0.1%        3         3         3  arrive           source_11
        47         46          1   0.1%        3         3         3  level_insert     heavy_9
        49         46          3   0.1%        3         3         3  publish          source_26
        55         46          8   0.1%        6         0         6  stage            heavy_29
        55         46          9   0.1%        6         0         6  stage            heavy_3
        47         45          1   0.1%        3         3         3  level_insert     heavy_18
        47         45          2   0.1%        3         3         3  level_insert     heavy_26
        46         45          1   0.1%        3         3         3  level_insert     heavy_60
        48         45          2   0.1%        3         3         3  publish          source_24
        48         45          2   0.1%        3         3         3  publish          source_21
        48         45          2   0.1%        3         3         3  publish          source_16
        47         45          1   0.1%        3         3         3  level_insert     heavy_39
        48         45          3   0.1%        3         3         3  publish          source_14
        46         45          0   0.1%        3         3         3  level_insert     heavy_31
        46         45          1   0.1%        3         3         3  level_insert     heavy_58
        48         45          2   0.1%        3         3         3  publish          source_6
        47         45          2   0.1%        3         3         3  publish          source_62
        47         45          2   0.1%        3         3         3  publish          source_25
        47         45          2   0.1%        3         3         3  publish          source_48
        53         45          8   0.1%        6         0         6  stage            heavy_30
        46         44          1   0.1%        3         3         3  level_insert     heavy_32
        47         44          2   0.1%        3         3         3  publish          source_30
        45         44          1   0.1%        3         3         3  level_insert     heavy_28
        47         44          2   0.1%        3         3         3  publish          heavy_14
        47         44          2   0.1%        3         3         3  publish          source_35
        47         44          3   0.1%        3         3         3  publish          source_55
        45         44          1   0.1%        3         3         3  level_insert     heavy_49
        47         44          2   0.1%        3         3         3  publish          source_40
        45         44          1   0.1%        3         3         3  level_insert     heavy_13
        45         44          1   0.1%        3         3         3  level_insert     heavy_43
        46         44          2   0.1%        3         3         3  publish          source_15
        46         44          2   0.1%        3         3         3  publish          source_41
        45         43          1   0.1%        3         3         3  level_insert     heavy_11
        47         43          3   0.1%        3         3         3  arrive           source_52
        46         43          2   0.1%        3         3         3  publish          heavy_23
        46         43          3   0.1%        3         3         3  publish          source_34
        46         43          2   0.1%        3         3         3  publish          source_57
        46         43          2   0.1%        3         3         3  publish          heavy_61
        46         43          2   0.1%        3         3         3  publish          source_29
        47         43          3   0.1%        3         3         3  arrive           source_60
        45         43          1   0.1%        3         3         3  level_insert     heavy_29
        44         43          1   0.1%        3         3         3  level_insert     heavy_63
        44         43          1   0.1%        3         3         3  level_insert     heavy_44
        44         43          1   0.1%        3         3         3  level_insert     heavy_21
        44         43          1   0.1%        3         3         3  level_insert     heavy_5
        46         43          3   0.1%        3         3         3  publish          source_53
        47         43          3   0.1%        3         3         3  publish          heavy_10
        46         43          2   0.1%        3         3         3  publish          heavy_50
        47         43          4   0.1%        3         3         3  arrive           source_47
        45         43          2   0.1%        3         3         3  publish          heavy_26
        44         43          1   0.1%        3         3         3  level_insert     heavy_48
        44         42          1   0.1%        3         3         3  level_insert     heavy_59
        48         42          6   0.1%        3         3         3  level_insert     heavy_20
        45         42          2   0.1%        3         3         3  level_insert     heavy_2
        44         42          1   0.1%        3         3         3  level_insert     heavy_62
        44         42          1   0.1%        3         3         3  level_insert     heavy_7
        45         42          2   0.1%        3         3         3  publish          source_59
        46         42          3   0.1%        3         3         3  arrive           source_32
        46         42          3   0.1%        3         3         3  publish          source_10
        45         42          3   0.1%        3         3         3  publish          source_58
        46         42          4   0.1%        3         3         3  arrive           source_48
        44         42          1   0.1%        3         3         3  level_insert     heavy_10
        45         42          2   0.1%        3         3         3  publish          heavy_15
        45         42          3   0.1%        3         3         3  publish          source_3
        47         42          4   0.1%        3         3         3  arrive           source_1
        45         42          3   0.1%        3         3         3  publish          source_5
        43         42          1   0.1%        3         3         3  level_insert     heavy_50
        44         42          2   0.1%        3         3         3  publish          source_32
        45         42          3   0.1%        3         3         3  publish          heavy_37
        45         42          3   0.1%        3         3         3  publish          source_12
        44         42          2   0.1%        3         3         3  publish          heavy_33
        44         42          2   0.1%        3         3         3  publish          heavy_58
        45         41          3   0.1%        3         3         3  publish          heavy_5
        43         41          1   0.1%        3         3         3  level_insert     heavy_22
        44         41          2   0.1%        3         3         3  publish          heavy_42
        42         41          1   0.1%        3         3         3  level_insert     heavy_19
        44         41          2   0.1%        3         3         3  publish          heavy_39
        45         41          4   0.1%        3         3         3  arrive           source_53
        44         41          2   0.1%        3         3         3  publish          heavy_49
        46         41          4   0.1%        3         3         3  publish          source_38
        44         41          3   0.1%        3         3         3  publish          source_22
        44         41          2   0.1%        3         3         3  publish          heavy_47
        44         41          2   0.1%        3         3         3  publish          source_33
        44         41          3   0.1%        3         3         3  publish          source_50
        44         41          3   0.1%        3         3         3  publish          source_4
        44         41          3   0.1%        3         3         3  publish          source_61
        44         41          3   0.1%        3         3         3  publish          source_7
        44         41          3   0.1%        3         3         3  publish          source_2
        44         41          3   0.1%        3         3         3  publish          source_37
        44         41          2   0.1%        3         3         3  publish          source_42
        44         41          2   0.1%        3         3         3  publish          source_63
        42         41          1   0.1%        3         3         3  level_insert     heavy_46
        44         41          3   0.1%        3         3         3  publish          source_13
        42         41          1   0.1%        3         3         3  level_insert     heavy_35
        44         41          3   0.1%        3         3         3  publish          source_17
        44         41          2   0.1%        3         3         3  publish          source_27
        46         41          5   0.1%        3         3         3  arrive           source_3
        42         41          1   0.1%        3         3         3  level_insert     heavy_12
        43         41          2   0.1%        3         3         3  publish          source_9
        44         41          2   0.1%        3         3         3  publish          source_43
        44         41          3   0.1%        3         3         3  publish          source_36
        44         41          3   0.1%        3         3         3  publish          source_39
        42         40          1   0.1%        3         3         3  level_insert     heavy_23
        43         40          2   0.1%        3         3         3  publish          source_18
        43         40          2   0.1%        3         3         3  publish          source_52
        43         40          2   0.1%        3         3         3  publish          source_31
        41         40          1   0.0%        3         3         3  level_insert     heavy_24
        43         40          2   0.1%        3         3         3  publish          heavy_9
        43         40          2   0.1%        3         3         3  publish          source_60
        43         40          2   0.1%        3         3         3  publish          heavy_22
        43         40          3   0.1%        3         3         3  publish          source_46
        43         40          2   0.1%        3         3         3  publish          heavy_4
        43         40          2   0.1%        3         3         3  publish          heavy_21
        43         40          2   0.1%        3         3         3  publish          source_20
        43         40          2   0.1%        3         3         3  publish          heavy_51
        42         40          2   0.1%        3         3         3  publish          heavy_34
        43         40          3   0.1%        3         3         3  arrive           source_4
        42         40          2   0.1%        3         3         3  publish          heavy_12
        43         40          3   0.1%        3         3         3  publish          source_49
        42         40          2   0.1%        3         3         3  publish          heavy_62
        42         40          2   0.1%        3         3         3  publish          heavy_16
        42         40          2   0.1%        3         3         3  publish          heavy_8
        42         39          2   0.1%        3         3         3  publish          heavy_17
        42         39          2   0.1%        3         3         3  publish          heavy_27
        43         39          3   0.1%        3         3         3  arrive           source_6
        42         39          3   0.1%        3         3         3  publish          heavy_18
        42         39          2   0.1%        3         3         3  publish          heavy_46
        42         39          2   0.1%        3         3         3  publish          heavy_24
        42         39          2   0.1%        3         3         3  publish          heavy_29
        42         39          2   0.1%        3         3         3  publish          heavy_20
        42         39          2   0.0%        3         3         3  publish          heavy_52
        42         39          3   0.1%        3         3         3  arrive           source_55
        41         39          2   0.0%        3         3         3  publish          heavy_3
        42         39          3   0.1%        3         3         3  publish          heavy_11
        42         39          3   0.1%        3         3         3  publish          heavy_19
        41         39          2   0.0%        3         3         3  publish          heavy_25
        42         39          2   0.1%        3         3         3  publish          heavy_48
        41         38          2   0.0%        3         3         3  publish          heavy_54
        41         38          2   0.0%        3         3         3  publish          heavy_28
        42         38          3   0.0%        3         3         3  publish          heavy_30
        41         38          2   0.0%        3         3         3  publish          heavy_6
        41         38          2   0.0%        3         3         3  publish          heavy_35
        41         38          2   0.0%        3         3         3  publish          heavy_2
        41         38          2   0.0%        3         3         3  publish          heavy_41
        41         38          2   0.0%        3         3         3  publish          heavy_45
        42         38          3   0.1%        3         3         3  arrive           source_49
        41         38          3   0.0%        3         3         3  arrive           source_39
        41         38          3   0.0%        3         3         3  arrive           source_59
        41         38          2   0.0%        3         3         3  publish          heavy_53
        42         38          3   0.1%        3         3         3  arrive           source_23
        41         38          2   0.0%        3         3         3  publish          heavy_44
        40         38          2   0.0%        3         3         3  publish          heavy_32
        40         38          2   0.0%        3         3         3  publish          heavy_36
        41         38          3   0.0%        3         3         3  arrive           source_57
        40         38          2   0.0%        3         3         3  publish          heavy_38
        40         38          2   0.0%        3         3         3  publish          heavy_31
        41         38          2   0.0%        3         3         3  publish          heavy_43
        41         38          2   0.0%        3         3         3  publish          heavy_56
        40         38          2   0.0%        3         3         3  publish          heavy_63
        41         38          3   0.0%        3         3         3  arrive           source_37
        58         38         20   0.1%        3         3         3  publish          heavy_7
        41         37          4   0.0%        3         3         3  arrive           source_50
        42         37          4   0.1%        3         3         3  arrive           source_7
        40         37          2   0.0%        3         3         3  publish          heavy_57
        40         37          2   0.0%        3         3         3  publish          heavy_40
        41         37          3   0.0%        3         3         3  arrive           source_44
        41         37          3   0.0%        3         3         3  arrive           source_31
        41         37          3   0.0%        3         3         3  arrive           source_54
        42         37          5   0.1%        3         3         3  arrive           source_51
        40         37          3   0.0%        3         3         3  arrive           source_17
        41         37          4   0.0%        3         3         3  arrive           source_2
        40         37          3   0.0%        3         3         3  arrive           source_33
        39         36          2   0.0%        3         3         3  publish          heavy_60
        40         36          3   0.0%        3         3         3  arrive           source_38
        41         36          5   0.0%        3         3         3  arrive           source_5
        40         36          3   0.0%        3         3         3  arrive           source_34
        39         36          2   0.0%        3         3         3  publish          heavy_55
        39         36          3   0.0%        3         3         3  arrive           source_8
        40         36          3   0.0%        3         3         3  arrive           source_26
        39         36          3   0.0%        3         3         3  arrive           source_24
        40         36          4   0.0%        3         3         3  arrive           source_10
        39         36          3   0.0%        3         3         3  arrive           source_16
        39         36          3   0.0%        3         3         3  arrive           source_35
        39         35          3   0.0%        3         3         3  arrive           source_19
        39         35          3   0.0%        3         3         3  arrive           source_15
        39         35          3   0.0%        3         3         3  arrive           source_18
        46         35         10   0.1%        3         3         3  arrive           source_56
        38         35          3   0.0%        3         3         3  arrive           source_42
        39         35          3   0.0%        3         3         3  arrive           source_25
        39         35          3   0.0%        3         3         3  arrive           source_9
        38         35          3   0.0%        3         3         3  arrive           source_63
        38         35          3   0.0%        3         3         3  arrive           source_58
        38         35          3   0.0%        3         3         3  arrive           source_12
        39         34          5   0.0%        3         3         3  arrive           source_14
        37         34          3   0.0%        3         3         3  arrive           source_62
        40         34          6   0.0%        3         3         3  arrive           source_28
        37         34          3   0.0%        3         3         3  arrive           source_41
        37         33          3   0.0%        3         3         3  arrive           source_22
        37         33          3   0.0%        3         3         3  arrive           source_21
        37         33          3   0.0%        3         3         3  arrive           source_36
        38         33          4   0.0%        3         3         3  arrive           source_45
        37         33          3   0.0%        3         3         3  arrive           source_30
        37         33          3   0.0%        3         3         3  arrive           source_20
        37         33          3   0.0%        3         3         3  arrive           source_13
        36         33          3   0.0%        3         3         3  arrive           source_29
        36         33          3   0.0%        3         3         3  arrive           source_40
        36         32          3   0.0%        3         3         3  arrive           source_27
        36         32          3   0.0%        3         3         3  arrive           source_61
        80          0         80   0.1%        0         0         0  arrive_diff      -
        69          0         69   0.1%        0         0         0  arrive_encode    -
         0          0          0   0.0%        0         0         0  decode           -
       121          0        121   0.1%        0         0         0  ticklog          -
     79231                        94.1%                               TOTAL sqlite     
         0                         0.0%                               TOTAL rust in scopes 
      4980                         5.9%                               TOTAL rust unscoped 
     84211                       100.0%                               TOTAL wall       
