[2m2026-08-24T18:12:23.949040Z[0m [32m INFO[0m [1mtick[0m[1m{[0m[3mtick[0m[2m=[0m0 [3marrivals[0m[2m=[0m64[1m}[0m[2m:[0m[1mapply_arrivals[0m[1m{[0m[3marrivals[0m[2m=[0m64 [3mgroups[0m[2m=[0m64[1m}[0m[2m:[0m [2msprefa_engine_rs::incremental[0m[2m:[0m close [3mtime.busy[0m[2m=[0m3.81ms [3mtime.idle[0m[2m=[0m876ns
[2m2026-08-24T18:12:23.960856Z[0m [32m INFO[0m [1mtick[0m[1m{[0m[3mtick[0m[2m=[0m0 [3marrivals[0m[2m=[0m64[1m}[0m[2m:[0m [2msprefa_engine_rs::driver[0m[2m:[0m close [3mtime.busy[0m[2m=[0m17.2ms [3mtime.idle[0m[2m=[0m4.00µs
[2m2026-08-24T18:12:23.965027Z[0m [32m INFO[0m [1mtick[0m[1m{[0m[3mtick[0m[2m=[0m1 [3marrivals[0m[2m=[0m64[1m}[0m[2m:[0m[1mapply_arrivals[0m[1m{[0m[3marrivals[0m[2m=[0m64 [3mgroups[0m[2m=[0m64[1m}[0m[2m:[0m [2msprefa_engine_rs::incremental[0m[2m:[0m close [3mtime.busy[0m[2m=[0m2.07ms [3mtime.idle[0m[2m=[0m1.67µs
[2m2026-08-24T18:12:23.969759Z[0m [32m INFO[0m [1mtick[0m[1m{[0m[3mtick[0m[2m=[0m1 [3marrivals[0m[2m=[0m64[1m}[0m[2m:[0m [2msprefa_engine_rs::driver[0m[2m:[0m close [3mtime.busy[0m[2m=[0m8.80ms [3mtime.idle[0m[2m=[0m917ns
[2m2026-08-24T18:12:23.973104Z[0m [32m INFO[0m [1mtick[0m[1m{[0m[3mtick[0m[2m=[0m2 [3marrivals[0m[2m=[0m64[1m}[0m[2m:[0m[1mapply_arrivals[0m[1m{[0m[3marrivals[0m[2m=[0m64 [3mgroups[0m[2m=[0m64[1m}[0m[2m:[0m [2msprefa_engine_rs::incremental[0m[2m:[0m close [3mtime.busy[0m[2m=[0m1.89ms [3mtime.idle[0m[2m=[0m250ns
[2m2026-08-24T18:12:23.977464Z[0m [32m INFO[0m [1mtick[0m[1m{[0m[3mtick[0m[2m=[0m2 [3marrivals[0m[2m=[0m64[1m}[0m[2m:[0m [2msprefa_engine_rs::driver[0m[2m:[0m close [3mtime.busy[0m[2m=[0m7.63ms [3mtime.idle[0m[2m=[0m792ns
[2m2026-08-24T18:12:23.977523Z[0m [32m INFO[0m [2msprefa_engine_rs::sql[0m[2m:[0m seam tally [3mstatements[0m[2m=[0m4496 [3minert[0m[2m=[0m0 [3minert_pct[0m[2m=[0m0 [3mrows_out[0m[2m=[0m963 [3mrows_changed[0m[2m=[0m1922 [3mms[0m[2m=[0m21

== DL_TRACE_SUMMARY ==
  us_total     us_sql    us_rust    pct    calls  rows_out   changed  verb             relation
     49873      49790         82  58.4%     1345         0         0  ddl              -
      5779       5779          0   6.8%      838         0         0  unlabelled       -
      2233       2145         87   2.6%        3         3         2  probe            -
      1936       1936          0   2.3%        2         0         0  clear            prepare
      1122       1121          1   1.3%        3         3         0  retraction_guard -
       708        700          7   0.8%      128         0         0  boot             -
       320        319          0   0.4%        3         0         0  clear            promote
       262        158        104   0.3%        6       192       384  intern           -
       117         93         23   0.1%        6         0         6  stage            source_36
       120         86         33   0.1%        6         0         6  stage            source_8
        96         86         10   0.1%        3         3         3  publish          heavy_0
        92         85          6   0.1%        3         3         3  arrive           source_37
        99         85         14   0.1%        6         0         6  stage            source_37
        95         82         12   0.1%        6         0         6  stage            source_14
        79         75          4   0.1%        3         3         3  arrive           source_53
        83         74          9   0.1%        6         0         6  stage            heavy_12
        76         73          3   0.1%        3         3         3  level_insert     heavy_0
        74         73          1   0.1%        3         3         3  level_insert     heavy_12
        94         72         21   0.1%        6         0         6  stage            source_0
        78         67         10   0.1%        3         3         3  arrive           source_0
        77         67         10   0.1%        6         0         6  stage            source_18
        77         67          9   0.1%        6         0         6  stage            heavy_60
        74         65          8   0.1%        6         0         6  stage            heavy_40
        75         65         10   0.1%        6         0         6  stage            source_34
        76         64         11   0.1%        6         0         6  stage            source_38
        74         64         10   0.1%        6         0         6  stage            source_40
        77         63         13   0.1%        6         0         6  stage            source_17
        74         63         11   0.1%        6         0         6  stage            source_39
        73         63         10   0.1%        6         0         6  stage            source_31
        73         61         11   0.1%        6         0         6  stage            source_28
        64         61          2   0.1%        3         3         3  publish          heavy_29
        72         61         10   0.1%        6         0         6  stage            source_30
        71         61         10   0.1%        6         0         6  stage            source_20
        71         61         10   0.1%        6         0         6  stage            heavy_16
        62         60          1   0.1%        3         3         3  level_insert     heavy_54
        71         60         10   0.1%        6         0         6  stage            source_52
        71         60         11   0.1%        6         0         6  stage            source_2
        70         60         10   0.1%        6         0         6  stage            source_26
        70         60         10   0.1%        6         0         6  stage            source_24
        70         60         10   0.1%        6         0         6  stage            source_33
        70         60         10   0.1%        6         0         6  stage            source_15
        70         60         10   0.1%        6         0         6  stage            source_43
        72         59         12   0.1%        6         0         6  stage            source_3
        69         59         10   0.1%        6         0         6  stage            source_35
        71         59         12   0.1%        6         0         6  stage            heavy_0
        70         59         10   0.1%        6         0         6  stage            source_44
        69         59         10   0.1%        6         0         6  stage            source_47
        69         59         10   0.1%        6         0         6  stage            source_58
        61         59          2   0.1%        3         3         3  publish          source_40
        61         58          2   0.1%        3         3         3  publish          source_20
        73         58         14   0.1%        6         0         6  stage            source_56
        69         58         10   0.1%        6         0         6  stage            source_16
        69         58         10   0.1%        6         0         6  stage            source_19
        72         58         13   0.1%        6         0         6  stage            source_1
        69         58         10   0.1%        6         0         6  stage            source_11
        68         58         10   0.1%        6         0         6  stage            source_49
        68         58         10   0.1%        6         0         6  stage            heavy_55
        70         58         12   0.1%        6         0         6  stage            source_10
        68         58         10   0.1%        6         0         6  stage            source_25
        68         58         10   0.1%        6         0         6  stage            source_27
        68         57         10   0.1%        6         0         6  stage            source_13
        68         57         10   0.1%        6         0         6  stage            source_32
        68         57         10   0.1%        6         0         6  stage            source_29
        68         57         11   0.1%        6         0         6  stage            source_55
        67         57         10   0.1%        6         0         6  stage            source_57
        60         57          3   0.1%        3         3         3  publish          heavy_47
        67         57         10   0.1%        6         0         6  stage            source_23
        67         57         10   0.1%        6         0         6  stage            source_45
        66         56          9   0.1%        6         0         6  stage            heavy_59
        67         56         10   0.1%        6         0         6  stage            source_22
        67         56         10   0.1%        6         0         6  stage            source_21
        67         56         10   0.1%        6         0         6  stage            source_60
        67         56         11   0.1%        6         0         6  stage            source_63
        67         56         10   0.1%        6         0         6  stage            source_46
        66         56          9   0.1%        6         0         6  stage            source_59
        66         56         10   0.1%        6         0         6  stage            source_62
        66         56         10   0.1%        6         0         6  stage            source_42
        66         56         10   0.1%        6         0         6  stage            source_48
        66         56         10   0.1%        6         0         6  stage            source_41
        66         56         10   0.1%        6         0         6  stage            source_50
        64         55          8   0.1%        6         0         6  stage            heavy_58
        66         55         11   0.1%        6         0         6  stage            source_12
        65         55         10   0.1%        6         0         6  stage            source_53
        65         54         10   0.1%        6         0         6  stage            source_4
        56         54          1   0.1%        3         3         3  level_insert     heavy_14
        64         54          9   0.1%        6         0         6  stage            source_51
        63         54          9   0.1%        6         0         6  stage            heavy_37
        64         54          9   0.1%        6         0         6  stage            source_61
        64         54          9   0.1%        6         0         6  stage            source_5
        63         54          9   0.1%        6         0         6  stage            heavy_15
        64         54         10   0.1%        6         0         6  stage            source_6
        57         54          3   0.1%        3         3         3  publish          source_33
        63         53          9   0.1%        6         0         6  stage            heavy_57
        64         53         10   0.1%        6         0         6  stage            heavy_1
        63         53          9   0.1%        6         0         6  stage            heavy_36
        63         53          9   0.1%        6         0         6  stage            heavy_47
        66         53         12   0.1%        6         0         6  stage            source_9
        63         53         10   0.1%        6         0         6  stage            source_54
        56         53          2   0.1%        3         3         3  publish          source_61
        58         53          4   0.1%        3         3         3  publish          source_0
        64         53         10   0.1%        6         0         6  stage            heavy_61
        56         53          3   0.1%        3         3         3  publish          source_58
        62         53          9   0.1%        6         0         6  stage            heavy_38
        63         53          9   0.1%        6         0         6  stage            heavy_14
        62         53          8   0.1%        6         0         6  stage            heavy_25
        62         52          9   0.1%        6         0         6  stage            heavy_6
        63         52         10   0.1%        6         0         6  stage            heavy_7
        61         52          8   0.1%        6         0         6  stage            heavy_63
        69         52         17   0.1%        6         0         6  stage            heavy_52
        61         52          9   0.1%        6         0         6  stage            heavy_51
        63         52         10   0.1%        6         0         6  stage            heavy_35
        53         52          1   0.1%        3         3         3  level_insert     heavy_36
        56         52          3   0.1%        3         3         3  publish          heavy_1
        61         52          9   0.1%        6         0         6  stage            heavy_34
        61         51          9   0.1%        6         0         6  stage            heavy_23
        63         51         11   0.1%        6         0         6  stage            source_7
        60         51          9   0.1%        6         0         6  stage            heavy_56
        61         51          9   0.1%        6         0         6  stage            heavy_13
        61         51          9   0.1%        6         0         6  stage            heavy_49
        53         51          1   0.1%        3         3         3  level_insert     heavy_61
        60         51          9   0.1%        6         0         6  stage            heavy_22
        60         51          9   0.1%        6         0         6  stage            heavy_48
        60         51          8   0.1%        6         0         6  stage            heavy_19
        60         50          9   0.1%        6         0         6  stage            heavy_21
        61         50         10   0.1%        6         0         6  stage            heavy_10
        60         50          9   0.1%        6         0         6  stage            heavy_24
        53         50          2   0.1%        3         3         3  publish          source_22
        59         50          8   0.1%        6         0         6  stage            heavy_28
        59         50          9   0.1%        6         0         6  stage            heavy_62
        58         49          9   0.1%        6         0         6  stage            heavy_42
        58         49          9   0.1%        6         0         6  stage            heavy_43
        51         49          1   0.1%        3         3         3  level_insert     heavy_42
        58         49          8   0.1%        6         0         6  stage            heavy_39
        58         49          8   0.1%        6         0         6  stage            heavy_26
        51         49          1   0.1%        3         3         3  level_insert     heavy_11
        59         49          9   0.1%        6         0         6  stage            heavy_9
        51         49          1   0.1%        3         3         3  level_insert     heavy_6
        60         49         10   0.1%        6         0         6  stage            heavy_4
        51         49          1   0.1%        3         3         3  level_insert     heavy_7
        58         49          8   0.1%        6         0         6  stage            heavy_53
        51         49          1   0.1%        3         3         3  level_insert     heavy_4
        59         49          9   0.1%        6         0         6  stage            heavy_31
        55         49          5   0.1%        3         3         3  level_insert     heavy_47
        50         49          1   0.1%        3         3         3  level_insert     heavy_58
        59         49         10   0.1%        6         0         6  stage            heavy_11
        58         49          9   0.1%        6         0         6  stage            heavy_41
        52         48          3   0.1%        3         3         3  publish          source_1
        50         48          1   0.1%        3         3         3  level_insert     heavy_40
        49         48          1   0.1%        3         3         3  level_insert     heavy_15
        49         48          1   0.1%        3         3         3  level_insert     heavy_49
        57         48          8   0.1%        6         0         6  stage            heavy_18
        57         48          8   0.1%        6         0         6  stage            heavy_50
        57         48          9   0.1%        6         0         6  stage            heavy_29
        57         48          9   0.1%        6         0         6  stage            heavy_8
        57         48          8   0.1%        6         0         6  stage            heavy_44
        51         48          2   0.1%        3         3         3  publish          source_16
        51         48          2   0.1%        3         3         3  publish          source_4
        57         48          9   0.1%        6         0         6  stage            heavy_46
        57         48          9   0.1%        6         0         6  stage            heavy_54
        49         47          1   0.1%        3         3         3  level_insert     heavy_1
        57         47          9   0.1%        6         0         6  stage            heavy_5
        49         47          1   0.1%        3         3         3  level_insert     heavy_37
        49         47          1   0.1%        3         3         3  level_insert     heavy_16
        50         47          2   0.1%        3         3         3  publish          source_25
        66         47         18   0.1%        6         0         6  stage            heavy_17
        49         47          1   0.1%        3         3         3  level_insert     heavy_62
        48         47          1   0.1%        3         3         3  level_insert     heavy_22
        49         47          1   0.1%        3         3         3  level_insert     heavy_13
        50         47          2   0.1%        3         3         3  publish          source_35
        56         47          9   0.1%        6         0         6  stage            heavy_3
        50         47          3   0.1%        3         3         3  publish          source_2
        49         47          2   0.1%        3         3         3  level_insert     heavy_41
        48         47          1   0.1%        3         3         3  level_insert     heavy_46
        50         47          3   0.1%        3         3         3  publish          source_38
        49         47          2   0.1%        3         3         3  publish          source_30
        55         47          8   0.1%        6         0         6  stage            heavy_45
        48         46          1   0.1%        3         3         3  level_insert     heavy_10
        49         46          2   0.1%        3         3         3  publish          source_27
        50         46          3   0.1%        3         3         3  arrive           source_17
        55         46          8   0.1%        6         0         6  stage            heavy_20
        49         46          3   0.1%        3         3         3  publish          source_13
        49         46          3   0.1%        3         3         3  publish          heavy_40
        49         46          2   0.1%        3         3         3  publish          heavy_53
        55         46          9   0.1%        6         0         6  stage            heavy_32
        55         46          9   0.1%        6         0         6  stage            heavy_33
        48         46          1   0.1%        3         3         3  level_insert     heavy_52
        51         46          4   0.1%        3         3         3  arrive           source_9
        47         46          1   0.1%        3         3         3  level_insert     heavy_38
        49         46          2   0.1%        3         3         3  publish          heavy_46
        49         46          3   0.1%        3         3         3  publish          heavy_11
        48         46          2   0.1%        3         3         3  publish          heavy_12
        54         46          8   0.1%        6         0         6  stage            heavy_30
        48         45          3   0.1%        3         3         3  publish          source_31
        46         45          1   0.1%        3         3         3  level_insert     heavy_56
        54         45          8   0.1%        6         0         6  stage            heavy_27
        54         45          9   0.1%        6         0         6  stage            heavy_2
        49         45          4   0.1%        3         3         3  arrive           source_38
        47         45          2   0.1%        3         3         3  level_insert     heavy_45
        48         45          3   0.1%        3         3         3  publish          source_29
        46         45          1   0.1%        3         3         3  level_insert     heavy_60
        48         45          3   0.1%        3         3         3  publish          source_49
        49         45          3   0.1%        3         3         3  arrive           source_29
        48         45          3   0.1%        3         3         3  arrive           source_32
        47         45          2   0.1%        3         3         3  publish          heavy_41
        47         45          2   0.1%        3         3         3  publish          source_18
        48         45          3   0.1%        3         3         3  publish          source_5
        46         45          1   0.1%        3         3         3  level_insert     heavy_51
        46         44          1   0.1%        3         3         3  level_insert     heavy_44
        47         44          2   0.1%        3         3         3  publish          source_24
        47         44          2   0.1%        3         3         3  publish          source_56
        48         44          3   0.1%        3         3         3  publish          source_17
        46         44          1   0.1%        3         3         3  level_insert     heavy_18
        45         44          1   0.1%        3         3         3  level_insert     heavy_63
        46         44          1   0.1%        3         3         3  level_insert     heavy_39
        48         44          3   0.1%        3         3         3  arrive           source_58
        47         44          3   0.1%        3         3         3  publish          source_36
        46         44          1   0.1%        3         3         3  level_insert     heavy_5
        47         44          2   0.1%        3         3         3  publish          source_28
        45         44          1   0.1%        3         3         3  level_insert     heavy_50
        49         44          4   0.1%        3         3         3  arrive           source_10
        47         44          2   0.1%        3         3         3  publish          heavy_45
        47         44          3   0.1%        3         3         3  publish          source_19
        48         44          3   0.1%        3         3         3  publish          heavy_10
        45         44          1   0.1%        3         3         3  level_insert     heavy_21
        45         44          1   0.1%        3         3         3  level_insert     heavy_43
        47         44          3   0.1%        3         3         3  publish          source_10
        47         44          3   0.1%        3         3         3  publish          source_7
        47         44          3   0.1%        3         3         3  publish          source_51
        46         44          2   0.1%        3         3         3  publish          heavy_50
        47         44          3   0.1%        3         3         3  arrive           source_50
        47         44          3   0.1%        3         3         3  publish          source_53
        45         43          1   0.1%        3         3         3  level_insert     heavy_31
        47         43          3   0.1%        3         3         3  publish          source_23
        46         43          2   0.1%        3         3         3  publish          source_63
        46         43          2   0.1%        3         3         3  publish          source_39
        46         43          2   0.1%        3         3         3  publish          source_11
        45         43          1   0.1%        3         3         3  level_insert     heavy_53
        45         43          1   0.1%        3         3         3  level_insert     heavy_30
        48         43          4   0.1%        3         3         3  arrive           source_2
        46         43          2   0.1%        3         3         3  publish          heavy_58
        44         43          1   0.1%        3         3         3  level_insert     heavy_34
        46         43          2   0.1%        3         3         3  publish          source_26
        46         43          2   0.1%        3         3         3  publish          source_41
        44         43          1   0.1%        3         3         3  level_insert     heavy_55
        46         43          3   0.1%        3         3         3  publish          heavy_44
        44         43          1   0.1%        3         3         3  level_insert     heavy_57
        46         43          2   0.1%        3         3         3  publish          source_14
        44         43          1   0.1%        3         3         3  level_insert     heavy_32
        46         43          2   0.1%        3         3         3  publish          heavy_14
        45         43          2   0.1%        3         3         3  publish          source_47
        44         43          1   0.1%        3         3         3  level_insert     heavy_2
        46         43          3   0.1%        3         3         3  publish          source_46
        46         43          2   0.1%        3         3         3  publish          source_57
        46         43          2   0.1%        3         3         3  publish          source_59
        46         43          2   0.1%        3         3         3  publish          source_8
        46         43          3   0.1%        3         3         3  publish          source_15
        44         43          1   0.1%        3         3         3  level_insert     heavy_59
        46         43          2   0.1%        3         3         3  publish          source_6
        46         43          3   0.1%        3         3         3  publish          source_3
        45         43          2   0.1%        3         3         3  publish          source_21
        46         43          3   0.1%        3         3         3  publish          source_45
        46         43          3   0.1%        3         3         3  publish          source_32
        45         43          2   0.1%        3         3         3  publish          heavy_61
        45         43          2   0.1%        3         3         3  publish          source_62
        45         42          2   0.1%        3         3         3  publish          heavy_42
        43         42          0   0.1%        3         3         3  level_insert     heavy_25
        46         42          3   0.1%        3         3         3  publish          source_52
        45         42          3   0.1%        3         3         3  publish          heavy_43
        46         42          3   0.1%        3         3         3  arrive           source_30
        45         42          2   0.1%        3         3         3  publish          source_48
        46         42          4   0.1%        3         3         3  arrive           source_39
        43         42          1   0.1%        3         3         3  level_insert     heavy_29
        45         42          3   0.1%        3         3         3  publish          source_34
        45         42          2   0.1%        3         3         3  publish          source_43
        45         42          2   0.1%        3         3         3  publish          heavy_33
        45         42          3   0.1%        3         3         3  publish          heavy_56
        45         42          2   0.1%        3         3         3  publish          heavy_60
        43         42          1   0.1%        3         3         3  level_insert     heavy_23
        44         42          1   0.1%        3         3         3  level_insert     heavy_8
        45         42          2   0.1%        3         3         3  publish          source_12
        45         42          2   0.1%        3         3         3  publish          heavy_9
        45         42          3   0.1%        3         3         3  publish          heavy_5
        45         42          2   0.1%        3         3         3  publish          heavy_55
        45         42          2   0.1%        3         3         3  publish          source_50
        46         42          3   0.1%        3         3         3  arrive           source_41
        45         42          3   0.1%        3         3         3  publish          heavy_8
        45         42          2   0.1%        3         3         3  publish          source_54
        44         42          2   0.1%        3         3         3  publish          heavy_57
        44         42          2   0.1%        3         3         3  publish          source_9
        43         42          1   0.1%        3         3         3  level_insert     heavy_48
        43         42          1   0.1%        3         3         3  level_insert     heavy_19
        43         42          1   0.1%        3         3         3  level_insert     heavy_35
        44         42          2   0.1%        3         3         3  publish          source_44
        45         41          3   0.1%        3         3         3  arrive           source_35
        44         41          2   0.1%        3         3         3  publish          source_37
        45         41          3   0.1%        3         3         3  publish          heavy_48
        45         41          3   0.1%        3         3         3  arrive           source_26
        44         41          3   0.1%        3         3         3  publish          heavy_16
        44         41          2   0.1%        3         3         3  publish          heavy_17
        43         41          1   0.1%        3         3         3  level_insert     heavy_3
        44         41          3   0.1%        3         3         3  publish          heavy_15
        46         41          4   0.1%        3         3         3  arrive           source_40
        43         41          1   0.1%        3         3         3  level_insert     heavy_9
        45         41          3   0.1%        3         3         3  arrive           source_34
        45         41          3   0.1%        3         3         3  publish          heavy_20
        44         41          2   0.1%        3         3         3  publish          heavy_13
        44         41          2   0.1%        3         3         3  publish          heavy_25
        44         41          2   0.1%        3         3         3  publish          heavy_6
        45         41          4   0.1%        3         3         3  publish          heavy_30
        44         41          3   0.1%        3         3         3  publish          heavy_2
        42         41          1   0.1%        3         3         3  level_insert     heavy_24
        44         41          3   0.1%        3         3         3  publish          heavy_62
        42         41          1   0.0%        3         3         3  level_insert     heavy_17
        44         41          3   0.1%        3         3         3  publish          heavy_52
        43         41          2   0.1%        3         3         3  publish          heavy_3
        42         41          1   0.0%        3         3         3  level_insert     heavy_20
        43         41          2   0.1%        3         3         3  publish          source_60
        44         41          3   0.1%        3         3         3  publish          source_55
        43         41          2   0.1%        3         3         3  publish          heavy_39
        44         40          3   0.1%        3         3         3  publish          heavy_19
        43         40          2   0.1%        3         3         3  publish          heavy_36
        44         40          3   0.1%        3         3         3  arrive           source_11
        43         40          2   0.1%        3         3         3  publish          heavy_34
        44         40          3   0.1%        3         3         3  publish          source_42
        43         40          3   0.1%        3         3         3  publish          heavy_18
        43         40          3   0.1%        3         3         3  publish          heavy_51
        43         40          2   0.1%        3         3         3  publish          heavy_49
        41         40          1   0.0%        3         3         3  level_insert     heavy_27
        44         40          3   0.1%        3         3         3  arrive           source_4
        44         40          4   0.1%        3         3         3  arrive           source_8
        44         40          3   0.1%        3         3         3  arrive           source_42
        44         40          3   0.1%        3         3         3  arrive           source_45
        43         40          2   0.1%        3         3         3  publish          heavy_23
        41         40          1   0.0%        3         3         3  level_insert     heavy_33
        44         40          3   0.1%        3         3         3  arrive           source_52
        45         40          4   0.1%        3         3         3  arrive           source_1
        47         40          7   0.1%        3         3         3  arrive           source_28
        41         40          1   0.0%        3         3         3  level_insert     heavy_28
        42         40          2   0.1%        3         3         3  publish          heavy_26
        43         40          2   0.1%        3         3         3  publish          heavy_22
        42         40          2   0.1%        3         3         3  publish          heavy_54
        42         40          2   0.1%        3         3         3  publish          heavy_21
        42         39          2   0.0%        3         3         3  publish          heavy_31
        43         39          3   0.1%        3         3         3  publish          heavy_4
        42         39          2   0.0%        3         3         3  publish          heavy_27
        45         39          5   0.1%        3         3         3  arrive           source_3
        42         39          2   0.0%        3         3         3  publish          heavy_38
        43         39          3   0.1%        3         3         3  arrive           source_27
        46         39          6   0.1%        3         3         3  arrive           source_36
        42         39          2   0.0%        3         3         3  publish          heavy_35
        43         39          3   0.1%        3         3         3  arrive           source_60
        42         39          2   0.0%        3         3         3  publish          heavy_28
        43         39          3   0.1%        3         3         3  arrive           source_48
        42         39          2   0.0%        3         3         3  publish          heavy_24
        42         39          3   0.1%        3         3         3  arrive           source_63
        68         39         29   0.1%        3         3         3  publish          heavy_7
        44         39          5   0.1%        3         3         3  arrive           source_7
        43         39          4   0.1%        3         3         3  arrive           source_51
        43         39          4   0.1%        3         3         3  arrive           source_5
        42         39          3   0.1%        3         3         3  arrive           source_49
        42         39          3   0.0%        3         3         3  arrive           source_33
        41         38          2   0.0%        3         3         3  publish          heavy_59
        52         38         13   0.1%        3         3         3  arrive           source_56
        39         38          1   0.0%        3         3         3  level_insert     heavy_26
        42         38          3   0.0%        3         3         3  arrive           source_44
        42         38          3   0.0%        3         3         3  arrive           source_22
        42         38          3   0.0%        3         3         3  arrive           source_24
        41         38          3   0.0%        3         3         3  arrive           source_23
        40         38          2   0.0%        3         3         3  publish          heavy_32
        41         38          3   0.0%        3         3         3  arrive           source_31
        41         38          2   0.0%        3         3         3  publish          heavy_63
        42         38          4   0.0%        3         3         3  arrive           source_43
        41         38          3   0.0%        3         3         3  arrive           source_55
        41         38          3   0.0%        3         3         3  arrive           source_59
        41         38          3   0.0%        3         3         3  arrive           source_6
        42         38          4   0.0%        3         3         3  arrive           source_16
        41         38          3   0.0%        3         3         3  arrive           source_25
        41         37          3   0.0%        3         3         3  arrive           source_13
        41         37          3   0.0%        3         3         3  arrive           source_54
        40         37          3   0.0%        3         3         3  arrive           source_62
        41         37          4   0.0%        3         3         3  arrive           source_47
        40         37          3   0.0%        3         3         3  arrive           source_18
        40         37          3   0.0%        3         3         3  publish          heavy_37
        41         37          3   0.0%        3         3         3  arrive           source_46
        40         37          3   0.0%        3         3         3  arrive           source_19
        41         37          3   0.0%        3         3         3  arrive           source_12
        40         36          3   0.0%        3         3         3  arrive           source_20
        40         36          4   0.0%        3         3         3  arrive           source_15
        40         36          3   0.0%        3         3         3  arrive           source_21
        39         36          3   0.0%        3         3         3  arrive           source_61
        39         36          3   0.0%        3         3         3  arrive           source_57
        41         36          5   0.0%        3         3         3  arrive           source_14
        84          0         84   0.1%        0         0         0  arrive_diff      -
        75          0         75   0.1%        0         0         0  arrive_encode    -
         0          0          0   0.0%        0         0         0  decode           -
       131          0        131   0.2%        0         0         0  ticklog          -
     80446                        94.1%                               TOTAL sqlite     
         0                         0.0%                               TOTAL rust in scopes 
      5005                         5.9%                               TOTAL rust unscoped 
     85451                       100.0%                               TOTAL wall       
