[2m2026-08-24T18:12:15.779363Z[0m [32m INFO[0m [1mtick[0m[1m{[0m[3mtick[0m[2m=[0m0 [3marrivals[0m[2m=[0m64[1m}[0m[2m:[0m[1mapply_arrivals[0m[1m{[0m[3marrivals[0m[2m=[0m64 [3mgroups[0m[2m=[0m64[1m}[0m[2m:[0m [2msprefa_engine_rs::incremental[0m[2m:[0m close [3mtime.busy[0m[2m=[0m3.50ms [3mtime.idle[0m[2m=[0m1.00µs
[2m2026-08-24T18:12:15.790610Z[0m [32m INFO[0m [1mtick[0m[1m{[0m[3mtick[0m[2m=[0m0 [3marrivals[0m[2m=[0m64[1m}[0m[2m:[0m [2msprefa_engine_rs::driver[0m[2m:[0m close [3mtime.busy[0m[2m=[0m16.3ms [3mtime.idle[0m[2m=[0m4.04µs
[2m2026-08-24T18:12:15.794108Z[0m [32m INFO[0m [1mtick[0m[1m{[0m[3mtick[0m[2m=[0m1 [3marrivals[0m[2m=[0m64[1m}[0m[2m:[0m[1mapply_arrivals[0m[1m{[0m[3marrivals[0m[2m=[0m64 [3mgroups[0m[2m=[0m64[1m}[0m[2m:[0m [2msprefa_engine_rs::incremental[0m[2m:[0m close [3mtime.busy[0m[2m=[0m1.72ms [3mtime.idle[0m[2m=[0m500ns
[2m2026-08-24T18:12:15.798657Z[0m [32m INFO[0m [1mtick[0m[1m{[0m[3mtick[0m[2m=[0m1 [3marrivals[0m[2m=[0m64[1m}[0m[2m:[0m [2msprefa_engine_rs::driver[0m[2m:[0m close [3mtime.busy[0m[2m=[0m7.94ms [3mtime.idle[0m[2m=[0m1.00µs
[2m2026-08-24T18:12:15.802318Z[0m [32m INFO[0m [1mtick[0m[1m{[0m[3mtick[0m[2m=[0m2 [3marrivals[0m[2m=[0m64[1m}[0m[2m:[0m[1mapply_arrivals[0m[1m{[0m[3marrivals[0m[2m=[0m64 [3mgroups[0m[2m=[0m64[1m}[0m[2m:[0m [2msprefa_engine_rs::incremental[0m[2m:[0m close [3mtime.busy[0m[2m=[0m1.87ms [3mtime.idle[0m[2m=[0m749ns
[2m2026-08-24T18:12:15.807147Z[0m [32m INFO[0m [1mtick[0m[1m{[0m[3mtick[0m[2m=[0m2 [3marrivals[0m[2m=[0m64[1m}[0m[2m:[0m [2msprefa_engine_rs::driver[0m[2m:[0m close [3mtime.busy[0m[2m=[0m8.41ms [3mtime.idle[0m[2m=[0m375ns
[2m2026-08-24T18:12:15.807205Z[0m [32m INFO[0m [2msprefa_engine_rs::sql[0m[2m:[0m seam tally [3mstatements[0m[2m=[0m4496 [3minert[0m[2m=[0m0 [3minert_pct[0m[2m=[0m0 [3mrows_out[0m[2m=[0m963 [3mrows_changed[0m[2m=[0m1922 [3mms[0m[2m=[0m20

== DL_TRACE_SUMMARY ==
  us_total     us_sql    us_rust    pct    calls  rows_out   changed  verb             relation
     48578      48503         75  58.4%     1345         0         0  ddl              -
      6041       6041          0   7.3%      838         0         0  unlabelled       -
      2242       2163         79   2.7%        3         3         2  probe            -
      1942       1941          1   2.3%        2         0         0  clear            prepare
      1106       1105          1   1.3%        3         3         0  retraction_guard -
       622        616          5   0.7%      128         0         0  boot             -
       325        324          0   0.4%        3         0         0  clear            promote
       242        145         97   0.3%        6       192       384  intern           -
       135        125          9   0.2%        3         3         3  publish          source_8
       113        103          9   0.1%        3         3         3  publish          heavy_0
        91         82          9   0.1%        6         0         6  stage            source_27
        84         75          9   0.1%        6         0         6  stage            source_53
        77         73          3   0.1%        3         3         3  publish          source_9
        85         73         12   0.1%        3         3         3  arrive           source_0
        81         71          9   0.1%        6         0         6  stage            source_40
        84         67         16   0.1%        6         0         6  stage            heavy_60
        93         62         30   0.1%        6         0         6  stage            source_0
        64         61          3   0.1%        3         3         3  publish          heavy_12
        70         61          9   0.1%        6         0         6  stage            source_30
        70         61          9   0.1%        6         0         6  stage            heavy_6
        62         61          1   0.1%        3         3         3  level_insert     heavy_1
        71         60         11   0.1%        6         0         6  stage            source_2
        69         60          9   0.1%        6         0         6  stage            source_58
        69         60          9   0.1%        6         0         6  stage            source_12
        69         59         10   0.1%        6         0         6  stage            source_35
        66         58          8   0.1%        6         0         6  stage            heavy_61
        67         58          9   0.1%        6         0         6  stage            source_41
        67         58          8   0.1%        6         0         6  stage            heavy_12
        67         58          8   0.1%        6         0         6  stage            heavy_32
        68         57         10   0.1%        6         0         6  stage            source_44
        59         57          1   0.1%        3         3         3  level_insert     heavy_41
        65         57          8   0.1%        6         0         6  stage            heavy_24
        67         57         10   0.1%        6         0         6  stage            source_14
        66         56          9   0.1%        6         0         6  stage            source_4
        70         56         13   0.1%        6         0         6  stage            source_1
        69         56         13   0.1%        6         0         6  stage            source_36
        65         56          8   0.1%        6         0         6  stage            source_51
        65         56          9   0.1%        6         0         6  stage            source_24
        66         56          9   0.1%        6         0         6  stage            heavy_8
        67         56         11   0.1%        6         0         6  stage            source_28
        65         56          9   0.1%        6         0         6  stage            source_32
        65         56          9   0.1%        6         0         6  stage            source_22
        65         56          9   0.1%        6         0         6  stage            source_34
        59         55          3   0.1%        3         3         3  arrive           source_17
        65         55          9   0.1%        6         0         6  stage            source_25
        67         55         11   0.1%        6         0         6  stage            source_3
        66         55         11   0.1%        6         0         6  stage            source_59
        64         55          9   0.1%        6         0         6  stage            source_52
        67         55         12   0.1%        6         0         6  stage            source_56
        65         55          9   0.1%        6         0         6  stage            source_11
        57         55          2   0.1%        3         3         3  level_insert     heavy_0
        67         55         12   0.1%        6         0         6  stage            heavy_0
        64         54          9   0.1%        6         0         6  stage            source_18
        68         54         13   0.1%        6         0         6  stage            source_17
        62         54          8   0.1%        6         0         6  stage            heavy_26
        63         54          9   0.1%        6         0         6  stage            source_47
        55         54          1   0.1%        3         3         3  level_insert     heavy_8
        64         54          9   0.1%        6         0         6  stage            source_20
        65         54         11   0.1%        6         0         6  stage            source_10
        63         54          9   0.1%        6         0         6  stage            source_23
        63         54          8   0.1%        6         0         6  stage            heavy_31
        63         54          9   0.1%        6         0         6  stage            source_62
        63         54          9   0.1%        6         0         6  stage            source_63
        64         54         10   0.1%        6         0         6  stage            heavy_39
        66         54         12   0.1%        6         0         6  stage            heavy_36
        67         53         13   0.1%        6         0         6  stage            source_6
        63         53          9   0.1%        6         0         6  stage            source_61
        62         53          9   0.1%        6         0         6  stage            source_38
        57         53          3   0.1%        3         3         3  arrive           source_59
        62         53          8   0.1%        6         0         6  stage            heavy_18
        63         53          9   0.1%        6         0         6  stage            source_49
        62         53          8   0.1%        6         0         6  stage            heavy_63
        54         53          0   0.1%        3         3         3  level_insert     heavy_63
        54         53          1   0.1%        3         3         3  level_insert     heavy_62
        64         53         10   0.1%        6         0         6  stage            source_8
        62         53          9   0.1%        6         0         6  stage            source_31
        62         52          9   0.1%        6         0         6  stage            source_37
        61         52          8   0.1%        6         0         6  stage            heavy_23
        61         52          8   0.1%        6         0         6  stage            heavy_7
        62         52          9   0.1%        6         0         6  stage            source_57
        60         52          8   0.1%        6         0         6  stage            heavy_28
        61         52          9   0.1%        6         0         6  stage            source_55
        61         52          9   0.1%        6         0         6  stage            source_42
        63         52         10   0.1%        6         0         6  stage            source_29
        61         52          9   0.1%        6         0         6  stage            source_48
        60         51          9   0.1%        6         0         6  stage            source_46
        60         51          9   0.1%        6         0         6  stage            source_5
        60         51          9   0.1%        6         0         6  stage            source_54
        59         51          8   0.1%        6         0         6  stage            heavy_13
        60         51          9   0.1%        6         0         6  stage            source_33
        60         50          9   0.1%        6         0         6  stage            source_39
        59         50          8   0.1%        6         0         6  stage            heavy_27
        59         50          9   0.1%        6         0         6  stage            source_21
        60         50          9   0.1%        6         0         6  stage            heavy_9
        51         50          1   0.1%        3         3         3  level_insert     heavy_39
        60         50          9   0.1%        6         0         6  stage            source_50
        60         50          9   0.1%        6         0         6  stage            heavy_1
        60         50          9   0.1%        6         0         6  stage            source_13
        60         50          9   0.1%        6         0         6  stage            heavy_3
        60         50          9   0.1%        6         0         6  stage            source_60
        58         50          7   0.1%        6         0         6  stage            heavy_21
        60         50          9   0.1%        6         0         6  stage            source_26
        61         50         11   0.1%        6         0         6  stage            heavy_4
        51         50          1   0.1%        3         3         3  level_insert     heavy_12
        58         50          8   0.1%        6         0         6  stage            heavy_62
        58         50          8   0.1%        6         0         6  stage            heavy_14
        51         49          1   0.1%        3         3         3  level_insert     heavy_26
        58         49          8   0.1%        6         0         6  stage            heavy_20
        59         49          9   0.1%        6         0         6  stage            source_16
        57         49          8   0.1%        6         0         6  stage            heavy_19
        57         49          8   0.1%        6         0         6  stage            heavy_56
        57         49          8   0.1%        6         0         6  stage            heavy_45
        58         49          9   0.1%        6         0         6  stage            source_45
        50         49          1   0.1%        3         3         3  level_insert     heavy_15
        57         49          8   0.1%        6         0         6  stage            heavy_57
        52         49          2   0.1%        3         3         3  publish          source_14
        57         49          8   0.1%        6         0         6  stage            heavy_38
        58         49          9   0.1%        6         0         6  stage            source_19
        61         49         12   0.1%        6         0         6  stage            heavy_48
        57         49          8   0.1%        6         0         6  stage            heavy_33
        59         49         10   0.1%        6         0         6  stage            heavy_10
        57         48          8   0.1%        6         0         6  stage            heavy_58
        57         48          9   0.1%        6         0         6  stage            heavy_2
        59         48         10   0.1%        6         0         6  stage            source_7
        56         48          8   0.1%        6         0         6  stage            heavy_55
        58         48          9   0.1%        6         0         6  stage            source_15
        57         48          8   0.1%        6         0         6  stage            heavy_34
        56         48          8   0.1%        6         0         6  stage            heavy_43
        57         48          8   0.1%        6         0         6  stage            heavy_29
        57         48          8   0.1%        6         0         6  stage            heavy_50
        58         48          9   0.1%        6         0         6  stage            source_43
        56         48          7   0.1%        6         0         6  stage            heavy_47
        57         48          8   0.1%        6         0         6  stage            heavy_22
        57         48          8   0.1%        6         0         6  stage            heavy_5
        56         48          8   0.1%        6         0         6  stage            heavy_49
        57         48          9   0.1%        6         0         6  stage            source_9
        50         48          2   0.1%        3         3         3  publish          source_22
        49         48          1   0.1%        3         3         3  level_insert     heavy_32
        49         48          1   0.1%        3         3         3  level_insert     heavy_35
        56         47          8   0.1%        6         0         6  stage            heavy_53
        64         47         16   0.1%        6         0         6  stage            heavy_52
        56         47          8   0.1%        6         0         6  stage            heavy_11
        63         47         15   0.1%        6         0         6  stage            heavy_17
        56         47          8   0.1%        3         3         3  publish          source_0
        56         47          8   0.1%        6         0         6  stage            heavy_41
        55         47          8   0.1%        6         0         6  stage            heavy_25
        49         47          2   0.1%        3         3         3  level_insert     heavy_2
        49         47          2   0.1%        3         3         3  publish          source_61
        55         47          8   0.1%        6         0         6  stage            heavy_15
        55         47          8   0.1%        6         0         6  stage            heavy_42
        55         47          8   0.1%        6         0         6  stage            heavy_59
        48         46          1   0.1%        3         3         3  level_insert     heavy_37
        49         46          2   0.1%        3         3         3  publish          heavy_45
        47         46          1   0.1%        3         3         3  level_insert     heavy_18
        49         46          3   0.1%        3         3         3  publish          heavy_8
        54         46          8   0.1%        6         0         6  stage            heavy_16
        47         46          1   0.1%        3         3         3  level_insert     heavy_16
        49         46          3   0.1%        3         3         3  publish          heavy_1
        48         46          2   0.1%        3         3         3  publish          source_62
        47         46          1   0.1%        3         3         3  level_insert     heavy_4
        54         45          8   0.1%        6         0         6  stage            heavy_30
        47         45          1   0.1%        3         3         3  level_insert     heavy_43
        48         45          3   0.1%        3         3         3  arrive           source_63
        46         45          1   0.1%        3         3         3  level_insert     heavy_14
        48         45          3   0.1%        3         3         3  publish          source_25
        54         45          8   0.1%        6         0         6  stage            heavy_35
        46         45          1   0.1%        3         3         3  level_insert     heavy_20
        48         45          2   0.1%        3         3         3  publish          source_46
        46         45          1   0.1%        3         3         3  level_insert     heavy_57
        48         45          3   0.1%        3         3         3  publish          source_1
        53         45          8   0.1%        6         0         6  stage            heavy_40
        53         45          8   0.1%        6         0         6  stage            heavy_37
        47         44          2   0.1%        3         3         3  publish          heavy_51
        45         44          0   0.1%        3         3         3  level_insert     heavy_19
        47         44          2   0.1%        3         3         3  publish          source_31
        46         44          1   0.1%        3         3         3  level_insert     heavy_6
        53         44          8   0.1%        6         0         6  stage            heavy_46
        53         44          8   0.1%        6         0         6  stage            heavy_51
        47         44          2   0.1%        3         3         3  publish          source_24
        45         44          1   0.1%        3         3         3  level_insert     heavy_23
        52         44          8   0.1%        6         0         6  stage            heavy_44
        47         44          3   0.1%        3         3         3  publish          source_58
        53         44          9   0.1%        6         0         6  stage            heavy_54
        46         44          1   0.1%        3         3         3  level_insert     heavy_28
        47         44          3   0.1%        3         3         3  publish          source_49
        45         44          1   0.1%        3         3         3  level_insert     heavy_46
        50         44          5   0.1%        3         3         3  level_insert     heavy_51
        45         44          1   0.1%        3         3         3  level_insert     heavy_52
        45         44          1   0.1%        3         3         3  level_insert     heavy_13
        46         44          2   0.1%        3         3         3  publish          source_41
        47         44          3   0.1%        3         3         3  publish          heavy_13
        45         44          1   0.1%        3         3         3  level_insert     heavy_42
        46         43          2   0.1%        3         3         3  publish          source_11
        46         43          2   0.1%        3         3         3  publish          source_4
        45         43          1   0.1%        3         3         3  level_insert     heavy_17
        46         43          2   0.1%        3         3         3  publish          source_54
        46         43          2   0.1%        3         3         3  publish          source_52
        44         43          1   0.1%        3         3         3  level_insert     heavy_9
        44         43          1   0.1%        3         3         3  level_insert     heavy_54
        46         43          2   0.1%        3         3         3  publish          source_44
        46         43          3   0.1%        3         3         3  publish          source_59
        44         43          1   0.1%        3         3         3  level_insert     heavy_22
        44         43          1   0.1%        3         3         3  level_insert     heavy_30
        44         43          1   0.1%        3         3         3  level_insert     heavy_3
        46         43          2   0.1%        3         3         3  publish          source_26
        44         43          1   0.1%        3         3         3  level_insert     heavy_34
        46         43          3   0.1%        3         3         3  publish          source_15
        46         43          3   0.1%        3         3         3  publish          heavy_56
        44         43          1   0.1%        3         3         3  level_insert     heavy_24
        45         43          2   0.1%        3         3         3  publish          heavy_2
        46         43          3   0.1%        3         3         3  publish          source_17
        45         43          2   0.1%        3         3         3  publish          source_12
        44         43          1   0.1%        3         3         3  level_insert     heavy_49
        45         42          2   0.1%        3         3         3  publish          source_6
        45         42          2   0.1%        3         3         3  publish          source_60
        44         42          1   0.1%        3         3         3  level_insert     heavy_11
        47         42          5   0.1%        3         3         3  level_insert     heavy_7
        45         42          3   0.1%        3         3         3  publish          source_7
        49         42          6   0.1%        3         3         3  publish          source_53
        45         42          2   0.1%        3         3         3  publish          source_19
        45         42          2   0.1%        3         3         3  publish          heavy_35
        45         42          3   0.1%        3         3         3  arrive           source_13
        47         42          4   0.1%        3         3         3  arrive           source_3
        43         42          1   0.1%        3         3         3  level_insert     heavy_50
        46         42          4   0.1%        3         3         3  publish          heavy_27
        43         42          1   0.1%        3         3         3  level_insert     heavy_29
        45         42          3   0.1%        3         3         3  publish          source_57
        46         42          3   0.1%        3         3         3  arrive           source_5
        45         42          3   0.1%        3         3         3  publish          source_13
        45         42          3   0.1%        3         3         3  arrive           source_39
        45         42          3   0.1%        3         3         3  arrive           source_57
        44         42          2   0.1%        3         3         3  publish          heavy_24
        44         42          2   0.1%        3         3         3  publish          heavy_34
        45         41          3   0.1%        3         3         3  publish          heavy_10
        44         41          2   0.1%        3         3         3  publish          source_63
        43         41          1   0.1%        3         3         3  level_insert     heavy_27
        45         41          3   0.1%        3         3         3  publish          source_51
        44         41          2   0.1%        3         3         3  publish          source_48
        44         41          2   0.1%        3         3         3  publish          source_5
        45         41          3   0.1%        3         3         3  publish          source_55
        44         41          2   0.1%        3         3         3  publish          source_3
        44         41          2   0.1%        3         3         3  publish          source_45
        44         41          2   0.1%        3         3         3  publish          heavy_25
        44         41          2   0.1%        3         3         3  publish          source_16
        44         41          3   0.1%        3         3         3  publish          source_42
        44         41          2   0.1%        3         3         3  publish          heavy_52
        45         41          3   0.1%        3         3         3  publish          source_10
        42         41          1   0.1%        3         3         3  level_insert     heavy_31
        42         41          1   0.1%        3         3         3  level_insert     heavy_38
        44         41          2   0.1%        3         3         3  publish          source_28
        42         41          1   0.1%        3         3         3  level_insert     heavy_58
        44         41          2   0.1%        3         3         3  publish          source_35
        44         41          3   0.1%        3         3         3  publish          source_36
        43         41          2   0.1%        3         3         3  publish          source_20
        44         41          2   0.1%        3         3         3  publish          source_38
        43         41          2   0.1%        3         3         3  publish          source_29
        44         41          2   0.1%        3         3         3  publish          source_32
        42         41          1   0.1%        3         3         3  level_insert     heavy_61
        42         41          1   0.1%        3         3         3  level_insert     heavy_40
        45         41          4   0.1%        3         3         3  arrive           source_2
        44         41          3   0.1%        3         3         3  arrive           source_16
        43         41          2   0.1%        3         3         3  publish          heavy_3
        43         41          2   0.1%        3         3         3  publish          source_56
        43         41          2   0.1%        3         3         3  publish          source_50
        43         41          2   0.1%        3         3         3  publish          heavy_15
        43         40          2   0.1%        3         3         3  publish          heavy_59
        43         40          2   0.1%        3         3         3  publish          heavy_23
        43         40          2   0.1%        3         3         3  publish          source_39
        42         40          1   0.1%        3         3         3  level_insert     heavy_25
        43         40          2   0.1%        3         3         3  publish          source_43
        41         40          1   0.1%        3         3         3  level_insert     heavy_5
        41         40          1   0.1%        3         3         3  level_insert     heavy_48
        41         40          1   0.1%        3         3         3  level_insert     heavy_55
        43         40          2   0.1%        3         3         3  publish          heavy_54
        43         40          2   0.1%        3         3         3  publish          source_37
        43         40          3   0.1%        3         3         3  publish          source_27
        41         40          1   0.1%        3         3         3  level_insert     heavy_53
        43         40          2   0.1%        3         3         3  publish          source_33
        41         40          1   0.0%        3         3         3  level_insert     heavy_21
        41         40          1   0.1%        3         3         3  level_insert     heavy_47
        43         40          3   0.1%        3         3         3  publish          heavy_30
        43         40          2   0.1%        3         3         3  publish          source_23
        42         40          2   0.1%        3         3         3  publish          source_18
        43         40          3   0.1%        3         3         3  publish          heavy_11
        42         40          2   0.1%        3         3         3  publish          heavy_37
        41         40          1   0.0%        3         3         3  level_insert     heavy_33
        42         40          2   0.1%        3         3         3  publish          source_34
        42         40          2   0.1%        3         3         3  publish          source_40
        42         40          2   0.1%        3         3         3  publish          source_47
        42         40          2   0.1%        3         3         3  publish          heavy_31
        41         39          1   0.0%        3         3         3  level_insert     heavy_10
        41         39          1   0.0%        3         3         3  level_insert     heavy_36
        42         39          2   0.1%        3         3         3  publish          source_30
        42         39          3   0.1%        3         3         3  publish          source_2
        42         39          3   0.1%        3         3         3  arrive           source_18
        42         39          2   0.1%        3         3         3  publish          heavy_44
        42         39          2   0.1%        3         3         3  publish          heavy_58
        42         39          3   0.1%        3         3         3  arrive           source_24
        42         39          2   0.1%        3         3         3  publish          heavy_18
        43         39          3   0.1%        3         3         3  arrive           source_23
        42         39          3   0.1%        3         3         3  arrive           source_60
        40         39          1   0.0%        3         3         3  level_insert     heavy_56
        40         39          1   0.0%        3         3         3  level_insert     heavy_44
        42         39          3   0.1%        3         3         3  arrive           source_26
        41         39          2   0.1%        3         3         3  publish          heavy_17
        42         39          2   0.1%        3         3         3  publish          heavy_28
        42         39          3   0.1%        3         3         3  arrive           source_9
        42         38          3   0.1%        3         3         3  arrive           source_50
        41         38          2   0.1%        3         3         3  publish          heavy_4
        40         38          2   0.0%        3         3         3  level_insert     heavy_45
        46         38          8   0.1%        3         3         3  arrive           source_20
        39         38          1   0.0%        3         3         3  level_insert     heavy_60
        41         38          3   0.1%        3         3         3  arrive           source_49
        41         38          2   0.0%        3         3         3  publish          heavy_14
        43         38          4   0.1%        3         3         3  arrive           source_7
        41         38          3   0.1%        3         3         3  arrive           source_48
        39         38          1   0.0%        3         3         3  level_insert     heavy_59
        41         38          2   0.0%        3         3         3  publish          heavy_63
        41         38          3   0.1%        3         3         3  arrive           source_43
        41         38          2   0.0%        3         3         3  publish          source_21
        41         38          3   0.0%        3         3         3  arrive           source_46
        40         38          2   0.0%        3         3         3  publish          heavy_20
        40         38          2   0.0%        3         3         3  publish          heavy_22
        40         38          2   0.0%        3         3         3  publish          heavy_36
        40         38          2   0.0%        3         3         3  publish          heavy_48
        41         38          3   0.1%        3         3         3  arrive           source_10
        41         38          3   0.0%        3         3         3  arrive           source_32
        42         37          4   0.1%        3         3         3  arrive           source_1
        40         37          2   0.0%        3         3         3  publish          heavy_16
        40         37          2   0.0%        3         3         3  publish          heavy_26
        40         37          2   0.0%        3         3         3  publish          heavy_41
        40         37          2   0.0%        3         3         3  publish          heavy_21
        40         37          2   0.0%        3         3         3  publish          heavy_62
        40         37          2   0.0%        3         3         3  publish          heavy_61
        40         37          2   0.0%        3         3         3  publish          heavy_43
        40         37          2   0.0%        3         3         3  publish          heavy_46
        40         37          2   0.0%        3         3         3  publish          heavy_5
        40         37          2   0.0%        3         3         3  publish          heavy_6
        40         37          3   0.0%        3         3         3  arrive           source_34
        40         37          3   0.0%        3         3         3  arrive           source_25
        40         37          3   0.0%        3         3         3  arrive           source_37
        40         37          3   0.0%        3         3         3  publish          heavy_57
        40         37          3   0.0%        3         3         3  arrive           source_47
        40         37          2   0.0%        3         3         3  publish          heavy_9
        39         37          2   0.0%        3         3         3  publish          heavy_49
        40         37          3   0.0%        3         3         3  arrive           source_11
        40         37          3   0.0%        3         3         3  arrive           source_62
        40         37          2   0.0%        3         3         3  publish          heavy_39
        40         37          3   0.0%        3         3         3  arrive           source_4
        40         37          3   0.0%        3         3         3  arrive           source_51
        40         37          3   0.0%        3         3         3  arrive           source_15
        39         37          2   0.0%        3         3         3  publish          heavy_38
        44         37          6   0.1%        3         3         3  arrive           source_28
        39         37          2   0.0%        3         3         3  publish          heavy_47
        39         37          2   0.0%        3         3         3  publish          heavy_53
        39         37          2   0.0%        3         3         3  publish          heavy_32
        39         36          2   0.0%        3         3         3  publish          heavy_42
        39         36          2   0.0%        3         3         3  publish          heavy_19
        40         36          3   0.0%        3         3         3  arrive           source_8
        39         36          2   0.0%        3         3         3  publish          heavy_55
        39         36          2   0.0%        3         3         3  publish          heavy_29
        39         36          3   0.0%        3         3         3  arrive           source_45
        39         36          3   0.0%        3         3         3  arrive           source_30
        39         36          3   0.0%        3         3         3  arrive           source_52
        38         36          2   0.0%        3         3         3  publish          heavy_40
        39         36          2   0.0%        3         3         3  publish          heavy_33
        57         36         20   0.1%        3         3         3  publish          heavy_7
        41         36          5   0.0%        3         3         3  arrive           source_14
        39         35          3   0.0%        3         3         3  arrive           source_41
        38         35          2   0.0%        3         3         3  publish          heavy_50
        38         35          2   0.0%        3         3         3  publish          heavy_60
        38         35          3   0.0%        3         3         3  arrive           source_22
        38         35          3   0.0%        3         3         3  arrive           source_61
        38         35          3   0.0%        3         3         3  arrive           source_31
        38         34          3   0.0%        3         3         3  arrive           source_36
        38         34          3   0.0%        3         3         3  arrive           source_55
        38         34          3   0.0%        3         3         3  arrive           source_21
        37         34          3   0.0%        3         3         3  arrive           source_27
        37         34          3   0.0%        3         3         3  arrive           source_54
        37         34          3   0.0%        3         3         3  arrive           source_38
        37         34          3   0.0%        3         3         3  arrive           source_19
        38         34          3   0.0%        3         3         3  arrive           source_29
        37         34          3   0.0%        3         3         3  arrive           source_12
        37         34          3   0.0%        3         3         3  arrive           source_35
        43         34          9   0.1%        3         3         3  arrive           source_56
        37         34          3   0.0%        3         3         3  arrive           source_58
        37         33          3   0.0%        3         3         3  arrive           source_33
        37         33          3   0.0%        3         3         3  arrive           source_44
        36         33          3   0.0%        3         3         3  arrive           source_6
        37         33          3   0.0%        3         3         3  arrive           source_40
        36         32          3   0.0%        3         3         3  arrive           source_53
        34         31          3   0.0%        3         3         3  arrive           source_42
        77          0         77   0.1%        0         0         0  arrive_diff      -
        69          0         69   0.1%        0         0         0  arrive_encode    -
         0          0          0   0.0%        0         0         0  decode           -
       143          0        143   0.2%        0         0         0  ticklog          -
     78360                        94.2%                               TOTAL sqlite     
         0                         0.0%                               TOTAL rust in scopes 
      4809                         5.8%                               TOTAL rust unscoped 
     83170                       100.0%                               TOTAL wall       
