{"actual":{"alive":[],"edge":[],"root":[]},"carry_pending":false,"tick":0}
{"actual":{"alive":[],"edge":[[7,9]],"root":[]},"carry_pending":false,"tick":1}
{"actual":{"alive":[],"edge":[[3,5],[7,9]],"root":[]},"carry_pending":false,"tick":2}
{"actual":{"alive":[],"edge":[[3,5],[3,9],[7,9]],"root":[]},"carry_pending":false,"tick":3}
{"actual":{"alive":[],"edge":[[3,5],[3,9],[7,8],[7,9]],"root":[]},"carry_pending":false,"tick":4}
{"actual":{"alive":[[1]],"edge":[[3,5],[3,9],[7,8],[7,9]],"root":[[1]]},"carry_pending":false,"tick":5}
{"actual":{"alive":[[1],[2]],"edge":[[3,5],[3,9],[7,8],[7,9]],"root":[[1],[2]]},"carry_pending":false,"tick":6}
{"actual":{"alive":[[1],[2],[5]],"edge":[[2,5],[3,5],[3,9],[7,8],[7,9]],"root":[[1],[2]]},"carry_pending":false,"tick":7}
{"actual":{"alive":[[1],[2],[5],[11]],"edge":[[1,11],[2,5],[3,5],[3,9],[7,8],[7,9]],"root":[[1],[2]]},"carry_pending":false,"tick":8}
{"actual":{"alive":[[2],[5]],"edge":[[1,11],[2,5],[3,5],[3,9],[7,8],[7,9]],"root":[[2]]},"carry_pending":false,"tick":9}
{"actual":{"alive":[[2],[5]],"edge":[[1,11],[2,5],[3,5],[3,9],[7,9]],"root":[[2]]},"carry_pending":false,"tick":10}
{"actual":{"alive":[[2],[5]],"edge":[[0,5],[1,11],[2,5],[3,5],[3,9],[7,9]],"root":[[2]]},"carry_pending":false,"tick":11}
{"actual":{"alive":[[2],[5]],"edge":[[0,5],[1,11],[2,5],[3,9],[7,9]],"root":[[2]]},"carry_pending":false,"tick":12}
{"actual":{"alive":[[2],[5]],"edge":[[0,5],[1,11],[2,5],[3,9],[3,10],[7,9]],"root":[[2]]},"carry_pending":false,"tick":13}
{"actual":{"alive":[[2],[5]],"edge":[[0,5],[1,11],[2,5],[3,9],[3,10],[7,9]],"root":[[2],[5]]},"carry_pending":false,"tick":14}
{"actual":{"alive":[[2],[5]],"edge":[[0,5],[1,10],[1,11],[2,5],[3,9],[3,10],[7,9]],"root":[[2],[5]]},"carry_pending":false,"tick":15}
{"actual":{"alive":[[2],[5]],"edge":[[0,5],[1,10],[1,11],[2,5],[3,7],[3,9],[3,10],[7,9]],"root":[[2],[5]]},"carry_pending":false,"tick":16}
{"actual":{"alive":[[1],[2],[5],[10],[11]],"edge":[[0,5],[1,10],[1,11],[2,5],[3,7],[3,9],[3,10],[7,9]],"root":[[1],[2],[5]]},"carry_pending":false,"tick":17}
{"actual":{"alive":[[1],[2],[5],[10],[11]],"edge":[[0,5],[1,10],[1,11],[2,5],[3,7],[3,9],[3,10]],"root":[[1],[2],[5]]},"carry_pending":false,"tick":18}
{"actual":{"alive":[[0],[1],[2],[5],[10],[11]],"edge":[[0,5],[1,10],[1,11],[2,5],[3,7],[3,9],[3,10]],"root":[[0],[1],[2],[5]]},"carry_pending":false,"tick":19}
{"actual":{"alive":[[0],[1],[2],[5],[10],[11]],"edge":[[0,5],[1,10],[1,11],[2,5],[3,7],[3,9],[3,10],[7,10]],"root":[[0],[1],[2],[5]]},"carry_pending":false,"tick":20}
{"actual":{"alive":[[0],[1],[2],[5],[10],[11]],"edge":[[0,5],[1,2],[1,10],[1,11],[2,5],[3,7],[3,9],[3,10],[7,10]],"root":[[0],[1],[2],[5]]},"carry_pending":false,"tick":21}
{"actual":{"alive":[[0],[1],[2],[5],[7],[10],[11]],"edge":[[0,5],[1,2],[1,7],[1,10],[1,11],[2,5],[3,7],[3,9],[3,10],[7,10]],"root":[[0],[1],[2],[5]]},"carry_pending":false,"tick":22}
{"actual":{"alive":[[0],[1],[2],[5],[10],[11]],"edge":[[0,5],[1,2],[1,10],[1,11],[2,5],[3,7],[3,9],[3,10],[7,10]],"root":[[0],[1],[2],[5]]},"carry_pending":false,"tick":23}
{"actual":{"alive":[[0],[1],[2],[5],[6],[10],[11]],"edge":[[0,5],[1,2],[1,10],[1,11],[2,5],[3,7],[3,9],[3,10],[5,6],[7,10]],"root":[[0],[1],[2],[5]]},"carry_pending":false,"tick":24}
{"actual":{"alive":[[0],[1],[2],[5],[6],[8],[10],[11]],"edge":[[0,5],[1,2],[1,10],[1,11],[2,5],[3,7],[3,9],[3,10],[5,6],[5,8],[7,10]],"root":[[0],[1],[2],[5]]},"carry_pending":false,"tick":25}
{"actual":{"alive":[[0],[1],[2],[3],[5],[6],[7],[8],[9],[10],[11]],"edge":[[0,5],[1,2],[1,3],[1,10],[1,11],[2,5],[3,7],[3,9],[3,10],[5,6],[5,8],[7,10]],"root":[[0],[1],[2],[5]]},"carry_pending":false,"tick":26}
{"actual":{"alive":[[0],[1],[2],[3],[5],[6],[7],[8],[9],[10],[11]],"edge":[[0,5],[1,2],[1,3],[1,10],[1,11],[2,5],[3,7],[3,9],[3,10],[5,6],[5,8],[7,10]],"root":[[0],[1],[2],[5],[9]]},"carry_pending":false,"tick":27}
{"actual":{"alive":[[0],[1],[2],[3],[5],[6],[7],[8],[9],[10],[11]],"edge":[[0,5],[1,2],[1,3],[1,10],[1,11],[2,5],[3,7],[3,9],[3,10],[5,6],[5,8],[7,10],[9,11]],"root":[[0],[1],[2],[5],[9]]},"carry_pending":false,"tick":28}
{"actual":{"alive":[[0],[1],[2],[3],[4],[5],[6],[7],[8],[9],[10],[11]],"edge":[[0,5],[1,2],[1,3],[1,4],[1,10],[1,11],[2,5],[3,7],[3,9],[3,10],[5,6],[5,8],[7,10],[9,11]],"root":[[0],[1],[2],[5],[9]]},"carry_pending":false,"tick":29}
{"actual":{"alive":[[0],[1],[2],[3],[4],[5],[6],[7],[8],[9],[10],[11]],"edge":[[0,5],[0,10],[1,2],[1,3],[1,4],[1,10],[1,11],[2,5],[3,7],[3,9],[3,10],[5,6],[5,8],[7,10],[9,11]],"root":[[0],[1],[2],[5],[9]]},"carry_pending":false,"tick":30}
{"actual":{"alive":[[0],[1],[2],[3],[4],[5],[6],[7],[8],[9],[10],[11]],"edge":[[0,5],[0,10],[1,2],[1,3],[1,4],[1,10],[1,11],[2,5],[3,4],[3,7],[3,9],[3,10],[5,6],[5,8],[7,10],[9,11]],"root":[[0],[1],[2],[5],[9]]},"carry_pending":false,"tick":31}
{"actual":{"alive":[[0],[1],[2],[3],[4],[5],[6],[7],[8],[9],[10],[11]],"edge":[[0,5],[0,10],[1,2],[1,3],[1,4],[1,10],[1,11],[2,5],[3,4],[3,7],[3,9],[3,10],[5,6],[5,8],[7,10],[9,11]],"root":[[0],[1],[2],[5],[7],[9]]},"carry_pending":false,"tick":32}
{"actual":{"alive":[[0],[1],[2],[3],[4],[5],[6],[7],[8],[9],[10],[11]],"edge":[[0,5],[0,10],[1,2],[1,3],[1,4],[1,10],[1,11],[2,5],[3,4],[3,7],[3,9],[3,10],[5,6],[5,8],[6,8],[7,10],[9,11]],"root":[[0],[1],[2],[5],[7],[9]]},"carry_pending":false,"tick":33}
{"actual":{"alive":[[0],[2],[5],[6],[7],[8],[9],[10],[11]],"edge":[[0,5],[0,10],[1,2],[1,3],[1,4],[1,10],[1,11],[2,5],[3,4],[3,7],[3,9],[3,10],[5,6],[5,8],[6,8],[7,10],[9,11]],"root":[[0],[2],[5],[7],[9]]},"carry_pending":false,"tick":34}
{"actual":{"alive":[[0],[2],[3],[4],[5],[6],[7],[8],[9],[10],[11]],"edge":[[0,3],[0,5],[0,10],[1,2],[1,3],[1,4],[1,10],[1,11],[2,5],[3,4],[3,7],[3,9],[3,10],[5,6],[5,8],[6,8],[7,10],[9,11]],"root":[[0],[2],[5],[7],[9]]},"carry_pending":false,"tick":35}
{"actual":{"alive":[[0],[2],[3],[4],[5],[6],[7],[8],[9],[10],[11]],"edge":[[0,3],[0,5],[0,10],[1,2],[1,3],[1,4],[1,10],[1,11],[2,5],[3,4],[3,7],[3,9],[3,10],[5,6],[5,8],[6,8],[7,10],[9,11]],"root":[[0],[2],[5],[9]]},"carry_pending":false,"tick":36}
{"actual":{"alive":[[0],[2],[3],[4],[5],[6],[7],[8],[9],[10],[11]],"edge":[[0,3],[0,5],[0,10],[1,2],[1,3],[1,10],[1,11],[2,5],[3,4],[3,7],[3,9],[3,10],[5,6],[5,8],[6,8],[7,10],[9,11]],"root":[[0],[2],[5],[9]]},"carry_pending":false,"tick":37}
{"actual":{"alive":[[0],[2],[3],[4],[5],[6],[7],[8],[9],[10],[11]],"edge":[[0,3],[0,5],[0,10],[1,2],[1,3],[1,10],[1,11],[2,5],[2,8],[3,4],[3,7],[3,9],[3,10],[5,6],[5,8],[6,8],[7,10],[9,11]],"root":[[0],[2],[5],[9]]},"carry_pending":false,"tick":38}
{"actual":{"alive":[[0],[2],[3],[4],[5],[6],[7],[8],[9],[10],[11]],"edge":[[0,3],[0,5],[0,10],[1,2],[1,3],[1,10],[1,11],[2,3],[2,5],[2,8],[3,4],[3,7],[3,9],[3,10],[5,6],[5,8],[6,8],[7,10],[9,11]],"root":[[0],[2],[5],[9]]},"carry_pending":false,"tick":39}
{"actual":{"alive":[[0],[2],[3],[4],[5],[6],[7],[8],[9],[10],[11]],"edge":[[0,3],[0,5],[0,10],[1,2],[1,3],[1,10],[1,11],[2,3],[2,5],[2,8],[3,4],[3,7],[3,9],[3,10],[5,6],[5,8],[6,7],[6,8],[7,10],[9,11]],"root":[[0],[2],[5],[9]]},"carry_pending":false,"tick":40}
{"actual":{"alive":[[0],[2],[3],[4],[5],[6],[7],[8],[9],[10],[11]],"edge":[[0,3],[0,5],[0,10],[1,2],[1,3],[1,10],[1,11],[2,3],[2,5],[2,8],[2,10],[3,4],[3,7],[3,9],[3,10],[5,6],[5,8],[6,7],[6,8],[7,10],[9,11]],"root":[[0],[2],[5],[9]]},"carry_pending":false,"tick":41}
{"actual":{"alive":[[0],[2],[3],[4],[5],[6],[7],[8],[9],[10],[11]],"edge":[[0,3],[0,5],[0,10],[1,2],[1,3],[1,10],[1,11],[2,3],[2,5],[2,8],[2,10],[3,4],[3,7],[3,9],[3,10],[5,6],[5,8],[6,7],[6,8],[7,10],[9,11]],"root":[[0],[2],[5],[8],[9]]},"carry_pending":false,"tick":42}
{"actual":{"alive":[[0],[2],[3],[4],[5],[6],[7],[8],[9],[10],[11]],"edge":[[0,3],[0,5],[0,10],[1,2],[1,3],[1,10],[1,11],[2,3],[2,5],[2,8],[2,10],[3,4],[3,7],[3,9],[3,10],[5,6],[5,8],[6,7],[6,8],[7,10],[9,11]],"root":[[0],[2],[3],[5],[8],[9]]},"carry_pending":false,"tick":43}
{"actual":{"alive":[[0],[2],[3],[4],[5],[6],[7],[8],[9],[10],[11]],"edge":[[0,3],[0,5],[0,10],[1,2],[1,3],[1,10],[1,11],[2,3],[2,5],[2,8],[2,10],[3,4],[3,7],[3,9],[3,10],[5,6],[5,8],[6,7],[6,8],[7,10],[9,10],[9,11]],"root":[[0],[2],[3],[5],[8],[9]]},"carry_pending":false,"tick":44}
{"actual":{"alive":[[0],[2],[3],[4],[5],[6],[7],[8],[9],[10],[11]],"edge":[[0,3],[0,5],[0,10],[1,2],[1,3],[1,10],[1,11],[2,3],[2,5],[2,8],[2,10],[3,4],[3,7],[3,9],[3,10],[5,6],[5,8],[6,7],[6,8],[7,10],[9,10],[9,11],[10,11]],"root":[[0],[2],[3],[5],[8],[9]]},"carry_pending":false,"tick":45}
{"actual":{"alive":[[0],[2],[3],[4],[5],[6],[7],[8],[9],[10],[11]],"edge":[[0,3],[0,5],[0,10],[1,2],[1,3],[1,10],[1,11],[2,5],[2,8],[2,10],[3,4],[3,7],[3,9],[3,10],[5,6],[5,8],[6,7],[6,8],[7,10],[9,10],[9,11],[10,11]],"root":[[0],[2],[3],[5],[8],[9]]},"carry_pending":false,"tick":46}
{"actual":{"alive":[[0],[2],[3],[4],[5],[6],[7],[8],[9],[10],[11]],"edge":[[0,5],[0,10],[1,2],[1,3],[1,10],[1,11],[2,5],[2,8],[2,10],[3,4],[3,7],[3,9],[3,10],[5,6],[5,8],[6,7],[6,8],[7,10],[9,10],[9,11],[10,11]],"root":[[0],[2],[3],[5],[8],[9]]},"carry_pending":false,"tick":47}
{"actual":{"alive":[[0],[2],[3],[4],[5],[6],[7],[8],[9],[10],[11]],"edge":[[0,5],[0,10],[1,2],[1,3],[1,10],[1,11],[2,5],[2,8],[2,10],[3,4],[3,7],[3,9],[3,10],[4,9],[5,6],[5,8],[6,7],[6,8],[7,10],[9,10],[9,11],[10,11]],"root":[[0],[2],[3],[5],[8],[9]]},"carry_pending":false,"tick":48}
{"actual":{"alive":[[0],[2],[3],[4],[5],[6],[7],[8],[9],[10],[11]],"edge":[[0,5],[0,10],[1,2],[1,3],[1,8],[1,10],[1,11],[2,5],[2,8],[2,10],[3,4],[3,7],[3,9],[3,10],[4,9],[5,6],[5,8],[6,7],[6,8],[7,10],[9,10],[9,11],[10,11]],"root":[[0],[2],[3],[5],[8],[9]]},"carry_pending":false,"tick":49}
{"actual":{"alive":[[0],[2],[3],[4],[5],[7],[8],[9],[10],[11]],"edge":[[0,5],[0,10],[1,2],[1,3],[1,8],[1,10],[1,11],[2,5],[2,8],[2,10],[3,4],[3,7],[3,9],[3,10],[4,9],[5,8],[6,7],[6,8],[7,10],[9,10],[9,11],[10,11]],"root":[[0],[2],[3],[5],[8],[9]]},"carry_pending":false,"tick":50}
{"actual":{"alive":[[0],[2],[3],[4],[5],[7],[8],[9],[10],[11]],"edge":[[0,5],[0,10],[1,2],[1,3],[1,8],[1,10],[1,11],[2,5],[2,8],[2,10],[3,4],[3,7],[3,9],[3,10],[4,9],[5,8],[6,7],[6,8],[7,10],[9,11],[10,11]],"root":[[0],[2],[3],[5],[8],[9]]},"carry_pending":false,"tick":51}
{"actual":{"alive":[[0],[2],[3],[4],[5],[8],[9],[10],[11]],"edge":[[0,5],[0,10],[1,2],[1,3],[1,8],[1,10],[1,11],[2,5],[2,8],[2,10],[3,4],[3,9],[3,10],[4,9],[5,8],[6,7],[6,8],[7,10],[9,11],[10,11]],"root":[[0],[2],[3],[5],[8],[9]]},"carry_pending":false,"tick":52}
{"actual":{"alive":[[0],[2],[3],[4],[5],[8],[9],[10],[11]],"edge":[[0,5],[0,10],[1,2],[1,3],[1,8],[1,10],[1,11],[2,5],[2,8],[2,10],[3,4],[3,9],[3,10],[4,9],[5,8],[6,7],[6,8],[7,10],[9,11],[10,11]],"root":[[0],[2],[3],[5],[8],[9],[10]]},"carry_pending":false,"tick":53}
{"actual":{"alive":[[0],[2],[3],[4],[5],[7],[8],[9],[10],[11]],"edge":[[0,5],[0,7],[0,10],[1,2],[1,3],[1,8],[1,10],[1,11],[2,5],[2,8],[2,10],[3,4],[3,9],[3,10],[4,9],[5,8],[6,7],[6,8],[7,10],[9,11],[10,11]],"root":[[0],[2],[3],[5],[8],[9],[10]]},"carry_pending":false,"tick":54}
{"actual":{"alive":[[0],[2],[3],[4],[5],[7],[8],[9],[10],[11]],"edge":[[0,5],[0,7],[0,10],[1,2],[1,3],[1,8],[1,10],[1,11],[2,3],[2,5],[2,8],[2,10],[3,4],[3,9],[3,10],[4,9],[5,8],[6,7],[6,8],[7,10],[9,11],[10,11]],"root":[[0],[2],[3],[5],[8],[9],[10]]},"carry_pending":false,"tick":55}
{"actual":{"alive":[[0],[2],[3],[4],[5],[7],[8],[9],[10],[11]],"edge":[[0,5],[0,7],[0,10],[1,2],[1,3],[1,8],[1,10],[1,11],[2,3],[2,5],[2,8],[2,10],[3,4],[3,9],[3,10],[4,9],[5,8],[6,7],[7,10],[9,11],[10,11]],"root":[[0],[2],[3],[5],[8],[9],[10]]},"carry_pending":false,"tick":56}
{"actual":{"alive":[[0],[2],[3],[4],[5],[7],[8],[9],[10],[11]],"edge":[[0,5],[0,7],[0,10],[1,2],[1,3],[1,8],[1,10],[1,11],[2,3],[2,5],[2,8],[2,10],[3,4],[3,9],[3,10],[4,9],[5,8],[7,10],[9,11],[10,11]],"root":[[0],[2],[3],[5],[8],[9],[10]]},"carry_pending":false,"tick":57}
{"actual":{"alive":[[0],[2],[3],[4],[5],[7],[8],[9],[10],[11]],"edge":[[0,5],[0,7],[0,10],[1,2],[1,3],[1,8],[1,10],[1,11],[2,3],[2,5],[2,8],[2,10],[3,4],[3,9],[3,10],[4,9],[5,8],[7,10],[9,11],[10,11]],"root":[[0],[2],[3],[5],[8],[10]]},"carry_pending":false,"tick":58}
{"actual":{"alive":[[0],[1],[2],[3],[4],[5],[7],[8],[9],[10],[11]],"edge":[[0,1],[0,5],[0,7],[0,10],[1,2],[1,3],[1,8],[1,10],[1,11],[2,3],[2,5],[2,8],[2,10],[3,4],[3,9],[3,10],[4,9],[5,8],[7,10],[9,11],[10,11]],"root":[[0],[2],[3],[5],[8],[10]]},"carry_pending":false,"tick":59}
{"actual":{"alive":[[0],[1],[2],[3],[4],[5],[7],[8],[9],[10],[11]],"edge":[[0,1],[0,5],[0,7],[0,10],[1,2],[1,3],[1,8],[1,10],[1,11],[2,3],[2,5],[2,8],[2,10],[3,4],[3,9],[3,10],[4,9],[5,8],[7,10],[9,10],[9,11],[10,11]],"root":[[0],[2],[3],[5],[8],[10]]},"carry_pending":false,"tick":60}
{"actual":{"alive":[[0],[1],[2],[3],[4],[5],[7],[8],[9],[10],[11]],"edge":[[0,1],[0,5],[0,7],[0,10],[1,2],[1,3],[1,8],[1,10],[1,11],[2,3],[2,5],[2,8],[2,10],[3,4],[3,9],[3,10],[4,9],[4,10],[5,8],[7,10],[9,10],[9,11],[10,11]],"root":[[0],[2],[3],[5],[8],[10]]},"carry_pending":false,"tick":61}
{"actual":{"alive":[[0],[1],[2],[3],[4],[5],[7],[8],[9],[10],[11]],"edge":[[0,1],[0,5],[0,7],[0,10],[1,2],[1,3],[1,8],[1,10],[1,11],[2,3],[2,5],[2,8],[2,10],[3,4],[3,9],[3,10],[4,9],[4,10],[5,8],[7,10],[9,10],[9,11],[10,11]],"root":[[0],[1],[2],[3],[5],[8],[10]]},"carry_pending":false,"tick":62}
{"actual":{"alive":[[0],[1],[2],[3],[4],[5],[7],[8],[9],[10],[11]],"edge":[[0,1],[0,5],[0,7],[0,10],[1,2],[1,3],[1,8],[1,10],[1,11],[2,3],[2,5],[2,8],[2,10],[3,4],[3,9],[3,10],[4,9],[4,10],[5,8],[7,10],[9,10],[9,11],[10,11]],"root":[[0],[1],[2],[5],[8],[10]]},"carry_pending":false,"tick":63}
{"actual":{"alive":[[0],[1],[2],[3],[4],[5],[7],[8],[9],[10],[11]],"edge":[[0,1],[0,5],[0,7],[0,10],[1,2],[1,3],[1,10],[1,11],[2,3],[2,5],[2,8],[2,10],[3,4],[3,9],[3,10],[4,9],[4,10],[5,8],[7,10],[9,10],[9,11],[10,11]],"root":[[0],[1],[2],[5],[8],[10]]},"carry_pending":false,"tick":64}
