{"tick":0,"actual":{"root":[],"edge":[],"alive":[]},"carry_pending":false}
{"tick":1,"actual":{"root":[],"edge":[[8,7]],"alive":[]},"carry_pending":false}
{"tick":2,"actual":{"root":[[0]],"edge":[[8,7]],"alive":[[0]]},"carry_pending":false}
{"tick":3,"actual":{"root":[[0],[6]],"edge":[[8,7]],"alive":[[0],[6]]},"carry_pending":false}
{"tick":4,"actual":{"root":[[0],[6]],"edge":[[1,6],[8,7]],"alive":[[0],[6]]},"carry_pending":false}
{"tick":5,"actual":{"root":[[0],[6]],"edge":[[1,6],[8,4],[8,7]],"alive":[[0],[6]]},"carry_pending":false}
{"tick":6,"actual":{"root":[[0],[2],[6]],"edge":[[1,6],[8,4],[8,7]],"alive":[[0],[2],[6]]},"carry_pending":false}
{"tick":7,"actual":{"root":[[0],[2],[6]],"edge":[[1,6],[6,8],[8,4],[8,7]],"alive":[[0],[2],[4],[6],[7],[8]]},"carry_pending":false}
{"tick":8,"actual":{"root":[[0],[2],[6]],"edge":[[1,6],[6,8],[8,4],[8,5],[8,7]],"alive":[[0],[2],[4],[5],[6],[7],[8]]},"carry_pending":false}
{"tick":9,"actual":{"root":[[0],[2],[6]],"edge":[[1,6],[2,9],[6,8],[8,4],[8,5],[8,7]],"alive":[[0],[2],[4],[5],[6],[7],[8],[9]]},"carry_pending":false}
{"tick":10,"actual":{"root":[[0],[2],[6]],"edge":[[1,6],[2,9],[6,8],[7,7],[8,4],[8,5],[8,7]],"alive":[[0],[2],[4],[5],[6],[7],[8],[9]]},"carry_pending":false}
{"tick":11,"actual":{"root":[[0],[2],[6]],"edge":[[1,6],[2,9],[6,8],[7,7],[8,4],[8,5],[8,6],[8,7]],"alive":[[0],[2],[4],[5],[6],[7],[8],[9]]},"carry_pending":false}
{"tick":12,"actual":{"root":[[0],[1],[2],[6]],"edge":[[1,6],[2,9],[6,8],[7,7],[8,4],[8,5],[8,6],[8,7]],"alive":[[0],[1],[2],[4],[5],[6],[7],[8],[9]]},"carry_pending":false}
{"tick":13,"actual":{"root":[[0],[1],[2],[6]],"edge":[[1,6],[2,9],[6,8],[7,7],[8,4],[8,5],[8,6],[8,7],[11,5]],"alive":[[0],[1],[2],[4],[5],[6],[7],[8],[9]]},"carry_pending":false}
{"tick":14,"actual":{"root":[[0],[1],[2],[6],[7]],"edge":[[1,6],[2,9],[6,8],[7,7],[8,4],[8,5],[8,6],[8,7],[11,5]],"alive":[[0],[1],[2],[4],[5],[6],[7],[8],[9]]},"carry_pending":false}
{"tick":15,"actual":{"root":[[0],[1],[2],[6],[7]],"edge":[[1,6],[2,9],[6,8],[7,7],[8,4],[8,5],[8,6],[8,7],[10,10],[11,5]],"alive":[[0],[1],[2],[4],[5],[6],[7],[8],[9]]},"carry_pending":false}
{"tick":16,"actual":{"root":[[0],[1],[2],[6],[7]],"edge":[[0,0],[1,6],[2,9],[6,8],[7,7],[8,4],[8,5],[8,6],[8,7],[10,10],[11,5]],"alive":[[0],[1],[2],[4],[5],[6],[7],[8],[9]]},"carry_pending":false}
{"tick":17,"actual":{"root":[[0],[1],[2],[6]],"edge":[[0,0],[1,6],[2,9],[6,8],[7,7],[8,4],[8,5],[8,6],[8,7],[10,10],[11,5]],"alive":[[0],[1],[2],[4],[5],[6],[7],[8],[9]]},"carry_pending":false}
{"tick":18,"actual":{"root":[[0],[1],[2],[6]],"edge":[[0,0],[1,6],[2,4],[2,9],[6,8],[7,7],[8,4],[8,5],[8,6],[8,7],[10,10],[11,5]],"alive":[[0],[1],[2],[4],[5],[6],[7],[8],[9]]},"carry_pending":false}
{"tick":19,"actual":{"root":[[0],[1],[2],[6]],"edge":[[0,0],[1,6],[2,4],[2,9],[6,0],[6,8],[7,7],[8,4],[8,5],[8,6],[8,7],[10,10],[11,5]],"alive":[[0],[1],[2],[4],[5],[6],[7],[8],[9]]},"carry_pending":false}
{"tick":20,"actual":{"root":[[0],[1],[2],[4],[6]],"edge":[[0,0],[1,6],[2,4],[2,9],[6,0],[6,8],[7,7],[8,4],[8,5],[8,6],[8,7],[10,10],[11,5]],"alive":[[0],[1],[2],[4],[5],[6],[7],[8],[9]]},"carry_pending":false}
{"tick":21,"actual":{"root":[[0],[1],[2],[4],[6]],"edge":[[0,0],[1,6],[2,4],[2,9],[6,0],[6,3],[6,8],[7,7],[8,4],[8,5],[8,6],[8,7],[10,10],[11,5]],"alive":[[0],[1],[2],[3],[4],[5],[6],[7],[8],[9]]},"carry_pending":false}
{"tick":22,"actual":{"root":[[0],[1],[4],[6]],"edge":[[0,0],[1,6],[2,4],[2,9],[6,0],[6,3],[6,8],[7,7],[8,4],[8,5],[8,6],[8,7],[10,10],[11,5]],"alive":[[0],[1],[3],[4],[5],[6],[7],[8]]},"carry_pending":false}
{"tick":23,"actual":{"root":[[0],[1],[4],[6]],"edge":[[0,0],[1,6],[2,4],[2,9],[5,3],[6,0],[6,3],[6,8],[7,7],[8,4],[8,5],[8,6],[8,7],[10,10],[11,5]],"alive":[[0],[1],[3],[4],[5],[6],[7],[8]]},"carry_pending":false}
{"tick":24,"actual":{"root":[[0],[1],[4],[6]],"edge":[[0,0],[1,6],[2,4],[2,9],[4,7],[5,3],[6,0],[6,3],[6,8],[7,7],[8,4],[8,5],[8,6],[8,7],[10,10],[11,5]],"alive":[[0],[1],[3],[4],[5],[6],[7],[8]]},"carry_pending":false}
{"tick":25,"actual":{"root":[[0],[1],[4],[6]],"edge":[[0,0],[1,6],[2,4],[2,9],[4,7],[5,3],[6,0],[6,8],[7,7],[8,4],[8,5],[8,6],[8,7],[10,10],[11,5]],"alive":[[0],[1],[3],[4],[5],[6],[7],[8]]},"carry_pending":false}
{"tick":26,"actual":{"root":[[0],[1],[2],[4],[6]],"edge":[[0,0],[1,6],[2,4],[2,9],[4,7],[5,3],[6,0],[6,8],[7,7],[8,4],[8,5],[8,6],[8,7],[10,10],[11,5]],"alive":[[0],[1],[2],[3],[4],[5],[6],[7],[8],[9]]},"carry_pending":false}
{"tick":27,"actual":{"root":[[0],[1],[2],[4],[6]],"edge":[[0,0],[1,6],[2,0],[2,4],[2,9],[4,7],[5,3],[6,0],[6,8],[7,7],[8,4],[8,5],[8,6],[8,7],[10,10],[11,5]],"alive":[[0],[1],[2],[3],[4],[5],[6],[7],[8],[9]]},"carry_pending":false}
{"tick":28,"actual":{"root":[[0],[1],[2],[4],[6]],"edge":[[0,0],[1,6],[2,0],[2,4],[2,9],[3,2],[4,7],[5,3],[6,0],[6,8],[7,7],[8,4],[8,5],[8,6],[8,7],[10,10],[11,5]],"alive":[[0],[1],[2],[3],[4],[5],[6],[7],[8],[9]]},"carry_pending":false}
{"tick":29,"actual":{"root":[[0],[1],[2],[4],[6]],"edge":[[0,0],[1,6],[2,0],[2,4],[3,2],[4,7],[5,3],[6,0],[6,8],[7,7],[8,4],[8,5],[8,6],[8,7],[10,10],[11,5]],"alive":[[0],[1],[2],[3],[4],[5],[6],[7],[8]]},"carry_pending":false}
{"tick":30,"actual":{"root":[[0],[1],[2],[4],[6]],"edge":[[0,0],[1,6],[2,0],[3,2],[4,7],[5,3],[6,0],[6,8],[7,7],[8,4],[8,5],[8,6],[8,7],[10,10],[11,5]],"alive":[[0],[1],[2],[3],[4],[5],[6],[7],[8]]},"carry_pending":false}
{"tick":31,"actual":{"root":[[0],[1],[2],[4],[6]],"edge":[[0,0],[1,6],[2,0],[2,8],[3,2],[4,7],[5,3],[6,0],[6,8],[7,7],[8,4],[8,5],[8,6],[8,7],[10,10],[11,5]],"alive":[[0],[1],[2],[3],[4],[5],[6],[7],[8]]},"carry_pending":false}
{"tick":32,"actual":{"root":[[0],[1],[4],[6]],"edge":[[0,0],[1,6],[2,0],[2,8],[3,2],[4,7],[5,3],[6,0],[6,8],[7,7],[8,4],[8,5],[8,6],[8,7],[10,10],[11,5]],"alive":[[0],[1],[2],[3],[4],[5],[6],[7],[8]]},"carry_pending":false}
{"tick":33,"actual":{"root":[[0],[1],[4],[6]],"edge":[[0,0],[1,6],[2,0],[2,8],[3,2],[4,7],[5,3],[5,10],[6,0],[6,8],[7,7],[8,4],[8,5],[8,6],[8,7],[10,10],[11,5]],"alive":[[0],[1],[2],[3],[4],[5],[6],[7],[8],[10]]},"carry_pending":false}
{"tick":34,"actual":{"root":[[0],[1],[4],[6],[11]],"edge":[[0,0],[1,6],[2,0],[2,8],[3,2],[4,7],[5,3],[5,10],[6,0],[6,8],[7,7],[8,4],[8,5],[8,6],[8,7],[10,10],[11,5]],"alive":[[0],[1],[2],[3],[4],[5],[6],[7],[8],[10],[11]]},"carry_pending":false}
{"tick":35,"actual":{"root":[[0],[1],[4],[6],[11]],"edge":[[0,0],[1,6],[2,8],[3,2],[4,7],[5,3],[5,10],[6,0],[6,8],[7,7],[8,4],[8,5],[8,6],[8,7],[10,10],[11,5]],"alive":[[0],[1],[2],[3],[4],[5],[6],[7],[8],[10],[11]]},"carry_pending":false}
{"tick":36,"actual":{"root":[[0],[4],[6],[11]],"edge":[[0,0],[1,6],[2,8],[3,2],[4,7],[5,3],[5,10],[6,0],[6,8],[7,7],[8,4],[8,5],[8,6],[8,7],[10,10],[11,5]],"alive":[[0],[2],[3],[4],[5],[6],[7],[8],[10],[11]]},"carry_pending":false}
{"tick":37,"actual":{"root":[[0],[6],[11]],"edge":[[0,0],[1,6],[2,8],[3,2],[4,7],[5,3],[5,10],[6,0],[6,8],[7,7],[8,4],[8,5],[8,6],[8,7],[10,10],[11,5]],"alive":[[0],[2],[3],[4],[5],[6],[7],[8],[10],[11]]},"carry_pending":false}
{"tick":38,"actual":{"root":[[0],[6],[11]],"edge":[[0,0],[1,6],[2,8],[3,2],[4,7],[5,3],[5,10],[6,0],[6,8],[7,7],[8,4],[8,5],[8,6],[8,7],[10,10]],"alive":[[0],[2],[3],[4],[5],[6],[7],[8],[10],[11]]},"carry_pending":false}
{"tick":39,"actual":{"root":[[0],[6],[11]],"edge":[[0,0],[1,6],[2,8],[3,2],[4,7],[5,3],[5,10],[6,0],[6,8],[7,5],[7,7],[8,4],[8,5],[8,6],[8,7],[10,10]],"alive":[[0],[2],[3],[4],[5],[6],[7],[8],[10],[11]]},"carry_pending":false}
{"tick":40,"actual":{"root":[[0],[6],[9],[11]],"edge":[[0,0],[1,6],[2,8],[3,2],[4,7],[5,3],[5,10],[6,0],[6,8],[7,5],[7,7],[8,4],[8,5],[8,6],[8,7],[10,10]],"alive":[[0],[2],[3],[4],[5],[6],[7],[8],[9],[10],[11]]},"carry_pending":false}
{"tick":41,"actual":{"root":[[0],[6],[9]],"edge":[[0,0],[1,6],[2,8],[3,2],[4,7],[5,3],[5,10],[6,0],[6,8],[7,5],[7,7],[8,4],[8,5],[8,6],[8,7],[10,10]],"alive":[[0],[2],[3],[4],[5],[6],[7],[8],[9],[10]]},"carry_pending":false}
{"tick":42,"actual":{"root":[[0],[6],[9]],"edge":[[0,0],[1,6],[2,8],[3,2],[4,7],[5,3],[5,10],[6,0],[6,8],[7,5],[7,7],[8,4],[8,5],[8,6],[8,7]],"alive":[[0],[2],[3],[4],[5],[6],[7],[8],[9],[10]]},"carry_pending":false}
{"tick":43,"actual":{"root":[[0],[6],[9]],"edge":[[0,0],[1,6],[2,8],[3,2],[4,7],[5,3],[5,4],[5,10],[6,0],[6,8],[7,5],[7,7],[8,4],[8,5],[8,6],[8,7]],"alive":[[0],[2],[3],[4],[5],[6],[7],[8],[9],[10]]},"carry_pending":false}
{"tick":44,"actual":{"root":[[0],[3],[6],[9]],"edge":[[0,0],[1,6],[2,8],[3,2],[4,7],[5,3],[5,4],[5,10],[6,0],[6,8],[7,5],[7,7],[8,4],[8,5],[8,6],[8,7]],"alive":[[0],[2],[3],[4],[5],[6],[7],[8],[9],[10]]},"carry_pending":false}
{"tick":45,"actual":{"root":[[0],[3],[6],[9]],"edge":[[0,0],[1,6],[2,8],[3,2],[4,7],[5,3],[5,4],[5,10],[6,0],[6,8],[7,5],[7,7],[8,4],[8,5],[8,6],[8,7],[11,11]],"alive":[[0],[2],[3],[4],[5],[6],[7],[8],[9],[10]]},"carry_pending":false}
{"tick":46,"actual":{"root":[[0],[3],[6],[9]],"edge":[[0,0],[1,6],[2,8],[3,2],[4,7],[5,3],[5,4],[5,10],[6,0],[6,8],[7,5],[7,7],[8,4],[8,5],[8,6],[8,7],[11,3],[11,11]],"alive":[[0],[2],[3],[4],[5],[6],[7],[8],[9],[10]]},"carry_pending":false}
{"tick":47,"actual":{"root":[[0],[3],[6],[9]],"edge":[[0,0],[1,6],[2,8],[3,2],[4,7],[5,1],[5,3],[5,4],[5,10],[6,0],[6,8],[7,5],[7,7],[8,4],[8,5],[8,6],[8,7],[11,3],[11,11]],"alive":[[0],[1],[2],[3],[4],[5],[6],[7],[8],[9],[10]]},"carry_pending":false}
{"tick":48,"actual":{"root":[[0],[3],[6],[8],[9]],"edge":[[0,0],[1,6],[2,8],[3,2],[4,7],[5,1],[5,3],[5,4],[5,10],[6,0],[6,8],[7,5],[7,7],[8,4],[8,5],[8,6],[8,7],[11,3],[11,11]],"alive":[[0],[1],[2],[3],[4],[5],[6],[7],[8],[9],[10]]},"carry_pending":false}
{"tick":49,"actual":{"root":[[0],[3],[6],[8],[9]],"edge":[[0,0],[1,6],[2,8],[3,2],[4,7],[5,1],[5,3],[5,4],[5,10],[6,0],[6,7],[6,8],[7,5],[7,7],[8,4],[8,5],[8,6],[8,7],[11,3],[11,11]],"alive":[[0],[1],[2],[3],[4],[5],[6],[7],[8],[9],[10]]},"carry_pending":false}
{"tick":50,"actual":{"root":[[0],[3],[6],[8],[9]],"edge":[[0,0],[1,6],[2,8],[3,2],[4,7],[5,1],[5,3],[5,4],[5,10],[6,0],[6,7],[6,8],[7,5],[7,7],[8,4],[8,5],[8,6],[8,7],[11,3],[11,8],[11,11]],"alive":[[0],[1],[2],[3],[4],[5],[6],[7],[8],[9],[10]]},"carry_pending":false}
{"tick":51,"actual":{"root":[[0],[3],[6],[8],[9]],"edge":[[0,0],[1,6],[2,8],[3,2],[4,7],[5,1],[5,3],[5,4],[5,10],[6,0],[6,7],[6,8],[7,3],[7,5],[7,7],[8,4],[8,5],[8,6],[8,7],[11,3],[11,8],[11,11]],"alive":[[0],[1],[2],[3],[4],[5],[6],[7],[8],[9],[10]]},"carry_pending":false}
{"tick":52,"actual":{"root":[[0],[3],[6],[8],[9]],"edge":[[0,0],[0,6],[1,6],[2,8],[3,2],[4,7],[5,1],[5,3],[5,4],[5,10],[6,0],[6,7],[6,8],[7,3],[7,5],[7,7],[8,4],[8,5],[8,6],[8,7],[11,3],[11,8],[11,11]],"alive":[[0],[1],[2],[3],[4],[5],[6],[7],[8],[9],[10]]},"carry_pending":false}
{"tick":53,"actual":{"root":[[0],[3],[6],[8],[9]],"edge":[[0,0],[0,6],[1,6],[1,11],[2,8],[3,2],[4,7],[5,1],[5,3],[5,4],[5,10],[6,0],[6,7],[6,8],[7,3],[7,5],[7,7],[8,4],[8,5],[8,6],[8,7],[11,3],[11,8],[11,11]],"alive":[[0],[1],[2],[3],[4],[5],[6],[7],[8],[9],[10],[11]]},"carry_pending":false}
{"tick":54,"actual":{"root":[[0],[3],[6],[8],[9]],"edge":[[0,0],[0,6],[1,6],[1,11],[2,8],[3,2],[4,7],[5,1],[5,3],[5,4],[5,10],[6,0],[6,7],[6,8],[7,3],[7,5],[7,7],[8,4],[8,5],[8,6],[8,7],[9,10],[11,3],[11,8],[11,11]],"alive":[[0],[1],[2],[3],[4],[5],[6],[7],[8],[9],[10],[11]]},"carry_pending":false}
{"tick":55,"actual":{"root":[[0],[3],[6],[8],[9]],"edge":[[0,0],[0,6],[1,6],[1,11],[2,8],[3,2],[4,7],[5,1],[5,3],[5,4],[5,10],[6,0],[6,7],[6,8],[7,3],[7,5],[7,7],[8,4],[8,5],[8,6],[8,7],[9,10],[10,11],[11,3],[11,8],[11,11]],"alive":[[0],[1],[2],[3],[4],[5],[6],[7],[8],[9],[10],[11]]},"carry_pending":false}
{"tick":56,"actual":{"root":[[0],[3],[6],[8],[9]],"edge":[[0,0],[0,6],[1,6],[1,11],[2,8],[3,2],[4,7],[5,1],[5,3],[5,4],[5,10],[6,0],[6,7],[6,8],[7,3],[7,5],[7,7],[8,4],[8,5],[8,6],[8,7],[9,10],[10,11],[11,8],[11,11]],"alive":[[0],[1],[2],[3],[4],[5],[6],[7],[8],[9],[10],[11]]},"carry_pending":false}
{"tick":57,"actual":{"root":[[0],[3],[6],[9]],"edge":[[0,0],[0,6],[1,6],[1,11],[2,8],[3,2],[4,7],[5,1],[5,3],[5,4],[5,10],[6,0],[6,7],[6,8],[7,3],[7,5],[7,7],[8,4],[8,5],[8,6],[8,7],[9,10],[10,11],[11,8],[11,11]],"alive":[[0],[1],[2],[3],[4],[5],[6],[7],[8],[9],[10],[11]]},"carry_pending":false}
{"tick":58,"actual":{"root":[[0],[3],[6],[9]],"edge":[[0,0],[0,6],[1,6],[1,11],[2,8],[3,2],[4,7],[5,1],[5,3],[5,4],[5,10],[6,0],[6,7],[6,8],[7,3],[7,4],[7,5],[7,7],[8,4],[8,5],[8,6],[8,7],[9,10],[10,11],[11,8],[11,11]],"alive":[[0],[1],[2],[3],[4],[5],[6],[7],[8],[9],[10],[11]]},"carry_pending":false}
{"tick":59,"actual":{"root":[[0],[3],[5],[6],[9]],"edge":[[0,0],[0,6],[1,6],[1,11],[2,8],[3,2],[4,7],[5,1],[5,3],[5,4],[5,10],[6,0],[6,7],[6,8],[7,3],[7,4],[7,5],[7,7],[8,4],[8,5],[8,6],[8,7],[9,10],[10,11],[11,8],[11,11]],"alive":[[0],[1],[2],[3],[4],[5],[6],[7],[8],[9],[10],[11]]},"carry_pending":false}
{"tick":60,"actual":{"root":[[0],[3],[5],[6],[8],[9]],"edge":[[0,0],[0,6],[1,6],[1,11],[2,8],[3,2],[4,7],[5,1],[5,3],[5,4],[5,10],[6,0],[6,7],[6,8],[7,3],[7,4],[7,5],[7,7],[8,4],[8,5],[8,6],[8,7],[9,10],[10,11],[11,8],[11,11]],"alive":[[0],[1],[2],[3],[4],[5],[6],[7],[8],[9],[10],[11]]},"carry_pending":false}
{"tick":61,"actual":{"root":[[0],[3],[5],[6],[8],[9]],"edge":[[0,0],[0,6],[1,6],[1,11],[2,8],[3,2],[4,7],[5,1],[5,3],[5,4],[5,10],[6,0],[6,5],[6,7],[6,8],[7,3],[7,4],[7,5],[7,7],[8,4],[8,5],[8,6],[8,7],[9,10],[10,11],[11,8],[11,11]],"alive":[[0],[1],[2],[3],[4],[5],[6],[7],[8],[9],[10],[11]]},"carry_pending":false}
{"tick":62,"actual":{"root":[[0],[3],[5],[6],[8],[9]],"edge":[[0,0],[0,6],[1,6],[1,11],[2,8],[3,2],[4,7],[5,1],[5,3],[5,4],[5,10],[6,0],[6,5],[6,7],[6,8],[7,3],[7,4],[7,5],[7,7],[8,4],[8,5],[8,6],[8,7],[9,10],[10,11],[11,0],[11,8],[11,11]],"alive":[[0],[1],[2],[3],[4],[5],[6],[7],[8],[9],[10],[11]]},"carry_pending":false}
{"tick":63,"actual":{"root":[[0],[3],[5],[6],[8],[9]],"edge":[[0,0],[0,6],[1,6],[1,11],[2,8],[3,2],[4,7],[5,1],[5,2],[5,3],[5,4],[5,10],[6,0],[6,5],[6,7],[6,8],[7,3],[7,4],[7,5],[7,7],[8,4],[8,5],[8,6],[8,7],[9,10],[10,11],[11,0],[11,8],[11,11]],"alive":[[0],[1],[2],[3],[4],[5],[6],[7],[8],[9],[10],[11]]},"carry_pending":false}
{"tick":64,"actual":{"root":[[0],[3],[5],[6],[8],[9]],"edge":[[0,0],[0,6],[1,6],[1,11],[2,8],[3,2],[4,7],[5,1],[5,2],[5,3],[5,4],[5,6],[5,10],[6,0],[6,5],[6,7],[6,8],[7,3],[7,4],[7,5],[7,7],[8,4],[8,5],[8,6],[8,7],[9,10],[10,11],[11,0],[11,8],[11,11]],"alive":[[0],[1],[2],[3],[4],[5],[6],[7],[8],[9],[10],[11]]},"carry_pending":false}
