{"actual": {"alive": [],"edge": [],"root": []},"carry_pending":false,"tick":0}
{"actual": {"alive": [],"edge": [ [7, 8 ] ],"root": []},"carry_pending":false,"tick":1}
{"actual": {"alive": [ [0 ] ],"edge": [ [7, 8 ] ],"root": [ [0 ] ]},"carry_pending":false,"tick":2}
{"actual": {"alive": [ [0 ],  [6 ] ],"edge": [ [7, 8 ] ],"root": [ [0 ],  [6 ] ]},"carry_pending":false,"tick":3}
{"actual": {"alive": [ [0 ],  [6 ] ],"edge": [ [1, 6 ],  [7, 8 ] ],"root": [ [0 ],  [6 ] ]},"carry_pending":false,"tick":4}
{"actual": {"alive": [ [0 ],  [6 ] ],"edge": [ [1, 6 ],  [4, 8 ],  [7, 8 ] ],"root": [ [0 ],  [6 ] ]},"carry_pending":false,"tick":5}
{"actual": {"alive": [ [0 ],  [2 ],  [6 ] ],"edge": [ [1, 6 ],  [4, 8 ],  [7, 8 ] ],"root": [ [0 ],  [2 ],  [6 ] ]},"carry_pending":false,"tick":6}
{"actual": {"alive": [ [0 ],  [2 ],  [6 ],  [8 ] ],"edge": [ [1, 6 ],  [4, 8 ],  [6, 8 ],  [7, 8 ] ],"root": [ [0 ],  [2 ],  [6 ] ]},"carry_pending":false,"tick":7}
{"actual": {"alive": [ [0 ],  [2 ],  [6 ],  [8 ] ],"edge": [ [1, 6 ],  [4, 8 ],  [5, 8 ],  [6, 8 ],  [7, 8 ] ],"root": [ [0 ],  [2 ],  [6 ] ]},"carry_pending":false,"tick":8}
{"actual": {"alive": [ [0 ],  [2 ],  [6 ],  [8 ],  [9 ] ],"edge": [ [1, 6 ],  [2, 9 ],  [4, 8 ],  [5, 8 ],  [6, 8 ],  [7, 8 ] ],"root": [ [0 ],  [2 ],  [6 ] ]},"carry_pending":false,"tick":9}
{"actual": {"alive": [ [0 ],  [2 ],  [6 ],  [8 ],  [9 ] ],"edge": [ [1, 6 ],  [2, 9 ],  [4, 8 ],  [5, 8 ],  [6, 8 ] ],"root": [ [0 ],  [2 ],  [6 ] ]},"carry_pending":false,"tick":10}
{"actual": {"alive": [ [0 ],  [2 ],  [6 ],  [9 ] ],"edge": [ [1, 6 ],  [2, 9 ],  [4, 8 ],  [5, 8 ] ],"root": [ [0 ],  [2 ],  [6 ] ]},"carry_pending":false,"tick":11}
{"actual": {"alive": [ [0 ],  [1 ],  [2 ],  [6 ],  [9 ] ],"edge": [ [1, 6 ],  [2, 9 ],  [4, 8 ],  [5, 8 ] ],"root": [ [0 ],  [1 ],  [2 ],  [6 ] ]},"carry_pending":false,"tick":12}
{"actual": {"alive": [ [0 ],  [1 ],  [2 ],  [6 ],  [9 ] ],"edge": [ [1, 6 ],  [2, 9 ],  [4, 8 ],  [5, 8 ],  [5, 11 ] ],"root": [ [0 ],  [1 ],  [2 ],  [6 ] ]},"carry_pending":false,"tick":13}
{"actual": {"alive": [ [0 ],  [1 ],  [2 ],  [6 ],  [7 ],  [9 ] ],"edge": [ [1, 6 ],  [2, 9 ],  [4, 8 ],  [5, 8 ],  [5, 11 ] ],"root": [ [0 ],  [1 ],  [2 ],  [6 ],  [7 ] ]},"carry_pending":false,"tick":14}
{"actual": {"alive": [ [0 ],  [1 ],  [2 ],  [6 ],  [7 ],  [9 ] ],"edge": [ [1, 6 ],  [2, 9 ],  [4, 8 ],  [5, 8 ],  [5, 11 ],  [10, 11 ] ],"root": [ [0 ],  [1 ],  [2 ],  [6 ],  [7 ] ]},"carry_pending":false,"tick":15}
{"actual": {"alive": [ [0 ],  [1 ],  [2 ],  [6 ],  [7 ],  [9 ] ],"edge": [ [0, 1 ],  [1, 6 ],  [2, 9 ],  [4, 8 ],  [5, 8 ],  [5, 11 ],  [10, 11 ] ],"root": [ [0 ],  [1 ],  [2 ],  [6 ],  [7 ] ]},"carry_pending":false,"tick":16}
{"actual": {"alive": [ [0 ],  [1 ],  [2 ],  [6 ],  [9 ] ],"edge": [ [0, 1 ],  [1, 6 ],  [2, 9 ],  [4, 8 ],  [5, 8 ],  [5, 11 ],  [10, 11 ] ],"root": [ [0 ],  [1 ],  [2 ],  [6 ] ]},"carry_pending":false,"tick":17}
{"actual": {"alive": [ [0 ],  [1 ],  [2 ],  [4 ],  [6 ],  [8 ],  [9 ] ],"edge": [ [0, 1 ],  [1, 6 ],  [2, 4 ],  [2, 9 ],  [4, 8 ],  [5, 8 ],  [5, 11 ],  [10, 11 ] ],"root": [ [0 ],  [1 ],  [2 ],  [6 ] ]},"carry_pending":false,"tick":18}
{"actual": {"alive": [ [0 ],  [1 ],  [2 ],  [4 ],  [6 ],  [8 ],  [9 ] ],"edge": [ [0, 1 ],  [0, 6 ],  [1, 6 ],  [2, 4 ],  [2, 9 ],  [4, 8 ],  [5, 8 ],  [5, 11 ],  [10, 11 ] ],"root": [ [0 ],  [1 ],  [2 ],  [6 ] ]},"carry_pending":false,"tick":19}
{"actual": {"alive": [ [0 ],  [1 ],  [2 ],  [4 ],  [6 ],  [8 ],  [9 ] ],"edge": [ [0, 1 ],  [0, 6 ],  [1, 6 ],  [2, 4 ],  [2, 9 ],  [4, 8 ],  [5, 8 ],  [5, 11 ],  [10, 11 ] ],"root": [ [0 ],  [1 ],  [2 ],  [4 ],  [6 ] ]},"carry_pending":false,"tick":20}
{"actual": {"alive": [ [0 ],  [1 ],  [2 ],  [4 ],  [6 ],  [8 ],  [9 ] ],"edge": [ [0, 1 ],  [0, 6 ],  [1, 6 ],  [2, 4 ],  [2, 9 ],  [3, 6 ],  [4, 8 ],  [5, 8 ],  [5, 11 ],  [10, 11 ] ],"root": [ [0 ],  [1 ],  [2 ],  [4 ],  [6 ] ]},"carry_pending":false,"tick":21}
{"actual": {"alive": [ [0 ],  [1 ],  [4 ],  [6 ],  [8 ] ],"edge": [ [0, 1 ],  [0, 6 ],  [1, 6 ],  [2, 4 ],  [2, 9 ],  [3, 6 ],  [4, 8 ],  [5, 8 ],  [5, 11 ],  [10, 11 ] ],"root": [ [0 ],  [1 ],  [4 ],  [6 ] ]},"carry_pending":false,"tick":22}
{"actual": {"alive": [ [0 ],  [1 ],  [4 ],  [6 ],  [8 ] ],"edge": [ [0, 1 ],  [0, 6 ],  [1, 6 ],  [2, 4 ],  [2, 9 ],  [3, 5 ],  [3, 6 ],  [4, 8 ],  [5, 8 ],  [5, 11 ],  [10, 11 ] ],"root": [ [0 ],  [1 ],  [4 ],  [6 ] ]},"carry_pending":false,"tick":23}
{"actual": {"alive": [ [0 ],  [1 ],  [4 ],  [6 ],  [7 ],  [8 ] ],"edge": [ [0, 1 ],  [0, 6 ],  [1, 6 ],  [2, 4 ],  [2, 9 ],  [3, 5 ],  [3, 6 ],  [4, 7 ],  [4, 8 ],  [5, 8 ],  [5, 11 ],  [10, 11 ] ],"root": [ [0 ],  [1 ],  [4 ],  [6 ] ]},"carry_pending":false,"tick":24}
{"actual": {"alive": [ [0 ],  [1 ],  [4 ],  [6 ],  [7 ],  [8 ] ],"edge": [ [0, 1 ],  [0, 6 ],  [1, 6 ],  [2, 4 ],  [2, 9 ],  [3, 5 ],  [4, 7 ],  [4, 8 ],  [5, 8 ],  [5, 11 ],  [10, 11 ] ],"root": [ [0 ],  [1 ],  [4 ],  [6 ] ]},"carry_pending":false,"tick":25}
{"actual": {"alive": [ [0 ],  [1 ],  [2 ],  [4 ],  [6 ],  [7 ],  [8 ],  [9 ] ],"edge": [ [0, 1 ],  [0, 6 ],  [1, 6 ],  [2, 4 ],  [2, 9 ],  [3, 5 ],  [4, 7 ],  [4, 8 ],  [5, 8 ],  [5, 11 ],  [10, 11 ] ],"root": [ [0 ],  [1 ],  [2 ],  [4 ],  [6 ] ]},"carry_pending":false,"tick":26}
{"actual": {"alive": [ [0 ],  [1 ],  [2 ],  [4 ],  [6 ],  [7 ],  [8 ],  [9 ] ],"edge": [ [0, 1 ],  [0, 2 ],  [0, 6 ],  [1, 6 ],  [2, 4 ],  [2, 9 ],  [3, 5 ],  [4, 7 ],  [4, 8 ],  [5, 8 ],  [5, 11 ],  [10, 11 ] ],"root": [ [0 ],  [1 ],  [2 ],  [4 ],  [6 ] ]},"carry_pending":false,"tick":27}
{"actual": {"alive": [ [0 ],  [1 ],  [2 ],  [3 ],  [4 ],  [5 ],  [6 ],  [7 ],  [8 ],  [9 ],  [11 ] ],"edge": [ [0, 1 ],  [0, 2 ],  [0, 6 ],  [1, 6 ],  [2, 3 ],  [2, 4 ],  [2, 9 ],  [3, 5 ],  [4, 7 ],  [4, 8 ],  [5, 8 ],  [5, 11 ],  [10, 11 ] ],"root": [ [0 ],  [1 ],  [2 ],  [4 ],  [6 ] ]},"carry_pending":false,"tick":28}
{"actual": {"alive": [ [0 ],  [1 ],  [2 ],  [3 ],  [4 ],  [5 ],  [6 ],  [7 ],  [8 ],  [11 ] ],"edge": [ [0, 1 ],  [0, 2 ],  [0, 6 ],  [1, 6 ],  [2, 3 ],  [2, 4 ],  [3, 5 ],  [4, 7 ],  [4, 8 ],  [5, 8 ],  [5, 11 ],  [10, 11 ] ],"root": [ [0 ],  [1 ],  [2 ],  [4 ],  [6 ] ]},"carry_pending":false,"tick":29}
{"actual": {"alive": [ [0 ],  [1 ],  [2 ],  [3 ],  [4 ],  [5 ],  [6 ],  [7 ],  [8 ],  [11 ] ],"edge": [ [0, 1 ],  [0, 2 ],  [0, 6 ],  [1, 6 ],  [2, 3 ],  [3, 5 ],  [4, 7 ],  [4, 8 ],  [5, 8 ],  [5, 11 ],  [10, 11 ] ],"root": [ [0 ],  [1 ],  [2 ],  [4 ],  [6 ] ]},"carry_pending":false,"tick":30}
{"actual": {"alive": [ [0 ],  [1 ],  [2 ],  [3 ],  [4 ],  [5 ],  [6 ],  [7 ],  [8 ],  [11 ] ],"edge": [ [0, 1 ],  [0, 2 ],  [0, 6 ],  [1, 6 ],  [2, 3 ],  [2, 8 ],  [3, 5 ],  [4, 7 ],  [4, 8 ],  [5, 8 ],  [5, 11 ],  [10, 11 ] ],"root": [ [0 ],  [1 ],  [2 ],  [4 ],  [6 ] ]},"carry_pending":false,"tick":31}
{"actual": {"alive": [ [0 ],  [1 ],  [2 ],  [3 ],  [4 ],  [5 ],  [6 ],  [7 ],  [8 ],  [11 ] ],"edge": [ [0, 1 ],  [0, 2 ],  [0, 6 ],  [1, 6 ],  [2, 3 ],  [2, 8 ],  [3, 5 ],  [4, 7 ],  [4, 8 ],  [5, 8 ],  [5, 11 ],  [10, 11 ] ],"root": [ [0 ],  [1 ],  [4 ],  [6 ] ]},"carry_pending":false,"tick":32}
{"actual": {"alive": [ [0 ],  [1 ],  [2 ],  [3 ],  [4 ],  [5 ],  [6 ],  [7 ],  [8 ],  [10 ],  [11 ] ],"edge": [ [0, 1 ],  [0, 2 ],  [0, 6 ],  [1, 6 ],  [2, 3 ],  [2, 8 ],  [3, 5 ],  [4, 7 ],  [4, 8 ],  [5, 8 ],  [5, 10 ],  [5, 11 ],  [10, 11 ] ],"root": [ [0 ],  [1 ],  [4 ],  [6 ] ]},"carry_pending":false,"tick":33}
{"actual": {"alive": [ [0 ],  [1 ],  [2 ],  [3 ],  [4 ],  [5 ],  [6 ],  [7 ],  [8 ],  [10 ],  [11 ] ],"edge": [ [0, 1 ],  [0, 2 ],  [0, 6 ],  [1, 6 ],  [2, 3 ],  [2, 8 ],  [3, 5 ],  [4, 7 ],  [4, 8 ],  [5, 8 ],  [5, 10 ],  [5, 11 ],  [10, 11 ] ],"root": [ [0 ],  [1 ],  [4 ],  [6 ],  [11 ] ]},"carry_pending":false,"tick":34}
{"actual": {"alive": [ [0 ],  [1 ],  [4 ],  [6 ],  [7 ],  [8 ],  [11 ] ],"edge": [ [0, 1 ],  [0, 6 ],  [1, 6 ],  [2, 3 ],  [2, 8 ],  [3, 5 ],  [4, 7 ],  [4, 8 ],  [5, 8 ],  [5, 10 ],  [5, 11 ],  [10, 11 ] ],"root": [ [0 ],  [1 ],  [4 ],  [6 ],  [11 ] ]},"carry_pending":false,"tick":35}
{"actual": {"alive": [ [0 ],  [1 ],  [4 ],  [6 ],  [7 ],  [8 ],  [11 ] ],"edge": [ [0, 1 ],  [0, 6 ],  [1, 6 ],  [2, 3 ],  [2, 8 ],  [3, 5 ],  [4, 7 ],  [4, 8 ],  [5, 8 ],  [5, 10 ],  [5, 11 ],  [10, 11 ] ],"root": [ [0 ],  [4 ],  [6 ],  [11 ] ]},"carry_pending":false,"tick":36}
{"actual": {"alive": [ [0 ],  [1 ],  [6 ],  [11 ] ],"edge": [ [0, 1 ],  [0, 6 ],  [1, 6 ],  [2, 3 ],  [2, 8 ],  [3, 5 ],  [4, 7 ],  [4, 8 ],  [5, 8 ],  [5, 10 ],  [5, 11 ],  [10, 11 ] ],"root": [ [0 ],  [6 ],  [11 ] ]},"carry_pending":false,"tick":37}
{"actual": {"alive": [ [0 ],  [1 ],  [6 ],  [11 ] ],"edge": [ [0, 1 ],  [0, 6 ],  [1, 6 ],  [2, 3 ],  [2, 8 ],  [3, 5 ],  [4, 7 ],  [4, 8 ],  [5, 8 ],  [5, 10 ],  [10, 11 ] ],"root": [ [0 ],  [6 ],  [11 ] ]},"carry_pending":false,"tick":38}
{"actual": {"alive": [ [0 ],  [1 ],  [6 ],  [11 ] ],"edge": [ [0, 1 ],  [0, 6 ],  [1, 6 ],  [2, 3 ],  [2, 8 ],  [3, 5 ],  [4, 7 ],  [4, 8 ],  [5, 7 ],  [5, 8 ],  [5, 10 ],  [10, 11 ] ],"root": [ [0 ],  [6 ],  [11 ] ]},"carry_pending":false,"tick":39}
{"actual": {"alive": [ [0 ],  [1 ],  [6 ],  [9 ],  [11 ] ],"edge": [ [0, 1 ],  [0, 6 ],  [1, 6 ],  [2, 3 ],  [2, 8 ],  [3, 5 ],  [4, 7 ],  [4, 8 ],  [5, 7 ],  [5, 8 ],  [5, 10 ],  [10, 11 ] ],"root": [ [0 ],  [6 ],  [9 ],  [11 ] ]},"carry_pending":false,"tick":40}
{"actual": {"alive": [ [0 ],  [1 ],  [6 ],  [9 ] ],"edge": [ [0, 1 ],  [0, 6 ],  [1, 6 ],  [2, 3 ],  [2, 8 ],  [3, 5 ],  [4, 7 ],  [4, 8 ],  [5, 7 ],  [5, 8 ],  [5, 10 ],  [10, 11 ] ],"root": [ [0 ],  [6 ],  [9 ] ]},"carry_pending":false,"tick":41}
{"actual": {"alive": [ [0 ],  [1 ],  [6 ],  [9 ] ],"edge": [ [0, 1 ],  [0, 6 ],  [1, 6 ],  [2, 3 ],  [2, 8 ],  [3, 5 ],  [4, 7 ],  [4, 8 ],  [5, 7 ],  [5, 8 ],  [5, 10 ] ],"root": [ [0 ],  [6 ],  [9 ] ]},"carry_pending":false,"tick":42}
{"actual": {"alive": [ [0 ],  [1 ],  [6 ],  [9 ] ],"edge": [ [0, 1 ],  [0, 6 ],  [1, 6 ],  [2, 3 ],  [2, 8 ],  [3, 5 ],  [4, 5 ],  [4, 7 ],  [4, 8 ],  [5, 7 ],  [5, 8 ],  [5, 10 ] ],"root": [ [0 ],  [6 ],  [9 ] ]},"carry_pending":false,"tick":43}
{"actual": {"alive": [ [0 ],  [1 ],  [3 ],  [5 ],  [6 ],  [7 ],  [8 ],  [9 ],  [10 ] ],"edge": [ [0, 1 ],  [0, 6 ],  [1, 6 ],  [2, 3 ],  [2, 8 ],  [3, 5 ],  [4, 5 ],  [4, 7 ],  [4, 8 ],  [5, 7 ],  [5, 8 ],  [5, 10 ] ],"root": [ [0 ],  [3 ],  [6 ],  [9 ] ]},"carry_pending":false,"tick":44}
{"actual": {"alive": [ [0 ],  [1 ],  [3 ],  [5 ],  [6 ],  [7 ],  [8 ],  [9 ],  [10 ],  [11 ] ],"edge": [ [0, 1 ],  [0, 6 ],  [0, 11 ],  [1, 6 ],  [2, 3 ],  [2, 8 ],  [3, 5 ],  [4, 5 ],  [4, 7 ],  [4, 8 ],  [5, 7 ],  [5, 8 ],  [5, 10 ] ],"root": [ [0 ],  [3 ],  [6 ],  [9 ] ]},"carry_pending":false,"tick":45}
{"actual": {"alive": [ [0 ],  [1 ],  [3 ],  [5 ],  [6 ],  [7 ],  [8 ],  [9 ],  [10 ],  [11 ] ],"edge": [ [0, 1 ],  [0, 6 ],  [0, 11 ],  [1, 6 ],  [2, 3 ],  [2, 8 ],  [3, 5 ],  [3, 11 ],  [4, 5 ],  [4, 7 ],  [4, 8 ],  [5, 7 ],  [5, 8 ],  [5, 10 ] ],"root": [ [0 ],  [3 ],  [6 ],  [9 ] ]},"carry_pending":false,"tick":46}
{"actual": {"alive": [ [0 ],  [1 ],  [3 ],  [5 ],  [6 ],  [7 ],  [8 ],  [9 ],  [10 ],  [11 ] ],"edge": [ [0, 1 ],  [0, 6 ],  [0, 11 ],  [1, 5 ],  [1, 6 ],  [2, 3 ],  [2, 8 ],  [3, 5 ],  [3, 11 ],  [4, 5 ],  [4, 7 ],  [4, 8 ],  [5, 7 ],  [5, 8 ],  [5, 10 ] ],"root": [ [0 ],  [3 ],  [6 ],  [9 ] ]},"carry_pending":false,"tick":47}
{"actual": {"alive": [ [0 ],  [1 ],  [3 ],  [5 ],  [6 ],  [7 ],  [8 ],  [9 ],  [10 ],  [11 ] ],"edge": [ [0, 1 ],  [0, 6 ],  [0, 11 ],  [1, 5 ],  [1, 6 ],  [2, 3 ],  [2, 8 ],  [3, 5 ],  [3, 11 ],  [4, 5 ],  [4, 7 ],  [4, 8 ],  [5, 7 ],  [5, 8 ],  [5, 10 ] ],"root": [ [0 ],  [3 ],  [6 ],  [8 ],  [9 ] ]},"carry_pending":false,"tick":48}
{"actual": {"alive": [ [0 ],  [1 ],  [3 ],  [5 ],  [6 ],  [7 ],  [8 ],  [9 ],  [10 ],  [11 ] ],"edge": [ [0, 1 ],  [0, 6 ],  [0, 11 ],  [1, 5 ],  [1, 6 ],  [2, 3 ],  [2, 8 ],  [3, 5 ],  [3, 11 ],  [4, 5 ],  [4, 7 ],  [4, 8 ],  [5, 7 ],  [5, 8 ],  [5, 10 ],  [6, 7 ] ],"root": [ [0 ],  [3 ],  [6 ],  [8 ],  [9 ] ]},"carry_pending":false,"tick":49}
{"actual": {"alive": [ [0 ],  [1 ],  [3 ],  [5 ],  [6 ],  [7 ],  [8 ],  [9 ],  [10 ],  [11 ] ],"edge": [ [0, 1 ],  [0, 6 ],  [0, 11 ],  [1, 5 ],  [1, 6 ],  [2, 3 ],  [2, 8 ],  [3, 5 ],  [3, 11 ],  [4, 5 ],  [4, 7 ],  [4, 8 ],  [5, 7 ],  [5, 8 ],  [5, 10 ],  [6, 7 ],  [8, 11 ] ],"root": [ [0 ],  [3 ],  [6 ],  [8 ],  [9 ] ]},"carry_pending":false,"tick":50}
{"actual": {"alive": [ [0 ],  [1 ],  [3 ],  [5 ],  [6 ],  [7 ],  [8 ],  [9 ],  [10 ],  [11 ] ],"edge": [ [0, 1 ],  [0, 6 ],  [0, 11 ],  [1, 5 ],  [1, 6 ],  [2, 3 ],  [2, 8 ],  [3, 5 ],  [3, 7 ],  [3, 11 ],  [4, 5 ],  [4, 7 ],  [4, 8 ],  [5, 7 ],  [5, 8 ],  [5, 10 ],  [6, 7 ],  [8, 11 ] ],"root": [ [0 ],  [3 ],  [6 ],  [8 ],  [9 ] ]},"carry_pending":false,"tick":51}
{"actual": {"alive": [ [0 ],  [1 ],  [3 ],  [5 ],  [6 ],  [7 ],  [8 ],  [9 ],  [10 ],  [11 ] ],"edge": [ [0, 1 ],  [0, 11 ],  [1, 5 ],  [1, 6 ],  [2, 3 ],  [2, 8 ],  [3, 5 ],  [3, 7 ],  [3, 11 ],  [4, 5 ],  [4, 7 ],  [4, 8 ],  [5, 7 ],  [5, 8 ],  [5, 10 ],  [6, 7 ],  [8, 11 ] ],"root": [ [0 ],  [3 ],  [6 ],  [8 ],  [9 ] ]},"carry_pending":false,"tick":52}
{"actual": {"alive": [ [0 ],  [1 ],  [3 ],  [5 ],  [6 ],  [7 ],  [8 ],  [9 ],  [10 ],  [11 ] ],"edge": [ [0, 1 ],  [0, 11 ],  [1, 5 ],  [1, 6 ],  [1, 11 ],  [2, 3 ],  [2, 8 ],  [3, 5 ],  [3, 7 ],  [3, 11 ],  [4, 5 ],  [4, 7 ],  [4, 8 ],  [5, 7 ],  [5, 8 ],  [5, 10 ],  [6, 7 ],  [8, 11 ] ],"root": [ [0 ],  [3 ],  [6 ],  [8 ],  [9 ] ]},"carry_pending":false,"tick":53}
{"actual": {"alive": [ [0 ],  [1 ],  [3 ],  [5 ],  [6 ],  [7 ],  [8 ],  [9 ],  [10 ],  [11 ] ],"edge": [ [0, 1 ],  [0, 11 ],  [1, 5 ],  [1, 6 ],  [1, 11 ],  [2, 3 ],  [2, 8 ],  [3, 5 ],  [3, 7 ],  [3, 11 ],  [4, 5 ],  [4, 7 ],  [4, 8 ],  [5, 7 ],  [5, 8 ],  [5, 10 ],  [6, 7 ],  [8, 11 ],  [9, 10 ] ],"root": [ [0 ],  [3 ],  [6 ],  [8 ],  [9 ] ]},"carry_pending":false,"tick":54}
{"actual": {"alive": [ [0 ],  [1 ],  [3 ],  [5 ],  [6 ],  [7 ],  [8 ],  [9 ],  [10 ],  [11 ] ],"edge": [ [0, 1 ],  [0, 11 ],  [1, 5 ],  [1, 6 ],  [1, 11 ],  [2, 3 ],  [2, 8 ],  [3, 5 ],  [3, 7 ],  [3, 11 ],  [4, 5 ],  [4, 7 ],  [4, 8 ],  [5, 7 ],  [5, 8 ],  [5, 10 ],  [6, 7 ],  [8, 11 ],  [9, 10 ],  [10, 11 ] ],"root": [ [0 ],  [3 ],  [6 ],  [8 ],  [9 ] ]},"carry_pending":false,"tick":55}
{"actual": {"alive": [ [0 ],  [1 ],  [3 ],  [5 ],  [6 ],  [7 ],  [8 ],  [9 ],  [10 ],  [11 ] ],"edge": [ [0, 1 ],  [0, 11 ],  [1, 5 ],  [1, 6 ],  [1, 11 ],  [2, 3 ],  [2, 8 ],  [3, 5 ],  [3, 7 ],  [4, 5 ],  [4, 7 ],  [4, 8 ],  [5, 7 ],  [5, 8 ],  [5, 10 ],  [6, 7 ],  [8, 11 ],  [9, 10 ],  [10, 11 ] ],"root": [ [0 ],  [3 ],  [6 ],  [8 ],  [9 ] ]},"carry_pending":false,"tick":56}
{"actual": {"alive": [ [0 ],  [1 ],  [3 ],  [5 ],  [6 ],  [7 ],  [8 ],  [9 ],  [10 ],  [11 ] ],"edge": [ [0, 1 ],  [0, 11 ],  [1, 5 ],  [1, 6 ],  [1, 11 ],  [2, 3 ],  [2, 8 ],  [3, 5 ],  [3, 7 ],  [4, 5 ],  [4, 7 ],  [4, 8 ],  [5, 7 ],  [5, 8 ],  [5, 10 ],  [6, 7 ],  [8, 11 ],  [9, 10 ],  [10, 11 ] ],"root": [ [0 ],  [3 ],  [6 ],  [9 ] ]},"carry_pending":false,"tick":57}
{"actual": {"alive": [ [0 ],  [1 ],  [3 ],  [5 ],  [6 ],  [7 ],  [8 ],  [9 ],  [10 ],  [11 ] ],"edge": [ [0, 1 ],  [0, 11 ],  [1, 5 ],  [1, 6 ],  [1, 11 ],  [2, 3 ],  [2, 8 ],  [3, 5 ],  [3, 7 ],  [4, 5 ],  [4, 8 ],  [5, 7 ],  [5, 8 ],  [5, 10 ],  [6, 7 ],  [8, 11 ],  [9, 10 ],  [10, 11 ] ],"root": [ [0 ],  [3 ],  [6 ],  [9 ] ]},"carry_pending":false,"tick":58}
{"actual": {"alive": [ [0 ],  [1 ],  [3 ],  [5 ],  [6 ],  [7 ],  [8 ],  [9 ],  [10 ],  [11 ] ],"edge": [ [0, 1 ],  [0, 11 ],  [1, 5 ],  [1, 6 ],  [1, 11 ],  [2, 3 ],  [2, 8 ],  [3, 5 ],  [3, 7 ],  [4, 5 ],  [4, 8 ],  [5, 7 ],  [5, 8 ],  [5, 10 ],  [6, 7 ],  [8, 11 ],  [9, 10 ],  [10, 11 ] ],"root": [ [0 ],  [3 ],  [5 ],  [6 ],  [9 ] ]},"carry_pending":false,"tick":59}
{"actual": {"alive": [ [0 ],  [1 ],  [3 ],  [5 ],  [6 ],  [7 ],  [8 ],  [9 ],  [10 ],  [11 ] ],"edge": [ [0, 1 ],  [0, 11 ],  [1, 5 ],  [1, 6 ],  [1, 11 ],  [2, 3 ],  [2, 8 ],  [3, 5 ],  [3, 7 ],  [4, 5 ],  [4, 8 ],  [5, 7 ],  [5, 8 ],  [5, 10 ],  [6, 7 ],  [8, 11 ],  [9, 10 ],  [10, 11 ] ],"root": [ [0 ],  [3 ],  [5 ],  [6 ],  [8 ],  [9 ] ]},"carry_pending":false,"tick":60}
{"actual": {"alive": [ [0 ],  [1 ],  [3 ],  [5 ],  [6 ],  [7 ],  [8 ],  [9 ],  [10 ],  [11 ] ],"edge": [ [0, 1 ],  [0, 11 ],  [1, 5 ],  [1, 6 ],  [1, 11 ],  [2, 3 ],  [2, 8 ],  [3, 5 ],  [3, 7 ],  [4, 5 ],  [4, 8 ],  [5, 6 ],  [5, 7 ],  [5, 8 ],  [5, 10 ],  [6, 7 ],  [8, 11 ],  [9, 10 ],  [10, 11 ] ],"root": [ [0 ],  [3 ],  [5 ],  [6 ],  [8 ],  [9 ] ]},"carry_pending":false,"tick":61}
{"actual": {"alive": [ [0 ],  [1 ],  [3 ],  [5 ],  [6 ],  [7 ],  [8 ],  [9 ],  [10 ],  [11 ] ],"edge": [ [0, 1 ],  [1, 5 ],  [1, 6 ],  [1, 11 ],  [2, 3 ],  [2, 8 ],  [3, 5 ],  [3, 7 ],  [4, 5 ],  [4, 8 ],  [5, 6 ],  [5, 7 ],  [5, 8 ],  [5, 10 ],  [6, 7 ],  [8, 11 ],  [9, 10 ],  [10, 11 ] ],"root": [ [0 ],  [3 ],  [5 ],  [6 ],  [8 ],  [9 ] ]},"carry_pending":false,"tick":62}
{"actual": {"alive": [ [0 ],  [1 ],  [3 ],  [5 ],  [6 ],  [7 ],  [8 ],  [9 ],  [10 ],  [11 ] ],"edge": [ [0, 1 ],  [1, 5 ],  [1, 6 ],  [1, 11 ],  [2, 3 ],  [2, 5 ],  [2, 8 ],  [3, 5 ],  [3, 7 ],  [4, 5 ],  [4, 8 ],  [5, 6 ],  [5, 7 ],  [5, 8 ],  [5, 10 ],  [6, 7 ],  [8, 11 ],  [9, 10 ],  [10, 11 ] ],"root": [ [0 ],  [3 ],  [5 ],  [6 ],  [8 ],  [9 ] ]},"carry_pending":false,"tick":63}
{"actual": {"alive": [ [0 ],  [1 ],  [3 ],  [5 ],  [6 ],  [7 ],  [8 ],  [9 ],  [10 ],  [11 ] ],"edge": [ [0, 1 ],  [1, 5 ],  [1, 6 ],  [1, 11 ],  [2, 3 ],  [2, 5 ],  [2, 8 ],  [3, 5 ],  [3, 7 ],  [4, 5 ],  [4, 8 ],  [5, 7 ],  [5, 8 ],  [5, 10 ],  [6, 7 ],  [8, 11 ],  [9, 10 ],  [10, 11 ] ],"root": [ [0 ],  [3 ],  [5 ],  [6 ],  [8 ],  [9 ] ]},"carry_pending":false,"tick":64}
