{"tick":0,"actual":{"root":[],"edge":[],"alive":[]},"carry_pending":false,"statements":34}
{"tick":1,"actual":{"root":[],"edge":[[1,3]],"alive":[]},"carry_pending":false,"statements":38}
{"tick":2,"actual":{"root":[],"edge":[[1,3],[7,10]],"alive":[]},"carry_pending":false,"statements":38}
{"tick":3,"actual":{"root":[],"edge":[[1,3],[6,8],[7,10]],"alive":[]},"carry_pending":false,"statements":38}
{"tick":4,"actual":{"root":[],"edge":[[1,3],[2,5],[6,8],[7,10]],"alive":[]},"carry_pending":false,"statements":38}
{"tick":5,"actual":{"root":[[2]],"edge":[[1,3],[2,5],[6,8],[7,10]],"alive":[[2],[5]]},"carry_pending":false,"statements":42}
{"tick":6,"actual":{"root":[[2]],"edge":[[1,3],[2,5],[4,5],[6,8],[7,10]],"alive":[[2],[5]]},"carry_pending":false,"statements":38}
{"tick":7,"actual":{"root":[[2]],"edge":[[1,3],[1,6],[2,5],[4,5],[6,8],[7,10]],"alive":[[2],[5]]},"carry_pending":false,"statements":38}
{"tick":8,"actual":{"root":[[2]],"edge":[[1,3],[2,5],[4,5],[6,8],[7,10]],"alive":[[2],[5]]},"carry_pending":false,"statements":95}
{"tick":9,"actual":{"root":[[2]],"edge":[[1,3],[2,5],[4,5],[4,6],[6,8],[7,10]],"alive":[[2],[5]]},"carry_pending":false,"statements":38}
{"tick":10,"actual":{"root":[[2]],"edge":[[1,3],[1,5],[2,5],[4,5],[4,6],[6,8],[7,10]],"alive":[[2],[5]]},"carry_pending":false,"statements":38}
{"tick":11,"actual":{"root":[[2],[5]],"edge":[[1,3],[1,5],[2,5],[4,5],[4,6],[6,8],[7,10]],"alive":[[2],[5]]},"carry_pending":false,"statements":38}
{"tick":12,"actual":{"root":[[2],[5]],"edge":[[1,3],[1,4],[1,5],[2,5],[4,5],[4,6],[6,8],[7,10]],"alive":[[2],[5]]},"carry_pending":false,"statements":38}
{"tick":13,"actual":{"root":[[2],[5],[11]],"edge":[[1,3],[1,4],[1,5],[2,5],[4,5],[4,6],[6,8],[7,10]],"alive":[[2],[5],[11]]},"carry_pending":false,"statements":38}
{"tick":14,"actual":{"root":[[2],[5],[11]],"edge":[[1,3],[1,4],[1,5],[2,5],[4,5],[4,6],[5,11],[6,8],[7,10]],"alive":[[2],[5],[11]]},"carry_pending":false,"statements":38}
{"tick":15,"actual":{"root":[[2],[4],[5],[11]],"edge":[[1,3],[1,4],[1,5],[2,5],[4,5],[4,6],[5,11],[6,8],[7,10]],"alive":[[2],[4],[5],[6],[8],[11]]},"carry_pending":false,"statements":46}
{"tick":16,"actual":{"root":[[2],[4],[5]],"edge":[[1,3],[1,4],[1,5],[2,5],[4,5],[4,6],[5,11],[6,8],[7,10]],"alive":[[2],[4],[5],[6],[8],[11]]},"carry_pending":false,"statements":95}
{"tick":17,"actual":{"root":[[2],[4],[5]],"edge":[[1,3],[1,4],[1,5],[2,5],[4,5],[4,6],[5,11],[6,7],[6,8],[7,10]],"alive":[[2],[4],[5],[6],[7],[8],[10],[11]]},"carry_pending":false,"statements":42}
{"tick":18,"actual":{"root":[[2],[4],[5]],"edge":[[1,3],[1,4],[1,5],[2,5],[3,7],[4,5],[4,6],[5,11],[6,7],[6,8],[7,10]],"alive":[[2],[4],[5],[6],[7],[8],[10],[11]]},"carry_pending":false,"statements":38}
{"tick":19,"actual":{"root":[[4],[5]],"edge":[[1,3],[1,4],[1,5],[2,5],[3,7],[4,5],[4,6],[5,11],[6,7],[6,8],[7,10]],"alive":[[4],[5],[6],[7],[8],[10],[11]]},"carry_pending":false,"statements":97}
{"tick":20,"actual":{"root":[[4],[5]],"edge":[[1,3],[1,4],[1,5],[2,5],[3,7],[4,5],[4,6],[4,11],[5,11],[6,7],[6,8],[7,10]],"alive":[[4],[5],[6],[7],[8],[10],[11]]},"carry_pending":false,"statements":38}
{"tick":21,"actual":{"root":[[4],[5],[7]],"edge":[[1,3],[1,4],[1,5],[2,5],[3,7],[4,5],[4,6],[4,11],[5,11],[6,7],[6,8],[7,10]],"alive":[[4],[5],[6],[7],[8],[10],[11]]},"carry_pending":false,"statements":38}
{"tick":22,"actual":{"root":[[1],[4],[5],[7]],"edge":[[1,3],[1,4],[1,5],[2,5],[3,7],[4,5],[4,6],[4,11],[5,11],[6,7],[6,8],[7,10]],"alive":[[1],[3],[4],[5],[6],[7],[8],[10],[11]]},"carry_pending":false,"statements":42}
{"tick":23,"actual":{"root":[[1],[4],[5],[7]],"edge":[[1,3],[1,4],[1,5],[2,5],[3,7],[4,5],[4,6],[4,11],[5,11],[6,7],[6,8],[7,10],[9,11]],"alive":[[1],[3],[4],[5],[6],[7],[8],[10],[11]]},"carry_pending":false,"statements":38}
{"tick":24,"actual":{"root":[[1],[4],[5],[7]],"edge":[[1,3],[1,4],[1,5],[2,5],[3,7],[4,5],[4,6],[4,7],[4,11],[5,11],[6,7],[6,8],[7,10],[9,11]],"alive":[[1],[3],[4],[5],[6],[7],[8],[10],[11]]},"carry_pending":false,"statements":38}
{"tick":25,"actual":{"root":[[1],[4],[5],[7]],"edge":[[1,3],[1,4],[1,5],[2,5],[3,7],[4,5],[4,6],[4,7],[4,11],[6,7],[6,8],[7,10],[9,11]],"alive":[[1],[3],[4],[5],[6],[7],[8],[10],[11]]},"carry_pending":false,"statements":95}
{"tick":26,"actual":{"root":[[1],[4],[5],[7]],"edge":[[1,3],[1,4],[1,5],[2,5],[3,7],[4,5],[4,6],[4,11],[6,7],[6,8],[7,10],[9,11]],"alive":[[1],[3],[4],[5],[6],[7],[8],[10],[11]]},"carry_pending":false,"statements":109}
{"tick":27,"actual":{"root":[[1],[4],[5],[7]],"edge":[[1,3],[1,4],[1,5],[2,5],[3,7],[4,5],[4,6],[4,11],[6,8],[7,10],[9,11]],"alive":[[1],[3],[4],[5],[6],[7],[8],[10],[11]]},"carry_pending":false,"statements":109}
{"tick":28,"actual":{"root":[[1],[4],[5],[7]],"edge":[[1,3],[1,4],[1,5],[1,7],[2,5],[3,7],[4,5],[4,6],[4,11],[6,8],[7,10],[9,11]],"alive":[[1],[3],[4],[5],[6],[7],[8],[10],[11]]},"carry_pending":false,"statements":38}
{"tick":29,"actual":{"root":[[1],[5],[7]],"edge":[[1,3],[1,4],[1,5],[1,7],[2,5],[3,7],[4,5],[4,6],[4,11],[6,8],[7,10],[9,11]],"alive":[[1],[3],[4],[5],[6],[7],[8],[10],[11]]},"carry_pending":false,"statements":93}
{"tick":30,"actual":{"root":[[1],[5],[7]],"edge":[[1,3],[1,4],[1,5],[1,7],[2,5],[3,7],[4,5],[4,6],[4,11],[5,7],[6,8],[7,10],[9,11]],"alive":[[1],[3],[4],[5],[6],[7],[8],[10],[11]]},"carry_pending":false,"statements":38}
{"tick":31,"actual":{"root":[[1],[5],[7]],"edge":[[1,3],[1,4],[1,5],[2,5],[3,7],[4,5],[4,6],[4,11],[5,7],[6,8],[7,10],[9,11]],"alive":[[1],[3],[4],[5],[6],[7],[8],[10],[11]]},"carry_pending":false,"statements":109}
{"tick":32,"actual":{"root":[[1],[5],[7]],"edge":[[1,3],[1,4],[1,5],[2,5],[3,7],[4,5],[4,6],[4,11],[6,8],[7,10],[9,11]],"alive":[[1],[3],[4],[5],[6],[7],[8],[10],[11]]},"carry_pending":false,"statements":109}
{"tick":33,"actual":{"root":[[1],[5],[7]],"edge":[[0,3],[1,3],[1,4],[1,5],[2,5],[3,7],[4,5],[4,6],[4,11],[6,8],[7,10],[9,11]],"alive":[[1],[3],[4],[5],[6],[7],[8],[10],[11]]},"carry_pending":false,"statements":38}
{"tick":34,"actual":{"root":[[5],[7]],"edge":[[0,3],[1,3],[1,4],[1,5],[2,5],[3,7],[4,5],[4,6],[4,11],[6,8],[7,10],[9,11]],"alive":[[5],[7],[10]]},"carry_pending":false,"statements":88}
{"tick":35,"actual":{"root":[[5],[6],[7]],"edge":[[0,3],[1,3],[1,4],[1,5],[2,5],[3,7],[4,5],[4,6],[4,11],[6,8],[7,10],[9,11]],"alive":[[5],[6],[7],[8],[10]]},"carry_pending":false,"statements":42}
{"tick":36,"actual":{"root":[[5],[6],[7]],"edge":[[0,3],[1,3],[1,4],[1,5],[2,5],[3,7],[4,5],[4,6],[4,11],[5,6],[6,8],[7,10],[9,11]],"alive":[[5],[6],[7],[8],[10]]},"carry_pending":false,"statements":38}
{"tick":37,"actual":{"root":[[5],[6],[7]],"edge":[[0,3],[1,3],[1,4],[1,5],[2,5],[3,7],[4,5],[4,6],[4,11],[5,6],[6,8],[7,10]],"alive":[[5],[6],[7],[8],[10]]},"carry_pending":false,"statements":95}
{"tick":38,"actual":{"root":[[6],[7]],"edge":[[0,3],[1,3],[1,4],[1,5],[2,5],[3,7],[4,5],[4,6],[4,11],[5,6],[6,8],[7,10]],"alive":[[6],[7],[8],[10]]},"carry_pending":false,"statements":88}
{"tick":39,"actual":{"root":[[6],[7]],"edge":[[0,3],[1,3],[1,4],[1,5],[2,5],[3,7],[3,8],[4,5],[4,6],[4,11],[5,6],[6,8],[7,10]],"alive":[[6],[7],[8],[10]]},"carry_pending":false,"statements":38}
{"tick":40,"actual":{"root":[[6],[7]],"edge":[[0,3],[1,3],[1,4],[1,5],[1,8],[2,5],[3,7],[3,8],[4,5],[4,6],[4,11],[5,6],[6,8],[7,10]],"alive":[[6],[7],[8],[10]]},"carry_pending":false,"statements":38}
{"tick":41,"actual":{"root":[[6],[7]],"edge":[[0,3],[1,3],[1,4],[1,5],[1,8],[2,5],[3,7],[3,8],[4,5],[4,6],[4,11],[5,6],[5,7],[6,8],[7,10]],"alive":[[6],[7],[8],[10]]},"carry_pending":false,"statements":38}
{"tick":42,"actual":{"root":[[6],[7]],"edge":[[0,3],[1,3],[1,4],[1,5],[1,8],[2,5],[3,7],[3,8],[4,5],[4,6],[4,11],[5,6],[5,7],[6,7],[6,8],[7,10]],"alive":[[6],[7],[8],[10]]},"carry_pending":false,"statements":38}
{"tick":43,"actual":{"root":[[1],[6],[7]],"edge":[[0,3],[1,3],[1,4],[1,5],[1,8],[2,5],[3,7],[3,8],[4,5],[4,6],[4,11],[5,6],[5,7],[6,7],[6,8],[7,10]],"alive":[[1],[3],[4],[5],[6],[7],[8],[10],[11]]},"carry_pending":false,"statements":46}
{"tick":44,"actual":{"root":[[1],[6],[7]],"edge":[[0,3],[1,3],[1,4],[1,5],[1,8],[1,10],[2,5],[3,7],[3,8],[4,5],[4,6],[4,11],[5,6],[5,7],[6,7],[6,8],[7,10]],"alive":[[1],[3],[4],[5],[6],[7],[8],[10],[11]]},"carry_pending":false,"statements":38}
{"tick":45,"actual":{"root":[[1],[6],[7]],"edge":[[0,3],[1,3],[1,4],[1,5],[1,8],[1,10],[2,5],[3,7],[3,8],[4,5],[4,6],[4,11],[5,6],[5,7],[6,7],[6,8],[7,10],[7,11]],"alive":[[1],[3],[4],[5],[6],[7],[8],[10],[11]]},"carry_pending":false,"statements":38}
{"tick":46,"actual":{"root":[[1],[6],[7],[9]],"edge":[[0,3],[1,3],[1,4],[1,5],[1,8],[1,10],[2,5],[3,7],[3,8],[4,5],[4,6],[4,11],[5,6],[5,7],[6,7],[6,8],[7,10],[7,11]],"alive":[[1],[3],[4],[5],[6],[7],[8],[9],[10],[11]]},"carry_pending":false,"statements":38}
{"tick":47,"actual":{"root":[[1],[6],[7],[9]],"edge":[[0,3],[1,3],[1,4],[1,5],[1,8],[1,10],[2,5],[3,7],[3,8],[4,5],[4,6],[4,11],[5,6],[5,7],[6,7],[6,8],[7,9],[7,10],[7,11]],"alive":[[1],[3],[4],[5],[6],[7],[8],[9],[10],[11]]},"carry_pending":false,"statements":38}
{"tick":48,"actual":{"root":[[1],[4],[6],[7],[9]],"edge":[[0,3],[1,3],[1,4],[1,5],[1,8],[1,10],[2,5],[3,7],[3,8],[4,5],[4,6],[4,11],[5,6],[5,7],[6,7],[6,8],[7,9],[7,10],[7,11]],"alive":[[1],[3],[4],[5],[6],[7],[8],[9],[10],[11]]},"carry_pending":false,"statements":38}
{"tick":49,"actual":{"root":[[1],[4],[6],[7],[9]],"edge":[[0,3],[1,3],[1,4],[1,5],[1,8],[1,10],[2,5],[3,7],[3,8],[4,5],[4,6],[4,11],[5,6],[5,7],[6,7],[6,8],[7,9],[7,11]],"alive":[[1],[3],[4],[5],[6],[7],[8],[9],[10],[11]]},"carry_pending":false,"statements":95}
{"tick":50,"actual":{"root":[[1],[4],[6],[7],[9]],"edge":[[0,3],[1,3],[1,4],[1,5],[1,8],[1,10],[2,5],[3,7],[3,8],[4,5],[4,6],[4,11],[5,7],[6,7],[6,8],[7,9],[7,11]],"alive":[[1],[3],[4],[5],[6],[7],[8],[9],[10],[11]]},"carry_pending":false,"statements":81}
{"tick":51,"actual":{"root":[[1],[4],[6],[7],[9]],"edge":[[0,3],[1,4],[1,5],[1,8],[1,10],[2,5],[3,7],[3,8],[4,5],[4,6],[4,11],[5,7],[6,7],[6,8],[7,9],[7,11]],"alive":[[1],[4],[5],[6],[7],[8],[9],[10],[11]]},"carry_pending":false,"statements":88}
{"tick":52,"actual":{"root":[[1],[4],[6],[7],[9]],"edge":[[0,3],[1,4],[1,5],[1,8],[1,10],[2,5],[3,5],[3,7],[3,8],[4,5],[4,6],[4,11],[5,7],[6,7],[6,8],[7,9],[7,11]],"alive":[[1],[4],[5],[6],[7],[8],[9],[10],[11]]},"carry_pending":false,"statements":38}
{"tick":53,"actual":{"root":[[1],[4],[6],[7],[9]],"edge":[[0,3],[1,4],[1,5],[1,8],[1,10],[2,5],[3,5],[3,7],[3,8],[4,5],[4,6],[4,11],[5,7],[6,7],[6,8],[6,9],[7,9],[7,11]],"alive":[[1],[4],[5],[6],[7],[8],[9],[10],[11]]},"carry_pending":false,"statements":38}
{"tick":54,"actual":{"root":[[1],[4],[6],[7],[9]],"edge":[[0,3],[1,5],[1,8],[1,10],[2,5],[3,5],[3,7],[3,8],[4,5],[4,6],[4,11],[5,7],[6,7],[6,8],[6,9],[7,9],[7,11]],"alive":[[1],[4],[5],[6],[7],[8],[9],[10],[11]]},"carry_pending":false,"statements":81}
{"tick":55,"actual":{"root":[[1],[4],[6],[7],[9]],"edge":[[0,3],[1,5],[1,8],[1,10],[1,11],[2,5],[3,5],[3,7],[3,8],[4,5],[4,6],[4,11],[5,7],[6,7],[6,8],[6,9],[7,9],[7,11]],"alive":[[1],[4],[5],[6],[7],[8],[9],[10],[11]]},"carry_pending":false,"statements":38}
{"tick":56,"actual":{"root":[[1],[4],[5],[6],[7],[9]],"edge":[[0,3],[1,5],[1,8],[1,10],[1,11],[2,5],[3,5],[3,7],[3,8],[4,5],[4,6],[4,11],[5,7],[6,7],[6,8],[6,9],[7,9],[7,11]],"alive":[[1],[4],[5],[6],[7],[8],[9],[10],[11]]},"carry_pending":false,"statements":38}
{"tick":57,"actual":{"root":[[1],[4],[5],[6],[7],[9]],"edge":[[0,3],[1,5],[1,8],[1,10],[1,11],[2,5],[3,5],[3,7],[3,8],[3,9],[4,5],[4,6],[4,11],[5,7],[6,7],[6,8],[6,9],[7,9],[7,11]],"alive":[[1],[4],[5],[6],[7],[8],[9],[10],[11]]},"carry_pending":false,"statements":38}
{"tick":58,"actual":{"root":[[1],[4],[5],[6],[7],[9]],"edge":[[0,3],[0,5],[1,5],[1,8],[1,10],[1,11],[2,5],[3,5],[3,7],[3,8],[3,9],[4,5],[4,6],[4,11],[5,7],[6,7],[6,8],[6,9],[7,9],[7,11]],"alive":[[1],[4],[5],[6],[7],[8],[9],[10],[11]]},"carry_pending":false,"statements":38}
{"tick":59,"actual":{"root":[[1],[4],[5],[6],[7],[9]],"edge":[[0,3],[0,5],[1,5],[1,8],[1,10],[1,11],[2,5],[2,8],[3,5],[3,7],[3,8],[3,9],[4,5],[4,6],[4,11],[5,7],[6,7],[6,8],[6,9],[7,9],[7,11]],"alive":[[1],[4],[5],[6],[7],[8],[9],[10],[11]]},"carry_pending":false,"statements":38}
{"tick":60,"actual":{"root":[[1],[4],[5],[6],[7],[9]],"edge":[[0,3],[0,5],[1,5],[1,8],[1,10],[1,11],[2,5],[2,8],[3,4],[3,5],[3,7],[3,8],[3,9],[4,5],[4,6],[4,11],[5,7],[6,7],[6,8],[6,9],[7,9],[7,11]],"alive":[[1],[4],[5],[6],[7],[8],[9],[10],[11]]},"carry_pending":false,"statements":38}
{"tick":61,"actual":{"root":[[1],[4],[5],[6],[9]],"edge":[[0,3],[0,5],[1,5],[1,8],[1,10],[1,11],[2,5],[2,8],[3,4],[3,5],[3,7],[3,8],[3,9],[4,5],[4,6],[4,11],[5,7],[6,7],[6,8],[6,9],[7,9],[7,11]],"alive":[[1],[4],[5],[6],[7],[8],[9],[10],[11]]},"carry_pending":false,"statements":81}
{"tick":62,"actual":{"root":[[1],[4],[5],[6],[9]],"edge":[[0,3],[0,5],[0,10],[1,5],[1,8],[1,10],[1,11],[2,5],[2,8],[3,4],[3,5],[3,7],[3,8],[3,9],[4,5],[4,6],[4,11],[5,7],[6,7],[6,8],[6,9],[7,9],[7,11]],"alive":[[1],[4],[5],[6],[7],[8],[9],[10],[11]]},"carry_pending":false,"statements":38}
{"tick":63,"actual":{"root":[[1],[4],[5],[6]],"edge":[[0,3],[0,5],[0,10],[1,5],[1,8],[1,10],[1,11],[2,5],[2,8],[3,4],[3,5],[3,7],[3,8],[3,9],[4,5],[4,6],[4,11],[5,7],[6,7],[6,8],[6,9],[7,9],[7,11]],"alive":[[1],[4],[5],[6],[7],[8],[9],[10],[11]]},"carry_pending":false,"statements":95}
{"tick":64,"actual":{"root":[[1],[4],[5],[6]],"edge":[[0,3],[0,5],[0,10],[1,5],[1,8],[1,10],[1,11],[2,5],[2,8],[3,4],[3,5],[3,7],[3,8],[3,9],[4,5],[4,6],[4,11],[5,7],[6,7],[6,8],[6,9],[7,8],[7,9],[7,11]],"alive":[[1],[4],[5],[6],[7],[8],[9],[10],[11]]},"carry_pending":false,"statements":38}
