{"tick":0,"actual":{"root":[],"edge":[],"alive":[]},"carry_pending":false,"statements":34}
{"tick":1,"actual":{"root":[],"edge":[[9,5]],"alive":[]},"carry_pending":false,"statements":38}
{"tick":2,"actual":{"root":[],"edge":[[1,1],[9,5]],"alive":[]},"carry_pending":false,"statements":38}
{"tick":3,"actual":{"root":[],"edge":[[1,1],[9,5],[11,2]],"alive":[]},"carry_pending":false,"statements":38}
{"tick":4,"actual":{"root":[[0]],"edge":[[1,1],[9,5],[11,2]],"alive":[[0]]},"carry_pending":false,"statements":38}
{"tick":5,"actual":{"root":[[0]],"edge":[[1,1],[9,0],[9,5],[11,2]],"alive":[[0]]},"carry_pending":false,"statements":38}
{"tick":6,"actual":{"root":[[0]],"edge":[[0,4],[1,1],[9,0],[9,5],[11,2]],"alive":[[0],[4]]},"carry_pending":false,"statements":38}
{"tick":7,"actual":{"root":[[0],[9]],"edge":[[0,4],[1,1],[9,0],[9,5],[11,2]],"alive":[[0],[4],[5],[9]]},"carry_pending":false,"statements":42}
{"tick":8,"actual":{"root":[[0]],"edge":[[0,4],[1,1],[9,0],[9,5],[11,2]],"alive":[[0],[4]]},"carry_pending":false,"statements":88}
{"tick":9,"actual":{"root":[[0]],"edge":[[0,4],[1,1],[2,6],[9,0],[9,5],[11,2]],"alive":[[0],[4]]},"carry_pending":false,"statements":38}
{"tick":10,"actual":{"root":[[0]],"edge":[[0,4],[1,1],[1,2],[2,6],[9,0],[9,5],[11,2]],"alive":[[0],[4]]},"carry_pending":false,"statements":38}
{"tick":11,"actual":{"root":[[0]],"edge":[[0,4],[1,1],[1,2],[2,6],[9,0],[9,5],[11,2],[11,10]],"alive":[[0],[4]]},"carry_pending":false,"statements":38}
{"tick":12,"actual":{"root":[[0]],"edge":[[0,4],[1,0],[1,1],[1,2],[2,6],[9,0],[9,5],[11,2],[11,10]],"alive":[[0],[4]]},"carry_pending":false,"statements":38}
{"tick":13,"actual":{"root":[[0]],"edge":[[0,4],[1,0],[1,1],[1,2],[1,5],[2,6],[9,0],[9,5],[11,2],[11,10]],"alive":[[0],[4]]},"carry_pending":false,"statements":38}
{"tick":14,"actual":{"root":[[0]],"edge":[[0,4],[1,0],[1,1],[1,2],[1,3],[1,5],[2,6],[9,0],[9,5],[11,2],[11,10]],"alive":[[0],[4]]},"carry_pending":false,"statements":38}
{"tick":15,"actual":{"root":[[0],[9]],"edge":[[0,4],[1,0],[1,1],[1,2],[1,3],[1,5],[2,6],[9,0],[9,5],[11,2],[11,10]],"alive":[[0],[4],[5],[9]]},"carry_pending":false,"statements":42}
{"tick":16,"actual":{"root":[[0],[9]],"edge":[[0,4],[1,0],[1,1],[1,2],[1,3],[1,5],[2,6],[8,6],[9,0],[9,5],[11,2],[11,10]],"alive":[[0],[4],[5],[9]]},"carry_pending":false,"statements":38}
{"tick":17,"actual":{"root":[[0],[9]],"edge":[[0,1],[0,4],[1,0],[1,1],[1,2],[1,3],[1,5],[2,6],[8,6],[9,0],[9,5],[11,2],[11,10]],"alive":[[0],[1],[2],[3],[4],[5],[6],[9]]},"carry_pending":false,"statements":46}
{"tick":18,"actual":{"root":[[0],[9]],"edge":[[0,1],[0,4],[1,0],[1,1],[1,2],[1,3],[1,5],[2,6],[3,7],[8,6],[9,0],[9,5],[11,2],[11,10]],"alive":[[0],[1],[2],[3],[4],[5],[6],[7],[9]]},"carry_pending":false,"statements":38}
{"tick":19,"actual":{"root":[[0],[3],[9]],"edge":[[0,1],[0,4],[1,0],[1,1],[1,2],[1,3],[1,5],[2,6],[3,7],[8,6],[9,0],[9,5],[11,2],[11,10]],"alive":[[0],[1],[2],[3],[4],[5],[6],[7],[9]]},"carry_pending":false,"statements":38}
{"tick":20,"actual":{"root":[[0],[3],[9]],"edge":[[0,1],[0,4],[1,0],[1,1],[1,2],[1,3],[1,5],[2,6],[3,7],[5,8],[8,6],[9,0],[9,5],[11,2],[11,10]],"alive":[[0],[1],[2],[3],[4],[5],[6],[7],[8],[9]]},"carry_pending":false,"statements":38}
{"tick":21,"actual":{"root":[[0],[3],[9]],"edge":[[0,1],[0,4],[1,0],[1,1],[1,2],[1,3],[1,5],[2,6],[3,7],[5,8],[6,8],[8,6],[9,0],[9,5],[11,2],[11,10]],"alive":[[0],[1],[2],[3],[4],[5],[6],[7],[8],[9]]},"carry_pending":false,"statements":38}
{"tick":22,"actual":{"root":[[0],[3],[9]],"edge":[[0,1],[0,4],[1,0],[1,1],[1,2],[1,3],[1,5],[2,6],[3,7],[5,8],[6,8],[8,6],[9,0],[9,3],[9,5],[11,2],[11,10]],"alive":[[0],[1],[2],[3],[4],[5],[6],[7],[8],[9]]},"carry_pending":false,"statements":38}
{"tick":23,"actual":{"root":[[0],[3],[9]],"edge":[[0,1],[0,4],[1,0],[1,1],[1,2],[1,3],[1,5],[2,6],[3,7],[5,8],[6,8],[8,6],[9,0],[9,3],[9,5],[11,2]],"alive":[[0],[1],[2],[3],[4],[5],[6],[7],[8],[9]]},"carry_pending":false,"statements":95}
{"tick":24,"actual":{"root":[[0],[3],[9]],"edge":[[0,1],[0,4],[1,0],[1,1],[1,2],[1,3],[1,5],[2,6],[3,7],[5,8],[6,4],[6,8],[8,6],[9,0],[9,3],[9,5],[11,2]],"alive":[[0],[1],[2],[3],[4],[5],[6],[7],[8],[9]]},"carry_pending":false,"statements":38}
{"tick":25,"actual":{"root":[[0],[3],[9]],"edge":[[0,1],[0,4],[1,0],[1,1],[1,2],[1,3],[1,5],[2,6],[2,9],[3,7],[5,8],[6,4],[6,8],[8,6],[9,0],[9,3],[9,5],[11,2]],"alive":[[0],[1],[2],[3],[4],[5],[6],[7],[8],[9]]},"carry_pending":false,"statements":38}
{"tick":26,"actual":{"root":[[0],[3],[9],[10]],"edge":[[0,1],[0,4],[1,0],[1,1],[1,2],[1,3],[1,5],[2,6],[2,9],[3,7],[5,8],[6,4],[6,8],[8,6],[9,0],[9,3],[9,5],[11,2]],"alive":[[0],[1],[2],[3],[4],[5],[6],[7],[8],[9],[10]]},"carry_pending":false,"statements":38}
{"tick":27,"actual":{"root":[[0],[3],[9],[10]],"edge":[[0,1],[0,4],[1,1],[1,2],[1,3],[1,5],[2,6],[2,9],[3,7],[5,8],[6,4],[6,8],[8,6],[9,0],[9,3],[9,5],[11,2]],"alive":[[0],[1],[2],[3],[4],[5],[6],[7],[8],[9],[10]]},"carry_pending":false,"statements":93}
{"tick":28,"actual":{"root":[[0],[3],[9],[10]],"edge":[[0,1],[0,4],[1,1],[1,2],[1,3],[1,5],[2,6],[2,9],[3,7],[5,8],[6,4],[6,8],[8,6],[9,0],[9,3],[9,5],[10,1],[11,2]],"alive":[[0],[1],[2],[3],[4],[5],[6],[7],[8],[9],[10]]},"carry_pending":false,"statements":38}
{"tick":29,"actual":{"root":[[0],[3],[9],[10]],"edge":[[0,1],[0,4],[1,1],[1,2],[1,3],[1,5],[2,6],[2,9],[3,7],[5,8],[6,4],[6,8],[6,9],[8,6],[9,0],[9,3],[9,5],[10,1],[11,2]],"alive":[[0],[1],[2],[3],[4],[5],[6],[7],[8],[9],[10]]},"carry_pending":false,"statements":38}
{"tick":30,"actual":{"root":[[0],[3],[9],[10]],"edge":[[0,1],[0,4],[0,6],[1,1],[1,2],[1,3],[1,5],[2,6],[2,9],[3,7],[5,8],[6,4],[6,8],[6,9],[8,6],[9,0],[9,3],[9,5],[10,1],[11,2]],"alive":[[0],[1],[2],[3],[4],[5],[6],[7],[8],[9],[10]]},"carry_pending":false,"statements":38}
{"tick":31,"actual":{"root":[[0],[3],[9],[10]],"edge":[[0,1],[0,4],[0,6],[1,1],[1,2],[1,3],[1,5],[1,9],[2,6],[2,9],[3,7],[5,8],[6,4],[6,8],[6,9],[8,6],[9,0],[9,3],[9,5],[10,1],[11,2]],"alive":[[0],[1],[2],[3],[4],[5],[6],[7],[8],[9],[10]]},"carry_pending":false,"statements":38}
{"tick":32,"actual":{"root":[[0],[1],[3],[9],[10]],"edge":[[0,1],[0,4],[0,6],[1,1],[1,2],[1,3],[1,5],[1,9],[2,6],[2,9],[3,7],[5,8],[6,4],[6,8],[6,9],[8,6],[9,0],[9,3],[9,5],[10,1],[11,2]],"alive":[[0],[1],[2],[3],[4],[5],[6],[7],[8],[9],[10]]},"carry_pending":false,"statements":38}
{"tick":33,"actual":{"root":[[0],[1],[3],[9],[10]],"edge":[[0,1],[0,4],[0,6],[1,1],[1,2],[1,3],[1,5],[1,9],[2,6],[2,9],[3,7],[5,8],[6,4],[6,8],[6,9],[8,6],[9,3],[9,5],[10,1],[11,2]],"alive":[[0],[1],[2],[3],[4],[5],[6],[7],[8],[9],[10]]},"carry_pending":false,"statements":87}
{"tick":34,"actual":{"root":[[0],[1],[3],[7],[9],[10]],"edge":[[0,1],[0,4],[0,6],[1,1],[1,2],[1,3],[1,5],[1,9],[2,6],[2,9],[3,7],[5,8],[6,4],[6,8],[6,9],[8,6],[9,3],[9,5],[10,1],[11,2]],"alive":[[0],[1],[2],[3],[4],[5],[6],[7],[8],[9],[10]]},"carry_pending":false,"statements":38}
{"tick":35,"actual":{"root":[[0],[1],[3],[7],[9],[10]],"edge":[[0,1],[0,4],[0,6],[1,1],[1,2],[1,3],[1,5],[1,9],[2,6],[2,9],[3,7],[5,8],[6,4],[6,8],[6,9],[8,6],[9,3],[9,5],[10,1],[11,2],[11,9]],"alive":[[0],[1],[2],[3],[4],[5],[6],[7],[8],[9],[10]]},"carry_pending":false,"statements":38}
{"tick":36,"actual":{"root":[[0],[1],[3],[7],[8],[9],[10]],"edge":[[0,1],[0,4],[0,6],[1,1],[1,2],[1,3],[1,5],[1,9],[2,6],[2,9],[3,7],[5,8],[6,4],[6,8],[6,9],[8,6],[9,3],[9,5],[10,1],[11,2],[11,9]],"alive":[[0],[1],[2],[3],[4],[5],[6],[7],[8],[9],[10]]},"carry_pending":false,"statements":38}
{"tick":37,"actual":{"root":[[0],[1],[3],[7],[8],[9],[10],[11]],"edge":[[0,1],[0,4],[0,6],[1,1],[1,2],[1,3],[1,5],[1,9],[2,6],[2,9],[3,7],[5,8],[6,4],[6,8],[6,9],[8,6],[9,3],[9,5],[10,1],[11,2],[11,9]],"alive":[[0],[1],[2],[3],[4],[5],[6],[7],[8],[9],[10],[11]]},"carry_pending":false,"statements":38}
{"tick":38,"actual":{"root":[[0],[1],[3],[7],[8],[9],[10],[11]],"edge":[[0,1],[0,4],[0,6],[1,1],[1,2],[1,3],[1,5],[1,9],[2,6],[2,9],[3,7],[5,8],[6,4],[6,7],[6,8],[6,9],[8,6],[9,3],[9,5],[10,1],[11,2],[11,9]],"alive":[[0],[1],[2],[3],[4],[5],[6],[7],[8],[9],[10],[11]]},"carry_pending":false,"statements":38}
{"tick":39,"actual":{"root":[[0],[1],[3],[7],[8],[9],[10],[11]],"edge":[[0,1],[0,4],[0,6],[1,1],[1,2],[1,3],[1,5],[1,9],[2,6],[2,9],[5,8],[6,4],[6,7],[6,8],[6,9],[8,6],[9,3],[9,5],[10,1],[11,2],[11,9]],"alive":[[0],[1],[2],[3],[4],[5],[6],[7],[8],[9],[10],[11]]},"carry_pending":false,"statements":95}
{"tick":40,"actual":{"root":[[0],[1],[3],[7],[8],[9],[11]],"edge":[[0,1],[0,4],[0,6],[1,1],[1,2],[1,3],[1,5],[1,9],[2,6],[2,9],[5,8],[6,4],[6,7],[6,8],[6,9],[8,6],[9,3],[9,5],[10,1],[11,2],[11,9]],"alive":[[0],[1],[2],[3],[4],[5],[6],[7],[8],[9],[11]]},"carry_pending":false,"statements":91}
{"tick":41,"actual":{"root":[[0],[1],[3],[7],[8],[9],[11]],"edge":[[0,1],[0,4],[0,6],[1,1],[1,2],[1,3],[1,5],[1,9],[2,6],[2,9],[5,8],[6,4],[6,7],[6,8],[6,9],[8,3],[8,6],[9,3],[9,5],[10,1],[11,2],[11,9]],"alive":[[0],[1],[2],[3],[4],[5],[6],[7],[8],[9],[11]]},"carry_pending":false,"statements":38}
{"tick":42,"actual":{"root":[[0],[1],[3],[7],[8],[9]],"edge":[[0,1],[0,4],[0,6],[1,1],[1,2],[1,3],[1,5],[1,9],[2,6],[2,9],[5,8],[6,4],[6,7],[6,8],[6,9],[8,3],[8,6],[9,3],[9,5],[10,1],[11,2],[11,9]],"alive":[[0],[1],[2],[3],[4],[5],[6],[7],[8],[9]]},"carry_pending":false,"statements":88}
{"tick":43,"actual":{"root":[[0],[1],[3],[5],[7],[8],[9]],"edge":[[0,1],[0,4],[0,6],[1,1],[1,2],[1,3],[1,5],[1,9],[2,6],[2,9],[5,8],[6,4],[6,7],[6,8],[6,9],[8,3],[8,6],[9,3],[9,5],[10,1],[11,2],[11,9]],"alive":[[0],[1],[2],[3],[4],[5],[6],[7],[8],[9]]},"carry_pending":false,"statements":38}
{"tick":44,"actual":{"root":[[0],[1],[3],[5],[7],[8],[9]],"edge":[[0,1],[0,4],[0,6],[1,1],[1,2],[1,3],[1,5],[1,9],[2,6],[2,9],[5,3],[5,8],[6,4],[6,7],[6,8],[6,9],[8,3],[8,6],[9,3],[9,5],[10,1],[11,2],[11,9]],"alive":[[0],[1],[2],[3],[4],[5],[6],[7],[8],[9]]},"carry_pending":false,"statements":38}
{"tick":45,"actual":{"root":[[0],[1],[3],[5],[7],[8],[9]],"edge":[[0,1],[0,4],[0,6],[1,1],[1,2],[1,3],[1,5],[1,9],[2,6],[2,9],[5,3],[5,8],[6,4],[6,7],[6,8],[6,9],[7,4],[8,3],[8,6],[9,3],[9,5],[10,1],[11,2],[11,9]],"alive":[[0],[1],[2],[3],[4],[5],[6],[7],[8],[9]]},"carry_pending":false,"statements":38}
{"tick":46,"actual":{"root":[[0],[1],[3],[5],[7],[8],[9]],"edge":[[0,1],[0,4],[0,6],[1,1],[1,2],[1,3],[1,5],[1,9],[2,6],[2,9],[5,3],[5,8],[6,4],[6,7],[6,8],[6,9],[7,4],[8,3],[8,6],[9,3],[9,5],[10,1],[11,2],[11,5],[11,9]],"alive":[[0],[1],[2],[3],[4],[5],[6],[7],[8],[9]]},"carry_pending":false,"statements":38}
{"tick":47,"actual":{"root":[[0],[1],[3],[5],[7],[8],[9]],"edge":[[0,1],[0,4],[0,6],[1,1],[1,2],[1,3],[1,5],[1,9],[2,6],[2,9],[5,3],[5,8],[6,4],[6,7],[6,8],[6,9],[7,4],[8,3],[8,6],[9,3],[9,5],[10,1],[11,2],[11,5],[11,8],[11,9]],"alive":[[0],[1],[2],[3],[4],[5],[6],[7],[8],[9]]},"carry_pending":false,"statements":38}
{"tick":48,"actual":{"root":[[0],[1],[3],[5],[7],[8],[9]],"edge":[[0,1],[0,4],[0,6],[1,1],[1,2],[1,3],[1,5],[1,9],[2,6],[2,9],[5,3],[5,8],[6,4],[6,7],[6,8],[6,9],[7,4],[8,3],[8,6],[9,3],[9,5],[10,1],[10,3],[11,2],[11,5],[11,8],[11,9]],"alive":[[0],[1],[2],[3],[4],[5],[6],[7],[8],[9]]},"carry_pending":false,"statements":38}
{"tick":49,"actual":{"root":[[0],[1],[3],[5],[7],[8],[9]],"edge":[[0,1],[0,4],[0,6],[1,1],[1,2],[1,3],[1,5],[1,9],[2,6],[2,9],[5,3],[5,8],[6,4],[6,7],[6,8],[6,9],[7,4],[8,3],[8,6],[9,3],[9,5],[10,1],[10,3],[11,2],[11,8],[11,9]],"alive":[[0],[1],[2],[3],[4],[5],[6],[7],[8],[9]]},"carry_pending":false,"statements":95}
{"tick":50,"actual":{"root":[[0],[1],[3],[4],[5],[7],[8],[9]],"edge":[[0,1],[0,4],[0,6],[1,1],[1,2],[1,3],[1,5],[1,9],[2,6],[2,9],[5,3],[5,8],[6,4],[6,7],[6,8],[6,9],[7,4],[8,3],[8,6],[9,3],[9,5],[10,1],[10,3],[11,2],[11,8],[11,9]],"alive":[[0],[1],[2],[3],[4],[5],[6],[7],[8],[9]]},"carry_pending":false,"statements":38}
{"tick":51,"actual":{"root":[[0],[1],[3],[4],[5],[7],[8],[9]],"edge":[[0,1],[0,4],[0,6],[1,1],[1,2],[1,3],[1,5],[1,9],[2,6],[2,9],[5,3],[5,8],[6,4],[6,7],[6,8],[6,9],[7,4],[8,3],[8,6],[9,3],[9,5],[9,7],[10,1],[10,3],[11,2],[11,8],[11,9]],"alive":[[0],[1],[2],[3],[4],[5],[6],[7],[8],[9]]},"carry_pending":false,"statements":38}
{"tick":52,"actual":{"root":[[0],[1],[3],[4],[5],[7],[8],[9]],"edge":[[0,1],[0,4],[0,6],[1,1],[1,2],[1,3],[1,5],[1,9],[2,6],[2,9],[5,3],[5,8],[6,4],[6,7],[6,8],[6,9],[7,4],[7,9],[8,3],[8,6],[9,3],[9,5],[9,7],[10,1],[10,3],[11,2],[11,8],[11,9]],"alive":[[0],[1],[2],[3],[4],[5],[6],[7],[8],[9]]},"carry_pending":false,"statements":38}
{"tick":53,"actual":{"root":[[0],[1],[3],[4],[5],[7],[8],[9]],"edge":[[0,1],[0,4],[0,6],[1,1],[1,2],[1,3],[1,5],[1,9],[2,6],[2,9],[5,3],[5,8],[6,4],[6,7],[6,8],[6,9],[7,4],[7,9],[8,3],[8,6],[9,3],[9,5],[10,1],[10,3],[11,2],[11,8],[11,9]],"alive":[[0],[1],[2],[3],[4],[5],[6],[7],[8],[9]]},"carry_pending":false,"statements":81}
{"tick":54,"actual":{"root":[[0],[1],[3],[4],[5],[7],[8],[9]],"edge":[[0,1],[0,4],[0,6],[1,1],[1,2],[1,3],[1,5],[1,9],[2,6],[2,9],[5,3],[5,8],[6,4],[6,7],[6,8],[6,9],[7,4],[7,9],[8,3],[8,6],[9,3],[9,5],[10,1],[10,3],[11,0],[11,2],[11,8],[11,9]],"alive":[[0],[1],[2],[3],[4],[5],[6],[7],[8],[9]]},"carry_pending":false,"statements":38}
{"tick":55,"actual":{"root":[[0],[1],[3],[4],[7],[8],[9]],"edge":[[0,1],[0,4],[0,6],[1,1],[1,2],[1,3],[1,5],[1,9],[2,6],[2,9],[5,3],[5,8],[6,4],[6,7],[6,8],[6,9],[7,4],[7,9],[8,3],[8,6],[9,3],[9,5],[10,1],[10,3],[11,0],[11,2],[11,8],[11,9]],"alive":[[0],[1],[2],[3],[4],[5],[6],[7],[8],[9]]},"carry_pending":false,"statements":81}
{"tick":56,"actual":{"root":[[0],[1],[2],[3],[4],[7],[8],[9]],"edge":[[0,1],[0,4],[0,6],[1,1],[1,2],[1,3],[1,5],[1,9],[2,6],[2,9],[5,3],[5,8],[6,4],[6,7],[6,8],[6,9],[7,4],[7,9],[8,3],[8,6],[9,3],[9,5],[10,1],[10,3],[11,0],[11,2],[11,8],[11,9]],"alive":[[0],[1],[2],[3],[4],[5],[6],[7],[8],[9]]},"carry_pending":false,"statements":38}
{"tick":57,"actual":{"root":[[0],[1],[2],[3],[4],[7],[8],[9]],"edge":[[0,1],[0,4],[0,6],[1,1],[1,2],[1,3],[1,5],[1,9],[2,6],[2,9],[5,3],[5,8],[6,4],[6,7],[6,8],[6,9],[7,4],[7,9],[8,3],[8,6],[9,3],[9,5],[10,1],[10,3],[10,5],[11,0],[11,2],[11,8],[11,9]],"alive":[[0],[1],[2],[3],[4],[5],[6],[7],[8],[9]]},"carry_pending":false,"statements":38}
{"tick":58,"actual":{"root":[[0],[1],[2],[3],[4],[7],[8],[9]],"edge":[[0,1],[0,4],[0,6],[1,1],[1,2],[1,3],[1,5],[1,9],[2,6],[2,9],[5,3],[5,8],[6,4],[6,7],[6,8],[6,9],[7,4],[7,9],[8,3],[8,6],[9,3],[9,5],[9,11],[10,1],[10,3],[10,5],[11,0],[11,2],[11,8],[11,9]],"alive":[[0],[1],[2],[3],[4],[5],[6],[7],[8],[9],[11]]},"carry_pending":false,"statements":38}
{"tick":59,"actual":{"root":[[0],[1],[2],[3],[4],[5],[7],[8],[9]],"edge":[[0,1],[0,4],[0,6],[1,1],[1,2],[1,3],[1,5],[1,9],[2,6],[2,9],[5,3],[5,8],[6,4],[6,7],[6,8],[6,9],[7,4],[7,9],[8,3],[8,6],[9,3],[9,5],[9,11],[10,1],[10,3],[10,5],[11,0],[11,2],[11,8],[11,9]],"alive":[[0],[1],[2],[3],[4],[5],[6],[7],[8],[9],[11]]},"carry_pending":false,"statements":38}
{"tick":60,"actual":{"root":[[0],[1],[2],[3],[4],[5],[7],[8],[9]],"edge":[[0,1],[0,4],[0,6],[0,11],[1,1],[1,2],[1,3],[1,5],[1,9],[2,6],[2,9],[5,3],[5,8],[6,4],[6,7],[6,8],[6,9],[7,4],[7,9],[8,3],[8,6],[9,3],[9,5],[9,11],[10,1],[10,3],[10,5],[11,0],[11,2],[11,8],[11,9]],"alive":[[0],[1],[2],[3],[4],[5],[6],[7],[8],[9],[11]]},"carry_pending":false,"statements":38}
{"tick":61,"actual":{"root":[[0],[1],[2],[3],[4],[5],[7],[8],[9]],"edge":[[0,1],[0,4],[0,6],[0,11],[1,1],[1,2],[1,3],[1,5],[1,9],[2,6],[2,9],[5,3],[5,8],[6,4],[6,7],[6,8],[6,9],[7,4],[7,9],[8,1],[8,3],[8,6],[9,3],[9,5],[9,11],[10,1],[10,3],[10,5],[11,0],[11,2],[11,8],[11,9]],"alive":[[0],[1],[2],[3],[4],[5],[6],[7],[8],[9],[11]]},"carry_pending":false,"statements":38}
{"tick":62,"actual":{"root":[[0],[1],[2],[3],[4],[5],[7],[8],[9]],"edge":[[0,1],[0,4],[0,6],[0,11],[1,1],[1,2],[1,3],[1,5],[1,7],[1,9],[2,6],[2,9],[5,3],[5,8],[6,4],[6,7],[6,8],[6,9],[7,4],[7,9],[8,1],[8,3],[8,6],[9,3],[9,5],[9,11],[10,1],[10,3],[10,5],[11,0],[11,2],[11,8],[11,9]],"alive":[[0],[1],[2],[3],[4],[5],[6],[7],[8],[9],[11]]},"carry_pending":false,"statements":38}
{"tick":63,"actual":{"root":[[0],[1],[2],[3],[4],[5],[7],[8],[9]],"edge":[[0,1],[0,4],[0,6],[0,11],[1,1],[1,2],[1,3],[1,5],[1,7],[1,9],[2,6],[2,9],[5,3],[5,8],[6,4],[6,7],[6,8],[6,9],[7,4],[7,9],[7,10],[8,1],[8,3],[8,6],[9,3],[9,5],[9,11],[10,1],[10,3],[10,5],[11,0],[11,2],[11,8],[11,9]],"alive":[[0],[1],[2],[3],[4],[5],[6],[7],[8],[9],[10],[11]]},"carry_pending":false,"statements":38}
{"tick":64,"actual":{"root":[[0],[1],[2],[3],[4],[7],[8],[9]],"edge":[[0,1],[0,4],[0,6],[0,11],[1,1],[1,2],[1,3],[1,5],[1,7],[1,9],[2,6],[2,9],[5,3],[5,8],[6,4],[6,7],[6,8],[6,9],[7,4],[7,9],[7,10],[8,1],[8,3],[8,6],[9,3],[9,5],[9,11],[10,1],[10,3],[10,5],[11,0],[11,2],[11,8],[11,9]],"alive":[[0],[1],[2],[3],[4],[5],[6],[7],[8],[9],[10],[11]]},"carry_pending":false,"statements":87}
