INPUT|sqlite-count-scc|0dda99eadff144d9a4065cfa603e29e6282c93d87ad25f2c14e0bb88ad1cd0a9
STATUS|sqlite-count-scc|ok|native RelStore specialized incremental cascade; materialize and count inside clocks; exact initial and survivor sets validated outside clocks; tagged-node input blake3=14955fe055a07105; survivor blake3=6e29820385bc6b56|process peak RSS includes setup and oracle; separate Rust allocation and SQLite C-heap high-water columns|DL_MEMCAP_MB=4096 caps live Rust allocations; SQLite C heap and total RSS are unenforced
CSV,sqlite-count-scc,402,696,180,2.362,0.894,21,6.2,0.11,0.29,0.07
EXIT_STATUS|0
OK   sqlite-count-scc 2x200 -> sqlite-count-scc,402,696,180,2.362,0.894,21,6.2,0.11,0.29,0.07
INPUT|sqlite-count-scc|55160e384ef11aad18268e39a8f4b7550e855816d4a54bbc812ebc7cf07fb27b
STATUS|sqlite-count-scc|ok|native RelStore specialized incremental cascade; materialize and count inside clocks; exact initial and survivor sets validated outside clocks; tagged-node input blake3=95e40b2476927975; survivor blake3=4965a69e9e8ee22d|process peak RSS includes setup and oracle; separate Rust allocation and SQLite C-heap high-water columns|DL_MEMCAP_MB=4096 caps live Rust allocations; SQLite C heap and total RSS are unenforced
CSV,sqlite-count-scc,12002,24096,1715,22.325,21.019,39,13.5,0.17,1.34,0.80
EXIT_STATUS|0
OK   sqlite-count-scc 6x2000 -> sqlite-count-scc,12002,24096,1715,22.325,21.019,39,13.5,0.17,1.34,0.80
INPUT|sqlite-count-scc|0f2fb9996c0c8b20d2c7f6526c9c614413ce6bcb2e3f65ae44f1dc4fa0915e41
STATUS|sqlite-count-scc|ok|native RelStore specialized incremental cascade; materialize and count inside clocks; exact initial and survivor sets validated outside clocks; tagged-node input blake3=968700d3a18355e1; survivor blake3=4513570c9a2459b4|process peak RSS includes setup and oracle; separate Rust allocation and SQLite C-heap high-water columns|DL_MEMCAP_MB=4096 caps live Rust allocations; SQLite C heap and total RSS are unenforced
CSV,sqlite-count-scc,160002,326667,18096,312.682,305.918,51,129.4,1.24,14.72,10.39
EXIT_STATUS|0
OK   sqlite-count-scc 8x20000 -> sqlite-count-scc,160002,326667,18096,312.682,305.918,51,129.4,1.24,14.72,10.39
INPUT|sqlite-dred-loop|0dda99eadff144d9a4065cfa603e29e6282c93d87ad25f2c14e0bb88ad1cd0a9
STATUS|sqlite-dred-loop|ok|native RelStore specialized incremental cascade; materialize and count inside clocks; exact initial and survivor sets validated outside clocks; tagged-node input blake3=14955fe055a07105; survivor blake3=6e29820385bc6b56|process peak RSS includes setup and oracle; separate Rust allocation and SQLite C-heap high-water columns|DL_MEMCAP_MB=4096 caps live Rust allocations; SQLite C heap and total RSS are unenforced
CSV,sqlite-dred-loop,402,696,180,4.614,0.976,31,6.6,0.11,0.29,0.07
EXIT_STATUS|0
OK   sqlite-dred-loop 2x200 -> sqlite-dred-loop,402,696,180,4.614,0.976,31,6.6,0.11,0.29,0.07
INPUT|sqlite-dred-loop|55160e384ef11aad18268e39a8f4b7550e855816d4a54bbc812ebc7cf07fb27b
STATUS|sqlite-dred-loop|ok|native RelStore specialized incremental cascade; materialize and count inside clocks; exact initial and survivor sets validated outside clocks; tagged-node input blake3=95e40b2476927975; survivor blake3=4965a69e9e8ee22d|process peak RSS includes setup and oracle; separate Rust allocation and SQLite C-heap high-water columns|DL_MEMCAP_MB=4096 caps live Rust allocations; SQLite C heap and total RSS are unenforced
CSV,sqlite-dred-loop,12002,24096,1715,22.495,20.999,53,14.2,0.17,1.34,0.80
EXIT_STATUS|0
OK   sqlite-dred-loop 6x2000 -> sqlite-dred-loop,12002,24096,1715,22.495,20.999,53,14.2,0.17,1.34,0.80
INPUT|sqlite-dred-loop|0f2fb9996c0c8b20d2c7f6526c9c614413ce6bcb2e3f65ae44f1dc4fa0915e41
STATUS|sqlite-dred-loop|ok|native RelStore specialized incremental cascade; materialize and count inside clocks; exact initial and survivor sets validated outside clocks; tagged-node input blake3=968700d3a18355e1; survivor blake3=4513570c9a2459b4|process peak RSS includes setup and oracle; separate Rust allocation and SQLite C-heap high-water columns|DL_MEMCAP_MB=4096 caps live Rust allocations; SQLite C heap and total RSS are unenforced
CSV,sqlite-dred-loop,160002,326667,18096,315.985,310.747,67,125.3,1.24,14.72,10.39
EXIT_STATUS|0
OK   sqlite-dred-loop 8x20000 -> sqlite-dred-loop,160002,326667,18096,315.985,310.747,67,125.3,1.24,14.72,10.39
INPUT|sqlite-dred-cte|0dda99eadff144d9a4065cfa603e29e6282c93d87ad25f2c14e0bb88ad1cd0a9
STATUS|sqlite-dred-cte|ok|native RelStore specialized incremental cascade; materialize and count inside clocks; exact initial and survivor sets validated outside clocks; tagged-node input blake3=14955fe055a07105; survivor blake3=6e29820385bc6b56|process peak RSS includes setup and oracle; separate Rust allocation and SQLite C-heap high-water columns|DL_MEMCAP_MB=4096 caps live Rust allocations; SQLite C heap and total RSS are unenforced
CSV,sqlite-dred-cte,402,696,180,4.902,0.825,6,6.6,0.11,0.29,0.07
EXIT_STATUS|0
OK   sqlite-dred-cte 2x200 -> sqlite-dred-cte,402,696,180,4.902,0.825,6,6.6,0.11,0.29,0.07
INPUT|sqlite-dred-cte|55160e384ef11aad18268e39a8f4b7550e855816d4a54bbc812ebc7cf07fb27b
STATUS|sqlite-dred-cte|ok|native RelStore specialized incremental cascade; materialize and count inside clocks; exact initial and survivor sets validated outside clocks; tagged-node input blake3=95e40b2476927975; survivor blake3=4965a69e9e8ee22d|process peak RSS includes setup and oracle; separate Rust allocation and SQLite C-heap high-water columns|DL_MEMCAP_MB=4096 caps live Rust allocations; SQLite C heap and total RSS are unenforced
CSV,sqlite-dred-cte,12002,24096,1715,22.863,31.126,6,14.5,0.17,1.56,0.80
EXIT_STATUS|0
OK   sqlite-dred-cte 6x2000 -> sqlite-dred-cte,12002,24096,1715,22.863,31.126,6,14.5,0.17,1.56,0.80
INPUT|sqlite-dred-cte|0f2fb9996c0c8b20d2c7f6526c9c614413ce6bcb2e3f65ae44f1dc4fa0915e41
STATUS|sqlite-dred-cte|ok|native RelStore specialized incremental cascade; materialize and count inside clocks; exact initial and survivor sets validated outside clocks; tagged-node input blake3=968700d3a18355e1; survivor blake3=4513570c9a2459b4|process peak RSS includes setup and oracle; separate Rust allocation and SQLite C-heap high-water columns|DL_MEMCAP_MB=4096 caps live Rust allocations; SQLite C heap and total RSS are unenforced
CSV,sqlite-dred-cte,160002,326667,18096,310.081,426.872,6,119.7,1.24,18.37,10.39
EXIT_STATUS|0
OK   sqlite-dred-cte 8x20000 -> sqlite-dred-cte,160002,326667,18096,310.081,426.872,6,119.7,1.24,18.37,10.39
INPUT|sqlite-signed-delta-v2|0dda99eadff144d9a4065cfa603e29e6282c93d87ad25f2c14e0bb88ad1cd0a9
STATUS|sqlite-signed-delta-v2|ok|full recursive recomputation from implicit zero-indegree roots excluding current seeds; validated single deletion only; repeated deletion and disconnected zero-weight cases fail sequence checks; materialize and count inside clocks; exact initial and survivor sets validated outside clocks; tagged-node input blake3=14955fe055a07105; survivor blake3=6e29820385bc6b56|process peak RSS includes setup and oracle; separate Rust allocation and SQLite C-heap high-water columns|DL_MEMCAP_MB=4096 caps live Rust allocations; SQLite C heap and total RSS are unenforced
CSV,sqlite-signed-delta-v2,402,696,180,4.384,0.403,3,6.5,0.11,0.29,0.07
EXIT_STATUS|0
OK   sqlite-signed-delta-v2 2x200 -> sqlite-signed-delta-v2,402,696,180,4.384,0.403,3,6.5,0.11,0.29,0.07
INPUT|sqlite-signed-delta-v2|55160e384ef11aad18268e39a8f4b7550e855816d4a54bbc812ebc7cf07fb27b
STATUS|sqlite-signed-delta-v2|ok|full recursive recomputation from implicit zero-indegree roots excluding current seeds; validated single deletion only; repeated deletion and disconnected zero-weight cases fail sequence checks; materialize and count inside clocks; exact initial and survivor sets validated outside clocks; tagged-node input blake3=95e40b2476927975; survivor blake3=4965a69e9e8ee22d|process peak RSS includes setup and oracle; separate Rust allocation and SQLite C-heap high-water columns|DL_MEMCAP_MB=4096 caps live Rust allocations; SQLite C heap and total RSS are unenforced
CSV,sqlite-signed-delta-v2,12002,24096,1715,22.644,13.439,3,13.3,0.17,1.38,0.80
EXIT_STATUS|0
OK   sqlite-signed-delta-v2 6x2000 -> sqlite-signed-delta-v2,12002,24096,1715,22.644,13.439,3,13.3,0.17,1.38,0.80
INPUT|sqlite-signed-delta-v2|0f2fb9996c0c8b20d2c7f6526c9c614413ce6bcb2e3f65ae44f1dc4fa0915e41
STATUS|sqlite-signed-delta-v2|ok|full recursive recomputation from implicit zero-indegree roots excluding current seeds; validated single deletion only; repeated deletion and disconnected zero-weight cases fail sequence checks; materialize and count inside clocks; exact initial and survivor sets validated outside clocks; tagged-node input blake3=968700d3a18355e1; survivor blake3=4513570c9a2459b4|process peak RSS includes setup and oracle; separate Rust allocation and SQLite C-heap high-water columns|DL_MEMCAP_MB=4096 caps live Rust allocations; SQLite C heap and total RSS are unenforced
CSV,sqlite-signed-delta-v2,160002,326667,18096,316.263,185.400,3,125.8,1.24,15.32,10.39
EXIT_STATUS|0
OK   sqlite-signed-delta-v2 8x20000 -> sqlite-signed-delta-v2,160002,326667,18096,316.263,185.400,3,125.8,1.24,15.32,10.39
(node:89934) ExperimentalWarning: Transform Types is an experimental feature and might change at any time
(Use `node --trace-warnings ...` to show where the warning was created)
INPUT|tsv2-runtime|0dda99eadff144d9a4065cfa603e29e6282c93d87ad25f2c14e0bb88ad1cd0a9
STATUS|tsv2-runtime|ok|compile_dl6 emitted program.tick through IncrementalRuntime; emitted recursive DRed plan; setup loads edges in 1000-row batches then roots; exact input edges and before/after sets match shared BFS outside clocks; count inside clocks|Node process RSS sampled after validation; in-memory libSQL store|DL_MEMCAP_MB limits Node old-space only; SQLite C heap and total RSS unenforced
CSV,tsv2-runtime,402,696,180,15.375,3.830,98,140.8,N/A,N/A,0
EXIT_STATUS|0
OK   tsv2-runtime 2x200 -> tsv2-runtime,402,696,180,15.375,3.830,98,140.8,N/A,N/A,0
(node:89956) ExperimentalWarning: Transform Types is an experimental feature and might change at any time
(Use `node --trace-warnings ...` to show where the warning was created)
INPUT|tsv2-runtime|55160e384ef11aad18268e39a8f4b7550e855816d4a54bbc812ebc7cf07fb27b
STATUS|tsv2-runtime|ok|compile_dl6 emitted program.tick through IncrementalRuntime; emitted recursive DRed plan; setup loads edges in 1000-row batches then roots; exact input edges and before/after sets match shared BFS outside clocks; count inside clocks|Node process RSS sampled after validation; in-memory libSQL store|DL_MEMCAP_MB limits Node old-space only; SQLite C heap and total RSS unenforced
CSV,tsv2-runtime,12002,24096,1715,301.253,46.078,107,192.9,N/A,N/A,0
EXIT_STATUS|0
OK   tsv2-runtime 6x2000 -> tsv2-runtime,12002,24096,1715,301.253,46.078,107,192.9,N/A,N/A,0
(node:89978) ExperimentalWarning: Transform Types is an experimental feature and might change at any time
(Use `node --trace-warnings ...` to show where the warning was created)
INPUT|tsv2-runtime|0f2fb9996c0c8b20d2c7f6526c9c614413ce6bcb2e3f65ae44f1dc4fa0915e41
STATUS|tsv2-runtime|ok|compile_dl6 emitted program.tick through IncrementalRuntime; emitted recursive DRed plan; setup loads edges in 1000-row batches then roots; exact input edges and before/after sets match shared BFS outside clocks; count inside clocks|Node process RSS sampled after validation; in-memory libSQL store|DL_MEMCAP_MB limits Node old-space only; SQLite C heap and total RSS unenforced
CSV,tsv2-runtime,160002,326667,18096,7438.247,747.709,113,731.9,N/A,N/A,0
EXIT_STATUS|0
OK   tsv2-runtime 8x20000 -> tsv2-runtime,160002,326667,18096,7438.247,747.709,113,731.9,N/A,N/A,0
INPUT|sprefa-engine-rs|0dda99eadff144d9a4065cfa603e29e6282c93d87ad25f2c14e0bb88ad1cd0a9
STATUS|sprefa-engine-rs|ok|compile_dl6 emit_rust program through drive_tick_transacted and GenProgram::run_tick; exact input edges and before/after sets match shared BFS outside clocks; count inside clocks|child-process peak RSS from time; in-memory rusqlite store|DL_MEMCAP_MB requested but unenforced for this adapter
CSV,sprefa-engine-rs,402,696,180,5.290,1.469,64,8.5,N/A,N/A,0
        0.01 real         0.00 user         0.00 sys
             8896512  maximum resident set size
                   0  average shared memory size
                   0  average unshared data size
                   0  average unshared stack size
                 704  page reclaims
                   0  page faults
                   0  swaps
                   0  block input operations
                   0  block output operations
                   0  messages sent
                   0  messages received
                   0  signals received
                   0  voluntary context switches
                   4  involuntary context switches
           129160838  instructions retired
            32928036  cycles elapsed
             4162752  peak memory footprint
EXIT_STATUS|0
OK   sprefa-engine-rs 2x200 -> sprefa-engine-rs,402,696,180,5.290,1.469,64,8.5,N/A,N/A,0
INPUT|sprefa-engine-rs|55160e384ef11aad18268e39a8f4b7550e855816d4a54bbc812ebc7cf07fb27b
STATUS|sprefa-engine-rs|ok|compile_dl6 emit_rust program through drive_tick_transacted and GenProgram::run_tick; exact input edges and before/after sets match shared BFS outside clocks; count inside clocks|child-process peak RSS from time; in-memory rusqlite store|DL_MEMCAP_MB requested but unenforced for this adapter
CSV,sprefa-engine-rs,12002,24096,1715,174.154,59.689,76,66.5,N/A,N/A,0
        0.24 real         0.23 user         0.01 sys
            69730304  maximum resident set size
                   0  average shared memory size
                   0  average unshared data size
                   0  average unshared stack size
                4417  page reclaims
                   0  page faults
                   0  swaps
                   0  block input operations
                   0  block output operations
                   0  messages sent
                   0  messages received
                   0  signals received
                   0  voluntary context switches
                  27  involuntary context switches
          3979928005  instructions retired
           812834822  cycles elapsed
            32097728  peak memory footprint
EXIT_STATUS|0
OK   sprefa-engine-rs 6x2000 -> sprefa-engine-rs,12002,24096,1715,174.154,59.689,76,66.5,N/A,N/A,0
INPUT|sprefa-engine-rs|0f2fb9996c0c8b20d2c7f6526c9c614413ce6bcb2e3f65ae44f1dc4fa0915e41
STATUS|sprefa-engine-rs|ok|compile_dl6 emit_rust program through drive_tick_transacted and GenProgram::run_tick; exact input edges and before/after sets match shared BFS outside clocks; count inside clocks|child-process peak RSS from time; in-memory rusqlite store|DL_MEMCAP_MB requested but unenforced for this adapter
CSV,sprefa-engine-rs,160002,326667,18096,2230.118,1078.669,88,536.3,N/A,N/A,0
        3.42 real         3.27 user         0.13 sys
           562315264  maximum resident set size
                   0  average shared memory size
                   0  average unshared data size
                   0  average unshared stack size
               35731  page reclaims
                   0  page faults
                   0  swaps
                   0  block input operations
                   0  block output operations
                   0  messages sent
                   0  messages received
                   0  signals received
                   0  voluntary context switches
                  98  involuntary context switches
         56386651012  instructions retired
         11457648881  cycles elapsed
           233851456  peak memory footprint
EXIT_STATUS|0
OK   sprefa-engine-rs 8x20000 -> sprefa-engine-rs,160002,326667,18096,2230.118,1078.669,88,536.3,N/A,N/A,0
INPUT|pglite-query|0dda99eadff144d9a4065cfa603e29e6282c93d87ad25f2c14e0bb88ad1cd0a9
STATUS|pglite-query|ok|ordinary recursive SQL full recomputation; timed phases end after materialization and count; exact before=ada7ea43e998e3ba1357b4270279f2976e2659c6e3dd768d0fbfc6a15cd11314 after=8b785b6ac760143407366be3159c6e44fe2b8c85bcb5e8201b33379e0d2fcb25; untimed transfer_ms before=0.907 after=0.444; untimed checksum_validation_ms before=0.605 after=0.081; PostgreSQL 18.3|sampled RSS of the Node process containing PGlite WASM|DL_MEMCAP_MB=4096 limits Node old-space only; total process RSS is unenforced
CSV,pglite-query,402,696,180,10.423,2.247,N/A,1069.9,N/A,N/A,38.125
EXIT_STATUS|0
OK   pglite-query 2x200 -> pglite-query,402,696,180,10.423,2.247,N/A,1069.9,N/A,N/A,38.125
INPUT|pglite-query|55160e384ef11aad18268e39a8f4b7550e855816d4a54bbc812ebc7cf07fb27b
STATUS|pglite-query|ok|ordinary recursive SQL full recomputation; timed phases end after materialization and count; exact before=5359ff08f251a47ab81d104beeff9633f95d50c30ea2ff1db9d40617983ca17b after=4f87d3e445a0a5e73efe07d7d3fb7bcc6705a16dd176b41a43c35fe6cf5f35d8; untimed transfer_ms before=15.063 after=12.927; untimed checksum_validation_ms before=3.734 after=1.963; PostgreSQL 18.3|sampled RSS of the Node process containing PGlite WASM|DL_MEMCAP_MB=4096 limits Node old-space only; total process RSS is unenforced
CSV,pglite-query,12002,24096,1715,62.814,29.484,N/A,1048.9,N/A,N/A,39.328
EXIT_STATUS|0
OK   pglite-query 6x2000 -> pglite-query,12002,24096,1715,62.814,29.484,N/A,1048.9,N/A,N/A,39.328
INPUT|pglite-query|0f2fb9996c0c8b20d2c7f6526c9c614413ce6bcb2e3f65ae44f1dc4fa0915e41
STATUS|pglite-query|ok|ordinary recursive SQL full recomputation; timed phases end after materialization and count; exact before=d5b111c00b9de6c6acc308845af36202735166f81b10ef25547078a8e03fcd77 after=3b230457cb44c24b2aee90922f65fd969e19e3cc990f50afe8e42176503a1e85; untimed transfer_ms before=204.635 after=162.054; untimed checksum_validation_ms before=27.616 after=24.178; PostgreSQL 18.3|sampled RSS of the Node process containing PGlite WASM|DL_MEMCAP_MB=4096 limits Node old-space only; total process RSS is unenforced
CSV,pglite-query,160002,326667,18096,811.091,444.714,N/A,1381.3,N/A,N/A,87.024
EXIT_STATUS|0
OK   pglite-query 8x20000 -> pglite-query,160002,326667,18096,811.091,444.714,N/A,1381.3,N/A,N/A,87.024
INPUT|native-postgres-query|0dda99eadff144d9a4065cfa603e29e6282c93d87ad25f2c14e0bb88ad1cd0a9
STATUS|native-postgres-query|ok|ordinary recursive SQL full recomputation; timed phases end after materialization and count; exact before=ada7ea43e998e3ba1357b4270279f2976e2659c6e3dd768d0fbfc6a15cd11314 after=8b785b6ac760143407366be3159c6e44fe2b8c85bcb5e8201b33379e0d2fcb25; untimed transfer_ms before=0.706 after=0.176; untimed checksum_validation_ms before=0.484 after=0.094; PostgreSQL 18.6|sampled sum of Node client and disposable PostgreSQL process-tree RSS; shared mappings may be counted more than once|DL_MEMCAP_MB=4096 is unenforced for total PostgreSQL memory
CSV,native-postgres-query,402,696,180,6.820,2.852,N/A,160.7,N/A,N/A,7.420
EXIT_STATUS|0
OK   native-postgres-query 2x200 -> native-postgres-query,402,696,180,6.820,2.852,N/A,160.7,N/A,N/A,7.420
INPUT|native-postgres-query|55160e384ef11aad18268e39a8f4b7550e855816d4a54bbc812ebc7cf07fb27b
STATUS|native-postgres-query|ok|ordinary recursive SQL full recomputation; timed phases end after materialization and count; exact before=5359ff08f251a47ab81d104beeff9633f95d50c30ea2ff1db9d40617983ca17b after=4f87d3e445a0a5e73efe07d7d3fb7bcc6705a16dd176b41a43c35fe6cf5f35d8; untimed transfer_ms before=6.103 after=2.619; untimed checksum_validation_ms before=3.617 after=2.244; PostgreSQL 18.6|sampled sum of Node client and disposable PostgreSQL process-tree RSS; shared mappings may be counted more than once|DL_MEMCAP_MB=4096 is unenforced for total PostgreSQL memory
CSV,native-postgres-query,12002,24096,1715,37.951,19.328,N/A,220.7,N/A,N/A,8.623
EXIT_STATUS|0
OK   native-postgres-query 6x2000 -> native-postgres-query,12002,24096,1715,37.951,19.328,N/A,220.7,N/A,N/A,8.623
INPUT|native-postgres-query|0f2fb9996c0c8b20d2c7f6526c9c614413ce6bcb2e3f65ae44f1dc4fa0915e41
STATUS|native-postgres-query|ok|ordinary recursive SQL full recomputation; timed phases end after materialization and count; exact before=d5b111c00b9de6c6acc308845af36202735166f81b10ef25547078a8e03fcd77 after=3b230457cb44c24b2aee90922f65fd969e19e3cc990f50afe8e42176503a1e85; untimed transfer_ms before=52.015 after=43.029; untimed checksum_validation_ms before=27.728 after=23.624; PostgreSQL 18.6|sampled sum of Node client and disposable PostgreSQL process-tree RSS; shared mappings may be counted more than once|DL_MEMCAP_MB=4096 is unenforced for total PostgreSQL memory
CSV,native-postgres-query,160002,326667,18096,525.276,247.458,N/A,480.4,N/A,N/A,24.318
EXIT_STATUS|0
OK   native-postgres-query 8x20000 -> native-postgres-query,160002,326667,18096,525.276,247.458,N/A,480.4,N/A,N/A,24.318
STATUS|pglite-pg_ivm|unsupported|pg_ivm rejects recursive WITH RECURSIVE view definitions|no process started|not applicable
EXIT_STATUS|0
STATUS pglite-pg_ivm 2x200 (see bench/results/repeated-proof-cyclic/measured-1/adapter-status.tsv)
STATUS|pglite-pg_ivm|unsupported|pg_ivm rejects recursive WITH RECURSIVE view definitions|no process started|not applicable
EXIT_STATUS|0
STATUS pglite-pg_ivm 6x2000 (see bench/results/repeated-proof-cyclic/measured-1/adapter-status.tsv)
STATUS|pglite-pg_ivm|unsupported|pg_ivm rejects recursive WITH RECURSIVE view definitions|no process started|not applicable
EXIT_STATUS|0
STATUS pglite-pg_ivm 8x20000 (see bench/results/repeated-proof-cyclic/measured-1/adapter-status.tsv)
STATUS|native-postgres-pg_ivm|unsupported|pg_ivm rejects recursive WITH RECURSIVE view definitions|no process started|not applicable
EXIT_STATUS|0
STATUS native-postgres-pg_ivm 2x200 (see bench/results/repeated-proof-cyclic/measured-1/adapter-status.tsv)
STATUS|native-postgres-pg_ivm|unsupported|pg_ivm rejects recursive WITH RECURSIVE view definitions|no process started|not applicable
EXIT_STATUS|0
STATUS native-postgres-pg_ivm 6x2000 (see bench/results/repeated-proof-cyclic/measured-1/adapter-status.tsv)
STATUS|native-postgres-pg_ivm|unsupported|pg_ivm rejects recursive WITH RECURSIVE view definitions|no process started|not applicable
EXIT_STATUS|0
STATUS native-postgres-pg_ivm 8x20000 (see bench/results/repeated-proof-cyclic/measured-1/adapter-status.tsv)
INPUT|swi-incr|0dda99eadff144d9a4065cfa603e29e6282c93d87ad25f2c14e0bb88ad1cd0a9
STATUS|swi-incr|ok|SWI incremental tabling; setup and retract end after table materialization and count; exact ordered initial set matches the generated node range and exact incremental survivor set matches cold table recomputation|process RSS sampled with ps after both phases|DL_MEMCAP_MB is passed by the harness but unenforced by this adapter
CSV,swi-incr,402,696,180,1,1,0,12.89
EXIT_STATUS|0
OK   swi-incr 2x200 -> swi-incr,402,696,180,1,1,0,12.89,N/A,N/A,N/A
INPUT|swi-incr|55160e384ef11aad18268e39a8f4b7550e855816d4a54bbc812ebc7cf07fb27b
STATUS|swi-incr|ok|SWI incremental tabling; setup and retract end after table materialization and count; exact ordered initial set matches the generated node range and exact incremental survivor set matches cold table recomputation|process RSS sampled with ps after both phases|DL_MEMCAP_MB is passed by the harness but unenforced by this adapter
CSV,swi-incr,12002,24096,1715,77,56,0,47.33
EXIT_STATUS|0
OK   swi-incr 6x2000 -> swi-incr,12002,24096,1715,77,56,0,47.33,N/A,N/A,N/A
INPUT|swi-incr|0f2fb9996c0c8b20d2c7f6526c9c614413ce6bcb2e3f65ae44f1dc4fa0915e41
STATUS|swi-incr|ok|SWI incremental tabling; setup and retract end after table materialization and count; exact ordered initial set matches the generated node range and exact incremental survivor set matches cold table recomputation|process RSS sampled with ps after both phases|DL_MEMCAP_MB is passed by the harness but unenforced by this adapter
CSV,swi-incr,160002,326667,18096,1146,1153,0,572.09
EXIT_STATUS|0
OK   swi-incr 8x20000 -> swi-incr,160002,326667,18096,1146,1153,0,572.09,N/A,N/A,N/A
INPUT|differential-dataflow|0dda99eadff144d9a4065cfa603e29e6282c93d87ad25f2c14e0bb88ad1cd0a9
STATUS|differential-dataflow|ok|differential-dataflow 0.25 with timely 0.31; shared layered graph; setup and retract end after fixed-point materialization and count; exact ordered sets match BFS oracle|process peak RSS from getrusage including untimed oracle allocations|DL_MEMCAP_MB=4096 caps live Rust allocations through CappedAlloc (0 disables); RLIMIT_AS and RLIMIT_DATA are also requested best-effort; total process RSS is not capped
[dd] SETUP nodes=402 edges=696 records=402 ms=4.360
[dd] RETRACT killed=180 survivors=222 records=180 ms=0.319
CSV,differential-dataflow,402,696,180,4.360,0.319,180,4.2
EXIT_STATUS|0
OK   differential-dataflow 2x200 -> differential-dataflow,402,696,180,4.360,0.319,180,4.2,N/A,N/A,N/A
INPUT|differential-dataflow|55160e384ef11aad18268e39a8f4b7550e855816d4a54bbc812ebc7cf07fb27b
STATUS|differential-dataflow|ok|differential-dataflow 0.25 with timely 0.31; shared layered graph; setup and retract end after fixed-point materialization and count; exact ordered sets match BFS oracle|process peak RSS from getrusage including untimed oracle allocations|DL_MEMCAP_MB=4096 caps live Rust allocations through CappedAlloc (0 disables); RLIMIT_AS and RLIMIT_DATA are also requested best-effort; total process RSS is not capped
[dd] SETUP nodes=12002 edges=24096 records=12002 ms=7.855
[dd] RETRACT killed=1715 survivors=10287 records=1715 ms=2.591
CSV,differential-dataflow,12002,24096,1715,7.855,2.591,1715,8.7
EXIT_STATUS|0
OK   differential-dataflow 6x2000 -> differential-dataflow,12002,24096,1715,7.855,2.591,1715,8.7,N/A,N/A,N/A
INPUT|differential-dataflow|0f2fb9996c0c8b20d2c7f6526c9c614413ce6bcb2e3f65ae44f1dc4fa0915e41
STATUS|differential-dataflow|ok|differential-dataflow 0.25 with timely 0.31; shared layered graph; setup and retract end after fixed-point materialization and count; exact ordered sets match BFS oracle|process peak RSS from getrusage including untimed oracle allocations|DL_MEMCAP_MB=4096 caps live Rust allocations through CappedAlloc (0 disables); RLIMIT_AS and RLIMIT_DATA are also requested best-effort; total process RSS is not capped
[dd] SETUP nodes=160002 edges=326667 records=160002 ms=109.638
[dd] RETRACT killed=18096 survivors=141906 records=18096 ms=28.947
CSV,differential-dataflow,160002,326667,18096,109.638,28.947,18096,73.7
EXIT_STATUS|0
OK   differential-dataflow 8x20000 -> differential-dataflow,160002,326667,18096,109.638,28.947,18096,73.7,N/A,N/A,N/A
STATUS|sqlite-count|unsupported|plain reference counting does not collect unsupported cycles; use SCC or DRed|no graph loaded|not applicable
EXIT_STATUS|0
STATUS sqlite-count 2x200 (see bench/results/repeated-proof-cyclic/measured-1/adapter-status.tsv)
STATUS|sqlite-count|unsupported|plain reference counting does not collect unsupported cycles; use SCC or DRed|no graph loaded|not applicable
EXIT_STATUS|0
STATUS sqlite-count 6x2000 (see bench/results/repeated-proof-cyclic/measured-1/adapter-status.tsv)
STATUS|sqlite-count|unsupported|plain reference counting does not collect unsupported cycles; use SCC or DRed|no graph loaded|not applicable
EXIT_STATUS|0
STATUS sqlite-count 8x20000 (see bench/results/repeated-proof-cyclic/measured-1/adapter-status.tsv)
== wrote bench/results/repeated-proof-cyclic/measured-1/results.csv ==
chart -> bench/results/repeated-proof-cyclic/measured-1/retract_ms.png
chart -> bench/results/repeated-proof-cyclic/measured-1/setup_ms.png
chart -> bench/results/repeated-proof-cyclic/measured-1/rss_mb.png
         line 0: warning: Skipping data file with no valid points
         line 0: warning: Skipping data file with no valid points
chart -> bench/results/repeated-proof-cyclic/measured-1/ops.png
== wrote bench/results/repeated-proof-cyclic/measured-1/REPORT.md and PNG charts in bench/results/repeated-proof-cyclic/measured-1/ ==
