INPUT|sqlite-signed-delta-v2|0dda99eadff144d9a4065cfa603e29e6282c93d87ad25f2c14e0bb88ad1cd0a9
STATUS|sqlite-signed-delta-v2|ok|full recursive recomputation from implicit zero-indegree roots excluding current seeds; validated single deletion only; repeated deletion and disconnected zero-weight cases fail sequence checks; materialize and count inside clocks; exact initial and survivor sets validated outside clocks; tagged-node input blake3=14955fe055a07105; survivor blake3=6e29820385bc6b56|process peak RSS includes setup and oracle; separate Rust allocation and SQLite C-heap high-water columns|DL_MEMCAP_MB=4096 caps live Rust allocations; SQLite C heap and total RSS are unenforced
CSV,sqlite-signed-delta-v2,402,696,180,2.477,0.400,3,6.2,0.11,0.29,0.07
EXIT_STATUS|0
OK   sqlite-signed-delta-v2 2x200 -> sqlite-signed-delta-v2,402,696,180,2.477,0.400,3,6.2,0.11,0.29,0.07
INPUT|sqlite-signed-delta-v2|55160e384ef11aad18268e39a8f4b7550e855816d4a54bbc812ebc7cf07fb27b
STATUS|sqlite-signed-delta-v2|ok|full recursive recomputation from implicit zero-indegree roots excluding current seeds; validated single deletion only; repeated deletion and disconnected zero-weight cases fail sequence checks; materialize and count inside clocks; exact initial and survivor sets validated outside clocks; tagged-node input blake3=95e40b2476927975; survivor blake3=4965a69e9e8ee22d|process peak RSS includes setup and oracle; separate Rust allocation and SQLite C-heap high-water columns|DL_MEMCAP_MB=4096 caps live Rust allocations; SQLite C heap and total RSS are unenforced
CSV,sqlite-signed-delta-v2,12002,24096,1715,22.231,13.092,3,13.6,0.17,1.38,0.80
EXIT_STATUS|0
OK   sqlite-signed-delta-v2 6x2000 -> sqlite-signed-delta-v2,12002,24096,1715,22.231,13.092,3,13.6,0.17,1.38,0.80
INPUT|sqlite-signed-delta-v2|0f2fb9996c0c8b20d2c7f6526c9c614413ce6bcb2e3f65ae44f1dc4fa0915e41
STATUS|sqlite-signed-delta-v2|ok|full recursive recomputation from implicit zero-indegree roots excluding current seeds; validated single deletion only; repeated deletion and disconnected zero-weight cases fail sequence checks; materialize and count inside clocks; exact initial and survivor sets validated outside clocks; tagged-node input blake3=968700d3a18355e1; survivor blake3=4513570c9a2459b4|process peak RSS includes setup and oracle; separate Rust allocation and SQLite C-heap high-water columns|DL_MEMCAP_MB=4096 caps live Rust allocations; SQLite C heap and total RSS are unenforced
CSV,sqlite-signed-delta-v2,160002,326667,18096,314.027,188.417,3,146.4,1.24,15.32,10.39
EXIT_STATUS|0
OK   sqlite-signed-delta-v2 8x20000 -> sqlite-signed-delta-v2,160002,326667,18096,314.027,188.417,3,146.4,1.24,15.32,10.39
(node:91081) ExperimentalWarning: Transform Types is an experimental feature and might change at any time
(Use `node --trace-warnings ...` to show where the warning was created)
INPUT|tsv2-runtime|0dda99eadff144d9a4065cfa603e29e6282c93d87ad25f2c14e0bb88ad1cd0a9
STATUS|tsv2-runtime|ok|compile_dl6 emitted program.tick through IncrementalRuntime; emitted recursive DRed plan; setup loads edges in 1000-row batches then roots; exact input edges and before/after sets match shared BFS outside clocks; count inside clocks|Node process RSS sampled after validation; in-memory libSQL store|DL_MEMCAP_MB limits Node old-space only; SQLite C heap and total RSS unenforced
CSV,tsv2-runtime,402,696,180,14.711,3.661,98,146.8,N/A,N/A,0
EXIT_STATUS|0
OK   tsv2-runtime 2x200 -> tsv2-runtime,402,696,180,14.711,3.661,98,146.8,N/A,N/A,0
(node:91103) ExperimentalWarning: Transform Types is an experimental feature and might change at any time
(Use `node --trace-warnings ...` to show where the warning was created)
INPUT|tsv2-runtime|55160e384ef11aad18268e39a8f4b7550e855816d4a54bbc812ebc7cf07fb27b
STATUS|tsv2-runtime|ok|compile_dl6 emitted program.tick through IncrementalRuntime; emitted recursive DRed plan; setup loads edges in 1000-row batches then roots; exact input edges and before/after sets match shared BFS outside clocks; count inside clocks|Node process RSS sampled after validation; in-memory libSQL store|DL_MEMCAP_MB limits Node old-space only; SQLite C heap and total RSS unenforced
CSV,tsv2-runtime,12002,24096,1715,302.153,47.284,107,191.6,N/A,N/A,0
EXIT_STATUS|0
OK   tsv2-runtime 6x2000 -> tsv2-runtime,12002,24096,1715,302.153,47.284,107,191.6,N/A,N/A,0
(node:91125) ExperimentalWarning: Transform Types is an experimental feature and might change at any time
(Use `node --trace-warnings ...` to show where the warning was created)
INPUT|tsv2-runtime|0f2fb9996c0c8b20d2c7f6526c9c614413ce6bcb2e3f65ae44f1dc4fa0915e41
STATUS|tsv2-runtime|ok|compile_dl6 emitted program.tick through IncrementalRuntime; emitted recursive DRed plan; setup loads edges in 1000-row batches then roots; exact input edges and before/after sets match shared BFS outside clocks; count inside clocks|Node process RSS sampled after validation; in-memory libSQL store|DL_MEMCAP_MB limits Node old-space only; SQLite C heap and total RSS unenforced
CSV,tsv2-runtime,160002,326667,18096,7307.737,713.982,113,750.5,N/A,N/A,0
EXIT_STATUS|0
OK   tsv2-runtime 8x20000 -> tsv2-runtime,160002,326667,18096,7307.737,713.982,113,750.5,N/A,N/A,0
INPUT|sprefa-engine-rs|0dda99eadff144d9a4065cfa603e29e6282c93d87ad25f2c14e0bb88ad1cd0a9
STATUS|sprefa-engine-rs|ok|compile_dl6 emit_rust program through drive_tick_transacted and GenProgram::run_tick; exact input edges and before/after sets match shared BFS outside clocks; count inside clocks|child-process peak RSS from time; in-memory rusqlite store|DL_MEMCAP_MB requested but unenforced for this adapter
CSV,sprefa-engine-rs,402,696,180,5.070,1.394,64,8.5,N/A,N/A,0
        0.00 real         0.00 user         0.00 sys
             8896512  maximum resident set size
                   0  average shared memory size
                   0  average unshared data size
                   0  average unshared stack size
                 704  page reclaims
                   0  page faults
                   0  swaps
                   0  block input operations
                   0  block output operations
                   0  messages sent
                   0  messages received
                   0  signals received
                   0  voluntary context switches
                   4  involuntary context switches
           129227681  instructions retired
            31297683  cycles elapsed
             4162752  peak memory footprint
EXIT_STATUS|0
OK   sprefa-engine-rs 2x200 -> sprefa-engine-rs,402,696,180,5.070,1.394,64,8.5,N/A,N/A,0
INPUT|sprefa-engine-rs|55160e384ef11aad18268e39a8f4b7550e855816d4a54bbc812ebc7cf07fb27b
STATUS|sprefa-engine-rs|ok|compile_dl6 emit_rust program through drive_tick_transacted and GenProgram::run_tick; exact input edges and before/after sets match shared BFS outside clocks; count inside clocks|child-process peak RSS from time; in-memory rusqlite store|DL_MEMCAP_MB requested but unenforced for this adapter
CSV,sprefa-engine-rs,12002,24096,1715,162.611,56.399,76,61.5,N/A,N/A,0
        0.22 real         0.21 user         0.00 sys
            64471040  maximum resident set size
                   0  average shared memory size
                   0  average unshared data size
                   0  average unshared stack size
                4096  page reclaims
                   0  page faults
                   0  swaps
                   0  block input operations
                   0  block output operations
                   0  messages sent
                   0  messages received
                   0  signals received
                   0  voluntary context switches
                   5  involuntary context switches
          3976477281  instructions retired
           790755818  cycles elapsed
            33326464  peak memory footprint
EXIT_STATUS|0
OK   sprefa-engine-rs 6x2000 -> sprefa-engine-rs,12002,24096,1715,162.611,56.399,76,61.5,N/A,N/A,0
INPUT|sprefa-engine-rs|0f2fb9996c0c8b20d2c7f6526c9c614413ce6bcb2e3f65ae44f1dc4fa0915e41
STATUS|sprefa-engine-rs|ok|compile_dl6 emit_rust program through drive_tick_transacted and GenProgram::run_tick; exact input edges and before/after sets match shared BFS outside clocks; count inside clocks|child-process peak RSS from time; in-memory rusqlite store|DL_MEMCAP_MB requested but unenforced for this adapter
CSV,sprefa-engine-rs,160002,326667,18096,2111.235,1060.081,88,542.7,N/A,N/A,0
        3.28 real         3.15 user         0.11 sys
           569081856  maximum resident set size
                   0  average shared memory size
                   0  average unshared data size
                   0  average unshared stack size
               36526  page reclaims
                   0  page faults
                   0  swaps
                   0  block input operations
                   0  block output operations
                   0  messages sent
                   0  messages received
                   0  signals received
                   0  voluntary context switches
                  38  involuntary context switches
         56299713184  instructions retired
         11329271684  cycles elapsed
           241832832  peak memory footprint
EXIT_STATUS|0
OK   sprefa-engine-rs 8x20000 -> sprefa-engine-rs,160002,326667,18096,2111.235,1060.081,88,542.7,N/A,N/A,0
INPUT|pglite-query|0dda99eadff144d9a4065cfa603e29e6282c93d87ad25f2c14e0bb88ad1cd0a9
STATUS|pglite-query|ok|ordinary recursive SQL full recomputation; timed phases end after materialization and count; exact before=ada7ea43e998e3ba1357b4270279f2976e2659c6e3dd768d0fbfc6a15cd11314 after=8b785b6ac760143407366be3159c6e44fe2b8c85bcb5e8201b33379e0d2fcb25; untimed transfer_ms before=0.923 after=0.450; untimed checksum_validation_ms before=0.614 after=0.087; PostgreSQL 18.3|sampled RSS of the Node process containing PGlite WASM|DL_MEMCAP_MB=4096 limits Node old-space only; total process RSS is unenforced
CSV,pglite-query,402,696,180,10.835,2.169,N/A,1068.1,N/A,N/A,38.125
EXIT_STATUS|0
OK   pglite-query 2x200 -> pglite-query,402,696,180,10.835,2.169,N/A,1068.1,N/A,N/A,38.125
INPUT|pglite-query|55160e384ef11aad18268e39a8f4b7550e855816d4a54bbc812ebc7cf07fb27b
STATUS|pglite-query|ok|ordinary recursive SQL full recomputation; timed phases end after materialization and count; exact before=5359ff08f251a47ab81d104beeff9633f95d50c30ea2ff1db9d40617983ca17b after=4f87d3e445a0a5e73efe07d7d3fb7bcc6705a16dd176b41a43c35fe6cf5f35d8; untimed transfer_ms before=15.141 after=12.533; untimed checksum_validation_ms before=3.655 after=1.875; PostgreSQL 18.3|sampled RSS of the Node process containing PGlite WASM|DL_MEMCAP_MB=4096 limits Node old-space only; total process RSS is unenforced
CSV,pglite-query,12002,24096,1715,62.069,29.008,N/A,1041.0,N/A,N/A,39.328
EXIT_STATUS|0
OK   pglite-query 6x2000 -> pglite-query,12002,24096,1715,62.069,29.008,N/A,1041.0,N/A,N/A,39.328
INPUT|pglite-query|0f2fb9996c0c8b20d2c7f6526c9c614413ce6bcb2e3f65ae44f1dc4fa0915e41
STATUS|pglite-query|ok|ordinary recursive SQL full recomputation; timed phases end after materialization and count; exact before=d5b111c00b9de6c6acc308845af36202735166f81b10ef25547078a8e03fcd77 after=3b230457cb44c24b2aee90922f65fd969e19e3cc990f50afe8e42176503a1e85; untimed transfer_ms before=203.993 after=161.869; untimed checksum_validation_ms before=25.881 after=23.234; PostgreSQL 18.3|sampled RSS of the Node process containing PGlite WASM|DL_MEMCAP_MB=4096 limits Node old-space only; total process RSS is unenforced
CSV,pglite-query,160002,326667,18096,803.629,442.891,N/A,1356.7,N/A,N/A,87.024
EXIT_STATUS|0
OK   pglite-query 8x20000 -> pglite-query,160002,326667,18096,803.629,442.891,N/A,1356.7,N/A,N/A,87.024
INPUT|native-postgres-query|0dda99eadff144d9a4065cfa603e29e6282c93d87ad25f2c14e0bb88ad1cd0a9
STATUS|native-postgres-query|ok|ordinary recursive SQL full recomputation; timed phases end after materialization and count; exact before=ada7ea43e998e3ba1357b4270279f2976e2659c6e3dd768d0fbfc6a15cd11314 after=8b785b6ac760143407366be3159c6e44fe2b8c85bcb5e8201b33379e0d2fcb25; untimed transfer_ms before=0.691 after=0.181; untimed checksum_validation_ms before=0.474 after=0.087; PostgreSQL 18.6|sampled sum of Node client and disposable PostgreSQL process-tree RSS; shared mappings may be counted more than once|DL_MEMCAP_MB=4096 is unenforced for total PostgreSQL memory
CSV,native-postgres-query,402,696,180,7.117,2.949,N/A,160.2,N/A,N/A,7.420
EXIT_STATUS|0
OK   native-postgres-query 2x200 -> native-postgres-query,402,696,180,7.117,2.949,N/A,160.2,N/A,N/A,7.420
INPUT|native-postgres-query|55160e384ef11aad18268e39a8f4b7550e855816d4a54bbc812ebc7cf07fb27b
STATUS|native-postgres-query|ok|ordinary recursive SQL full recomputation; timed phases end after materialization and count; exact before=5359ff08f251a47ab81d104beeff9633f95d50c30ea2ff1db9d40617983ca17b after=4f87d3e445a0a5e73efe07d7d3fb7bcc6705a16dd176b41a43c35fe6cf5f35d8; untimed transfer_ms before=6.542 after=2.841; untimed checksum_validation_ms before=3.602 after=2.067; PostgreSQL 18.6|sampled sum of Node client and disposable PostgreSQL process-tree RSS; shared mappings may be counted more than once|DL_MEMCAP_MB=4096 is unenforced for total PostgreSQL memory
CSV,native-postgres-query,12002,24096,1715,37.854,20.082,N/A,219.5,N/A,N/A,8.623
EXIT_STATUS|0
OK   native-postgres-query 6x2000 -> native-postgres-query,12002,24096,1715,37.854,20.082,N/A,219.5,N/A,N/A,8.623
INPUT|native-postgres-query|0f2fb9996c0c8b20d2c7f6526c9c614413ce6bcb2e3f65ae44f1dc4fa0915e41
STATUS|native-postgres-query|ok|ordinary recursive SQL full recomputation; timed phases end after materialization and count; exact before=d5b111c00b9de6c6acc308845af36202735166f81b10ef25547078a8e03fcd77 after=3b230457cb44c24b2aee90922f65fd969e19e3cc990f50afe8e42176503a1e85; untimed transfer_ms before=50.759 after=42.256; untimed checksum_validation_ms before=27.165 after=22.862; PostgreSQL 18.6|sampled sum of Node client and disposable PostgreSQL process-tree RSS; shared mappings may be counted more than once|DL_MEMCAP_MB=4096 is unenforced for total PostgreSQL memory
CSV,native-postgres-query,160002,326667,18096,471.333,241.759,N/A,488.1,N/A,N/A,24.318
EXIT_STATUS|0
OK   native-postgres-query 8x20000 -> native-postgres-query,160002,326667,18096,471.333,241.759,N/A,488.1,N/A,N/A,24.318
STATUS|pglite-pg_ivm|unsupported|pg_ivm rejects recursive WITH RECURSIVE view definitions|no process started|not applicable
EXIT_STATUS|0
STATUS pglite-pg_ivm 2x200 (see bench/results/repeated-proof-cyclic/measured-2/adapter-status.tsv)
STATUS|pglite-pg_ivm|unsupported|pg_ivm rejects recursive WITH RECURSIVE view definitions|no process started|not applicable
EXIT_STATUS|0
STATUS pglite-pg_ivm 6x2000 (see bench/results/repeated-proof-cyclic/measured-2/adapter-status.tsv)
STATUS|pglite-pg_ivm|unsupported|pg_ivm rejects recursive WITH RECURSIVE view definitions|no process started|not applicable
EXIT_STATUS|0
STATUS pglite-pg_ivm 8x20000 (see bench/results/repeated-proof-cyclic/measured-2/adapter-status.tsv)
STATUS|native-postgres-pg_ivm|unsupported|pg_ivm rejects recursive WITH RECURSIVE view definitions|no process started|not applicable
EXIT_STATUS|0
STATUS native-postgres-pg_ivm 2x200 (see bench/results/repeated-proof-cyclic/measured-2/adapter-status.tsv)
STATUS|native-postgres-pg_ivm|unsupported|pg_ivm rejects recursive WITH RECURSIVE view definitions|no process started|not applicable
EXIT_STATUS|0
STATUS native-postgres-pg_ivm 6x2000 (see bench/results/repeated-proof-cyclic/measured-2/adapter-status.tsv)
STATUS|native-postgres-pg_ivm|unsupported|pg_ivm rejects recursive WITH RECURSIVE view definitions|no process started|not applicable
EXIT_STATUS|0
STATUS native-postgres-pg_ivm 8x20000 (see bench/results/repeated-proof-cyclic/measured-2/adapter-status.tsv)
INPUT|swi-incr|0dda99eadff144d9a4065cfa603e29e6282c93d87ad25f2c14e0bb88ad1cd0a9
STATUS|swi-incr|ok|SWI incremental tabling; setup and retract end after table materialization and count; exact ordered initial set matches the generated node range and exact incremental survivor set matches cold table recomputation|process RSS sampled with ps after both phases|DL_MEMCAP_MB is passed by the harness but unenforced by this adapter
CSV,swi-incr,402,696,180,1,1,0,12.98
EXIT_STATUS|0
OK   swi-incr 2x200 -> swi-incr,402,696,180,1,1,0,12.98,N/A,N/A,N/A
INPUT|swi-incr|55160e384ef11aad18268e39a8f4b7550e855816d4a54bbc812ebc7cf07fb27b
STATUS|swi-incr|ok|SWI incremental tabling; setup and retract end after table materialization and count; exact ordered initial set matches the generated node range and exact incremental survivor set matches cold table recomputation|process RSS sampled with ps after both phases|DL_MEMCAP_MB is passed by the harness but unenforced by this adapter
CSV,swi-incr,12002,24096,1715,73,63,0,48.77
EXIT_STATUS|0
OK   swi-incr 6x2000 -> swi-incr,12002,24096,1715,73,63,0,48.77,N/A,N/A,N/A
INPUT|swi-incr|0f2fb9996c0c8b20d2c7f6526c9c614413ce6bcb2e3f65ae44f1dc4fa0915e41
STATUS|swi-incr|ok|SWI incremental tabling; setup and retract end after table materialization and count; exact ordered initial set matches the generated node range and exact incremental survivor set matches cold table recomputation|process RSS sampled with ps after both phases|DL_MEMCAP_MB is passed by the harness but unenforced by this adapter
CSV,swi-incr,160002,326667,18096,1111,1163,0,666.05
EXIT_STATUS|0
OK   swi-incr 8x20000 -> swi-incr,160002,326667,18096,1111,1163,0,666.05,N/A,N/A,N/A
INPUT|differential-dataflow|0dda99eadff144d9a4065cfa603e29e6282c93d87ad25f2c14e0bb88ad1cd0a9
STATUS|differential-dataflow|ok|differential-dataflow 0.25 with timely 0.31; shared layered graph; setup and retract end after fixed-point materialization and count; exact ordered sets match BFS oracle|process peak RSS from getrusage including untimed oracle allocations|DL_MEMCAP_MB=4096 caps live Rust allocations through CappedAlloc (0 disables); RLIMIT_AS and RLIMIT_DATA are also requested best-effort; total process RSS is not capped
[dd] SETUP nodes=402 edges=696 records=402 ms=0.601
[dd] RETRACT killed=180 survivors=222 records=180 ms=0.342
CSV,differential-dataflow,402,696,180,0.601,0.342,180,4.0
EXIT_STATUS|0
OK   differential-dataflow 2x200 -> differential-dataflow,402,696,180,0.601,0.342,180,4.0,N/A,N/A,N/A
INPUT|differential-dataflow|55160e384ef11aad18268e39a8f4b7550e855816d4a54bbc812ebc7cf07fb27b
STATUS|differential-dataflow|ok|differential-dataflow 0.25 with timely 0.31; shared layered graph; setup and retract end after fixed-point materialization and count; exact ordered sets match BFS oracle|process peak RSS from getrusage including untimed oracle allocations|DL_MEMCAP_MB=4096 caps live Rust allocations through CappedAlloc (0 disables); RLIMIT_AS and RLIMIT_DATA are also requested best-effort; total process RSS is not capped
[dd] SETUP nodes=12002 edges=24096 records=12002 ms=7.939
[dd] RETRACT killed=1715 survivors=10287 records=1715 ms=2.668
CSV,differential-dataflow,12002,24096,1715,7.939,2.668,1715,8.7
EXIT_STATUS|0
OK   differential-dataflow 6x2000 -> differential-dataflow,12002,24096,1715,7.939,2.668,1715,8.7,N/A,N/A,N/A
INPUT|differential-dataflow|0f2fb9996c0c8b20d2c7f6526c9c614413ce6bcb2e3f65ae44f1dc4fa0915e41
STATUS|differential-dataflow|ok|differential-dataflow 0.25 with timely 0.31; shared layered graph; setup and retract end after fixed-point materialization and count; exact ordered sets match BFS oracle|process peak RSS from getrusage including untimed oracle allocations|DL_MEMCAP_MB=4096 caps live Rust allocations through CappedAlloc (0 disables); RLIMIT_AS and RLIMIT_DATA are also requested best-effort; total process RSS is not capped
[dd] SETUP nodes=160002 edges=326667 records=160002 ms=109.384
[dd] RETRACT killed=18096 survivors=141906 records=18096 ms=29.176
CSV,differential-dataflow,160002,326667,18096,109.384,29.176,18096,73.7
EXIT_STATUS|0
OK   differential-dataflow 8x20000 -> differential-dataflow,160002,326667,18096,109.384,29.176,18096,73.7,N/A,N/A,N/A
STATUS|sqlite-count|unsupported|plain reference counting does not collect unsupported cycles; use SCC or DRed|no graph loaded|not applicable
EXIT_STATUS|0
STATUS sqlite-count 2x200 (see bench/results/repeated-proof-cyclic/measured-2/adapter-status.tsv)
STATUS|sqlite-count|unsupported|plain reference counting does not collect unsupported cycles; use SCC or DRed|no graph loaded|not applicable
EXIT_STATUS|0
STATUS sqlite-count 6x2000 (see bench/results/repeated-proof-cyclic/measured-2/adapter-status.tsv)
STATUS|sqlite-count|unsupported|plain reference counting does not collect unsupported cycles; use SCC or DRed|no graph loaded|not applicable
EXIT_STATUS|0
STATUS sqlite-count 8x20000 (see bench/results/repeated-proof-cyclic/measured-2/adapter-status.tsv)
INPUT|sqlite-count-scc|0dda99eadff144d9a4065cfa603e29e6282c93d87ad25f2c14e0bb88ad1cd0a9
STATUS|sqlite-count-scc|ok|native RelStore specialized incremental cascade; materialize and count inside clocks; exact initial and survivor sets validated outside clocks; tagged-node input blake3=14955fe055a07105; survivor blake3=6e29820385bc6b56|process peak RSS includes setup and oracle; separate Rust allocation and SQLite C-heap high-water columns|DL_MEMCAP_MB=4096 caps live Rust allocations; SQLite C heap and total RSS are unenforced
CSV,sqlite-count-scc,402,696,180,2.198,0.780,21,5.9,0.11,0.29,0.07
EXIT_STATUS|0
OK   sqlite-count-scc 2x200 -> sqlite-count-scc,402,696,180,2.198,0.780,21,5.9,0.11,0.29,0.07
INPUT|sqlite-count-scc|55160e384ef11aad18268e39a8f4b7550e855816d4a54bbc812ebc7cf07fb27b
STATUS|sqlite-count-scc|ok|native RelStore specialized incremental cascade; materialize and count inside clocks; exact initial and survivor sets validated outside clocks; tagged-node input blake3=95e40b2476927975; survivor blake3=4965a69e9e8ee22d|process peak RSS includes setup and oracle; separate Rust allocation and SQLite C-heap high-water columns|DL_MEMCAP_MB=4096 caps live Rust allocations; SQLite C heap and total RSS are unenforced
CSV,sqlite-count-scc,12002,24096,1715,22.460,20.678,39,14.1,0.17,1.34,0.80
EXIT_STATUS|0
OK   sqlite-count-scc 6x2000 -> sqlite-count-scc,12002,24096,1715,22.460,20.678,39,14.1,0.17,1.34,0.80
INPUT|sqlite-count-scc|0f2fb9996c0c8b20d2c7f6526c9c614413ce6bcb2e3f65ae44f1dc4fa0915e41
STATUS|sqlite-count-scc|ok|native RelStore specialized incremental cascade; materialize and count inside clocks; exact initial and survivor sets validated outside clocks; tagged-node input blake3=968700d3a18355e1; survivor blake3=4513570c9a2459b4|process peak RSS includes setup and oracle; separate Rust allocation and SQLite C-heap high-water columns|DL_MEMCAP_MB=4096 caps live Rust allocations; SQLite C heap and total RSS are unenforced
CSV,sqlite-count-scc,160002,326667,18096,317.758,307.445,51,121.8,1.24,14.72,10.39
EXIT_STATUS|0
OK   sqlite-count-scc 8x20000 -> sqlite-count-scc,160002,326667,18096,317.758,307.445,51,121.8,1.24,14.72,10.39
INPUT|sqlite-dred-loop|0dda99eadff144d9a4065cfa603e29e6282c93d87ad25f2c14e0bb88ad1cd0a9
STATUS|sqlite-dred-loop|ok|native RelStore specialized incremental cascade; materialize and count inside clocks; exact initial and survivor sets validated outside clocks; tagged-node input blake3=14955fe055a07105; survivor blake3=6e29820385bc6b56|process peak RSS includes setup and oracle; separate Rust allocation and SQLite C-heap high-water columns|DL_MEMCAP_MB=4096 caps live Rust allocations; SQLite C heap and total RSS are unenforced
CSV,sqlite-dred-loop,402,696,180,4.798,1.005,31,6.5,0.11,0.29,0.07
EXIT_STATUS|0
OK   sqlite-dred-loop 2x200 -> sqlite-dred-loop,402,696,180,4.798,1.005,31,6.5,0.11,0.29,0.07
INPUT|sqlite-dred-loop|55160e384ef11aad18268e39a8f4b7550e855816d4a54bbc812ebc7cf07fb27b
STATUS|sqlite-dred-loop|ok|native RelStore specialized incremental cascade; materialize and count inside clocks; exact initial and survivor sets validated outside clocks; tagged-node input blake3=95e40b2476927975; survivor blake3=4965a69e9e8ee22d|process peak RSS includes setup and oracle; separate Rust allocation and SQLite C-heap high-water columns|DL_MEMCAP_MB=4096 caps live Rust allocations; SQLite C heap and total RSS are unenforced
CSV,sqlite-dred-loop,12002,24096,1715,22.720,20.745,53,13.4,0.17,1.34,0.80
EXIT_STATUS|0
OK   sqlite-dred-loop 6x2000 -> sqlite-dred-loop,12002,24096,1715,22.720,20.745,53,13.4,0.17,1.34,0.80
INPUT|sqlite-dred-loop|0f2fb9996c0c8b20d2c7f6526c9c614413ce6bcb2e3f65ae44f1dc4fa0915e41
STATUS|sqlite-dred-loop|ok|native RelStore specialized incremental cascade; materialize and count inside clocks; exact initial and survivor sets validated outside clocks; tagged-node input blake3=968700d3a18355e1; survivor blake3=4513570c9a2459b4|process peak RSS includes setup and oracle; separate Rust allocation and SQLite C-heap high-water columns|DL_MEMCAP_MB=4096 caps live Rust allocations; SQLite C heap and total RSS are unenforced
CSV,sqlite-dred-loop,160002,326667,18096,315.751,306.632,67,119.4,1.24,14.72,10.39
EXIT_STATUS|0
OK   sqlite-dred-loop 8x20000 -> sqlite-dred-loop,160002,326667,18096,315.751,306.632,67,119.4,1.24,14.72,10.39
INPUT|sqlite-dred-cte|0dda99eadff144d9a4065cfa603e29e6282c93d87ad25f2c14e0bb88ad1cd0a9
STATUS|sqlite-dred-cte|ok|native RelStore specialized incremental cascade; materialize and count inside clocks; exact initial and survivor sets validated outside clocks; tagged-node input blake3=14955fe055a07105; survivor blake3=6e29820385bc6b56|process peak RSS includes setup and oracle; separate Rust allocation and SQLite C-heap high-water columns|DL_MEMCAP_MB=4096 caps live Rust allocations; SQLite C heap and total RSS are unenforced
CSV,sqlite-dred-cte,402,696,180,5.201,0.767,6,6.6,0.11,0.29,0.07
EXIT_STATUS|0
OK   sqlite-dred-cte 2x200 -> sqlite-dred-cte,402,696,180,5.201,0.767,6,6.6,0.11,0.29,0.07
INPUT|sqlite-dred-cte|55160e384ef11aad18268e39a8f4b7550e855816d4a54bbc812ebc7cf07fb27b
STATUS|sqlite-dred-cte|ok|native RelStore specialized incremental cascade; materialize and count inside clocks; exact initial and survivor sets validated outside clocks; tagged-node input blake3=95e40b2476927975; survivor blake3=4965a69e9e8ee22d|process peak RSS includes setup and oracle; separate Rust allocation and SQLite C-heap high-water columns|DL_MEMCAP_MB=4096 caps live Rust allocations; SQLite C heap and total RSS are unenforced
CSV,sqlite-dred-cte,12002,24096,1715,23.540,30.582,6,15.9,0.17,1.56,0.80
EXIT_STATUS|0
OK   sqlite-dred-cte 6x2000 -> sqlite-dred-cte,12002,24096,1715,23.540,30.582,6,15.9,0.17,1.56,0.80
INPUT|sqlite-dred-cte|0f2fb9996c0c8b20d2c7f6526c9c614413ce6bcb2e3f65ae44f1dc4fa0915e41
STATUS|sqlite-dred-cte|ok|native RelStore specialized incremental cascade; materialize and count inside clocks; exact initial and survivor sets validated outside clocks; tagged-node input blake3=968700d3a18355e1; survivor blake3=4513570c9a2459b4|process peak RSS includes setup and oracle; separate Rust allocation and SQLite C-heap high-water columns|DL_MEMCAP_MB=4096 caps live Rust allocations; SQLite C heap and total RSS are unenforced
CSV,sqlite-dred-cte,160002,326667,18096,314.661,432.373,6,125.2,1.24,18.37,10.39
EXIT_STATUS|0
OK   sqlite-dred-cte 8x20000 -> sqlite-dred-cte,160002,326667,18096,314.661,432.373,6,125.2,1.24,18.37,10.39
== wrote bench/results/repeated-proof-cyclic/measured-2/results.csv ==
chart -> bench/results/repeated-proof-cyclic/measured-2/retract_ms.png
chart -> bench/results/repeated-proof-cyclic/measured-2/setup_ms.png
chart -> bench/results/repeated-proof-cyclic/measured-2/rss_mb.png
         line 0: warning: Skipping data file with no valid points
         line 0: warning: Skipping data file with no valid points
chart -> bench/results/repeated-proof-cyclic/measured-2/ops.png
== wrote bench/results/repeated-proof-cyclic/measured-2/REPORT.md and PNG charts in bench/results/repeated-proof-cyclic/measured-2/ ==
