INPUT|pglite-query|0dda99eadff144d9a4065cfa603e29e6282c93d87ad25f2c14e0bb88ad1cd0a9
STATUS|pglite-query|ok|ordinary recursive SQL full recomputation; timed phases end after materialization and count; exact before=ada7ea43e998e3ba1357b4270279f2976e2659c6e3dd768d0fbfc6a15cd11314 after=8b785b6ac760143407366be3159c6e44fe2b8c85bcb5e8201b33379e0d2fcb25; untimed transfer_ms before=0.955 after=0.459; untimed checksum_validation_ms before=0.678 after=0.093; PostgreSQL 18.3|sampled RSS of the Node process containing PGlite WASM|DL_MEMCAP_MB=4096 limits Node old-space only; total process RSS is unenforced
CSV,pglite-query,402,696,180,11.785,2.251,N/A,1073.1,N/A,N/A,38.125
EXIT_STATUS|0
OK   pglite-query 2x200 -> pglite-query,402,696,180,11.785,2.251,N/A,1073.1,N/A,N/A,38.125
INPUT|pglite-query|55160e384ef11aad18268e39a8f4b7550e855816d4a54bbc812ebc7cf07fb27b
STATUS|pglite-query|ok|ordinary recursive SQL full recomputation; timed phases end after materialization and count; exact before=5359ff08f251a47ab81d104beeff9633f95d50c30ea2ff1db9d40617983ca17b after=4f87d3e445a0a5e73efe07d7d3fb7bcc6705a16dd176b41a43c35fe6cf5f35d8; untimed transfer_ms before=15.435 after=12.587; untimed checksum_validation_ms before=3.656 after=1.982; PostgreSQL 18.3|sampled RSS of the Node process containing PGlite WASM|DL_MEMCAP_MB=4096 limits Node old-space only; total process RSS is unenforced
CSV,pglite-query,12002,24096,1715,62.776,29.264,N/A,1041.9,N/A,N/A,39.328
EXIT_STATUS|0
OK   pglite-query 6x2000 -> pglite-query,12002,24096,1715,62.776,29.264,N/A,1041.9,N/A,N/A,39.328
INPUT|pglite-query|0f2fb9996c0c8b20d2c7f6526c9c614413ce6bcb2e3f65ae44f1dc4fa0915e41
STATUS|pglite-query|ok|ordinary recursive SQL full recomputation; timed phases end after materialization and count; exact before=d5b111c00b9de6c6acc308845af36202735166f81b10ef25547078a8e03fcd77 after=3b230457cb44c24b2aee90922f65fd969e19e3cc990f50afe8e42176503a1e85; untimed transfer_ms before=204.163 after=167.721; untimed checksum_validation_ms before=25.689 after=24.692; PostgreSQL 18.3|sampled RSS of the Node process containing PGlite WASM|DL_MEMCAP_MB=4096 limits Node old-space only; total process RSS is unenforced
CSV,pglite-query,160002,326667,18096,821.610,439.898,N/A,1359.7,N/A,N/A,87.024
EXIT_STATUS|0
OK   pglite-query 8x20000 -> pglite-query,160002,326667,18096,821.610,439.898,N/A,1359.7,N/A,N/A,87.024
INPUT|native-postgres-query|0dda99eadff144d9a4065cfa603e29e6282c93d87ad25f2c14e0bb88ad1cd0a9
STATUS|native-postgres-query|ok|ordinary recursive SQL full recomputation; timed phases end after materialization and count; exact before=ada7ea43e998e3ba1357b4270279f2976e2659c6e3dd768d0fbfc6a15cd11314 after=8b785b6ac760143407366be3159c6e44fe2b8c85bcb5e8201b33379e0d2fcb25; untimed transfer_ms before=0.727 after=0.176; untimed checksum_validation_ms before=0.497 after=0.103; PostgreSQL 18.6|sampled sum of Node client and disposable PostgreSQL process-tree RSS; shared mappings may be counted more than once|DL_MEMCAP_MB=4096 is unenforced for total PostgreSQL memory
CSV,native-postgres-query,402,696,180,7.243,3.052,N/A,156.0,N/A,N/A,7.420
EXIT_STATUS|0
OK   native-postgres-query 2x200 -> native-postgres-query,402,696,180,7.243,3.052,N/A,156.0,N/A,N/A,7.420
INPUT|native-postgres-query|55160e384ef11aad18268e39a8f4b7550e855816d4a54bbc812ebc7cf07fb27b
STATUS|native-postgres-query|ok|ordinary recursive SQL full recomputation; timed phases end after materialization and count; exact before=5359ff08f251a47ab81d104beeff9633f95d50c30ea2ff1db9d40617983ca17b after=4f87d3e445a0a5e73efe07d7d3fb7bcc6705a16dd176b41a43c35fe6cf5f35d8; untimed transfer_ms before=6.212 after=2.618; untimed checksum_validation_ms before=3.872 after=2.361; PostgreSQL 18.6|sampled sum of Node client and disposable PostgreSQL process-tree RSS; shared mappings may be counted more than once|DL_MEMCAP_MB=4096 is unenforced for total PostgreSQL memory
CSV,native-postgres-query,12002,24096,1715,38.335,19.669,N/A,221.1,N/A,N/A,8.623
EXIT_STATUS|0
OK   native-postgres-query 6x2000 -> native-postgres-query,12002,24096,1715,38.335,19.669,N/A,221.1,N/A,N/A,8.623
INPUT|native-postgres-query|0f2fb9996c0c8b20d2c7f6526c9c614413ce6bcb2e3f65ae44f1dc4fa0915e41
STATUS|native-postgres-query|ok|ordinary recursive SQL full recomputation; timed phases end after materialization and count; exact before=d5b111c00b9de6c6acc308845af36202735166f81b10ef25547078a8e03fcd77 after=3b230457cb44c24b2aee90922f65fd969e19e3cc990f50afe8e42176503a1e85; untimed transfer_ms before=51.130 after=41.783; untimed checksum_validation_ms before=26.761 after=22.673; PostgreSQL 18.6|sampled sum of Node client and disposable PostgreSQL process-tree RSS; shared mappings may be counted more than once|DL_MEMCAP_MB=4096 is unenforced for total PostgreSQL memory
CSV,native-postgres-query,160002,326667,18096,514.116,243.758,N/A,486.9,N/A,N/A,24.318
EXIT_STATUS|0
OK   native-postgres-query 8x20000 -> native-postgres-query,160002,326667,18096,514.116,243.758,N/A,486.9,N/A,N/A,24.318
STATUS|pglite-pg_ivm|unsupported|pg_ivm rejects recursive WITH RECURSIVE view definitions|no process started|not applicable
EXIT_STATUS|0
STATUS pglite-pg_ivm 2x200 (see bench/results/repeated-proof-cyclic/measured-3/adapter-status.tsv)
STATUS|pglite-pg_ivm|unsupported|pg_ivm rejects recursive WITH RECURSIVE view definitions|no process started|not applicable
EXIT_STATUS|0
STATUS pglite-pg_ivm 6x2000 (see bench/results/repeated-proof-cyclic/measured-3/adapter-status.tsv)
STATUS|pglite-pg_ivm|unsupported|pg_ivm rejects recursive WITH RECURSIVE view definitions|no process started|not applicable
EXIT_STATUS|0
STATUS pglite-pg_ivm 8x20000 (see bench/results/repeated-proof-cyclic/measured-3/adapter-status.tsv)
STATUS|native-postgres-pg_ivm|unsupported|pg_ivm rejects recursive WITH RECURSIVE view definitions|no process started|not applicable
EXIT_STATUS|0
STATUS native-postgres-pg_ivm 2x200 (see bench/results/repeated-proof-cyclic/measured-3/adapter-status.tsv)
STATUS|native-postgres-pg_ivm|unsupported|pg_ivm rejects recursive WITH RECURSIVE view definitions|no process started|not applicable
EXIT_STATUS|0
STATUS native-postgres-pg_ivm 6x2000 (see bench/results/repeated-proof-cyclic/measured-3/adapter-status.tsv)
STATUS|native-postgres-pg_ivm|unsupported|pg_ivm rejects recursive WITH RECURSIVE view definitions|no process started|not applicable
EXIT_STATUS|0
STATUS native-postgres-pg_ivm 8x20000 (see bench/results/repeated-proof-cyclic/measured-3/adapter-status.tsv)
INPUT|swi-incr|0dda99eadff144d9a4065cfa603e29e6282c93d87ad25f2c14e0bb88ad1cd0a9
STATUS|swi-incr|ok|SWI incremental tabling; setup and retract end after table materialization and count; exact ordered initial set matches the generated node range and exact incremental survivor set matches cold table recomputation|process RSS sampled with ps after both phases|DL_MEMCAP_MB is passed by the harness but unenforced by this adapter
CSV,swi-incr,402,696,180,1,1,0,12.86
EXIT_STATUS|0
OK   swi-incr 2x200 -> swi-incr,402,696,180,1,1,0,12.86,N/A,N/A,N/A
INPUT|swi-incr|55160e384ef11aad18268e39a8f4b7550e855816d4a54bbc812ebc7cf07fb27b
STATUS|swi-incr|ok|SWI incremental tabling; setup and retract end after table materialization and count; exact ordered initial set matches the generated node range and exact incremental survivor set matches cold table recomputation|process RSS sampled with ps after both phases|DL_MEMCAP_MB is passed by the harness but unenforced by this adapter
CSV,swi-incr,12002,24096,1715,74,59,0,47.00
EXIT_STATUS|0
OK   swi-incr 6x2000 -> swi-incr,12002,24096,1715,74,59,0,47.00,N/A,N/A,N/A
INPUT|swi-incr|0f2fb9996c0c8b20d2c7f6526c9c614413ce6bcb2e3f65ae44f1dc4fa0915e41
STATUS|swi-incr|ok|SWI incremental tabling; setup and retract end after table materialization and count; exact ordered initial set matches the generated node range and exact incremental survivor set matches cold table recomputation|process RSS sampled with ps after both phases|DL_MEMCAP_MB is passed by the harness but unenforced by this adapter
CSV,swi-incr,160002,326667,18096,1157,1185,0,610.83
EXIT_STATUS|0
OK   swi-incr 8x20000 -> swi-incr,160002,326667,18096,1157,1185,0,610.83,N/A,N/A,N/A
INPUT|differential-dataflow|0dda99eadff144d9a4065cfa603e29e6282c93d87ad25f2c14e0bb88ad1cd0a9
STATUS|differential-dataflow|ok|differential-dataflow 0.25 with timely 0.31; shared layered graph; setup and retract end after fixed-point materialization and count; exact ordered sets match BFS oracle|process peak RSS from getrusage including untimed oracle allocations|DL_MEMCAP_MB=4096 caps live Rust allocations through CappedAlloc (0 disables); RLIMIT_AS and RLIMIT_DATA are also requested best-effort; total process RSS is not capped
[dd] SETUP nodes=402 edges=696 records=402 ms=4.215
[dd] RETRACT killed=180 survivors=222 records=180 ms=0.310
CSV,differential-dataflow,402,696,180,4.215,0.310,180,4.3
EXIT_STATUS|0
OK   differential-dataflow 2x200 -> differential-dataflow,402,696,180,4.215,0.310,180,4.3,N/A,N/A,N/A
INPUT|differential-dataflow|55160e384ef11aad18268e39a8f4b7550e855816d4a54bbc812ebc7cf07fb27b
STATUS|differential-dataflow|ok|differential-dataflow 0.25 with timely 0.31; shared layered graph; setup and retract end after fixed-point materialization and count; exact ordered sets match BFS oracle|process peak RSS from getrusage including untimed oracle allocations|DL_MEMCAP_MB=4096 caps live Rust allocations through CappedAlloc (0 disables); RLIMIT_AS and RLIMIT_DATA are also requested best-effort; total process RSS is not capped
[dd] SETUP nodes=12002 edges=24096 records=12002 ms=7.705
[dd] RETRACT killed=1715 survivors=10287 records=1715 ms=2.593
CSV,differential-dataflow,12002,24096,1715,7.705,2.593,1715,8.7
EXIT_STATUS|0
OK   differential-dataflow 6x2000 -> differential-dataflow,12002,24096,1715,7.705,2.593,1715,8.7,N/A,N/A,N/A
INPUT|differential-dataflow|0f2fb9996c0c8b20d2c7f6526c9c614413ce6bcb2e3f65ae44f1dc4fa0915e41
STATUS|differential-dataflow|ok|differential-dataflow 0.25 with timely 0.31; shared layered graph; setup and retract end after fixed-point materialization and count; exact ordered sets match BFS oracle|process peak RSS from getrusage including untimed oracle allocations|DL_MEMCAP_MB=4096 caps live Rust allocations through CappedAlloc (0 disables); RLIMIT_AS and RLIMIT_DATA are also requested best-effort; total process RSS is not capped
[dd] SETUP nodes=160002 edges=326667 records=160002 ms=110.767
[dd] RETRACT killed=18096 survivors=141906 records=18096 ms=29.306
CSV,differential-dataflow,160002,326667,18096,110.767,29.306,18096,75.2
EXIT_STATUS|0
OK   differential-dataflow 8x20000 -> differential-dataflow,160002,326667,18096,110.767,29.306,18096,75.2,N/A,N/A,N/A
STATUS|sqlite-count|unsupported|plain reference counting does not collect unsupported cycles; use SCC or DRed|no graph loaded|not applicable
EXIT_STATUS|0
STATUS sqlite-count 2x200 (see bench/results/repeated-proof-cyclic/measured-3/adapter-status.tsv)
STATUS|sqlite-count|unsupported|plain reference counting does not collect unsupported cycles; use SCC or DRed|no graph loaded|not applicable
EXIT_STATUS|0
STATUS sqlite-count 6x2000 (see bench/results/repeated-proof-cyclic/measured-3/adapter-status.tsv)
STATUS|sqlite-count|unsupported|plain reference counting does not collect unsupported cycles; use SCC or DRed|no graph loaded|not applicable
EXIT_STATUS|0
STATUS sqlite-count 8x20000 (see bench/results/repeated-proof-cyclic/measured-3/adapter-status.tsv)
INPUT|sqlite-count-scc|0dda99eadff144d9a4065cfa603e29e6282c93d87ad25f2c14e0bb88ad1cd0a9
STATUS|sqlite-count-scc|ok|native RelStore specialized incremental cascade; materialize and count inside clocks; exact initial and survivor sets validated outside clocks; tagged-node input blake3=14955fe055a07105; survivor blake3=6e29820385bc6b56|process peak RSS includes setup and oracle; separate Rust allocation and SQLite C-heap high-water columns|DL_MEMCAP_MB=4096 caps live Rust allocations; SQLite C heap and total RSS are unenforced
CSV,sqlite-count-scc,402,696,180,2.430,0.920,21,6.3,0.11,0.29,0.07
EXIT_STATUS|0
OK   sqlite-count-scc 2x200 -> sqlite-count-scc,402,696,180,2.430,0.920,21,6.3,0.11,0.29,0.07
INPUT|sqlite-count-scc|55160e384ef11aad18268e39a8f4b7550e855816d4a54bbc812ebc7cf07fb27b
STATUS|sqlite-count-scc|ok|native RelStore specialized incremental cascade; materialize and count inside clocks; exact initial and survivor sets validated outside clocks; tagged-node input blake3=95e40b2476927975; survivor blake3=4965a69e9e8ee22d|process peak RSS includes setup and oracle; separate Rust allocation and SQLite C-heap high-water columns|DL_MEMCAP_MB=4096 caps live Rust allocations; SQLite C heap and total RSS are unenforced
CSV,sqlite-count-scc,12002,24096,1715,22.557,20.383,39,15.0,0.17,1.34,0.80
EXIT_STATUS|0
OK   sqlite-count-scc 6x2000 -> sqlite-count-scc,12002,24096,1715,22.557,20.383,39,15.0,0.17,1.34,0.80
INPUT|sqlite-count-scc|0f2fb9996c0c8b20d2c7f6526c9c614413ce6bcb2e3f65ae44f1dc4fa0915e41
STATUS|sqlite-count-scc|ok|native RelStore specialized incremental cascade; materialize and count inside clocks; exact initial and survivor sets validated outside clocks; tagged-node input blake3=968700d3a18355e1; survivor blake3=4513570c9a2459b4|process peak RSS includes setup and oracle; separate Rust allocation and SQLite C-heap high-water columns|DL_MEMCAP_MB=4096 caps live Rust allocations; SQLite C heap and total RSS are unenforced
CSV,sqlite-count-scc,160002,326667,18096,318.138,307.478,51,119.1,1.24,14.72,10.39
EXIT_STATUS|0
OK   sqlite-count-scc 8x20000 -> sqlite-count-scc,160002,326667,18096,318.138,307.478,51,119.1,1.24,14.72,10.39
INPUT|sqlite-dred-loop|0dda99eadff144d9a4065cfa603e29e6282c93d87ad25f2c14e0bb88ad1cd0a9
STATUS|sqlite-dred-loop|ok|native RelStore specialized incremental cascade; materialize and count inside clocks; exact initial and survivor sets validated outside clocks; tagged-node input blake3=14955fe055a07105; survivor blake3=6e29820385bc6b56|process peak RSS includes setup and oracle; separate Rust allocation and SQLite C-heap high-water columns|DL_MEMCAP_MB=4096 caps live Rust allocations; SQLite C heap and total RSS are unenforced
CSV,sqlite-dred-loop,402,696,180,4.421,0.943,31,6.6,0.11,0.29,0.07
EXIT_STATUS|0
OK   sqlite-dred-loop 2x200 -> sqlite-dred-loop,402,696,180,4.421,0.943,31,6.6,0.11,0.29,0.07
INPUT|sqlite-dred-loop|55160e384ef11aad18268e39a8f4b7550e855816d4a54bbc812ebc7cf07fb27b
STATUS|sqlite-dred-loop|ok|native RelStore specialized incremental cascade; materialize and count inside clocks; exact initial and survivor sets validated outside clocks; tagged-node input blake3=95e40b2476927975; survivor blake3=4965a69e9e8ee22d|process peak RSS includes setup and oracle; separate Rust allocation and SQLite C-heap high-water columns|DL_MEMCAP_MB=4096 caps live Rust allocations; SQLite C heap and total RSS are unenforced
CSV,sqlite-dred-loop,12002,24096,1715,22.595,21.371,53,15.1,0.17,1.34,0.80
EXIT_STATUS|0
OK   sqlite-dred-loop 6x2000 -> sqlite-dred-loop,12002,24096,1715,22.595,21.371,53,15.1,0.17,1.34,0.80
INPUT|sqlite-dred-loop|0f2fb9996c0c8b20d2c7f6526c9c614413ce6bcb2e3f65ae44f1dc4fa0915e41
STATUS|sqlite-dred-loop|ok|native RelStore specialized incremental cascade; materialize and count inside clocks; exact initial and survivor sets validated outside clocks; tagged-node input blake3=968700d3a18355e1; survivor blake3=4513570c9a2459b4|process peak RSS includes setup and oracle; separate Rust allocation and SQLite C-heap high-water columns|DL_MEMCAP_MB=4096 caps live Rust allocations; SQLite C heap and total RSS are unenforced
CSV,sqlite-dred-loop,160002,326667,18096,318.918,308.840,67,113.8,1.24,14.72,10.39
EXIT_STATUS|0
OK   sqlite-dred-loop 8x20000 -> sqlite-dred-loop,160002,326667,18096,318.918,308.840,67,113.8,1.24,14.72,10.39
INPUT|sqlite-dred-cte|0dda99eadff144d9a4065cfa603e29e6282c93d87ad25f2c14e0bb88ad1cd0a9
STATUS|sqlite-dred-cte|ok|native RelStore specialized incremental cascade; materialize and count inside clocks; exact initial and survivor sets validated outside clocks; tagged-node input blake3=14955fe055a07105; survivor blake3=6e29820385bc6b56|process peak RSS includes setup and oracle; separate Rust allocation and SQLite C-heap high-water columns|DL_MEMCAP_MB=4096 caps live Rust allocations; SQLite C heap and total RSS are unenforced
CSV,sqlite-dred-cte,402,696,180,4.960,0.791,6,6.8,0.11,0.29,0.07
EXIT_STATUS|0
OK   sqlite-dred-cte 2x200 -> sqlite-dred-cte,402,696,180,4.960,0.791,6,6.8,0.11,0.29,0.07
INPUT|sqlite-dred-cte|55160e384ef11aad18268e39a8f4b7550e855816d4a54bbc812ebc7cf07fb27b
STATUS|sqlite-dred-cte|ok|native RelStore specialized incremental cascade; materialize and count inside clocks; exact initial and survivor sets validated outside clocks; tagged-node input blake3=95e40b2476927975; survivor blake3=4965a69e9e8ee22d|process peak RSS includes setup and oracle; separate Rust allocation and SQLite C-heap high-water columns|DL_MEMCAP_MB=4096 caps live Rust allocations; SQLite C heap and total RSS are unenforced
CSV,sqlite-dred-cte,12002,24096,1715,22.562,31.061,6,14.2,0.17,1.56,0.80
EXIT_STATUS|0
OK   sqlite-dred-cte 6x2000 -> sqlite-dred-cte,12002,24096,1715,22.562,31.061,6,14.2,0.17,1.56,0.80
INPUT|sqlite-dred-cte|0f2fb9996c0c8b20d2c7f6526c9c614413ce6bcb2e3f65ae44f1dc4fa0915e41
STATUS|sqlite-dred-cte|ok|native RelStore specialized incremental cascade; materialize and count inside clocks; exact initial and survivor sets validated outside clocks; tagged-node input blake3=968700d3a18355e1; survivor blake3=4513570c9a2459b4|process peak RSS includes setup and oracle; separate Rust allocation and SQLite C-heap high-water columns|DL_MEMCAP_MB=4096 caps live Rust allocations; SQLite C heap and total RSS are unenforced
CSV,sqlite-dred-cte,160002,326667,18096,316.779,433.656,6,119.6,1.24,18.37,10.39
EXIT_STATUS|0
OK   sqlite-dred-cte 8x20000 -> sqlite-dred-cte,160002,326667,18096,316.779,433.656,6,119.6,1.24,18.37,10.39
INPUT|sqlite-signed-delta-v2|0dda99eadff144d9a4065cfa603e29e6282c93d87ad25f2c14e0bb88ad1cd0a9
STATUS|sqlite-signed-delta-v2|ok|full recursive recomputation from implicit zero-indegree roots excluding current seeds; validated single deletion only; repeated deletion and disconnected zero-weight cases fail sequence checks; materialize and count inside clocks; exact initial and survivor sets validated outside clocks; tagged-node input blake3=14955fe055a07105; survivor blake3=6e29820385bc6b56|process peak RSS includes setup and oracle; separate Rust allocation and SQLite C-heap high-water columns|DL_MEMCAP_MB=4096 caps live Rust allocations; SQLite C heap and total RSS are unenforced
CSV,sqlite-signed-delta-v2,402,696,180,4.948,0.477,3,6.6,0.11,0.29,0.07
EXIT_STATUS|0
OK   sqlite-signed-delta-v2 2x200 -> sqlite-signed-delta-v2,402,696,180,4.948,0.477,3,6.6,0.11,0.29,0.07
INPUT|sqlite-signed-delta-v2|55160e384ef11aad18268e39a8f4b7550e855816d4a54bbc812ebc7cf07fb27b
STATUS|sqlite-signed-delta-v2|ok|full recursive recomputation from implicit zero-indegree roots excluding current seeds; validated single deletion only; repeated deletion and disconnected zero-weight cases fail sequence checks; materialize and count inside clocks; exact initial and survivor sets validated outside clocks; tagged-node input blake3=95e40b2476927975; survivor blake3=4965a69e9e8ee22d|process peak RSS includes setup and oracle; separate Rust allocation and SQLite C-heap high-water columns|DL_MEMCAP_MB=4096 caps live Rust allocations; SQLite C heap and total RSS are unenforced
CSV,sqlite-signed-delta-v2,12002,24096,1715,22.835,13.485,3,13.8,0.17,1.38,0.80
EXIT_STATUS|0
OK   sqlite-signed-delta-v2 6x2000 -> sqlite-signed-delta-v2,12002,24096,1715,22.835,13.485,3,13.8,0.17,1.38,0.80
INPUT|sqlite-signed-delta-v2|0f2fb9996c0c8b20d2c7f6526c9c614413ce6bcb2e3f65ae44f1dc4fa0915e41
STATUS|sqlite-signed-delta-v2|ok|full recursive recomputation from implicit zero-indegree roots excluding current seeds; validated single deletion only; repeated deletion and disconnected zero-weight cases fail sequence checks; materialize and count inside clocks; exact initial and survivor sets validated outside clocks; tagged-node input blake3=968700d3a18355e1; survivor blake3=4513570c9a2459b4|process peak RSS includes setup and oracle; separate Rust allocation and SQLite C-heap high-water columns|DL_MEMCAP_MB=4096 caps live Rust allocations; SQLite C heap and total RSS are unenforced
CSV,sqlite-signed-delta-v2,160002,326667,18096,320.227,191.608,3,143.8,1.24,15.32,10.39
EXIT_STATUS|0
OK   sqlite-signed-delta-v2 8x20000 -> sqlite-signed-delta-v2,160002,326667,18096,320.227,191.608,3,143.8,1.24,15.32,10.39
(node:92946) ExperimentalWarning: Transform Types is an experimental feature and might change at any time
(Use `node --trace-warnings ...` to show where the warning was created)
INPUT|tsv2-runtime|0dda99eadff144d9a4065cfa603e29e6282c93d87ad25f2c14e0bb88ad1cd0a9
STATUS|tsv2-runtime|ok|compile_dl6 emitted program.tick through IncrementalRuntime; emitted recursive DRed plan; setup loads edges in 1000-row batches then roots; exact input edges and before/after sets match shared BFS outside clocks; count inside clocks|Node process RSS sampled after validation; in-memory libSQL store|DL_MEMCAP_MB limits Node old-space only; SQLite C heap and total RSS unenforced
CSV,tsv2-runtime,402,696,180,15.847,4.010,98,142.3,N/A,N/A,0
EXIT_STATUS|0
OK   tsv2-runtime 2x200 -> tsv2-runtime,402,696,180,15.847,4.010,98,142.3,N/A,N/A,0
(node:92985) ExperimentalWarning: Transform Types is an experimental feature and might change at any time
(Use `node --trace-warnings ...` to show where the warning was created)
INPUT|tsv2-runtime|55160e384ef11aad18268e39a8f4b7550e855816d4a54bbc812ebc7cf07fb27b
STATUS|tsv2-runtime|ok|compile_dl6 emitted program.tick through IncrementalRuntime; emitted recursive DRed plan; setup loads edges in 1000-row batches then roots; exact input edges and before/after sets match shared BFS outside clocks; count inside clocks|Node process RSS sampled after validation; in-memory libSQL store|DL_MEMCAP_MB limits Node old-space only; SQLite C heap and total RSS unenforced
CSV,tsv2-runtime,12002,24096,1715,314.945,46.339,107,192.0,N/A,N/A,0
EXIT_STATUS|0
OK   tsv2-runtime 6x2000 -> tsv2-runtime,12002,24096,1715,314.945,46.339,107,192.0,N/A,N/A,0
(node:93197) ExperimentalWarning: Transform Types is an experimental feature and might change at any time
(Use `node --trace-warnings ...` to show where the warning was created)
INPUT|tsv2-runtime|0f2fb9996c0c8b20d2c7f6526c9c614413ce6bcb2e3f65ae44f1dc4fa0915e41
STATUS|tsv2-runtime|ok|compile_dl6 emitted program.tick through IncrementalRuntime; emitted recursive DRed plan; setup loads edges in 1000-row batches then roots; exact input edges and before/after sets match shared BFS outside clocks; count inside clocks|Node process RSS sampled after validation; in-memory libSQL store|DL_MEMCAP_MB limits Node old-space only; SQLite C heap and total RSS unenforced
CSV,tsv2-runtime,160002,326667,18096,7325.148,716.963,113,729.8,N/A,N/A,0
EXIT_STATUS|0
OK   tsv2-runtime 8x20000 -> tsv2-runtime,160002,326667,18096,7325.148,716.963,113,729.8,N/A,N/A,0
INPUT|sprefa-engine-rs|0dda99eadff144d9a4065cfa603e29e6282c93d87ad25f2c14e0bb88ad1cd0a9
STATUS|sprefa-engine-rs|ok|compile_dl6 emit_rust program through drive_tick_transacted and GenProgram::run_tick; exact input edges and before/after sets match shared BFS outside clocks; count inside clocks|child-process peak RSS from time; in-memory rusqlite store|DL_MEMCAP_MB requested but unenforced for this adapter
CSV,sprefa-engine-rs,402,696,180,6.184,1.438,64,8.8,N/A,N/A,0
        0.01 real         0.00 user         0.00 sys
             9240576  maximum resident set size
                   0  average shared memory size
                   0  average unshared data size
                   0  average unshared stack size
                 544  page reclaims
                 181  page faults
                   0  swaps
                   0  block input operations
                   0  block output operations
                   0  messages sent
                   0  messages received
                   0  signals received
                   1  voluntary context switches
                  43  involuntary context switches
           139266591  instructions retired
            38686933  cycles elapsed
             4490496  peak memory footprint
EXIT_STATUS|0
OK   sprefa-engine-rs 2x200 -> sprefa-engine-rs,402,696,180,6.184,1.438,64,8.8,N/A,N/A,0
INPUT|sprefa-engine-rs|55160e384ef11aad18268e39a8f4b7550e855816d4a54bbc812ebc7cf07fb27b
STATUS|sprefa-engine-rs|ok|compile_dl6 emit_rust program through drive_tick_transacted and GenProgram::run_tick; exact input edges and before/after sets match shared BFS outside clocks; count inside clocks|child-process peak RSS from time; in-memory rusqlite store|DL_MEMCAP_MB requested but unenforced for this adapter
CSV,sprefa-engine-rs,12002,24096,1715,163.642,57.729,76,58.3,N/A,N/A,0
        0.23 real         0.22 user         0.00 sys
            61161472  maximum resident set size
                   0  average shared memory size
                   0  average unshared data size
                   0  average unshared stack size
                3894  page reclaims
                   0  page faults
                   0  swaps
                   0  block input operations
                   0  block output operations
                   0  messages sent
                   0  messages received
                   0  signals received
                   0  voluntary context switches
                   6  involuntary context switches
          3974294885  instructions retired
           788911263  cycles elapsed
            33293632  peak memory footprint
EXIT_STATUS|0
OK   sprefa-engine-rs 6x2000 -> sprefa-engine-rs,12002,24096,1715,163.642,57.729,76,58.3,N/A,N/A,0
INPUT|sprefa-engine-rs|0f2fb9996c0c8b20d2c7f6526c9c614413ce6bcb2e3f65ae44f1dc4fa0915e41
STATUS|sprefa-engine-rs|ok|compile_dl6 emit_rust program through drive_tick_transacted and GenProgram::run_tick; exact input edges and before/after sets match shared BFS outside clocks; count inside clocks|child-process peak RSS from time; in-memory rusqlite store|DL_MEMCAP_MB requested but unenforced for this adapter
CSV,sprefa-engine-rs,160002,326667,18096,2123.878,1053.401,88,513.4,N/A,N/A,0
        3.28 real         3.17 user         0.10 sys
           538345472  maximum resident set size
                   0  average shared memory size
                   0  average unshared data size
                   0  average unshared stack size
               34267  page reclaims
                   0  page faults
                   0  swaps
                   0  block input operations
                   0  block output operations
                   0  messages sent
                   0  messages received
                   0  signals received
                   0  voluntary context switches
                  24  involuntary context switches
         56308831181  instructions retired
         11302283258  cycles elapsed
           224727424  peak memory footprint
EXIT_STATUS|0
OK   sprefa-engine-rs 8x20000 -> sprefa-engine-rs,160002,326667,18096,2123.878,1053.401,88,513.4,N/A,N/A,0
== wrote bench/results/repeated-proof-cyclic/measured-3/results.csv ==
chart -> bench/results/repeated-proof-cyclic/measured-3/retract_ms.png
chart -> bench/results/repeated-proof-cyclic/measured-3/setup_ms.png
chart -> bench/results/repeated-proof-cyclic/measured-3/rss_mb.png
         line 0: warning: Skipping data file with no valid points
         line 0: warning: Skipping data file with no valid points
chart -> bench/results/repeated-proof-cyclic/measured-3/ops.png
== wrote bench/results/repeated-proof-cyclic/measured-3/REPORT.md and PNG charts in bench/results/repeated-proof-cyclic/measured-3/ ==
