{"tick":0,"actual":{"root":[],"edge":[],"alive":[]},"carry_pending":false,"statements":34}
{"tick":1,"actual":{"root":[],"edge":[[9,7]],"alive":[]},"carry_pending":false,"statements":38}
{"tick":2,"actual":{"root":[],"edge":[[3,5],[9,7]],"alive":[]},"carry_pending":false,"statements":38}
{"tick":3,"actual":{"root":[],"edge":[[3,5],[9,3],[9,7]],"alive":[]},"carry_pending":false,"statements":38}
{"tick":4,"actual":{"root":[],"edge":[[3,5],[7,8],[9,3],[9,7]],"alive":[]},"carry_pending":false,"statements":38}
{"tick":5,"actual":{"root":[[1]],"edge":[[3,5],[7,8],[9,3],[9,7]],"alive":[[1]]},"carry_pending":false,"statements":38}
{"tick":6,"actual":{"root":[[1],[2]],"edge":[[3,5],[7,8],[9,3],[9,7]],"alive":[[1],[2]]},"carry_pending":false,"statements":38}
{"tick":7,"actual":{"root":[[1],[2]],"edge":[[2,5],[3,5],[7,8],[9,3],[9,7]],"alive":[[1],[2],[5]]},"carry_pending":false,"statements":38}
{"tick":8,"actual":{"root":[[1],[2]],"edge":[[1,11],[2,5],[3,5],[7,8],[9,3],[9,7]],"alive":[[1],[2],[5],[11]]},"carry_pending":false,"statements":38}
{"tick":9,"actual":{"root":[[2]],"edge":[[1,11],[2,5],[3,5],[7,8],[9,3],[9,7]],"alive":[[2],[5]]},"carry_pending":false,"statements":88}
{"tick":10,"actual":{"root":[[2]],"edge":[[1,11],[2,5],[3,5],[7,8],[8,7],[9,3],[9,7]],"alive":[[2],[5]]},"carry_pending":false,"statements":38}
{"tick":11,"actual":{"root":[[2]],"edge":[[0,5],[1,11],[2,5],[3,5],[7,8],[8,7],[9,3],[9,7]],"alive":[[2],[5]]},"carry_pending":false,"statements":38}
{"tick":12,"actual":{"root":[[2]],"edge":[[0,5],[1,11],[2,5],[3,5],[5,3],[7,8],[8,7],[9,3],[9,7]],"alive":[[2],[3],[5]]},"carry_pending":false,"statements":38}
{"tick":13,"actual":{"root":[[2]],"edge":[[0,5],[1,11],[2,5],[3,5],[3,10],[5,3],[7,8],[8,7],[9,3],[9,7]],"alive":[[2],[3],[5],[10]]},"carry_pending":false,"statements":38}
{"tick":14,"actual":{"root":[[2],[5]],"edge":[[0,5],[1,11],[2,5],[3,5],[3,10],[5,3],[7,8],[8,7],[9,3],[9,7]],"alive":[[2],[3],[5],[10]]},"carry_pending":false,"statements":38}
{"tick":15,"actual":{"root":[[2],[5]],"edge":[[0,5],[1,11],[2,5],[3,5],[3,10],[5,3],[7,8],[8,7],[9,3],[9,7],[10,1]],"alive":[[1],[2],[3],[5],[10],[11]]},"carry_pending":false,"statements":42}
{"tick":16,"actual":{"root":[[2],[5]],"edge":[[0,5],[1,11],[2,5],[3,5],[3,10],[5,3],[7,3],[7,8],[8,7],[9,3],[9,7],[10,1]],"alive":[[1],[2],[3],[5],[10],[11]]},"carry_pending":false,"statements":38}
{"tick":17,"actual":{"root":[[1],[2],[5]],"edge":[[0,5],[1,11],[2,5],[3,5],[3,10],[5,3],[7,3],[7,8],[8,7],[9,3],[9,7],[10,1]],"alive":[[1],[2],[3],[5],[10],[11]]},"carry_pending":false,"statements":38}
{"tick":18,"actual":{"root":[[1],[2],[5]],"edge":[[0,5],[1,11],[2,5],[3,5],[3,10],[5,3],[7,3],[7,8],[7,9],[8,7],[9,3],[9,7],[10,1]],"alive":[[1],[2],[3],[5],[10],[11]]},"carry_pending":false,"statements":38}
{"tick":19,"actual":{"root":[[0],[1],[2],[5]],"edge":[[0,5],[1,11],[2,5],[3,5],[3,10],[5,3],[7,3],[7,8],[7,9],[8,7],[9,3],[9,7],[10,1]],"alive":[[0],[1],[2],[3],[5],[10],[11]]},"carry_pending":false,"statements":38}
{"tick":20,"actual":{"root":[[0],[1],[2],[5]],"edge":[[0,5],[1,11],[2,5],[3,5],[3,10],[5,3],[7,3],[7,8],[7,9],[8,7],[9,3],[9,7],[10,1],[10,7]],"alive":[[0],[1],[2],[3],[5],[7],[8],[9],[10],[11]]},"carry_pending":false,"statements":42}
{"tick":21,"actual":{"root":[[0],[1],[2],[5]],"edge":[[0,5],[1,11],[2,1],[2,5],[3,5],[3,10],[5,3],[7,3],[7,8],[7,9],[8,7],[9,3],[9,7],[10,1],[10,7]],"alive":[[0],[1],[2],[3],[5],[7],[8],[9],[10],[11]]},"carry_pending":false,"statements":38}
{"tick":22,"actual":{"root":[[0],[1],[2],[5]],"edge":[[0,5],[1,11],[2,1],[2,5],[3,5],[3,10],[5,3],[7,1],[7,3],[7,8],[7,9],[8,7],[9,3],[9,7],[10,1],[10,7]],"alive":[[0],[1],[2],[3],[5],[7],[8],[9],[10],[11]]},"carry_pending":false,"statements":38}
{"tick":23,"actual":{"root":[[0],[1],[2],[5]],"edge":[[0,5],[1,7],[1,11],[2,1],[2,5],[3,5],[3,10],[5,3],[7,1],[7,3],[7,8],[7,9],[8,7],[9,3],[9,7],[10,1],[10,7]],"alive":[[0],[1],[2],[3],[5],[7],[8],[9],[10],[11]]},"carry_pending":false,"statements":38}
{"tick":24,"actual":{"root":[[0],[1],[2],[5]],"edge":[[0,5],[1,7],[1,11],[2,1],[2,5],[3,5],[3,10],[5,3],[6,5],[7,1],[7,3],[7,8],[7,9],[8,7],[9,3],[9,7],[10,1],[10,7]],"alive":[[0],[1],[2],[3],[5],[7],[8],[9],[10],[11]]},"carry_pending":false,"statements":38}
{"tick":25,"actual":{"root":[[0],[1],[2],[5]],"edge":[[0,5],[1,7],[1,11],[2,1],[2,5],[3,5],[3,10],[5,3],[5,8],[6,5],[7,1],[7,3],[7,8],[7,9],[8,7],[9,3],[9,7],[10,1],[10,7]],"alive":[[0],[1],[2],[3],[5],[7],[8],[9],[10],[11]]},"carry_pending":false,"statements":38}
{"tick":26,"actual":{"root":[[0],[1],[2],[5]],"edge":[[0,5],[1,3],[1,7],[1,11],[2,1],[2,5],[3,5],[3,10],[5,3],[5,8],[6,5],[7,1],[7,3],[7,8],[7,9],[8,7],[9,3],[9,7],[10,1],[10,7]],"alive":[[0],[1],[2],[3],[5],[7],[8],[9],[10],[11]]},"carry_pending":false,"statements":38}
{"tick":27,"actual":{"root":[[0],[1],[2],[5],[9]],"edge":[[0,5],[1,3],[1,7],[1,11],[2,1],[2,5],[3,5],[3,10],[5,3],[5,8],[6,5],[7,1],[7,3],[7,8],[7,9],[8,7],[9,3],[9,7],[10,1],[10,7]],"alive":[[0],[1],[2],[3],[5],[7],[8],[9],[10],[11]]},"carry_pending":false,"statements":38}
{"tick":28,"actual":{"root":[[0],[1],[2],[5],[9]],"edge":[[0,5],[1,3],[1,7],[1,11],[2,1],[2,5],[3,5],[3,10],[5,3],[5,8],[6,5],[7,1],[7,3],[7,8],[7,9],[8,7],[9,3],[9,7],[10,1],[10,7],[11,9]],"alive":[[0],[1],[2],[3],[5],[7],[8],[9],[10],[11]]},"carry_pending":false,"statements":38}
{"tick":29,"actual":{"root":[[0],[1],[2],[5],[9]],"edge":[[0,5],[1,3],[1,7],[1,11],[2,1],[2,5],[3,5],[3,10],[4,1],[5,3],[5,8],[6,5],[7,1],[7,3],[7,8],[7,9],[8,7],[9,3],[9,7],[10,1],[10,7],[11,9]],"alive":[[0],[1],[2],[3],[5],[7],[8],[9],[10],[11]]},"carry_pending":false,"statements":38}
{"tick":30,"actual":{"root":[[0],[1],[2],[5],[9]],"edge":[[0,5],[1,3],[1,7],[1,11],[2,1],[2,5],[3,5],[3,10],[4,1],[5,3],[5,8],[6,5],[7,1],[7,3],[7,8],[7,9],[8,7],[9,3],[9,7],[10,0],[10,1],[10,7],[11,9]],"alive":[[0],[1],[2],[3],[5],[7],[8],[9],[10],[11]]},"carry_pending":false,"statements":38}
{"tick":31,"actual":{"root":[[0],[1],[2],[5],[9]],"edge":[[0,5],[1,3],[1,7],[1,11],[2,1],[2,5],[3,3],[3,5],[3,10],[4,1],[5,3],[5,8],[6,5],[7,1],[7,3],[7,8],[7,9],[8,7],[9,3],[9,7],[10,0],[10,1],[10,7],[11,9]],"alive":[[0],[1],[2],[3],[5],[7],[8],[9],[10],[11]]},"carry_pending":false,"statements":38}
{"tick":32,"actual":{"root":[[0],[1],[2],[5],[7],[9]],"edge":[[0,5],[1,3],[1,7],[1,11],[2,1],[2,5],[3,3],[3,5],[3,10],[4,1],[5,3],[5,8],[6,5],[7,1],[7,3],[7,8],[7,9],[8,7],[9,3],[9,7],[10,0],[10,1],[10,7],[11,9]],"alive":[[0],[1],[2],[3],[5],[7],[8],[9],[10],[11]]},"carry_pending":false,"statements":38}
{"tick":33,"actual":{"root":[[0],[1],[2],[5],[7],[9]],"edge":[[0,5],[1,3],[1,7],[1,11],[2,1],[2,5],[3,3],[3,5],[3,10],[4,1],[5,3],[5,8],[6,5],[7,1],[7,3],[7,8],[7,9],[8,6],[8,7],[9,3],[9,7],[10,0],[10,1],[10,7],[11,9]],"alive":[[0],[1],[2],[3],[5],[6],[7],[8],[9],[10],[11]]},"carry_pending":false,"statements":38}
{"tick":34,"actual":{"root":[[0],[2],[5],[7],[9]],"edge":[[0,5],[1,3],[1,7],[1,11],[2,1],[2,5],[3,3],[3,5],[3,10],[4,1],[5,3],[5,8],[6,5],[7,1],[7,3],[7,8],[7,9],[8,6],[8,7],[9,3],[9,7],[10,0],[10,1],[10,7],[11,9]],"alive":[[0],[1],[2],[3],[5],[6],[7],[8],[9],[10],[11]]},"carry_pending":false,"statements":87}
{"tick":35,"actual":{"root":[[0],[2],[5],[7],[9]],"edge":[[0,3],[0,5],[1,3],[1,7],[1,11],[2,1],[2,5],[3,3],[3,5],[3,10],[4,1],[5,3],[5,8],[6,5],[7,1],[7,3],[7,8],[7,9],[8,6],[8,7],[9,3],[9,7],[10,0],[10,1],[10,7],[11,9]],"alive":[[0],[1],[2],[3],[5],[6],[7],[8],[9],[10],[11]]},"carry_pending":false,"statements":38}
{"tick":36,"actual":{"root":[[0],[2],[5],[9]],"edge":[[0,3],[0,5],[1,3],[1,7],[1,11],[2,1],[2,5],[3,3],[3,5],[3,10],[4,1],[5,3],[5,8],[6,5],[7,1],[7,3],[7,8],[7,9],[8,6],[8,7],[9,3],[9,7],[10,0],[10,1],[10,7],[11,9]],"alive":[[0],[1],[2],[3],[5],[6],[7],[8],[9],[10],[11]]},"carry_pending":false,"statements":87}
{"tick":37,"actual":{"root":[[0],[2],[5],[9]],"edge":[[0,3],[0,5],[1,3],[1,7],[1,11],[2,1],[2,5],[3,3],[3,5],[3,10],[5,3],[5,8],[6,5],[7,1],[7,3],[7,8],[7,9],[8,6],[8,7],[9,3],[9,7],[10,0],[10,1],[10,7],[11,9]],"alive":[[0],[1],[2],[3],[5],[6],[7],[8],[9],[10],[11]]},"carry_pending":false,"statements":95}
{"tick":38,"actual":{"root":[[0],[2],[5],[9]],"edge":[[0,3],[0,5],[1,3],[1,7],[1,11],[2,1],[2,5],[2,8],[3,3],[3,5],[3,10],[5,3],[5,8],[6,5],[7,1],[7,3],[7,8],[7,9],[8,6],[8,7],[9,3],[9,7],[10,0],[10,1],[10,7],[11,9]],"alive":[[0],[1],[2],[3],[5],[6],[7],[8],[9],[10],[11]]},"carry_pending":false,"statements":38}
{"tick":39,"actual":{"root":[[0],[2],[5],[9]],"edge":[[0,3],[0,5],[1,3],[1,7],[1,11],[2,1],[2,5],[2,8],[3,2],[3,3],[3,5],[3,10],[5,3],[5,8],[6,5],[7,1],[7,3],[7,8],[7,9],[8,6],[8,7],[9,3],[9,7],[10,0],[10,1],[10,7],[11,9]],"alive":[[0],[1],[2],[3],[5],[6],[7],[8],[9],[10],[11]]},"carry_pending":false,"statements":38}
{"tick":40,"actual":{"root":[[0],[2],[5],[9]],"edge":[[0,3],[0,5],[1,3],[1,7],[1,11],[2,1],[2,5],[2,8],[3,2],[3,3],[3,5],[3,10],[5,3],[5,8],[6,5],[6,6],[7,1],[7,3],[7,8],[7,9],[8,6],[8,7],[9,3],[9,7],[10,0],[10,1],[10,7],[11,9]],"alive":[[0],[1],[2],[3],[5],[6],[7],[8],[9],[10],[11]]},"carry_pending":false,"statements":38}
{"tick":41,"actual":{"root":[[0],[2],[5],[9]],"edge":[[0,3],[0,5],[1,3],[1,7],[1,11],[2,1],[2,5],[2,8],[3,2],[3,3],[3,5],[3,10],[5,3],[5,8],[6,5],[6,6],[7,1],[7,3],[7,8],[7,9],[8,6],[8,7],[9,3],[9,7],[10,0],[10,1],[10,2],[10,7],[11,9]],"alive":[[0],[1],[2],[3],[5],[6],[7],[8],[9],[10],[11]]},"carry_pending":false,"statements":38}
{"tick":42,"actual":{"root":[[0],[2],[5],[8],[9]],"edge":[[0,3],[0,5],[1,3],[1,7],[1,11],[2,1],[2,5],[2,8],[3,2],[3,3],[3,5],[3,10],[5,3],[5,8],[6,5],[6,6],[7,1],[7,3],[7,8],[7,9],[8,6],[8,7],[9,3],[9,7],[10,0],[10,1],[10,2],[10,7],[11,9]],"alive":[[0],[1],[2],[3],[5],[6],[7],[8],[9],[10],[11]]},"carry_pending":false,"statements":38}
{"tick":43,"actual":{"root":[[0],[2],[3],[5],[8],[9]],"edge":[[0,3],[0,5],[1,3],[1,7],[1,11],[2,1],[2,5],[2,8],[3,2],[3,3],[3,5],[3,10],[5,3],[5,8],[6,5],[6,6],[7,1],[7,3],[7,8],[7,9],[8,6],[8,7],[9,3],[9,7],[10,0],[10,1],[10,2],[10,7],[11,9]],"alive":[[0],[1],[2],[3],[5],[6],[7],[8],[9],[10],[11]]},"carry_pending":false,"statements":38}
{"tick":44,"actual":{"root":[[0],[2],[3],[5],[8],[9]],"edge":[[0,3],[0,5],[1,3],[1,7],[1,11],[2,1],[2,5],[2,8],[3,2],[3,3],[3,5],[3,10],[5,3],[5,8],[6,5],[6,6],[7,1],[7,3],[7,8],[7,9],[8,6],[8,7],[9,3],[9,7],[9,9],[10,0],[10,1],[10,2],[10,7],[11,9]],"alive":[[0],[1],[2],[3],[5],[6],[7],[8],[9],[10],[11]]},"carry_pending":false,"statements":38}
{"tick":45,"actual":{"root":[[0],[2],[3],[5],[8],[9]],"edge":[[0,3],[0,5],[1,3],[1,7],[1,11],[2,1],[2,5],[2,8],[3,2],[3,3],[3,5],[3,10],[5,3],[5,8],[6,5],[6,6],[7,1],[7,3],[7,8],[7,9],[8,6],[8,7],[9,3],[9,7],[9,9],[10,0],[10,1],[10,2],[10,7],[10,10],[11,9]],"alive":[[0],[1],[2],[3],[5],[6],[7],[8],[9],[10],[11]]},"carry_pending":false,"statements":38}
{"tick":46,"actual":{"root":[[0],[2],[3],[5],[8],[9]],"edge":[[0,3],[0,5],[1,3],[1,7],[1,11],[2,1],[2,2],[2,5],[2,8],[3,2],[3,3],[3,5],[3,10],[5,3],[5,8],[6,5],[6,6],[7,1],[7,3],[7,8],[7,9],[8,6],[8,7],[9,3],[9,7],[9,9],[10,0],[10,1],[10,2],[10,7],[10,10],[11,9]],"alive":[[0],[1],[2],[3],[5],[6],[7],[8],[9],[10],[11]]},"carry_pending":false,"statements":38}
{"tick":47,"actual":{"root":[[0],[2],[3],[5],[8],[9]],"edge":[[0,5],[1,3],[1,7],[1,11],[2,1],[2,2],[2,5],[2,8],[3,2],[3,3],[3,5],[3,10],[5,3],[5,8],[6,5],[6,6],[7,1],[7,3],[7,8],[7,9],[8,6],[8,7],[9,3],[9,7],[9,9],[10,0],[10,1],[10,2],[10,7],[10,10],[11,9]],"alive":[[0],[1],[2],[3],[5],[6],[7],[8],[9],[10],[11]]},"carry_pending":false,"statements":87}
{"tick":48,"actual":{"root":[[0],[2],[3],[5],[8],[9]],"edge":[[0,5],[1,3],[1,7],[1,11],[2,1],[2,2],[2,5],[2,8],[3,2],[3,3],[3,5],[3,10],[5,3],[5,8],[6,5],[6,6],[7,1],[7,3],[7,8],[7,9],[8,6],[8,7],[9,3],[9,4],[9,7],[9,9],[10,0],[10,1],[10,2],[10,7],[10,10],[11,9]],"alive":[[0],[1],[2],[3],[4],[5],[6],[7],[8],[9],[10],[11]]},"carry_pending":false,"statements":38}
{"tick":49,"actual":{"root":[[0],[2],[3],[5],[8],[9]],"edge":[[0,5],[1,3],[1,7],[1,8],[1,11],[2,1],[2,2],[2,5],[2,8],[3,2],[3,3],[3,5],[3,10],[5,3],[5,8],[6,5],[6,6],[7,1],[7,3],[7,8],[7,9],[8,6],[8,7],[9,3],[9,4],[9,7],[9,9],[10,0],[10,1],[10,2],[10,7],[10,10],[11,9]],"alive":[[0],[1],[2],[3],[4],[5],[6],[7],[8],[9],[10],[11]]},"carry_pending":false,"statements":38}
{"tick":50,"actual":{"root":[[0],[2],[3],[5],[8],[9]],"edge":[[0,5],[1,3],[1,7],[1,8],[1,11],[2,1],[2,2],[2,5],[2,8],[3,2],[3,3],[3,5],[3,10],[5,3],[5,5],[5,8],[6,5],[6,6],[7,1],[7,3],[7,8],[7,9],[8,6],[8,7],[9,3],[9,4],[9,7],[9,9],[10,0],[10,1],[10,2],[10,7],[10,10],[11,9]],"alive":[[0],[1],[2],[3],[4],[5],[6],[7],[8],[9],[10],[11]]},"carry_pending":false,"statements":38}
{"tick":51,"actual":{"root":[[0],[2],[3],[5],[8],[9]],"edge":[[0,5],[1,3],[1,7],[1,8],[1,11],[2,1],[2,2],[2,5],[2,8],[3,2],[3,3],[3,5],[3,10],[5,3],[5,5],[5,8],[6,5],[6,6],[7,1],[7,3],[7,8],[7,9],[8,6],[8,7],[9,3],[9,4],[9,7],[9,9],[9,10],[10,0],[10,1],[10,2],[10,7],[10,10],[11,9]],"alive":[[0],[1],[2],[3],[4],[5],[6],[7],[8],[9],[10],[11]]},"carry_pending":false,"statements":38}
{"tick":52,"actual":{"root":[[0],[2],[3],[5],[8],[9]],"edge":[[0,5],[1,3],[1,7],[1,8],[1,11],[2,1],[2,2],[2,5],[2,8],[3,2],[3,3],[3,5],[3,7],[3,10],[5,3],[5,5],[5,8],[6,5],[6,6],[7,1],[7,3],[7,8],[7,9],[8,6],[8,7],[9,3],[9,4],[9,7],[9,9],[9,10],[10,0],[10,1],[10,2],[10,7],[10,10],[11,9]],"alive":[[0],[1],[2],[3],[4],[5],[6],[7],[8],[9],[10],[11]]},"carry_pending":false,"statements":38}
{"tick":53,"actual":{"root":[[0],[2],[3],[5],[8],[9],[10]],"edge":[[0,5],[1,3],[1,7],[1,8],[1,11],[2,1],[2,2],[2,5],[2,8],[3,2],[3,3],[3,5],[3,7],[3,10],[5,3],[5,5],[5,8],[6,5],[6,6],[7,1],[7,3],[7,8],[7,9],[8,6],[8,7],[9,3],[9,4],[9,7],[9,9],[9,10],[10,0],[10,1],[10,2],[10,7],[10,10],[11,9]],"alive":[[0],[1],[2],[3],[4],[5],[6],[7],[8],[9],[10],[11]]},"carry_pending":false,"statements":38}
{"tick":54,"actual":{"root":[[0],[2],[3],[5],[8],[9],[10]],"edge":[[0,5],[1,3],[1,7],[1,8],[1,11],[2,1],[2,2],[2,5],[2,8],[3,2],[3,3],[3,5],[3,7],[3,10],[5,3],[5,5],[5,8],[6,5],[6,6],[7,0],[7,1],[7,3],[7,8],[7,9],[8,6],[8,7],[9,3],[9,4],[9,7],[9,9],[9,10],[10,0],[10,1],[10,2],[10,7],[10,10],[11,9]],"alive":[[0],[1],[2],[3],[4],[5],[6],[7],[8],[9],[10],[11]]},"carry_pending":false,"statements":38}
{"tick":55,"actual":{"root":[[0],[2],[3],[5],[8],[9],[10]],"edge":[[0,5],[1,3],[1,7],[1,8],[1,11],[2,1],[2,2],[2,5],[2,8],[3,3],[3,5],[3,7],[3,10],[5,3],[5,5],[5,8],[6,5],[6,6],[7,0],[7,1],[7,3],[7,8],[7,9],[8,6],[8,7],[9,3],[9,4],[9,7],[9,9],[9,10],[10,0],[10,1],[10,2],[10,7],[10,10],[11,9]],"alive":[[0],[1],[2],[3],[4],[5],[6],[7],[8],[9],[10],[11]]},"carry_pending":false,"statements":87}
{"tick":56,"actual":{"root":[[0],[2],[3],[5],[8],[9],[10]],"edge":[[0,5],[1,3],[1,7],[1,8],[1,11],[2,1],[2,2],[2,5],[2,8],[3,3],[3,5],[3,7],[3,10],[5,3],[5,5],[5,8],[6,5],[6,6],[7,0],[7,1],[7,3],[7,8],[7,9],[8,7],[9,3],[9,4],[9,7],[9,9],[9,10],[10,0],[10,1],[10,2],[10,7],[10,10],[11,9]],"alive":[[0],[1],[2],[3],[4],[5],[7],[8],[9],[10],[11]]},"carry_pending":false,"statements":94}
{"tick":57,"actual":{"root":[[0],[2],[3],[5],[8],[9],[10]],"edge":[[0,5],[1,3],[1,7],[1,8],[1,11],[2,1],[2,2],[2,5],[2,8],[3,3],[3,5],[3,7],[3,10],[5,3],[5,5],[5,8],[6,5],[6,6],[7,0],[7,1],[7,3],[7,6],[7,8],[7,9],[8,7],[9,3],[9,4],[9,7],[9,9],[9,10],[10,0],[10,1],[10,2],[10,7],[10,10],[11,9]],"alive":[[0],[1],[2],[3],[4],[5],[6],[7],[8],[9],[10],[11]]},"carry_pending":false,"statements":38}
{"tick":58,"actual":{"root":[[0],[2],[3],[5],[8],[10]],"edge":[[0,5],[1,3],[1,7],[1,8],[1,11],[2,1],[2,2],[2,5],[2,8],[3,3],[3,5],[3,7],[3,10],[5,3],[5,5],[5,8],[6,5],[6,6],[7,0],[7,1],[7,3],[7,6],[7,8],[7,9],[8,7],[9,3],[9,4],[9,7],[9,9],[9,10],[10,0],[10,1],[10,2],[10,7],[10,10],[11,9]],"alive":[[0],[1],[2],[3],[4],[5],[6],[7],[8],[9],[10],[11]]},"carry_pending":false,"statements":93}
{"tick":59,"actual":{"root":[[0],[2],[3],[5],[8],[10]],"edge":[[0,1],[0,5],[1,3],[1,7],[1,8],[1,11],[2,1],[2,2],[2,5],[2,8],[3,3],[3,5],[3,7],[3,10],[5,3],[5,5],[5,8],[6,5],[6,6],[7,0],[7,1],[7,3],[7,6],[7,8],[7,9],[8,7],[9,3],[9,4],[9,7],[9,9],[9,10],[10,0],[10,1],[10,2],[10,7],[10,10],[11,9]],"alive":[[0],[1],[2],[3],[4],[5],[6],[7],[8],[9],[10],[11]]},"carry_pending":false,"statements":38}
{"tick":60,"actual":{"root":[[0],[2],[3],[5],[8],[10]],"edge":[[0,1],[0,5],[1,3],[1,7],[1,8],[1,11],[2,1],[2,2],[2,5],[2,8],[3,3],[3,5],[3,7],[3,10],[5,3],[5,5],[5,8],[6,5],[6,6],[7,0],[7,1],[7,3],[7,6],[7,8],[7,9],[8,7],[9,3],[9,4],[9,7],[9,9],[9,10],[10,0],[10,1],[10,2],[10,7],[10,9],[10,10],[11,9]],"alive":[[0],[1],[2],[3],[4],[5],[6],[7],[8],[9],[10],[11]]},"carry_pending":false,"statements":38}
{"tick":61,"actual":{"root":[[0],[2],[3],[5],[8],[10]],"edge":[[0,1],[0,5],[1,3],[1,7],[1,8],[1,11],[2,1],[2,2],[2,5],[2,8],[3,3],[3,5],[3,7],[3,10],[5,3],[5,5],[5,8],[6,5],[6,6],[7,0],[7,1],[7,3],[7,6],[7,8],[7,9],[8,7],[9,3],[9,4],[9,7],[9,9],[9,10],[10,0],[10,1],[10,2],[10,4],[10,7],[10,9],[10,10],[11,9]],"alive":[[0],[1],[2],[3],[4],[5],[6],[7],[8],[9],[10],[11]]},"carry_pending":false,"statements":38}
{"tick":62,"actual":{"root":[[0],[1],[2],[3],[5],[8],[10]],"edge":[[0,1],[0,5],[1,3],[1,7],[1,8],[1,11],[2,1],[2,2],[2,5],[2,8],[3,3],[3,5],[3,7],[3,10],[5,3],[5,5],[5,8],[6,5],[6,6],[7,0],[7,1],[7,3],[7,6],[7,8],[7,9],[8,7],[9,3],[9,4],[9,7],[9,9],[9,10],[10,0],[10,1],[10,2],[10,4],[10,7],[10,9],[10,10],[11,9]],"alive":[[0],[1],[2],[3],[4],[5],[6],[7],[8],[9],[10],[11]]},"carry_pending":false,"statements":38}
{"tick":63,"actual":{"root":[[0],[1],[2],[5],[8],[10]],"edge":[[0,1],[0,5],[1,3],[1,7],[1,8],[1,11],[2,1],[2,2],[2,5],[2,8],[3,3],[3,5],[3,7],[3,10],[5,3],[5,5],[5,8],[6,5],[6,6],[7,0],[7,1],[7,3],[7,6],[7,8],[7,9],[8,7],[9,3],[9,4],[9,7],[9,9],[9,10],[10,0],[10,1],[10,2],[10,4],[10,7],[10,9],[10,10],[11,9]],"alive":[[0],[1],[2],[3],[4],[5],[6],[7],[8],[9],[10],[11]]},"carry_pending":false,"statements":87}
{"tick":64,"actual":{"root":[[0],[1],[2],[5],[8],[10]],"edge":[[0,1],[0,5],[1,3],[1,7],[1,11],[2,1],[2,2],[2,5],[2,8],[3,3],[3,5],[3,7],[3,10],[5,3],[5,5],[5,8],[6,5],[6,6],[7,0],[7,1],[7,3],[7,6],[7,8],[7,9],[8,7],[9,3],[9,4],[9,7],[9,9],[9,10],[10,0],[10,1],[10,2],[10,4],[10,7],[10,9],[10,10],[11,9]],"alive":[[0],[1],[2],[3],[4],[5],[6],[7],[8],[9],[10],[11]]},"carry_pending":false,"statements":93}
