{"tick":0,"actual":{"root":[],"edge":[],"alive":[]},"carry_pending":false,"statements":34}
{"tick":1,"actual":{"root":[],"edge":[[1,4]],"alive":[]},"carry_pending":false,"statements":38}
{"tick":2,"actual":{"root":[[11]],"edge":[[1,4]],"alive":[[11]]},"carry_pending":false,"statements":38}
{"tick":3,"actual":{"root":[[11]],"edge":[[1,4],[9,0]],"alive":[[11]]},"carry_pending":false,"statements":38}
{"tick":4,"actual":{"root":[[7],[11]],"edge":[[1,4],[9,0]],"alive":[[7],[11]]},"carry_pending":false,"statements":38}
{"tick":5,"actual":{"root":[[5],[7],[11]],"edge":[[1,4],[9,0]],"alive":[[5],[7],[11]]},"carry_pending":false,"statements":38}
{"tick":6,"actual":{"root":[[5],[7]],"edge":[[1,4],[9,0]],"alive":[[5],[7]]},"carry_pending":false,"statements":82}
{"tick":7,"actual":{"root":[[5],[7]],"edge":[[1,4],[2,8],[9,0]],"alive":[[5],[7]]},"carry_pending":false,"statements":38}
{"tick":8,"actual":{"root":[[5],[7]],"edge":[[0,11],[1,4],[2,8],[9,0]],"alive":[[5],[7]]},"carry_pending":false,"statements":38}
{"tick":9,"actual":{"root":[[5],[7]],"edge":[[0,11],[1,4],[2,8],[9,0],[11,2]],"alive":[[5],[7]]},"carry_pending":false,"statements":38}
{"tick":10,"actual":{"root":[[1],[5],[7]],"edge":[[0,11],[1,4],[2,8],[9,0],[11,2]],"alive":[[1],[4],[5],[7]]},"carry_pending":false,"statements":42}
{"tick":11,"actual":{"root":[[1],[5],[7]],"edge":[[0,11],[1,4],[1,10],[2,8],[9,0],[11,2]],"alive":[[1],[4],[5],[7],[10]]},"carry_pending":false,"statements":38}
{"tick":12,"actual":{"root":[[1],[5],[7]],"edge":[[0,11],[1,4],[1,10],[2,8],[7,5],[9,0],[11,2]],"alive":[[1],[4],[5],[7],[10]]},"carry_pending":false,"statements":38}
{"tick":13,"actual":{"root":[[1],[3],[5],[7]],"edge":[[0,11],[1,4],[1,10],[2,8],[7,5],[9,0],[11,2]],"alive":[[1],[3],[4],[5],[7],[10]]},"carry_pending":false,"statements":38}
{"tick":14,"actual":{"root":[[1],[3],[5],[7]],"edge":[[0,11],[1,4],[1,10],[2,8],[7,5],[9,0],[11,2],[11,6]],"alive":[[1],[3],[4],[5],[7],[10]]},"carry_pending":false,"statements":38}
{"tick":15,"actual":{"root":[[1],[3],[5],[7]],"edge":[[0,2],[0,11],[1,4],[1,10],[2,8],[7,5],[9,0],[11,2],[11,6]],"alive":[[1],[3],[4],[5],[7],[10]]},"carry_pending":false,"statements":38}
{"tick":16,"actual":{"root":[[1],[2],[3],[5],[7]],"edge":[[0,2],[0,11],[1,4],[1,10],[2,8],[7,5],[9,0],[11,2],[11,6]],"alive":[[1],[2],[3],[4],[5],[7],[8],[10]]},"carry_pending":false,"statements":42}
{"tick":17,"actual":{"root":[[1],[2],[3],[5],[6],[7]],"edge":[[0,2],[0,11],[1,4],[1,10],[2,8],[7,5],[9,0],[11,2],[11,6]],"alive":[[1],[2],[3],[4],[5],[6],[7],[8],[10]]},"carry_pending":false,"statements":38}
{"tick":18,"actual":{"root":[[1],[2],[3],[5],[6],[7]],"edge":[[0,2],[0,11],[1,4],[1,10],[2,8],[4,2],[7,5],[9,0],[11,2],[11,6]],"alive":[[1],[2],[3],[4],[5],[6],[7],[8],[10]]},"carry_pending":false,"statements":38}
{"tick":19,"actual":{"root":[[1],[2],[3],[5],[6],[7],[10]],"edge":[[0,2],[0,11],[1,4],[1,10],[2,8],[4,2],[7,5],[9,0],[11,2],[11,6]],"alive":[[1],[2],[3],[4],[5],[6],[7],[8],[10]]},"carry_pending":false,"statements":38}
{"tick":20,"actual":{"root":[[1],[2],[3],[5],[6],[7],[10]],"edge":[[0,2],[0,11],[1,4],[1,10],[2,8],[4,2],[7,5],[7,6],[9,0],[11,2],[11,6]],"alive":[[1],[2],[3],[4],[5],[6],[7],[8],[10]]},"carry_pending":false,"statements":38}
{"tick":21,"actual":{"root":[[1],[2],[3],[5],[6],[7],[10]],"edge":[[0,2],[0,11],[1,4],[1,10],[2,8],[2,10],[4,2],[7,5],[7,6],[9,0],[11,2],[11,6]],"alive":[[1],[2],[3],[4],[5],[6],[7],[8],[10]]},"carry_pending":false,"statements":38}
{"tick":22,"actual":{"root":[[1],[2],[3],[5],[6],[7],[10]],"edge":[[0,2],[0,11],[1,4],[1,10],[2,8],[2,10],[4,2],[4,3],[7,5],[7,6],[9,0],[11,2],[11,6]],"alive":[[1],[2],[3],[4],[5],[6],[7],[8],[10]]},"carry_pending":false,"statements":38}
{"tick":23,"actual":{"root":[[1],[2],[3],[5],[6],[7],[10]],"edge":[[0,2],[0,8],[0,11],[1,4],[1,10],[2,8],[2,10],[4,2],[4,3],[7,5],[7,6],[9,0],[11,2],[11,6]],"alive":[[1],[2],[3],[4],[5],[6],[7],[8],[10]]},"carry_pending":false,"statements":38}
{"tick":24,"actual":{"root":[[1],[2],[3],[5],[6],[7],[10]],"edge":[[0,2],[0,8],[0,11],[1,4],[1,10],[2,8],[4,2],[4,3],[7,5],[7,6],[9,0],[11,2],[11,6]],"alive":[[1],[2],[3],[4],[5],[6],[7],[8],[10]]},"carry_pending":false,"statements":95}
{"tick":25,"actual":{"root":[[0],[1],[2],[3],[5],[6],[7],[10]],"edge":[[0,2],[0,8],[0,11],[1,4],[1,10],[2,8],[4,2],[4,3],[7,5],[7,6],[9,0],[11,2],[11,6]],"alive":[[0],[1],[2],[3],[4],[5],[6],[7],[8],[10],[11]]},"carry_pending":false,"statements":42}
{"tick":26,"actual":{"root":[[0],[1],[2],[3],[5],[6],[7]],"edge":[[0,2],[0,8],[0,11],[1,4],[1,10],[2,8],[4,2],[4,3],[7,5],[7,6],[9,0],[11,2],[11,6]],"alive":[[0],[1],[2],[3],[4],[5],[6],[7],[8],[10],[11]]},"carry_pending":false,"statements":95}
{"tick":27,"actual":{"root":[[0],[1],[3],[5],[6],[7]],"edge":[[0,2],[0,8],[0,11],[1,4],[1,10],[2,8],[4,2],[4,3],[7,5],[7,6],[9,0],[11,2],[11,6]],"alive":[[0],[1],[2],[3],[4],[5],[6],[7],[8],[10],[11]]},"carry_pending":false,"statements":101}
{"tick":28,"actual":{"root":[[0],[1],[3],[5],[6],[7]],"edge":[[0,2],[0,8],[0,11],[1,4],[1,10],[2,8],[4,2],[4,3],[7,5],[7,6],[9,0],[11,2],[11,4],[11,6]],"alive":[[0],[1],[2],[3],[4],[5],[6],[7],[8],[10],[11]]},"carry_pending":false,"statements":38}
{"tick":29,"actual":{"root":[[0],[1],[3],[5],[6],[7]],"edge":[[0,2],[0,8],[0,11],[1,4],[1,5],[1,10],[2,8],[4,2],[4,3],[7,5],[7,6],[9,0],[11,2],[11,4],[11,6]],"alive":[[0],[1],[2],[3],[4],[5],[6],[7],[8],[10],[11]]},"carry_pending":false,"statements":38}
{"tick":30,"actual":{"root":[[0],[1],[3],[5],[6],[7]],"edge":[[0,2],[0,8],[0,11],[1,4],[1,5],[1,10],[2,8],[4,2],[4,3],[4,10],[7,5],[7,6],[9,0],[11,2],[11,4],[11,6]],"alive":[[0],[1],[2],[3],[4],[5],[6],[7],[8],[10],[11]]},"carry_pending":false,"statements":38}
{"tick":31,"actual":{"root":[[0],[1],[3],[5],[7]],"edge":[[0,2],[0,8],[0,11],[1,4],[1,5],[1,10],[2,8],[4,2],[4,3],[4,10],[7,5],[7,6],[9,0],[11,2],[11,4],[11,6]],"alive":[[0],[1],[2],[3],[4],[5],[6],[7],[8],[10],[11]]},"carry_pending":false,"statements":95}
{"tick":32,"actual":{"root":[[0],[1],[3],[5],[7]],"edge":[[0,1],[0,2],[0,8],[0,11],[1,4],[1,5],[1,10],[2,8],[4,2],[4,3],[4,10],[7,5],[7,6],[9,0],[11,2],[11,4],[11,6]],"alive":[[0],[1],[2],[3],[4],[5],[6],[7],[8],[10],[11]]},"carry_pending":false,"statements":38}
{"tick":33,"actual":{"root":[[0],[1],[3],[5],[7]],"edge":[[0,1],[0,2],[0,8],[0,11],[1,4],[1,5],[1,10],[2,8],[4,2],[4,3],[4,10],[6,1],[7,5],[7,6],[9,0],[11,2],[11,4],[11,6]],"alive":[[0],[1],[2],[3],[4],[5],[6],[7],[8],[10],[11]]},"carry_pending":false,"statements":38}
{"tick":34,"actual":{"root":[[0],[1],[3],[5],[7]],"edge":[[0,1],[0,2],[0,8],[0,11],[1,4],[1,5],[1,10],[2,8],[4,2],[4,3],[4,8],[4,10],[6,1],[7,5],[7,6],[9,0],[11,2],[11,4],[11,6]],"alive":[[0],[1],[2],[3],[4],[5],[6],[7],[8],[10],[11]]},"carry_pending":false,"statements":38}
{"tick":35,"actual":{"root":[[0],[1],[2],[3],[5],[7]],"edge":[[0,1],[0,2],[0,8],[0,11],[1,4],[1,5],[1,10],[2,8],[4,2],[4,3],[4,8],[4,10],[6,1],[7,5],[7,6],[9,0],[11,2],[11,4],[11,6]],"alive":[[0],[1],[2],[3],[4],[5],[6],[7],[8],[10],[11]]},"carry_pending":false,"statements":38}
{"tick":36,"actual":{"root":[[0],[1],[2],[3],[5],[7]],"edge":[[0,1],[0,2],[0,8],[0,11],[1,4],[1,5],[1,10],[2,8],[4,2],[4,3],[4,8],[4,10],[6,1],[6,5],[7,5],[7,6],[9,0],[11,2],[11,4],[11,6]],"alive":[[0],[1],[2],[3],[4],[5],[6],[7],[8],[10],[11]]},"carry_pending":false,"statements":38}
{"tick":37,"actual":{"root":[[0],[1],[2],[3],[5],[7]],"edge":[[0,1],[0,8],[0,11],[1,4],[1,5],[1,10],[2,8],[4,2],[4,3],[4,8],[4,10],[6,1],[6,5],[7,5],[7,6],[9,0],[11,2],[11,4],[11,6]],"alive":[[0],[1],[2],[3],[4],[5],[6],[7],[8],[10],[11]]},"carry_pending":false,"statements":101}
{"tick":38,"actual":{"root":[[0],[1],[2],[3],[5],[7]],"edge":[[0,1],[0,8],[0,10],[0,11],[1,4],[1,5],[1,10],[2,8],[4,2],[4,3],[4,8],[4,10],[6,1],[6,5],[7,5],[7,6],[9,0],[11,2],[11,4],[11,6]],"alive":[[0],[1],[2],[3],[4],[5],[6],[7],[8],[10],[11]]},"carry_pending":false,"statements":38}
{"tick":39,"actual":{"root":[[0],[1],[2],[3],[5],[7]],"edge":[[0,1],[0,8],[0,10],[0,11],[1,4],[1,5],[1,10],[2,3],[2,8],[4,2],[4,3],[4,8],[4,10],[6,1],[6,5],[7,5],[7,6],[9,0],[11,2],[11,4],[11,6]],"alive":[[0],[1],[2],[3],[4],[5],[6],[7],[8],[10],[11]]},"carry_pending":false,"statements":38}
{"tick":40,"actual":{"root":[[0],[1],[2],[3],[5],[7],[9]],"edge":[[0,1],[0,8],[0,10],[0,11],[1,4],[1,5],[1,10],[2,3],[2,8],[4,2],[4,3],[4,8],[4,10],[6,1],[6,5],[7,5],[7,6],[9,0],[11,2],[11,4],[11,6]],"alive":[[0],[1],[2],[3],[4],[5],[6],[7],[8],[9],[10],[11]]},"carry_pending":false,"statements":38}
{"tick":41,"actual":{"root":[[0],[1],[2],[3],[5],[7],[9]],"edge":[[0,1],[0,8],[0,10],[0,11],[1,4],[1,5],[1,10],[2,3],[2,8],[4,2],[4,3],[4,8],[4,10],[4,11],[6,1],[6,5],[7,5],[7,6],[9,0],[11,2],[11,4],[11,6]],"alive":[[0],[1],[2],[3],[4],[5],[6],[7],[8],[9],[10],[11]]},"carry_pending":false,"statements":38}
{"tick":42,"actual":{"root":[[0],[1],[2],[3],[5],[7],[9]],"edge":[[0,1],[0,8],[0,10],[0,11],[1,4],[1,5],[1,10],[2,3],[2,8],[4,2],[4,3],[4,8],[4,10],[4,11],[5,5],[6,1],[6,5],[7,5],[7,6],[9,0],[11,2],[11,4],[11,6]],"alive":[[0],[1],[2],[3],[4],[5],[6],[7],[8],[9],[10],[11]]},"carry_pending":false,"statements":38}
{"tick":43,"actual":{"root":[[0],[1],[2],[3],[5],[7],[9]],"edge":[[0,1],[0,8],[0,10],[0,11],[1,4],[1,5],[1,10],[2,3],[2,8],[4,2],[4,3],[4,8],[4,10],[4,11],[5,5],[6,1],[6,5],[7,5],[7,6],[9,0],[9,5],[11,2],[11,4],[11,6]],"alive":[[0],[1],[2],[3],[4],[5],[6],[7],[8],[9],[10],[11]]},"carry_pending":false,"statements":38}
{"tick":44,"actual":{"root":[[0],[1],[2],[3],[5],[7]],"edge":[[0,1],[0,8],[0,10],[0,11],[1,4],[1,5],[1,10],[2,3],[2,8],[4,2],[4,3],[4,8],[4,10],[4,11],[5,5],[6,1],[6,5],[7,5],[7,6],[9,0],[9,5],[11,2],[11,4],[11,6]],"alive":[[0],[1],[2],[3],[4],[5],[6],[7],[8],[10],[11]]},"carry_pending":false,"statements":91}
{"tick":45,"actual":{"root":[[0],[1],[2],[3],[5],[7]],"edge":[[0,1],[0,8],[0,10],[0,11],[1,4],[1,5],[1,10],[2,3],[2,8],[4,2],[4,3],[4,8],[4,10],[4,11],[5,5],[6,1],[6,5],[7,5],[7,6],[8,8],[9,0],[9,5],[11,2],[11,4],[11,6]],"alive":[[0],[1],[2],[3],[4],[5],[6],[7],[8],[10],[11]]},"carry_pending":false,"statements":38}
{"tick":46,"actual":{"root":[[0],[1],[2],[3],[5],[7],[10]],"edge":[[0,1],[0,8],[0,10],[0,11],[1,4],[1,5],[1,10],[2,3],[2,8],[4,2],[4,3],[4,8],[4,10],[4,11],[5,5],[6,1],[6,5],[7,5],[7,6],[8,8],[9,0],[9,5],[11,2],[11,4],[11,6]],"alive":[[0],[1],[2],[3],[4],[5],[6],[7],[8],[10],[11]]},"carry_pending":false,"statements":38}
{"tick":47,"actual":{"root":[[0],[1],[2],[3],[5],[7],[10]],"edge":[[0,1],[0,8],[0,10],[0,11],[1,4],[1,5],[1,8],[1,10],[2,3],[2,8],[4,2],[4,3],[4,8],[4,10],[4,11],[5,5],[6,1],[6,5],[7,5],[7,6],[8,8],[9,0],[9,5],[11,2],[11,4],[11,6]],"alive":[[0],[1],[2],[3],[4],[5],[6],[7],[8],[10],[11]]},"carry_pending":false,"statements":38}
{"tick":48,"actual":{"root":[[0],[1],[2],[3],[5],[7],[10]],"edge":[[0,1],[0,8],[0,10],[0,11],[1,4],[1,5],[1,8],[1,10],[2,3],[2,8],[4,2],[4,3],[4,8],[4,10],[4,11],[5,5],[6,1],[6,5],[7,5],[7,6],[8,7],[8,8],[9,0],[9,5],[11,2],[11,4],[11,6]],"alive":[[0],[1],[2],[3],[4],[5],[6],[7],[8],[10],[11]]},"carry_pending":false,"statements":38}
{"tick":49,"actual":{"root":[[0],[1],[2],[3],[4],[5],[7],[10]],"edge":[[0,1],[0,8],[0,10],[0,11],[1,4],[1,5],[1,8],[1,10],[2,3],[2,8],[4,2],[4,3],[4,8],[4,10],[4,11],[5,5],[6,1],[6,5],[7,5],[7,6],[8,7],[8,8],[9,0],[9,5],[11,2],[11,4],[11,6]],"alive":[[0],[1],[2],[3],[4],[5],[6],[7],[8],[10],[11]]},"carry_pending":false,"statements":38}
{"tick":50,"actual":{"root":[[0],[1],[2],[3],[4],[5],[7],[10]],"edge":[[0,1],[0,8],[0,10],[0,11],[1,4],[1,5],[1,8],[1,10],[2,3],[2,8],[3,0],[4,2],[4,3],[4,8],[4,10],[4,11],[5,5],[6,1],[6,5],[7,5],[7,6],[8,7],[8,8],[9,0],[9,5],[11,2],[11,4],[11,6]],"alive":[[0],[1],[2],[3],[4],[5],[6],[7],[8],[10],[11]]},"carry_pending":false,"statements":38}
{"tick":51,"actual":{"root":[[0],[1],[2],[3],[4],[5],[7],[10]],"edge":[[0,1],[0,8],[0,10],[0,11],[1,4],[1,5],[1,8],[1,10],[2,3],[2,8],[3,0],[4,2],[4,3],[4,8],[4,10],[4,11],[5,5],[6,1],[6,4],[6,5],[7,5],[7,6],[8,7],[8,8],[9,0],[9,5],[11,2],[11,4],[11,6]],"alive":[[0],[1],[2],[3],[4],[5],[6],[7],[8],[10],[11]]},"carry_pending":false,"statements":38}
{"tick":52,"actual":{"root":[[0],[1],[2],[3],[4],[5],[7],[10]],"edge":[[0,1],[0,8],[0,10],[0,11],[1,4],[1,5],[1,8],[1,10],[2,3],[2,8],[3,0],[4,2],[4,3],[4,8],[4,10],[4,11],[5,5],[6,1],[6,4],[6,5],[7,5],[7,6],[8,7],[8,8],[9,0],[9,5],[11,2],[11,6]],"alive":[[0],[1],[2],[3],[4],[5],[6],[7],[8],[10],[11]]},"carry_pending":false,"statements":81}
{"tick":53,"actual":{"root":[[0],[1],[2],[3],[4],[5],[7],[10]],"edge":[[0,1],[0,8],[0,10],[0,11],[1,4],[1,5],[1,8],[1,10],[2,3],[2,8],[3,0],[4,2],[4,3],[4,8],[4,10],[4,11],[5,5],[6,1],[6,4],[6,5],[7,5],[7,6],[8,7],[8,8],[9,0],[9,5],[9,7],[11,2],[11,6]],"alive":[[0],[1],[2],[3],[4],[5],[6],[7],[8],[10],[11]]},"carry_pending":false,"statements":38}
{"tick":54,"actual":{"root":[[0],[1],[2],[3],[4],[5],[6],[7],[10]],"edge":[[0,1],[0,8],[0,10],[0,11],[1,4],[1,5],[1,8],[1,10],[2,3],[2,8],[3,0],[4,2],[4,3],[4,8],[4,10],[4,11],[5,5],[6,1],[6,4],[6,5],[7,5],[7,6],[8,7],[8,8],[9,0],[9,5],[9,7],[11,2],[11,6]],"alive":[[0],[1],[2],[3],[4],[5],[6],[7],[8],[10],[11]]},"carry_pending":false,"statements":38}
{"tick":55,"actual":{"root":[[0],[1],[2],[3],[4],[5],[6],[7],[10]],"edge":[[0,1],[0,8],[0,10],[0,11],[1,4],[1,5],[1,8],[1,10],[2,3],[2,8],[3,0],[4,2],[4,3],[4,8],[4,10],[4,11],[5,5],[6,1],[6,4],[6,5],[7,2],[7,5],[7,6],[8,7],[8,8],[9,0],[9,5],[9,7],[11,2],[11,6]],"alive":[[0],[1],[2],[3],[4],[5],[6],[7],[8],[10],[11]]},"carry_pending":false,"statements":38}
{"tick":56,"actual":{"root":[[0],[1],[2],[3],[4],[5],[6],[7],[10]],"edge":[[0,1],[0,8],[0,10],[0,11],[1,4],[1,5],[1,8],[1,10],[2,3],[2,8],[3,0],[3,5],[4,2],[4,3],[4,8],[4,10],[4,11],[5,5],[6,1],[6,4],[6,5],[7,2],[7,5],[7,6],[8,7],[8,8],[9,0],[9,5],[9,7],[11,2],[11,6]],"alive":[[0],[1],[2],[3],[4],[5],[6],[7],[8],[10],[11]]},"carry_pending":false,"statements":38}
{"tick":57,"actual":{"root":[[0],[1],[2],[3],[4],[5],[6],[7],[10]],"edge":[[0,1],[0,8],[0,10],[0,11],[1,4],[1,5],[1,8],[1,10],[2,3],[2,8],[3,0],[3,5],[4,2],[4,3],[4,8],[4,10],[4,11],[5,5],[6,1],[6,4],[6,5],[7,2],[7,5],[7,6],[8,5],[8,7],[8,8],[9,0],[9,5],[9,7],[11,2],[11,6]],"alive":[[0],[1],[2],[3],[4],[5],[6],[7],[8],[10],[11]]},"carry_pending":false,"statements":38}
{"tick":58,"actual":{"root":[[0],[1],[2],[3],[4],[5],[6],[7],[10]],"edge":[[0,1],[0,8],[0,10],[0,11],[1,4],[1,5],[1,8],[1,10],[2,3],[2,8],[3,0],[3,5],[4,2],[4,3],[4,8],[4,10],[4,11],[5,5],[6,1],[6,4],[6,5],[7,2],[7,5],[7,6],[8,5],[8,7],[8,8],[9,0],[9,5],[9,7],[10,3],[11,2],[11,6]],"alive":[[0],[1],[2],[3],[4],[5],[6],[7],[8],[10],[11]]},"carry_pending":false,"statements":38}
{"tick":59,"actual":{"root":[[0],[1],[2],[3],[4],[5],[6],[7],[10]],"edge":[[0,1],[0,8],[0,10],[0,11],[1,4],[1,5],[1,8],[1,10],[2,3],[2,8],[3,0],[3,5],[4,2],[4,3],[4,8],[4,10],[4,11],[5,5],[6,1],[6,4],[6,5],[7,2],[7,5],[7,6],[8,5],[8,7],[8,8],[9,0],[9,3],[9,5],[9,7],[10,3],[11,2],[11,6]],"alive":[[0],[1],[2],[3],[4],[5],[6],[7],[8],[10],[11]]},"carry_pending":false,"statements":38}
{"tick":60,"actual":{"root":[[0],[1],[2],[3],[4],[5],[6],[7],[8],[10]],"edge":[[0,1],[0,8],[0,10],[0,11],[1,4],[1,5],[1,8],[1,10],[2,3],[2,8],[3,0],[3,5],[4,2],[4,3],[4,8],[4,10],[4,11],[5,5],[6,1],[6,4],[6,5],[7,2],[7,5],[7,6],[8,5],[8,7],[8,8],[9,0],[9,3],[9,5],[9,7],[10,3],[11,2],[11,6]],"alive":[[0],[1],[2],[3],[4],[5],[6],[7],[8],[10],[11]]},"carry_pending":false,"statements":38}
{"tick":61,"actual":{"root":[[0],[1],[2],[3],[4],[5],[6],[7],[8],[10]],"edge":[[0,1],[0,8],[0,10],[0,11],[1,4],[1,5],[1,8],[1,10],[2,3],[2,8],[3,0],[3,5],[4,2],[4,3],[4,8],[4,10],[4,11],[5,5],[6,1],[6,4],[6,5],[7,2],[7,5],[7,6],[8,5],[8,7],[8,8],[9,0],[9,3],[9,5],[9,7],[10,3],[11,6]],"alive":[[0],[1],[2],[3],[4],[5],[6],[7],[8],[10],[11]]},"carry_pending":false,"statements":81}
{"tick":62,"actual":{"root":[[0],[1],[2],[3],[4],[5],[6],[7],[8],[10]],"edge":[[0,1],[0,8],[0,10],[0,11],[1,1],[1,4],[1,5],[1,8],[1,10],[2,3],[2,8],[3,0],[3,5],[4,2],[4,3],[4,8],[4,10],[4,11],[5,5],[6,1],[6,4],[6,5],[7,2],[7,5],[7,6],[8,5],[8,7],[8,8],[9,0],[9,3],[9,5],[9,7],[10,3],[11,6]],"alive":[[0],[1],[2],[3],[4],[5],[6],[7],[8],[10],[11]]},"carry_pending":false,"statements":38}
{"tick":63,"actual":{"root":[[0],[1],[2],[3],[4],[5],[6],[7],[8],[10]],"edge":[[0,1],[0,8],[0,10],[0,11],[1,1],[1,4],[1,5],[1,8],[1,10],[2,3],[2,8],[3,0],[3,5],[4,2],[4,3],[4,8],[4,10],[4,11],[5,5],[6,1],[6,4],[6,5],[7,2],[7,5],[7,6],[8,5],[8,7],[8,8],[9,0],[9,3],[9,4],[9,5],[9,7],[10,3],[11,6]],"alive":[[0],[1],[2],[3],[4],[5],[6],[7],[8],[10],[11]]},"carry_pending":false,"statements":38}
{"tick":64,"actual":{"root":[[0],[1],[2],[3],[4],[5],[6],[7],[8],[10]],"edge":[[0,1],[0,8],[0,10],[0,11],[1,1],[1,4],[1,5],[1,8],[1,10],[1,11],[2,3],[2,8],[3,0],[3,5],[4,2],[4,3],[4,8],[4,10],[4,11],[5,5],[6,1],[6,4],[6,5],[7,2],[7,5],[7,6],[8,5],[8,7],[8,8],[9,0],[9,3],[9,4],[9,5],[9,7],[10,3],[11,6]],"alive":[[0],[1],[2],[3],[4],[5],[6],[7],[8],[10],[11]]},"carry_pending":false,"statements":38}
