{"tick":0,"actual":{"root":[],"edge":[],"alive":[]},"carry_pending":false,"statements":34}
{"tick":1,"actual":{"root":[],"edge":[[10,11]],"alive":[]},"carry_pending":false,"statements":38}
{"tick":2,"actual":{"root":[[9]],"edge":[[10,11]],"alive":[[9]]},"carry_pending":false,"statements":38}
{"tick":3,"actual":{"root":[[9]],"edge":[[4,5],[10,11]],"alive":[[9]]},"carry_pending":false,"statements":38}
{"tick":4,"actual":{"root":[[9]],"edge":[[3,5],[4,5],[10,11]],"alive":[[9]]},"carry_pending":false,"statements":38}
{"tick":5,"actual":{"root":[[5],[9]],"edge":[[3,5],[4,5],[10,11]],"alive":[[5],[9]]},"carry_pending":false,"statements":38}
{"tick":6,"actual":{"root":[[5],[9]],"edge":[[2,9],[3,5],[4,5],[10,11]],"alive":[[5],[9]]},"carry_pending":false,"statements":38}
{"tick":7,"actual":{"root":[[5],[9]],"edge":[[2,9],[3,5],[4,5],[9,10],[10,11]],"alive":[[5],[9],[10],[11]]},"carry_pending":false,"statements":42}
{"tick":8,"actual":{"root":[[2],[5],[9]],"edge":[[2,9],[3,5],[4,5],[9,10],[10,11]],"alive":[[2],[5],[9],[10],[11]]},"carry_pending":false,"statements":38}
{"tick":9,"actual":{"root":[[2],[5],[9]],"edge":[[1,2],[2,9],[3,5],[4,5],[9,10],[10,11]],"alive":[[2],[5],[9],[10],[11]]},"carry_pending":false,"statements":38}
{"tick":10,"actual":{"root":[[2],[5]],"edge":[[1,2],[2,9],[3,5],[4,5],[9,10],[10,11]],"alive":[[2],[5],[9],[10],[11]]},"carry_pending":false,"statements":93}
{"tick":11,"actual":{"root":[[2],[5]],"edge":[[1,2],[1,8],[2,9],[3,5],[4,5],[9,10],[10,11]],"alive":[[2],[5],[9],[10],[11]]},"carry_pending":false,"statements":38}
{"tick":12,"actual":{"root":[[2],[3],[5]],"edge":[[1,2],[1,8],[2,9],[3,5],[4,5],[9,10],[10,11]],"alive":[[2],[3],[5],[9],[10],[11]]},"carry_pending":false,"statements":38}
{"tick":13,"actual":{"root":[[2],[3],[5]],"edge":[[1,2],[1,8],[2,9],[3,5],[4,5],[7,9],[9,10],[10,11]],"alive":[[2],[3],[5],[9],[10],[11]]},"carry_pending":false,"statements":38}
{"tick":14,"actual":{"root":[[2],[3],[5],[8]],"edge":[[1,2],[1,8],[2,9],[3,5],[4,5],[7,9],[9,10],[10,11]],"alive":[[2],[3],[5],[8],[9],[10],[11]]},"carry_pending":false,"statements":38}
{"tick":15,"actual":{"root":[[2],[3],[5],[8],[11]],"edge":[[1,2],[1,8],[2,9],[3,5],[4,5],[7,9],[9,10],[10,11]],"alive":[[2],[3],[5],[8],[9],[10],[11]]},"carry_pending":false,"statements":38}
{"tick":16,"actual":{"root":[[2],[3],[5],[8],[11]],"edge":[[1,2],[1,8],[2,9],[3,5],[3,10],[4,5],[7,9],[9,10],[10,11]],"alive":[[2],[3],[5],[8],[9],[10],[11]]},"carry_pending":false,"statements":38}
{"tick":17,"actual":{"root":[[2],[3],[5],[8],[11]],"edge":[[1,2],[1,8],[2,9],[3,5],[3,10],[4,5],[7,8],[7,9],[9,10],[10,11]],"alive":[[2],[3],[5],[8],[9],[10],[11]]},"carry_pending":false,"statements":38}
{"tick":18,"actual":{"root":[[2],[3],[5],[8],[10],[11]],"edge":[[1,2],[1,8],[2,9],[3,5],[3,10],[4,5],[7,8],[7,9],[9,10],[10,11]],"alive":[[2],[3],[5],[8],[9],[10],[11]]},"carry_pending":false,"statements":38}
{"tick":19,"actual":{"root":[[2],[3],[5],[8],[10],[11]],"edge":[[1,2],[1,8],[2,9],[3,5],[3,10],[4,5],[4,7],[7,8],[7,9],[9,10],[10,11]],"alive":[[2],[3],[5],[8],[9],[10],[11]]},"carry_pending":false,"statements":38}
{"tick":20,"actual":{"root":[[2],[3],[5],[7],[8],[10],[11]],"edge":[[1,2],[1,8],[2,9],[3,5],[3,10],[4,5],[4,7],[7,8],[7,9],[9,10],[10,11]],"alive":[[2],[3],[5],[7],[8],[9],[10],[11]]},"carry_pending":false,"statements":38}
{"tick":21,"actual":{"root":[[2],[3],[5],[7],[8],[9],[10],[11]],"edge":[[1,2],[1,8],[2,9],[3,5],[3,10],[4,5],[4,7],[7,8],[7,9],[9,10],[10,11]],"alive":[[2],[3],[5],[7],[8],[9],[10],[11]]},"carry_pending":false,"statements":38}
{"tick":22,"actual":{"root":[[2],[3],[5],[7],[8],[9],[10],[11]],"edge":[[1,2],[1,8],[2,9],[3,5],[3,10],[4,5],[4,7],[5,7],[7,8],[7,9],[9,10],[10,11]],"alive":[[2],[3],[5],[7],[8],[9],[10],[11]]},"carry_pending":false,"statements":38}
{"tick":23,"actual":{"root":[[2],[3],[5],[7],[8],[9],[10],[11]],"edge":[[1,2],[1,8],[2,9],[3,5],[3,10],[4,5],[4,7],[5,7],[7,8],[7,9],[8,11],[9,10],[10,11]],"alive":[[2],[3],[5],[7],[8],[9],[10],[11]]},"carry_pending":false,"statements":38}
{"tick":24,"actual":{"root":[[2],[3],[5],[7],[8],[9],[10],[11]],"edge":[[1,2],[1,8],[2,9],[3,5],[3,10],[4,5],[4,7],[5,7],[7,8],[7,9],[8,11],[9,10],[9,11],[10,11]],"alive":[[2],[3],[5],[7],[8],[9],[10],[11]]},"carry_pending":false,"statements":38}
{"tick":25,"actual":{"root":[[2],[3],[5],[7],[8],[9],[10],[11]],"edge":[[1,2],[1,8],[2,9],[3,5],[3,8],[3,10],[4,5],[4,7],[5,7],[7,8],[7,9],[8,11],[9,10],[9,11],[10,11]],"alive":[[2],[3],[5],[7],[8],[9],[10],[11]]},"carry_pending":false,"statements":38}
{"tick":26,"actual":{"root":[[2],[3],[5],[7],[8],[9],[10],[11]],"edge":[[1,2],[1,8],[2,9],[3,5],[3,6],[3,8],[3,10],[4,5],[4,7],[5,7],[7,8],[7,9],[8,11],[9,10],[9,11],[10,11]],"alive":[[2],[3],[5],[6],[7],[8],[9],[10],[11]]},"carry_pending":false,"statements":38}
{"tick":27,"actual":{"root":[[2],[3],[5],[7],[8],[9],[10],[11]],"edge":[[1,2],[1,8],[2,9],[3,5],[3,6],[3,8],[3,10],[4,5],[4,7],[5,7],[7,8],[7,9],[8,11],[9,10],[10,11]],"alive":[[2],[3],[5],[6],[7],[8],[9],[10],[11]]},"carry_pending":false,"statements":95}
{"tick":28,"actual":{"root":[[0],[2],[3],[5],[7],[8],[9],[10],[11]],"edge":[[1,2],[1,8],[2,9],[3,5],[3,6],[3,8],[3,10],[4,5],[4,7],[5,7],[7,8],[7,9],[8,11],[9,10],[10,11]],"alive":[[0],[2],[3],[5],[6],[7],[8],[9],[10],[11]]},"carry_pending":false,"statements":38}
{"tick":29,"actual":{"root":[[0],[2],[3],[5],[7],[8],[9],[10],[11]],"edge":[[1,2],[1,8],[2,9],[3,5],[3,6],[3,8],[3,10],[4,5],[4,7],[7,8],[7,9],[8,11],[9,10],[10,11]],"alive":[[0],[2],[3],[5],[6],[7],[8],[9],[10],[11]]},"carry_pending":false,"statements":81}
{"tick":30,"actual":{"root":[[0],[2],[3],[5],[7],[8],[9],[10],[11]],"edge":[[1,2],[1,8],[2,9],[3,5],[3,6],[3,8],[3,10],[4,5],[4,7],[7,8],[8,11],[9,10],[10,11]],"alive":[[0],[2],[3],[5],[6],[7],[8],[9],[10],[11]]},"carry_pending":false,"statements":87}
{"tick":31,"actual":{"root":[[0],[2],[3],[5],[7],[8],[9],[10],[11]],"edge":[[1,2],[1,8],[2,9],[3,5],[3,6],[3,8],[3,10],[4,5],[4,7],[7,8],[8,11],[9,10],[9,11],[10,11]],"alive":[[0],[2],[3],[5],[6],[7],[8],[9],[10],[11]]},"carry_pending":false,"statements":38}
{"tick":32,"actual":{"root":[[0],[2],[3],[5],[7],[8],[9],[10],[11]],"edge":[[1,2],[1,8],[2,9],[3,5],[3,6],[3,8],[3,10],[4,5],[4,7],[4,11],[7,8],[8,11],[9,10],[9,11],[10,11]],"alive":[[0],[2],[3],[5],[6],[7],[8],[9],[10],[11]]},"carry_pending":false,"statements":38}
{"tick":33,"actual":{"root":[[0],[2],[3],[7],[8],[9],[10],[11]],"edge":[[1,2],[1,8],[2,9],[3,5],[3,6],[3,8],[3,10],[4,5],[4,7],[4,11],[7,8],[8,11],[9,10],[9,11],[10,11]],"alive":[[0],[2],[3],[5],[6],[7],[8],[9],[10],[11]]},"carry_pending":false,"statements":95}
{"tick":34,"actual":{"root":[[0],[2],[3],[7],[8],[9],[11]],"edge":[[1,2],[1,8],[2,9],[3,5],[3,6],[3,8],[3,10],[4,5],[4,7],[4,11],[7,8],[8,11],[9,10],[9,11],[10,11]],"alive":[[0],[2],[3],[5],[6],[7],[8],[9],[10],[11]]},"carry_pending":false,"statements":101}
{"tick":35,"actual":{"root":[[0],[2],[3],[7],[8],[9],[11]],"edge":[[1,2],[1,8],[2,9],[3,5],[3,6],[3,8],[3,10],[4,5],[4,7],[4,11],[5,10],[7,8],[8,11],[9,10],[9,11],[10,11]],"alive":[[0],[2],[3],[5],[6],[7],[8],[9],[10],[11]]},"carry_pending":false,"statements":38}
{"tick":36,"actual":{"root":[[0],[2],[3],[7],[8],[9],[11]],"edge":[[1,2],[1,8],[2,9],[3,5],[3,6],[3,8],[3,9],[3,10],[4,5],[4,7],[4,11],[5,10],[7,8],[8,11],[9,10],[9,11],[10,11]],"alive":[[0],[2],[3],[5],[6],[7],[8],[9],[10],[11]]},"carry_pending":false,"statements":38}
{"tick":37,"actual":{"root":[[0],[2],[3],[7],[8],[11]],"edge":[[1,2],[1,8],[2,9],[3,5],[3,6],[3,8],[3,9],[3,10],[4,5],[4,7],[4,11],[5,10],[7,8],[8,11],[9,10],[9,11],[10,11]],"alive":[[0],[2],[3],[5],[6],[7],[8],[9],[10],[11]]},"carry_pending":false,"statements":81}
{"tick":38,"actual":{"root":[[0],[2],[3],[7],[8],[11]],"edge":[[1,2],[1,8],[2,9],[3,5],[3,6],[3,8],[3,9],[3,10],[4,5],[4,11],[5,10],[7,8],[8,11],[9,10],[9,11],[10,11]],"alive":[[0],[2],[3],[5],[6],[7],[8],[9],[10],[11]]},"carry_pending":false,"statements":95}
{"tick":39,"actual":{"root":[[0],[2],[3],[7],[8],[11]],"edge":[[1,2],[1,8],[2,9],[3,5],[3,6],[3,8],[3,9],[3,10],[4,5],[4,11],[5,8],[5,10],[7,8],[8,11],[9,10],[9,11],[10,11]],"alive":[[0],[2],[3],[5],[6],[7],[8],[9],[10],[11]]},"carry_pending":false,"statements":38}
{"tick":40,"actual":{"root":[[0],[2],[3],[7],[8],[11]],"edge":[[1,2],[1,8],[2,9],[3,5],[3,6],[3,8],[3,10],[4,5],[4,11],[5,8],[5,10],[7,8],[8,11],[9,10],[9,11],[10,11]],"alive":[[0],[2],[3],[5],[6],[7],[8],[9],[10],[11]]},"carry_pending":false,"statements":81}
{"tick":41,"actual":{"root":[[0],[2],[3],[7],[8],[11]],"edge":[[1,2],[1,8],[2,9],[3,5],[3,6],[3,8],[3,10],[4,5],[4,11],[5,8],[5,10],[7,8],[8,11],[9,10],[9,11]],"alive":[[0],[2],[3],[5],[6],[7],[8],[9],[10],[11]]},"carry_pending":false,"statements":95}
{"tick":42,"actual":{"root":[[0],[2],[3],[5],[7],[8],[11]],"edge":[[1,2],[1,8],[2,9],[3,5],[3,6],[3,8],[3,10],[4,5],[4,11],[5,8],[5,10],[7,8],[8,11],[9,10],[9,11]],"alive":[[0],[2],[3],[5],[6],[7],[8],[9],[10],[11]]},"carry_pending":false,"statements":38}
{"tick":43,"actual":{"root":[[0],[2],[3],[5],[7],[8],[11]],"edge":[[1,8],[2,9],[3,5],[3,6],[3,8],[3,10],[4,5],[4,11],[5,8],[5,10],[7,8],[8,11],[9,10],[9,11]],"alive":[[0],[2],[3],[5],[6],[7],[8],[9],[10],[11]]},"carry_pending":false,"statements":95}
{"tick":44,"actual":{"root":[[0],[2],[3],[5],[7],[8],[11]],"edge":[[1,8],[2,9],[3,5],[3,6],[3,8],[3,10],[3,11],[4,5],[4,11],[5,8],[5,10],[7,8],[8,11],[9,10],[9,11]],"alive":[[0],[2],[3],[5],[6],[7],[8],[9],[10],[11]]},"carry_pending":false,"statements":38}
{"tick":45,"actual":{"root":[[0],[1],[2],[3],[5],[7],[8],[11]],"edge":[[1,8],[2,9],[3,5],[3,6],[3,8],[3,10],[3,11],[4,5],[4,11],[5,8],[5,10],[7,8],[8,11],[9,10],[9,11]],"alive":[[0],[1],[2],[3],[5],[6],[7],[8],[9],[10],[11]]},"carry_pending":false,"statements":38}
{"tick":46,"actual":{"root":[[0],[1],[2],[3],[5],[7],[8],[11]],"edge":[[1,8],[1,11],[2,9],[3,5],[3,6],[3,8],[3,10],[3,11],[4,5],[4,11],[5,8],[5,10],[7,8],[8,11],[9,10],[9,11]],"alive":[[0],[1],[2],[3],[5],[6],[7],[8],[9],[10],[11]]},"carry_pending":false,"statements":38}
{"tick":47,"actual":{"root":[[0],[1],[2],[3],[5],[7],[11]],"edge":[[1,8],[1,11],[2,9],[3,5],[3,6],[3,8],[3,10],[3,11],[4,5],[4,11],[5,8],[5,10],[7,8],[8,11],[9,10],[9,11]],"alive":[[0],[1],[2],[3],[5],[6],[7],[8],[9],[10],[11]]},"carry_pending":false,"statements":101}
{"tick":48,"actual":{"root":[[0],[1],[2],[3],[5],[7],[11]],"edge":[[1,8],[1,11],[2,9],[3,5],[3,6],[3,8],[3,10],[3,11],[4,5],[4,11],[5,8],[5,10],[6,7],[7,8],[8,11],[9,10],[9,11]],"alive":[[0],[1],[2],[3],[5],[6],[7],[8],[9],[10],[11]]},"carry_pending":false,"statements":38}
{"tick":49,"actual":{"root":[[0],[1],[2],[3],[5],[7],[11]],"edge":[[1,6],[1,8],[1,11],[2,9],[3,5],[3,6],[3,8],[3,10],[3,11],[4,5],[4,11],[5,8],[5,10],[6,7],[7,8],[8,11],[9,10],[9,11]],"alive":[[0],[1],[2],[3],[5],[6],[7],[8],[9],[10],[11]]},"carry_pending":false,"statements":38}
{"tick":50,"actual":{"root":[[0],[1],[2],[3],[5],[7],[11]],"edge":[[1,3],[1,6],[1,8],[1,11],[2,9],[3,5],[3,6],[3,8],[3,10],[3,11],[4,5],[4,11],[5,8],[5,10],[6,7],[7,8],[8,11],[9,10],[9,11]],"alive":[[0],[1],[2],[3],[5],[6],[7],[8],[9],[10],[11]]},"carry_pending":false,"statements":38}
{"tick":51,"actual":{"root":[[0],[1],[2],[3],[5],[7],[11]],"edge":[[1,3],[1,6],[1,8],[1,11],[2,9],[3,5],[3,6],[3,8],[3,10],[3,11],[4,5],[4,11],[5,7],[5,8],[5,10],[6,7],[7,8],[8,11],[9,10],[9,11]],"alive":[[0],[1],[2],[3],[5],[6],[7],[8],[9],[10],[11]]},"carry_pending":false,"statements":38}
{"tick":52,"actual":{"root":[[0],[1],[2],[3],[5],[7],[11]],"edge":[[1,3],[1,6],[1,8],[1,11],[2,5],[2,9],[3,5],[3,6],[3,8],[3,10],[3,11],[4,5],[4,11],[5,7],[5,8],[5,10],[6,7],[7,8],[8,11],[9,10],[9,11]],"alive":[[0],[1],[2],[3],[5],[6],[7],[8],[9],[10],[11]]},"carry_pending":false,"statements":38}
{"tick":53,"actual":{"root":[[0],[1],[2],[3],[5],[7],[11]],"edge":[[1,3],[1,6],[1,8],[1,11],[2,5],[2,9],[3,5],[3,6],[3,8],[3,10],[3,11],[4,11],[5,7],[5,8],[5,10],[6,7],[7,8],[8,11],[9,10],[9,11]],"alive":[[0],[1],[2],[3],[5],[6],[7],[8],[9],[10],[11]]},"carry_pending":false,"statements":95}
{"tick":54,"actual":{"root":[[0],[1],[2],[3],[5],[7],[11]],"edge":[[1,3],[1,6],[1,7],[1,8],[1,11],[2,5],[2,9],[3,5],[3,6],[3,8],[3,10],[3,11],[4,11],[5,7],[5,8],[5,10],[6,7],[7,8],[8,11],[9,10],[9,11]],"alive":[[0],[1],[2],[3],[5],[6],[7],[8],[9],[10],[11]]},"carry_pending":false,"statements":38}
{"tick":55,"actual":{"root":[[0],[2],[3],[5],[7],[11]],"edge":[[1,3],[1,6],[1,7],[1,8],[1,11],[2,5],[2,9],[3,5],[3,6],[3,8],[3,10],[3,11],[4,11],[5,7],[5,8],[5,10],[6,7],[7,8],[8,11],[9,10],[9,11]],"alive":[[0],[2],[3],[5],[6],[7],[8],[9],[10],[11]]},"carry_pending":false,"statements":88}
{"tick":56,"actual":{"root":[[0],[2],[3],[5],[7],[11]],"edge":[[1,3],[1,6],[1,7],[1,8],[1,11],[2,5],[2,9],[3,5],[3,6],[3,8],[3,10],[3,11],[4,11],[5,7],[5,8],[5,10],[6,7],[7,8],[8,11],[9,10]],"alive":[[0],[2],[3],[5],[6],[7],[8],[9],[10],[11]]},"carry_pending":false,"statements":95}
{"tick":57,"actual":{"root":[[0],[2],[3],[5],[7],[11]],"edge":[[1,3],[1,6],[1,7],[1,8],[1,11],[2,5],[2,9],[3,5],[3,6],[3,8],[3,10],[3,11],[4,11],[5,7],[5,10],[6,7],[7,8],[8,11],[9,10]],"alive":[[0],[2],[3],[5],[6],[7],[8],[9],[10],[11]]},"carry_pending":false,"statements":101}
{"tick":58,"actual":{"root":[[0],[2],[3],[5],[7],[11]],"edge":[[0,6],[1,3],[1,6],[1,7],[1,8],[1,11],[2,5],[2,9],[3,5],[3,6],[3,8],[3,10],[3,11],[4,11],[5,7],[5,10],[6,7],[7,8],[8,11],[9,10]],"alive":[[0],[2],[3],[5],[6],[7],[8],[9],[10],[11]]},"carry_pending":false,"statements":38}
{"tick":59,"actual":{"root":[[0],[2],[3],[5],[7],[11]],"edge":[[0,6],[1,3],[1,6],[1,7],[1,8],[1,11],[2,5],[2,9],[3,5],[3,6],[3,8],[3,10],[3,11],[4,11],[5,7],[5,10],[6,7],[7,8],[7,11],[8,11],[9,10]],"alive":[[0],[2],[3],[5],[6],[7],[8],[9],[10],[11]]},"carry_pending":false,"statements":38}
{"tick":60,"actual":{"root":[[0],[2],[5],[7],[11]],"edge":[[0,6],[1,3],[1,6],[1,7],[1,8],[1,11],[2,5],[2,9],[3,5],[3,6],[3,8],[3,10],[3,11],[4,11],[5,7],[5,10],[6,7],[7,8],[7,11],[8,11],[9,10]],"alive":[[0],[2],[5],[6],[7],[8],[9],[10],[11]]},"carry_pending":false,"statements":88}
{"tick":61,"actual":{"root":[[0],[2],[5],[7],[11]],"edge":[[0,6],[1,3],[1,6],[1,7],[1,8],[1,11],[2,5],[2,8],[2,9],[3,5],[3,6],[3,8],[3,10],[3,11],[4,11],[5,7],[5,10],[6,7],[7,8],[7,11],[8,11],[9,10]],"alive":[[0],[2],[5],[6],[7],[8],[9],[10],[11]]},"carry_pending":false,"statements":38}
{"tick":62,"actual":{"root":[[0],[2],[7],[11]],"edge":[[0,6],[1,3],[1,6],[1,7],[1,8],[1,11],[2,5],[2,8],[2,9],[3,5],[3,6],[3,8],[3,10],[3,11],[4,11],[5,7],[5,10],[6,7],[7,8],[7,11],[8,11],[9,10]],"alive":[[0],[2],[5],[6],[7],[8],[9],[10],[11]]},"carry_pending":false,"statements":87}
{"tick":63,"actual":{"root":[[0],[2],[7],[11]],"edge":[[0,6],[0,11],[1,3],[1,6],[1,7],[1,8],[1,11],[2,5],[2,8],[2,9],[3,5],[3,6],[3,8],[3,10],[3,11],[4,11],[5,7],[5,10],[6,7],[7,8],[7,11],[8,11],[9,10]],"alive":[[0],[2],[5],[6],[7],[8],[9],[10],[11]]},"carry_pending":false,"statements":38}
{"tick":64,"actual":{"root":[[0],[2],[11]],"edge":[[0,6],[0,11],[1,3],[1,6],[1,7],[1,8],[1,11],[2,5],[2,8],[2,9],[3,5],[3,6],[3,8],[3,10],[3,11],[4,11],[5,7],[5,10],[6,7],[7,8],[7,11],[8,11],[9,10]],"alive":[[0],[2],[5],[6],[7],[8],[9],[10],[11]]},"carry_pending":false,"statements":87}
