{"tick":0,"actual":{"root":[],"edge":[],"alive":[]},"carry_pending":false,"statements":34}
{"tick":1,"actual":{"root":[],"edge":[[7,9]],"alive":[]},"carry_pending":false,"statements":38}
{"tick":2,"actual":{"root":[],"edge":[[3,5],[7,9]],"alive":[]},"carry_pending":false,"statements":38}
{"tick":3,"actual":{"root":[],"edge":[[3,5],[3,9],[7,9]],"alive":[]},"carry_pending":false,"statements":38}
{"tick":4,"actual":{"root":[],"edge":[[3,5],[3,9],[7,8],[7,9]],"alive":[]},"carry_pending":false,"statements":38}
{"tick":5,"actual":{"root":[[1]],"edge":[[3,5],[3,9],[7,8],[7,9]],"alive":[[1]]},"carry_pending":false,"statements":38}
{"tick":6,"actual":{"root":[[1],[2]],"edge":[[3,5],[3,9],[7,8],[7,9]],"alive":[[1],[2]]},"carry_pending":false,"statements":38}
{"tick":7,"actual":{"root":[[1],[2]],"edge":[[2,5],[3,5],[3,9],[7,8],[7,9]],"alive":[[1],[2],[5]]},"carry_pending":false,"statements":38}
{"tick":8,"actual":{"root":[[1],[2]],"edge":[[1,11],[2,5],[3,5],[3,9],[7,8],[7,9]],"alive":[[1],[2],[5],[11]]},"carry_pending":false,"statements":38}
{"tick":9,"actual":{"root":[[2]],"edge":[[1,11],[2,5],[3,5],[3,9],[7,8],[7,9]],"alive":[[2],[5]]},"carry_pending":false,"statements":88}
{"tick":10,"actual":{"root":[[2]],"edge":[[1,11],[2,5],[3,5],[3,9],[7,9]],"alive":[[2],[5]]},"carry_pending":false,"statements":95}
{"tick":11,"actual":{"root":[[2]],"edge":[[0,5],[1,11],[2,5],[3,5],[3,9],[7,9]],"alive":[[2],[5]]},"carry_pending":false,"statements":38}
{"tick":12,"actual":{"root":[[2]],"edge":[[0,5],[1,11],[2,5],[3,9],[7,9]],"alive":[[2],[5]]},"carry_pending":false,"statements":95}
{"tick":13,"actual":{"root":[[2]],"edge":[[0,5],[1,11],[2,5],[3,9],[3,10],[7,9]],"alive":[[2],[5]]},"carry_pending":false,"statements":38}
{"tick":14,"actual":{"root":[[2],[5]],"edge":[[0,5],[1,11],[2,5],[3,9],[3,10],[7,9]],"alive":[[2],[5]]},"carry_pending":false,"statements":38}
{"tick":15,"actual":{"root":[[2],[5]],"edge":[[0,5],[1,10],[1,11],[2,5],[3,9],[3,10],[7,9]],"alive":[[2],[5]]},"carry_pending":false,"statements":38}
{"tick":16,"actual":{"root":[[2],[5]],"edge":[[0,5],[1,10],[1,11],[2,5],[3,7],[3,9],[3,10],[7,9]],"alive":[[2],[5]]},"carry_pending":false,"statements":38}
{"tick":17,"actual":{"root":[[1],[2],[5]],"edge":[[0,5],[1,10],[1,11],[2,5],[3,7],[3,9],[3,10],[7,9]],"alive":[[1],[2],[5],[10],[11]]},"carry_pending":false,"statements":42}
{"tick":18,"actual":{"root":[[1],[2],[5]],"edge":[[0,5],[1,10],[1,11],[2,5],[3,7],[3,9],[3,10]],"alive":[[1],[2],[5],[10],[11]]},"carry_pending":false,"statements":95}
{"tick":19,"actual":{"root":[[0],[1],[2],[5]],"edge":[[0,5],[1,10],[1,11],[2,5],[3,7],[3,9],[3,10]],"alive":[[0],[1],[2],[5],[10],[11]]},"carry_pending":false,"statements":38}
{"tick":20,"actual":{"root":[[0],[1],[2],[5]],"edge":[[0,5],[1,10],[1,11],[2,5],[3,7],[3,9],[3,10],[7,10]],"alive":[[0],[1],[2],[5],[10],[11]]},"carry_pending":false,"statements":38}
{"tick":21,"actual":{"root":[[0],[1],[2],[5]],"edge":[[0,5],[1,2],[1,10],[1,11],[2,5],[3,7],[3,9],[3,10],[7,10]],"alive":[[0],[1],[2],[5],[10],[11]]},"carry_pending":false,"statements":38}
{"tick":22,"actual":{"root":[[0],[1],[2],[5]],"edge":[[0,5],[1,2],[1,7],[1,10],[1,11],[2,5],[3,7],[3,9],[3,10],[7,10]],"alive":[[0],[1],[2],[5],[7],[10],[11]]},"carry_pending":false,"statements":38}
{"tick":23,"actual":{"root":[[0],[1],[2],[5]],"edge":[[0,5],[1,2],[1,10],[1,11],[2,5],[3,7],[3,9],[3,10],[7,10]],"alive":[[0],[1],[2],[5],[10],[11]]},"carry_pending":false,"statements":88}
{"tick":24,"actual":{"root":[[0],[1],[2],[5]],"edge":[[0,5],[1,2],[1,10],[1,11],[2,5],[3,7],[3,9],[3,10],[5,6],[7,10]],"alive":[[0],[1],[2],[5],[6],[10],[11]]},"carry_pending":false,"statements":38}
{"tick":25,"actual":{"root":[[0],[1],[2],[5]],"edge":[[0,5],[1,2],[1,10],[1,11],[2,5],[3,7],[3,9],[3,10],[5,6],[5,8],[7,10]],"alive":[[0],[1],[2],[5],[6],[8],[10],[11]]},"carry_pending":false,"statements":38}
{"tick":26,"actual":{"root":[[0],[1],[2],[5]],"edge":[[0,5],[1,2],[1,3],[1,10],[1,11],[2,5],[3,7],[3,9],[3,10],[5,6],[5,8],[7,10]],"alive":[[0],[1],[2],[3],[5],[6],[7],[8],[9],[10],[11]]},"carry_pending":false,"statements":42}
{"tick":27,"actual":{"root":[[0],[1],[2],[5],[9]],"edge":[[0,5],[1,2],[1,3],[1,10],[1,11],[2,5],[3,7],[3,9],[3,10],[5,6],[5,8],[7,10]],"alive":[[0],[1],[2],[3],[5],[6],[7],[8],[9],[10],[11]]},"carry_pending":false,"statements":38}
{"tick":28,"actual":{"root":[[0],[1],[2],[5],[9]],"edge":[[0,5],[1,2],[1,3],[1,10],[1,11],[2,5],[3,7],[3,9],[3,10],[5,6],[5,8],[7,10],[9,11]],"alive":[[0],[1],[2],[3],[5],[6],[7],[8],[9],[10],[11]]},"carry_pending":false,"statements":38}
{"tick":29,"actual":{"root":[[0],[1],[2],[5],[9]],"edge":[[0,5],[1,2],[1,3],[1,4],[1,10],[1,11],[2,5],[3,7],[3,9],[3,10],[5,6],[5,8],[7,10],[9,11]],"alive":[[0],[1],[2],[3],[4],[5],[6],[7],[8],[9],[10],[11]]},"carry_pending":false,"statements":38}
{"tick":30,"actual":{"root":[[0],[1],[2],[5],[9]],"edge":[[0,5],[0,10],[1,2],[1,3],[1,4],[1,10],[1,11],[2,5],[3,7],[3,9],[3,10],[5,6],[5,8],[7,10],[9,11]],"alive":[[0],[1],[2],[3],[4],[5],[6],[7],[8],[9],[10],[11]]},"carry_pending":false,"statements":38}
{"tick":31,"actual":{"root":[[0],[1],[2],[5],[9]],"edge":[[0,5],[0,10],[1,2],[1,3],[1,4],[1,10],[1,11],[2,5],[3,4],[3,7],[3,9],[3,10],[5,6],[5,8],[7,10],[9,11]],"alive":[[0],[1],[2],[3],[4],[5],[6],[7],[8],[9],[10],[11]]},"carry_pending":false,"statements":38}
{"tick":32,"actual":{"root":[[0],[1],[2],[5],[7],[9]],"edge":[[0,5],[0,10],[1,2],[1,3],[1,4],[1,10],[1,11],[2,5],[3,4],[3,7],[3,9],[3,10],[5,6],[5,8],[7,10],[9,11]],"alive":[[0],[1],[2],[3],[4],[5],[6],[7],[8],[9],[10],[11]]},"carry_pending":false,"statements":38}
{"tick":33,"actual":{"root":[[0],[1],[2],[5],[7],[9]],"edge":[[0,5],[0,10],[1,2],[1,3],[1,4],[1,10],[1,11],[2,5],[3,4],[3,7],[3,9],[3,10],[5,6],[5,8],[6,8],[7,10],[9,11]],"alive":[[0],[1],[2],[3],[4],[5],[6],[7],[8],[9],[10],[11]]},"carry_pending":false,"statements":38}
{"tick":34,"actual":{"root":[[0],[2],[5],[7],[9]],"edge":[[0,5],[0,10],[1,2],[1,3],[1,4],[1,10],[1,11],[2,5],[3,4],[3,7],[3,9],[3,10],[5,6],[5,8],[6,8],[7,10],[9,11]],"alive":[[0],[2],[5],[6],[7],[8],[9],[10],[11]]},"carry_pending":false,"statements":88}
{"tick":35,"actual":{"root":[[0],[2],[5],[7],[9]],"edge":[[0,3],[0,5],[0,10],[1,2],[1,3],[1,4],[1,10],[1,11],[2,5],[3,4],[3,7],[3,9],[3,10],[5,6],[5,8],[6,8],[7,10],[9,11]],"alive":[[0],[2],[3],[4],[5],[6],[7],[8],[9],[10],[11]]},"carry_pending":false,"statements":42}
{"tick":36,"actual":{"root":[[0],[2],[5],[9]],"edge":[[0,3],[0,5],[0,10],[1,2],[1,3],[1,4],[1,10],[1,11],[2,5],[3,4],[3,7],[3,9],[3,10],[5,6],[5,8],[6,8],[7,10],[9,11]],"alive":[[0],[2],[3],[4],[5],[6],[7],[8],[9],[10],[11]]},"carry_pending":false,"statements":101}
{"tick":37,"actual":{"root":[[0],[2],[5],[9]],"edge":[[0,3],[0,5],[0,10],[1,2],[1,3],[1,10],[1,11],[2,5],[3,4],[3,7],[3,9],[3,10],[5,6],[5,8],[6,8],[7,10],[9,11]],"alive":[[0],[2],[3],[4],[5],[6],[7],[8],[9],[10],[11]]},"carry_pending":false,"statements":95}
{"tick":38,"actual":{"root":[[0],[2],[5],[9]],"edge":[[0,3],[0,5],[0,10],[1,2],[1,3],[1,10],[1,11],[2,5],[2,8],[3,4],[3,7],[3,9],[3,10],[5,6],[5,8],[6,8],[7,10],[9,11]],"alive":[[0],[2],[3],[4],[5],[6],[7],[8],[9],[10],[11]]},"carry_pending":false,"statements":38}
{"tick":39,"actual":{"root":[[0],[2],[5],[9]],"edge":[[0,3],[0,5],[0,10],[1,2],[1,3],[1,10],[1,11],[2,3],[2,5],[2,8],[3,4],[3,7],[3,9],[3,10],[5,6],[5,8],[6,8],[7,10],[9,11]],"alive":[[0],[2],[3],[4],[5],[6],[7],[8],[9],[10],[11]]},"carry_pending":false,"statements":38}
{"tick":40,"actual":{"root":[[0],[2],[5],[9]],"edge":[[0,3],[0,5],[0,10],[1,2],[1,3],[1,10],[1,11],[2,3],[2,5],[2,8],[3,4],[3,7],[3,9],[3,10],[5,6],[5,8],[6,7],[6,8],[7,10],[9,11]],"alive":[[0],[2],[3],[4],[5],[6],[7],[8],[9],[10],[11]]},"carry_pending":false,"statements":38}
{"tick":41,"actual":{"root":[[0],[2],[5],[9]],"edge":[[0,3],[0,5],[0,10],[1,2],[1,3],[1,10],[1,11],[2,3],[2,5],[2,8],[2,10],[3,4],[3,7],[3,9],[3,10],[5,6],[5,8],[6,7],[6,8],[7,10],[9,11]],"alive":[[0],[2],[3],[4],[5],[6],[7],[8],[9],[10],[11]]},"carry_pending":false,"statements":38}
{"tick":42,"actual":{"root":[[0],[2],[5],[8],[9]],"edge":[[0,3],[0,5],[0,10],[1,2],[1,3],[1,10],[1,11],[2,3],[2,5],[2,8],[2,10],[3,4],[3,7],[3,9],[3,10],[5,6],[5,8],[6,7],[6,8],[7,10],[9,11]],"alive":[[0],[2],[3],[4],[5],[6],[7],[8],[9],[10],[11]]},"carry_pending":false,"statements":38}
{"tick":43,"actual":{"root":[[0],[2],[3],[5],[8],[9]],"edge":[[0,3],[0,5],[0,10],[1,2],[1,3],[1,10],[1,11],[2,3],[2,5],[2,8],[2,10],[3,4],[3,7],[3,9],[3,10],[5,6],[5,8],[6,7],[6,8],[7,10],[9,11]],"alive":[[0],[2],[3],[4],[5],[6],[7],[8],[9],[10],[11]]},"carry_pending":false,"statements":38}
{"tick":44,"actual":{"root":[[0],[2],[3],[5],[8],[9]],"edge":[[0,3],[0,5],[0,10],[1,2],[1,3],[1,10],[1,11],[2,3],[2,5],[2,8],[2,10],[3,4],[3,7],[3,9],[3,10],[5,6],[5,8],[6,7],[6,8],[7,10],[9,10],[9,11]],"alive":[[0],[2],[3],[4],[5],[6],[7],[8],[9],[10],[11]]},"carry_pending":false,"statements":38}
{"tick":45,"actual":{"root":[[0],[2],[3],[5],[8],[9]],"edge":[[0,3],[0,5],[0,10],[1,2],[1,3],[1,10],[1,11],[2,3],[2,5],[2,8],[2,10],[3,4],[3,7],[3,9],[3,10],[5,6],[5,8],[6,7],[6,8],[7,10],[9,10],[9,11],[10,11]],"alive":[[0],[2],[3],[4],[5],[6],[7],[8],[9],[10],[11]]},"carry_pending":false,"statements":38}
{"tick":46,"actual":{"root":[[0],[2],[3],[5],[8],[9]],"edge":[[0,3],[0,5],[0,10],[1,2],[1,3],[1,10],[1,11],[2,5],[2,8],[2,10],[3,4],[3,7],[3,9],[3,10],[5,6],[5,8],[6,7],[6,8],[7,10],[9,10],[9,11],[10,11]],"alive":[[0],[2],[3],[4],[5],[6],[7],[8],[9],[10],[11]]},"carry_pending":false,"statements":81}
{"tick":47,"actual":{"root":[[0],[2],[3],[5],[8],[9]],"edge":[[0,5],[0,10],[1,2],[1,3],[1,10],[1,11],[2,5],[2,8],[2,10],[3,4],[3,7],[3,9],[3,10],[5,6],[5,8],[6,7],[6,8],[7,10],[9,10],[9,11],[10,11]],"alive":[[0],[2],[3],[4],[5],[6],[7],[8],[9],[10],[11]]},"carry_pending":false,"statements":81}
{"tick":48,"actual":{"root":[[0],[2],[3],[5],[8],[9]],"edge":[[0,5],[0,10],[1,2],[1,3],[1,10],[1,11],[2,5],[2,8],[2,10],[3,4],[3,7],[3,9],[3,10],[4,9],[5,6],[5,8],[6,7],[6,8],[7,10],[9,10],[9,11],[10,11]],"alive":[[0],[2],[3],[4],[5],[6],[7],[8],[9],[10],[11]]},"carry_pending":false,"statements":38}
{"tick":49,"actual":{"root":[[0],[2],[3],[5],[8],[9]],"edge":[[0,5],[0,10],[1,2],[1,3],[1,8],[1,10],[1,11],[2,5],[2,8],[2,10],[3,4],[3,7],[3,9],[3,10],[4,9],[5,6],[5,8],[6,7],[6,8],[7,10],[9,10],[9,11],[10,11]],"alive":[[0],[2],[3],[4],[5],[6],[7],[8],[9],[10],[11]]},"carry_pending":false,"statements":38}
{"tick":50,"actual":{"root":[[0],[2],[3],[5],[8],[9]],"edge":[[0,5],[0,10],[1,2],[1,3],[1,8],[1,10],[1,11],[2,5],[2,8],[2,10],[3,4],[3,7],[3,9],[3,10],[4,9],[5,8],[6,7],[6,8],[7,10],[9,10],[9,11],[10,11]],"alive":[[0],[2],[3],[4],[5],[7],[8],[9],[10],[11]]},"carry_pending":false,"statements":88}
{"tick":51,"actual":{"root":[[0],[2],[3],[5],[8],[9]],"edge":[[0,5],[0,10],[1,2],[1,3],[1,8],[1,10],[1,11],[2,5],[2,8],[2,10],[3,4],[3,7],[3,9],[3,10],[4,9],[5,8],[6,7],[6,8],[7,10],[9,11],[10,11]],"alive":[[0],[2],[3],[4],[5],[7],[8],[9],[10],[11]]},"carry_pending":false,"statements":101}
{"tick":52,"actual":{"root":[[0],[2],[3],[5],[8],[9]],"edge":[[0,5],[0,10],[1,2],[1,3],[1,8],[1,10],[1,11],[2,5],[2,8],[2,10],[3,4],[3,9],[3,10],[4,9],[5,8],[6,7],[6,8],[7,10],[9,11],[10,11]],"alive":[[0],[2],[3],[4],[5],[8],[9],[10],[11]]},"carry_pending":false,"statements":91}
{"tick":53,"actual":{"root":[[0],[2],[3],[5],[8],[9],[10]],"edge":[[0,5],[0,10],[1,2],[1,3],[1,8],[1,10],[1,11],[2,5],[2,8],[2,10],[3,4],[3,9],[3,10],[4,9],[5,8],[6,7],[6,8],[7,10],[9,11],[10,11]],"alive":[[0],[2],[3],[4],[5],[8],[9],[10],[11]]},"carry_pending":false,"statements":38}
{"tick":54,"actual":{"root":[[0],[2],[3],[5],[8],[9],[10]],"edge":[[0,5],[0,7],[0,10],[1,2],[1,3],[1,8],[1,10],[1,11],[2,5],[2,8],[2,10],[3,4],[3,9],[3,10],[4,9],[5,8],[6,7],[6,8],[7,10],[9,11],[10,11]],"alive":[[0],[2],[3],[4],[5],[7],[8],[9],[10],[11]]},"carry_pending":false,"statements":38}
{"tick":55,"actual":{"root":[[0],[2],[3],[5],[8],[9],[10]],"edge":[[0,5],[0,7],[0,10],[1,2],[1,3],[1,8],[1,10],[1,11],[2,3],[2,5],[2,8],[2,10],[3,4],[3,9],[3,10],[4,9],[5,8],[6,7],[6,8],[7,10],[9,11],[10,11]],"alive":[[0],[2],[3],[4],[5],[7],[8],[9],[10],[11]]},"carry_pending":false,"statements":38}
{"tick":56,"actual":{"root":[[0],[2],[3],[5],[8],[9],[10]],"edge":[[0,5],[0,7],[0,10],[1,2],[1,3],[1,8],[1,10],[1,11],[2,3],[2,5],[2,8],[2,10],[3,4],[3,9],[3,10],[4,9],[5,8],[6,7],[7,10],[9,11],[10,11]],"alive":[[0],[2],[3],[4],[5],[7],[8],[9],[10],[11]]},"carry_pending":false,"statements":95}
{"tick":57,"actual":{"root":[[0],[2],[3],[5],[8],[9],[10]],"edge":[[0,5],[0,7],[0,10],[1,2],[1,3],[1,8],[1,10],[1,11],[2,3],[2,5],[2,8],[2,10],[3,4],[3,9],[3,10],[4,9],[5,8],[7,10],[9,11],[10,11]],"alive":[[0],[2],[3],[4],[5],[7],[8],[9],[10],[11]]},"carry_pending":false,"statements":95}
{"tick":58,"actual":{"root":[[0],[2],[3],[5],[8],[10]],"edge":[[0,5],[0,7],[0,10],[1,2],[1,3],[1,8],[1,10],[1,11],[2,3],[2,5],[2,8],[2,10],[3,4],[3,9],[3,10],[4,9],[5,8],[7,10],[9,11],[10,11]],"alive":[[0],[2],[3],[4],[5],[7],[8],[9],[10],[11]]},"carry_pending":false,"statements":101}
{"tick":59,"actual":{"root":[[0],[2],[3],[5],[8],[10]],"edge":[[0,1],[0,5],[0,7],[0,10],[1,2],[1,3],[1,8],[1,10],[1,11],[2,3],[2,5],[2,8],[2,10],[3,4],[3,9],[3,10],[4,9],[5,8],[7,10],[9,11],[10,11]],"alive":[[0],[1],[2],[3],[4],[5],[7],[8],[9],[10],[11]]},"carry_pending":false,"statements":38}
{"tick":60,"actual":{"root":[[0],[2],[3],[5],[8],[10]],"edge":[[0,1],[0,5],[0,7],[0,10],[1,2],[1,3],[1,8],[1,10],[1,11],[2,3],[2,5],[2,8],[2,10],[3,4],[3,9],[3,10],[4,9],[5,8],[7,10],[9,10],[9,11],[10,11]],"alive":[[0],[1],[2],[3],[4],[5],[7],[8],[9],[10],[11]]},"carry_pending":false,"statements":38}
{"tick":61,"actual":{"root":[[0],[2],[3],[5],[8],[10]],"edge":[[0,1],[0,5],[0,7],[0,10],[1,2],[1,3],[1,8],[1,10],[1,11],[2,3],[2,5],[2,8],[2,10],[3,4],[3,9],[3,10],[4,9],[4,10],[5,8],[7,10],[9,10],[9,11],[10,11]],"alive":[[0],[1],[2],[3],[4],[5],[7],[8],[9],[10],[11]]},"carry_pending":false,"statements":38}
{"tick":62,"actual":{"root":[[0],[1],[2],[3],[5],[8],[10]],"edge":[[0,1],[0,5],[0,7],[0,10],[1,2],[1,3],[1,8],[1,10],[1,11],[2,3],[2,5],[2,8],[2,10],[3,4],[3,9],[3,10],[4,9],[4,10],[5,8],[7,10],[9,10],[9,11],[10,11]],"alive":[[0],[1],[2],[3],[4],[5],[7],[8],[9],[10],[11]]},"carry_pending":false,"statements":38}
{"tick":63,"actual":{"root":[[0],[1],[2],[5],[8],[10]],"edge":[[0,1],[0,5],[0,7],[0,10],[1,2],[1,3],[1,8],[1,10],[1,11],[2,3],[2,5],[2,8],[2,10],[3,4],[3,9],[3,10],[4,9],[4,10],[5,8],[7,10],[9,10],[9,11],[10,11]],"alive":[[0],[1],[2],[3],[4],[5],[7],[8],[9],[10],[11]]},"carry_pending":false,"statements":87}
{"tick":64,"actual":{"root":[[0],[1],[2],[5],[8],[10]],"edge":[[0,1],[0,5],[0,7],[0,10],[1,2],[1,3],[1,10],[1,11],[2,3],[2,5],[2,8],[2,10],[3,4],[3,9],[3,10],[4,9],[4,10],[5,8],[7,10],[9,10],[9,11],[10,11]],"alive":[[0],[1],[2],[3],[4],[5],[7],[8],[9],[10],[11]]},"carry_pending":false,"statements":95}
