INPUT|sprefa-engine-rs|9e396ebb51ac3e3dc339421c7ce611b26ad40c18f915070d7d679bd85d17e4d1
STATUS|sprefa-engine-rs|ok|compile_dl6 emit_rust program through drive_tick_transacted and GenProgram::run_tick; exact input edges and before/after sets match shared BFS outside clocks; count inside clocks|child-process peak RSS from time; in-memory rusqlite store|DL_MEMCAP_MB requested but unenforced for this adapter
CSV,sprefa-engine-rs,12002,22667,2000,167.184,56.802,76,67.5,N/A,N/A,0
        0.23 real         0.22 user         0.01 sys
            70795264  maximum resident set size
                   0  average shared memory size
                   0  average unshared data size
                   0  average unshared stack size
                4482  page reclaims
                   0  page faults
                   0  swaps
                   0  block input operations
                   0  block output operations
                   0  messages sent
                   0  messages received
                   0  signals received
                   0  voluntary context switches
                 424  involuntary context switches
          3781919530  instructions retired
           768629109  cycles elapsed
            34457280  peak memory footprint
EXIT_STATUS|0
