{"record":"node","family":"type","span":{"start":244,"end":315},"kind":"function","name":"shift"}
{"record":"node","family":"type","span":{"start":324,"end":369},"kind":"interface","name":"Point"}
{"record":"node","family":"type","span":{"start":378,"end":397},"kind":"alias","name":"Vec"}
{"record":"node","family":"type","span":{"start":406,"end":452},"kind":"enum","name":"Dir"}
{"record":"node","family":"type","span":{"start":461,"end":726},"kind":"class","name":"Vec2"}
{"record":"node","family":"type","span":{"start":529,"end":611},"kind":"method","name":"magnitude"}
{"record":"node","family":"type","span":{"start":660,"end":724},"kind":"method","name":"scaled"}
{"record":"node","family":"type","span":{"start":7,"end":83},"kind":"function","name":"add"}
{"record":"node","family":"type","span":{"start":787,"end":824},"kind":"function","name":"sub"}
{"record":"node","family":"type","span":{"start":867,"end":917},"kind":"function","name":"mirror"}
{"record":"sig","family":"type","owner":{"start":244,"end":315},"slot":"param","pos":0,"ty":"Point"}
{"record":"sig","family":"type","owner":{"start":244,"end":315},"slot":"param","pos":1,"ty":"Dir"}
{"record":"sig","family":"type","owner":{"start":244,"end":315},"slot":"ret","pos":0,"ty":"Vec2"}
{"record":"sig","family":"type","owner":{"start":660,"end":724},"slot":"param","pos":0,"ty":"Vec"}
{"record":"sig","family":"type","owner":{"start":660,"end":724},"slot":"ret","pos":0,"ty":"Vec2"}
{"record":"sig","family":"type","owner":{"start":867,"end":917},"slot":"param","pos":0,"ty":"Point"}
{"record":"sig","family":"type","owner":{"start":867,"end":917},"slot":"ret","pos":0,"ty":"Point"}
