{"record":"edge","family":"cst","kind":"child","from":{"start":0,"end":481},"to":{"start":0,"end":83}}
{"record":"edge","family":"cst","kind":"child","from":{"start":0,"end":481},"to":{"start":139,"end":165}}
{"record":"edge","family":"cst","kind":"child","from":{"start":0,"end":481},"to":{"start":167,"end":220}}
{"record":"edge","family":"cst","kind":"child","from":{"start":0,"end":481},"to":{"start":222,"end":381}}
{"record":"edge","family":"cst","kind":"child","from":{"start":0,"end":481},"to":{"start":383,"end":427}}
{"record":"edge","family":"cst","kind":"child","from":{"start":0,"end":481},"to":{"start":429,"end":480}}
{"record":"edge","family":"cst","kind":"child","from":{"start":0,"end":481},"to":{"start":85,"end":137}}
{"record":"edge","family":"cst","kind":"child","from":{"start":0,"end":83},"to":{"start":7,"end":83}}
{"record":"edge","family":"cst","kind":"child","from":{"start":108,"end":137},"to":{"start":112,"end":121}}
{"record":"edge","family":"cst","kind":"child","from":{"start":108,"end":137},"to":{"start":125,"end":134}}
{"record":"edge","family":"cst","kind":"child","from":{"start":112,"end":121},"to":{"start":112,"end":113}}
{"record":"edge","family":"cst","kind":"child","from":{"start":112,"end":121},"to":{"start":113,"end":121}}
{"record":"edge","family":"cst","kind":"child","from":{"start":113,"end":121},"to":{"start":115,"end":121}}
{"record":"edge","family":"cst","kind":"child","from":{"start":125,"end":134},"to":{"start":125,"end":126}}
{"record":"edge","family":"cst","kind":"child","from":{"start":125,"end":134},"to":{"start":126,"end":134}}
{"record":"edge","family":"cst","kind":"child","from":{"start":126,"end":134},"to":{"start":128,"end":134}}
{"record":"edge","family":"cst","kind":"child","from":{"start":139,"end":165},"to":{"start":146,"end":165}}
{"record":"edge","family":"cst","kind":"child","from":{"start":146,"end":165},"to":{"start":151,"end":154}}
{"record":"edge","family":"cst","kind":"child","from":{"start":146,"end":165},"to":{"start":157,"end":164}}
{"record":"edge","family":"cst","kind":"child","from":{"start":157,"end":164},"to":{"start":157,"end":162}}
{"record":"edge","family":"cst","kind":"child","from":{"start":167,"end":220},"to":{"start":174,"end":220}}
{"record":"edge","family":"cst","kind":"child","from":{"start":174,"end":220},"to":{"start":179,"end":182}}
{"record":"edge","family":"cst","kind":"child","from":{"start":174,"end":220},"to":{"start":183,"end":220}}
{"record":"edge","family":"cst","kind":"child","from":{"start":183,"end":220},"to":{"start":187,"end":192}}
{"record":"edge","family":"cst","kind":"child","from":{"start":183,"end":220},"to":{"start":196,"end":201}}
{"record":"edge","family":"cst","kind":"child","from":{"start":183,"end":220},"to":{"start":205,"end":209}}
{"record":"edge","family":"cst","kind":"child","from":{"start":183,"end":220},"to":{"start":213,"end":217}}
{"record":"edge","family":"cst","kind":"child","from":{"start":19,"end":48},"to":{"start":20,"end":32}}
{"record":"edge","family":"cst","kind":"child","from":{"start":19,"end":48},"to":{"start":34,"end":47}}
{"record":"edge","family":"cst","kind":"child","from":{"start":20,"end":32},"to":{"start":20,"end":24}}
{"record":"edge","family":"cst","kind":"child","from":{"start":20,"end":32},"to":{"start":24,"end":32}}
{"record":"edge","family":"cst","kind":"child","from":{"start":222,"end":381},"to":{"start":229,"end":381}}
{"record":"edge","family":"cst","kind":"child","from":{"start":229,"end":381},"to":{"start":235,"end":239}}
{"record":"edge","family":"cst","kind":"child","from":{"start":229,"end":381},"to":{"start":240,"end":381}}
{"record":"edge","family":"cst","kind":"child","from":{"start":24,"end":32},"to":{"start":26,"end":32}}
{"record":"edge","family":"cst","kind":"child","from":{"start":240,"end":381},"to":{"start":244,"end":294}}
{"record":"edge","family":"cst","kind":"child","from":{"start":240,"end":381},"to":{"start":297,"end":379}}
{"record":"edge","family":"cst","kind":"child","from":{"start":244,"end":294},"to":{"start":244,"end":255}}
{"record":"edge","family":"cst","kind":"child","from":{"start":244,"end":294},"to":{"start":255,"end":291}}
{"record":"edge","family":"cst","kind":"child","from":{"start":244,"end":294},"to":{"start":292,"end":294}}
{"record":"edge","family":"cst","kind":"child","from":{"start":255,"end":291},"to":{"start":256,"end":272}}
{"record":"edge","family":"cst","kind":"child","from":{"start":255,"end":291},"to":{"start":274,"end":290}}
{"record":"edge","family":"cst","kind":"child","from":{"start":256,"end":272},"to":{"start":256,"end":262}}
{"record":"edge","family":"cst","kind":"child","from":{"start":256,"end":272},"to":{"start":263,"end":264}}
{"record":"edge","family":"cst","kind":"child","from":{"start":256,"end":272},"to":{"start":264,"end":272}}
{"record":"edge","family":"cst","kind":"child","from":{"start":264,"end":272},"to":{"start":266,"end":272}}
{"record":"edge","family":"cst","kind":"child","from":{"start":274,"end":290},"to":{"start":274,"end":280}}
{"record":"edge","family":"cst","kind":"child","from":{"start":274,"end":290},"to":{"start":281,"end":282}}
{"record":"edge","family":"cst","kind":"child","from":{"start":274,"end":290},"to":{"start":282,"end":290}}
{"record":"edge","family":"cst","kind":"child","from":{"start":282,"end":290},"to":{"start":284,"end":290}}
{"record":"edge","family":"cst","kind":"child","from":{"start":297,"end":379},"to":{"start":297,"end":306}}
{"record":"edge","family":"cst","kind":"child","from":{"start":297,"end":379},"to":{"start":306,"end":308}}
{"record":"edge","family":"cst","kind":"child","from":{"start":297,"end":379},"to":{"start":308,"end":316}}
{"record":"edge","family":"cst","kind":"child","from":{"start":297,"end":379},"to":{"start":317,"end":379}}
{"record":"edge","family":"cst","kind":"child","from":{"start":308,"end":316},"to":{"start":310,"end":316}}
{"record":"edge","family":"cst","kind":"child","from":{"start":317,"end":379},"to":{"start":323,"end":375}}
{"record":"edge","family":"cst","kind":"child","from":{"start":323,"end":375},"to":{"start":330,"end":374}}
{"record":"edge","family":"cst","kind":"child","from":{"start":330,"end":339},"to":{"start":330,"end":334}}
{"record":"edge","family":"cst","kind":"child","from":{"start":330,"end":339},"to":{"start":335,"end":339}}
{"record":"edge","family":"cst","kind":"child","from":{"start":330,"end":374},"to":{"start":330,"end":339}}
{"record":"edge","family":"cst","kind":"child","from":{"start":330,"end":374},"to":{"start":339,"end":374}}
{"record":"edge","family":"cst","kind":"child","from":{"start":339,"end":374},"to":{"start":340,"end":373}}
{"record":"edge","family":"cst","kind":"child","from":{"start":34,"end":47},"to":{"start":34,"end":39}}
{"record":"edge","family":"cst","kind":"child","from":{"start":34,"end":47},"to":{"start":39,"end":47}}
{"record":"edge","family":"cst","kind":"child","from":{"start":340,"end":346},"to":{"start":340,"end":344}}
{"record":"edge","family":"cst","kind":"child","from":{"start":340,"end":346},"to":{"start":345,"end":346}}
{"record":"edge","family":"cst","kind":"child","from":{"start":340,"end":355},"to":{"start":340,"end":346}}
{"record":"edge","family":"cst","kind":"child","from":{"start":340,"end":355},"to":{"start":349,"end":355}}
{"record":"edge","family":"cst","kind":"child","from":{"start":340,"end":373},"to":{"start":340,"end":355}}
{"record":"edge","family":"cst","kind":"child","from":{"start":340,"end":373},"to":{"start":358,"end":373}}
{"record":"edge","family":"cst","kind":"child","from":{"start":349,"end":355},"to":{"start":349,"end":353}}
{"record":"edge","family":"cst","kind":"child","from":{"start":349,"end":355},"to":{"start":354,"end":355}}
{"record":"edge","family":"cst","kind":"child","from":{"start":358,"end":364},"to":{"start":358,"end":362}}
{"record":"edge","family":"cst","kind":"child","from":{"start":358,"end":364},"to":{"start":363,"end":364}}
{"record":"edge","family":"cst","kind":"child","from":{"start":358,"end":373},"to":{"start":358,"end":364}}
{"record":"edge","family":"cst","kind":"child","from":{"start":358,"end":373},"to":{"start":367,"end":373}}
{"record":"edge","family":"cst","kind":"child","from":{"start":367,"end":373},"to":{"start":367,"end":371}}
{"record":"edge","family":"cst","kind":"child","from":{"start":367,"end":373},"to":{"start":372,"end":373}}
{"record":"edge","family":"cst","kind":"child","from":{"start":383,"end":427},"to":{"start":390,"end":427}}
{"record":"edge","family":"cst","kind":"child","from":{"start":39,"end":47},"to":{"start":41,"end":47}}
{"record":"edge","family":"cst","kind":"child","from":{"start":390,"end":427},"to":{"start":396,"end":426}}
{"record":"edge","family":"cst","kind":"child","from":{"start":396,"end":426},"to":{"start":396,"end":402}}
{"record":"edge","family":"cst","kind":"child","from":{"start":396,"end":426},"to":{"start":402,"end":409}}
{"record":"edge","family":"cst","kind":"child","from":{"start":396,"end":426},"to":{"start":412,"end":426}}
{"record":"edge","family":"cst","kind":"child","from":{"start":402,"end":409},"to":{"start":404,"end":409}}
{"record":"edge","family":"cst","kind":"child","from":{"start":412,"end":426},"to":{"start":414,"end":418}}
{"record":"edge","family":"cst","kind":"child","from":{"start":412,"end":426},"to":{"start":420,"end":424}}
{"record":"edge","family":"cst","kind":"child","from":{"start":414,"end":418},"to":{"start":414,"end":415}}
{"record":"edge","family":"cst","kind":"child","from":{"start":414,"end":418},"to":{"start":417,"end":418}}
{"record":"edge","family":"cst","kind":"child","from":{"start":420,"end":424},"to":{"start":420,"end":421}}
{"record":"edge","family":"cst","kind":"child","from":{"start":420,"end":424},"to":{"start":423,"end":424}}
{"record":"edge","family":"cst","kind":"child","from":{"start":429,"end":480},"to":{"start":436,"end":480}}
{"record":"edge","family":"cst","kind":"child","from":{"start":436,"end":480},"to":{"start":442,"end":479}}
{"record":"edge","family":"cst","kind":"child","from":{"start":442,"end":479},"to":{"start":442,"end":445}}
{"record":"edge","family":"cst","kind":"child","from":{"start":442,"end":479},"to":{"start":448,"end":479}}
{"record":"edge","family":"cst","kind":"child","from":{"start":448,"end":470},"to":{"start":449,"end":458}}
{"record":"edge","family":"cst","kind":"child","from":{"start":448,"end":470},"to":{"start":460,"end":469}}
{"record":"edge","family":"cst","kind":"child","from":{"start":448,"end":479},"to":{"start":448,"end":470}}
{"record":"edge","family":"cst","kind":"child","from":{"start":448,"end":479},"to":{"start":474,"end":479}}
{"record":"edge","family":"cst","kind":"child","from":{"start":449,"end":458},"to":{"start":449,"end":450}}
{"record":"edge","family":"cst","kind":"child","from":{"start":449,"end":458},"to":{"start":450,"end":458}}
{"record":"edge","family":"cst","kind":"child","from":{"start":450,"end":458},"to":{"start":452,"end":458}}
{"record":"edge","family":"cst","kind":"child","from":{"start":460,"end":469},"to":{"start":460,"end":461}}
{"record":"edge","family":"cst","kind":"child","from":{"start":460,"end":469},"to":{"start":461,"end":469}}
{"record":"edge","family":"cst","kind":"child","from":{"start":461,"end":469},"to":{"start":463,"end":469}}
{"record":"edge","family":"cst","kind":"child","from":{"start":474,"end":479},"to":{"start":474,"end":475}}
{"record":"edge","family":"cst","kind":"child","from":{"start":474,"end":479},"to":{"start":478,"end":479}}
{"record":"edge","family":"cst","kind":"child","from":{"start":48,"end":56},"to":{"start":50,"end":56}}
{"record":"edge","family":"cst","kind":"child","from":{"start":57,"end":83},"to":{"start":61,"end":81}}
{"record":"edge","family":"cst","kind":"child","from":{"start":61,"end":81},"to":{"start":68,"end":80}}
{"record":"edge","family":"cst","kind":"child","from":{"start":68,"end":80},"to":{"start":68,"end":72}}
{"record":"edge","family":"cst","kind":"child","from":{"start":68,"end":80},"to":{"start":75,"end":80}}
{"record":"edge","family":"cst","kind":"child","from":{"start":7,"end":83},"to":{"start":16,"end":19}}
{"record":"edge","family":"cst","kind":"child","from":{"start":7,"end":83},"to":{"start":19,"end":48}}
{"record":"edge","family":"cst","kind":"child","from":{"start":7,"end":83},"to":{"start":48,"end":56}}
{"record":"edge","family":"cst","kind":"child","from":{"start":7,"end":83},"to":{"start":57,"end":83}}
{"record":"edge","family":"cst","kind":"child","from":{"start":85,"end":137},"to":{"start":92,"end":137}}
{"record":"edge","family":"cst","kind":"child","from":{"start":92,"end":137},"to":{"start":102,"end":107}}
{"record":"edge","family":"cst","kind":"child","from":{"start":92,"end":137},"to":{"start":108,"end":137}}
{"record":"node","family":"cst","span":{"start":0,"end":481},"kind":"program","name":null}
{"record":"node","family":"cst","span":{"start":0,"end":83},"kind":"export_statement","name":null}
{"record":"node","family":"cst","span":{"start":102,"end":107},"kind":"type_identifier","name":null}
{"record":"node","family":"cst","span":{"start":108,"end":137},"kind":"interface_body","name":null}
{"record":"node","family":"cst","span":{"start":112,"end":113},"kind":"property_identifier","name":null}
{"record":"node","family":"cst","span":{"start":112,"end":121},"kind":"property_signature","name":null}
{"record":"node","family":"cst","span":{"start":113,"end":121},"kind":"type_annotation","name":null}
{"record":"node","family":"cst","span":{"start":115,"end":121},"kind":"predefined_type","name":null}
{"record":"node","family":"cst","span":{"start":125,"end":126},"kind":"property_identifier","name":null}
{"record":"node","family":"cst","span":{"start":125,"end":134},"kind":"property_signature","name":null}
{"record":"node","family":"cst","span":{"start":126,"end":134},"kind":"type_annotation","name":null}
{"record":"node","family":"cst","span":{"start":128,"end":134},"kind":"predefined_type","name":null}
{"record":"node","family":"cst","span":{"start":139,"end":165},"kind":"export_statement","name":null}
{"record":"node","family":"cst","span":{"start":146,"end":165},"kind":"type_alias_declaration","name":null}
{"record":"node","family":"cst","span":{"start":151,"end":154},"kind":"type_identifier","name":null}
{"record":"node","family":"cst","span":{"start":157,"end":162},"kind":"type_identifier","name":null}
{"record":"node","family":"cst","span":{"start":157,"end":164},"kind":"array_type","name":null}
{"record":"node","family":"cst","span":{"start":16,"end":19},"kind":"identifier","name":null}
{"record":"node","family":"cst","span":{"start":167,"end":220},"kind":"export_statement","name":null}
{"record":"node","family":"cst","span":{"start":174,"end":220},"kind":"enum_declaration","name":null}
{"record":"node","family":"cst","span":{"start":179,"end":182},"kind":"identifier","name":null}
{"record":"node","family":"cst","span":{"start":183,"end":220},"kind":"enum_body","name":null}
{"record":"node","family":"cst","span":{"start":187,"end":192},"kind":"property_identifier","name":null}
{"record":"node","family":"cst","span":{"start":19,"end":48},"kind":"formal_parameters","name":null}
{"record":"node","family":"cst","span":{"start":196,"end":201},"kind":"property_identifier","name":null}
{"record":"node","family":"cst","span":{"start":20,"end":24},"kind":"identifier","name":null}
{"record":"node","family":"cst","span":{"start":20,"end":32},"kind":"required_parameter","name":null}
{"record":"node","family":"cst","span":{"start":205,"end":209},"kind":"property_identifier","name":null}
{"record":"node","family":"cst","span":{"start":213,"end":217},"kind":"property_identifier","name":null}
{"record":"node","family":"cst","span":{"start":222,"end":381},"kind":"export_statement","name":null}
{"record":"node","family":"cst","span":{"start":229,"end":381},"kind":"class_declaration","name":null}
{"record":"node","family":"cst","span":{"start":235,"end":239},"kind":"type_identifier","name":null}
{"record":"node","family":"cst","span":{"start":24,"end":32},"kind":"type_annotation","name":null}
{"record":"node","family":"cst","span":{"start":240,"end":381},"kind":"class_body","name":null}
{"record":"node","family":"cst","span":{"start":244,"end":255},"kind":"property_identifier","name":null}
{"record":"node","family":"cst","span":{"start":244,"end":294},"kind":"method_definition","name":null}
{"record":"node","family":"cst","span":{"start":255,"end":291},"kind":"formal_parameters","name":null}
{"record":"node","family":"cst","span":{"start":256,"end":262},"kind":"accessibility_modifier","name":null}
{"record":"node","family":"cst","span":{"start":256,"end":272},"kind":"required_parameter","name":null}
{"record":"node","family":"cst","span":{"start":26,"end":32},"kind":"predefined_type","name":null}
{"record":"node","family":"cst","span":{"start":263,"end":264},"kind":"identifier","name":null}
{"record":"node","family":"cst","span":{"start":264,"end":272},"kind":"type_annotation","name":null}
{"record":"node","family":"cst","span":{"start":266,"end":272},"kind":"predefined_type","name":null}
{"record":"node","family":"cst","span":{"start":274,"end":280},"kind":"accessibility_modifier","name":null}
{"record":"node","family":"cst","span":{"start":274,"end":290},"kind":"required_parameter","name":null}
{"record":"node","family":"cst","span":{"start":281,"end":282},"kind":"identifier","name":null}
{"record":"node","family":"cst","span":{"start":282,"end":290},"kind":"type_annotation","name":null}
{"record":"node","family":"cst","span":{"start":284,"end":290},"kind":"predefined_type","name":null}
{"record":"node","family":"cst","span":{"start":292,"end":294},"kind":"statement_block","name":null}
{"record":"node","family":"cst","span":{"start":297,"end":306},"kind":"property_identifier","name":null}
{"record":"node","family":"cst","span":{"start":297,"end":379},"kind":"method_definition","name":null}
{"record":"node","family":"cst","span":{"start":306,"end":308},"kind":"formal_parameters","name":null}
{"record":"node","family":"cst","span":{"start":308,"end":316},"kind":"type_annotation","name":null}
{"record":"node","family":"cst","span":{"start":310,"end":316},"kind":"predefined_type","name":null}
{"record":"node","family":"cst","span":{"start":317,"end":379},"kind":"statement_block","name":null}
{"record":"node","family":"cst","span":{"start":323,"end":375},"kind":"return_statement","name":null}
{"record":"node","family":"cst","span":{"start":330,"end":334},"kind":"identifier","name":null}
{"record":"node","family":"cst","span":{"start":330,"end":339},"kind":"member_expression","name":null}
{"record":"node","family":"cst","span":{"start":330,"end":374},"kind":"call_expression","name":null}
{"record":"node","family":"cst","span":{"start":335,"end":339},"kind":"property_identifier","name":null}
{"record":"node","family":"cst","span":{"start":339,"end":374},"kind":"arguments","name":null}
{"record":"node","family":"cst","span":{"start":34,"end":39},"kind":"identifier","name":null}
{"record":"node","family":"cst","span":{"start":34,"end":47},"kind":"required_parameter","name":null}
{"record":"node","family":"cst","span":{"start":340,"end":344},"kind":"this","name":null}
{"record":"node","family":"cst","span":{"start":340,"end":346},"kind":"member_expression","name":null}
{"record":"node","family":"cst","span":{"start":340,"end":355},"kind":"binary_expression","name":null}
{"record":"node","family":"cst","span":{"start":340,"end":373},"kind":"binary_expression","name":null}
{"record":"node","family":"cst","span":{"start":345,"end":346},"kind":"property_identifier","name":null}
{"record":"node","family":"cst","span":{"start":349,"end":353},"kind":"this","name":null}
{"record":"node","family":"cst","span":{"start":349,"end":355},"kind":"member_expression","name":null}
{"record":"node","family":"cst","span":{"start":354,"end":355},"kind":"property_identifier","name":null}
{"record":"node","family":"cst","span":{"start":358,"end":362},"kind":"this","name":null}
{"record":"node","family":"cst","span":{"start":358,"end":364},"kind":"member_expression","name":null}
{"record":"node","family":"cst","span":{"start":358,"end":373},"kind":"binary_expression","name":null}
{"record":"node","family":"cst","span":{"start":363,"end":364},"kind":"property_identifier","name":null}
{"record":"node","family":"cst","span":{"start":367,"end":371},"kind":"this","name":null}
{"record":"node","family":"cst","span":{"start":367,"end":373},"kind":"member_expression","name":null}
{"record":"node","family":"cst","span":{"start":372,"end":373},"kind":"property_identifier","name":null}
{"record":"node","family":"cst","span":{"start":383,"end":427},"kind":"export_statement","name":null}
{"record":"node","family":"cst","span":{"start":39,"end":47},"kind":"type_annotation","name":null}
{"record":"node","family":"cst","span":{"start":390,"end":427},"kind":"lexical_declaration","name":null}
{"record":"node","family":"cst","span":{"start":396,"end":402},"kind":"identifier","name":null}
{"record":"node","family":"cst","span":{"start":396,"end":426},"kind":"variable_declarator","name":null}
{"record":"node","family":"cst","span":{"start":402,"end":409},"kind":"type_annotation","name":null}
{"record":"node","family":"cst","span":{"start":404,"end":409},"kind":"type_identifier","name":null}
{"record":"node","family":"cst","span":{"start":41,"end":47},"kind":"predefined_type","name":null}
{"record":"node","family":"cst","span":{"start":412,"end":426},"kind":"object","name":null}
{"record":"node","family":"cst","span":{"start":414,"end":415},"kind":"property_identifier","name":null}
{"record":"node","family":"cst","span":{"start":414,"end":418},"kind":"pair","name":null}
{"record":"node","family":"cst","span":{"start":417,"end":418},"kind":"number","name":null}
{"record":"node","family":"cst","span":{"start":420,"end":421},"kind":"property_identifier","name":null}
{"record":"node","family":"cst","span":{"start":420,"end":424},"kind":"pair","name":null}
{"record":"node","family":"cst","span":{"start":423,"end":424},"kind":"number","name":null}
{"record":"node","family":"cst","span":{"start":429,"end":480},"kind":"export_statement","name":null}
{"record":"node","family":"cst","span":{"start":436,"end":480},"kind":"lexical_declaration","name":null}
{"record":"node","family":"cst","span":{"start":442,"end":445},"kind":"identifier","name":null}
{"record":"node","family":"cst","span":{"start":442,"end":479},"kind":"variable_declarator","name":null}
{"record":"node","family":"cst","span":{"start":448,"end":470},"kind":"formal_parameters","name":null}
{"record":"node","family":"cst","span":{"start":448,"end":479},"kind":"arrow_function","name":null}
{"record":"node","family":"cst","span":{"start":449,"end":450},"kind":"identifier","name":null}
{"record":"node","family":"cst","span":{"start":449,"end":458},"kind":"required_parameter","name":null}
{"record":"node","family":"cst","span":{"start":450,"end":458},"kind":"type_annotation","name":null}
{"record":"node","family":"cst","span":{"start":452,"end":458},"kind":"predefined_type","name":null}
{"record":"node","family":"cst","span":{"start":460,"end":461},"kind":"identifier","name":null}
{"record":"node","family":"cst","span":{"start":460,"end":469},"kind":"required_parameter","name":null}
{"record":"node","family":"cst","span":{"start":461,"end":469},"kind":"type_annotation","name":null}
{"record":"node","family":"cst","span":{"start":463,"end":469},"kind":"predefined_type","name":null}
{"record":"node","family":"cst","span":{"start":474,"end":475},"kind":"identifier","name":null}
{"record":"node","family":"cst","span":{"start":474,"end":479},"kind":"binary_expression","name":null}
{"record":"node","family":"cst","span":{"start":478,"end":479},"kind":"identifier","name":null}
{"record":"node","family":"cst","span":{"start":48,"end":56},"kind":"type_annotation","name":null}
{"record":"node","family":"cst","span":{"start":50,"end":56},"kind":"predefined_type","name":null}
{"record":"node","family":"cst","span":{"start":57,"end":83},"kind":"statement_block","name":null}
{"record":"node","family":"cst","span":{"start":61,"end":81},"kind":"return_statement","name":null}
{"record":"node","family":"cst","span":{"start":68,"end":72},"kind":"identifier","name":null}
{"record":"node","family":"cst","span":{"start":68,"end":80},"kind":"binary_expression","name":null}
{"record":"node","family":"cst","span":{"start":7,"end":83},"kind":"function_declaration","name":null}
{"record":"node","family":"cst","span":{"start":75,"end":80},"kind":"identifier","name":null}
{"record":"node","family":"cst","span":{"start":85,"end":137},"kind":"export_statement","name":null}
{"record":"node","family":"cst","span":{"start":92,"end":137},"kind":"interface_declaration","name":null}
