{"record":"edge","family":"cst","kind":"child","from":{"start":0,"end":83},"to":{"start":7,"end":83}}
{"record":"edge","family":"cst","kind":"child","from":{"start":0,"end":919},"to":{"start":0,"end":83}}
{"record":"edge","family":"cst","kind":"child","from":{"start":0,"end":919},"to":{"start":161,"end":236}}
{"record":"edge","family":"cst","kind":"child","from":{"start":0,"end":919},"to":{"start":237,"end":315}}
{"record":"edge","family":"cst","kind":"child","from":{"start":0,"end":919},"to":{"start":317,"end":369}}
{"record":"edge","family":"cst","kind":"child","from":{"start":0,"end":919},"to":{"start":371,"end":397}}
{"record":"edge","family":"cst","kind":"child","from":{"start":0,"end":919},"to":{"start":399,"end":452}}
{"record":"edge","family":"cst","kind":"child","from":{"start":0,"end":919},"to":{"start":454,"end":726}}
{"record":"edge","family":"cst","kind":"child","from":{"start":0,"end":919},"to":{"start":728,"end":772}}
{"record":"edge","family":"cst","kind":"child","from":{"start":0,"end":919},"to":{"start":774,"end":825}}
{"record":"edge","family":"cst","kind":"child","from":{"start":0,"end":919},"to":{"start":827,"end":853}}
{"record":"edge","family":"cst","kind":"child","from":{"start":0,"end":919},"to":{"start":85,"end":160}}
{"record":"edge","family":"cst","kind":"child","from":{"start":0,"end":919},"to":{"start":854,"end":918}}
{"record":"edge","family":"cst","kind":"child","from":{"start":19,"end":48},"to":{"start":20,"end":32}}
{"record":"edge","family":"cst","kind":"child","from":{"start":19,"end":48},"to":{"start":34,"end":47}}
{"record":"edge","family":"cst","kind":"child","from":{"start":20,"end":32},"to":{"start":20,"end":24}}
{"record":"edge","family":"cst","kind":"child","from":{"start":20,"end":32},"to":{"start":24,"end":32}}
{"record":"edge","family":"cst","kind":"child","from":{"start":237,"end":315},"to":{"start":244,"end":315}}
{"record":"edge","family":"cst","kind":"child","from":{"start":24,"end":32},"to":{"start":26,"end":32}}
{"record":"edge","family":"cst","kind":"child","from":{"start":244,"end":315},"to":{"start":253,"end":258}}
{"record":"edge","family":"cst","kind":"child","from":{"start":244,"end":315},"to":{"start":258,"end":276}}
{"record":"edge","family":"cst","kind":"child","from":{"start":244,"end":315},"to":{"start":276,"end":282}}
{"record":"edge","family":"cst","kind":"child","from":{"start":244,"end":315},"to":{"start":283,"end":315}}
{"record":"edge","family":"cst","kind":"child","from":{"start":258,"end":276},"to":{"start":259,"end":267}}
{"record":"edge","family":"cst","kind":"child","from":{"start":258,"end":276},"to":{"start":269,"end":275}}
{"record":"edge","family":"cst","kind":"child","from":{"start":259,"end":267},"to":{"start":259,"end":260}}
{"record":"edge","family":"cst","kind":"child","from":{"start":259,"end":267},"to":{"start":260,"end":267}}
{"record":"edge","family":"cst","kind":"child","from":{"start":260,"end":267},"to":{"start":262,"end":267}}
{"record":"edge","family":"cst","kind":"child","from":{"start":269,"end":275},"to":{"start":269,"end":270}}
{"record":"edge","family":"cst","kind":"child","from":{"start":269,"end":275},"to":{"start":270,"end":275}}
{"record":"edge","family":"cst","kind":"child","from":{"start":270,"end":275},"to":{"start":272,"end":275}}
{"record":"edge","family":"cst","kind":"child","from":{"start":276,"end":282},"to":{"start":278,"end":282}}
{"record":"edge","family":"cst","kind":"child","from":{"start":283,"end":315},"to":{"start":287,"end":313}}
{"record":"edge","family":"cst","kind":"child","from":{"start":287,"end":313},"to":{"start":294,"end":312}}
{"record":"edge","family":"cst","kind":"child","from":{"start":294,"end":312},"to":{"start":298,"end":302}}
{"record":"edge","family":"cst","kind":"child","from":{"start":294,"end":312},"to":{"start":302,"end":312}}
{"record":"edge","family":"cst","kind":"child","from":{"start":302,"end":312},"to":{"start":303,"end":306}}
{"record":"edge","family":"cst","kind":"child","from":{"start":302,"end":312},"to":{"start":308,"end":311}}
{"record":"edge","family":"cst","kind":"child","from":{"start":303,"end":306},"to":{"start":303,"end":304}}
{"record":"edge","family":"cst","kind":"child","from":{"start":303,"end":306},"to":{"start":305,"end":306}}
{"record":"edge","family":"cst","kind":"child","from":{"start":308,"end":311},"to":{"start":308,"end":309}}
{"record":"edge","family":"cst","kind":"child","from":{"start":308,"end":311},"to":{"start":310,"end":311}}
{"record":"edge","family":"cst","kind":"child","from":{"start":317,"end":369},"to":{"start":324,"end":369}}
{"record":"edge","family":"cst","kind":"child","from":{"start":324,"end":369},"to":{"start":334,"end":339}}
{"record":"edge","family":"cst","kind":"child","from":{"start":324,"end":369},"to":{"start":340,"end":369}}
{"record":"edge","family":"cst","kind":"child","from":{"start":34,"end":47},"to":{"start":34,"end":39}}
{"record":"edge","family":"cst","kind":"child","from":{"start":34,"end":47},"to":{"start":39,"end":47}}
{"record":"edge","family":"cst","kind":"child","from":{"start":340,"end":369},"to":{"start":344,"end":353}}
{"record":"edge","family":"cst","kind":"child","from":{"start":340,"end":369},"to":{"start":357,"end":366}}
{"record":"edge","family":"cst","kind":"child","from":{"start":344,"end":353},"to":{"start":344,"end":345}}
{"record":"edge","family":"cst","kind":"child","from":{"start":344,"end":353},"to":{"start":345,"end":353}}
{"record":"edge","family":"cst","kind":"child","from":{"start":345,"end":353},"to":{"start":347,"end":353}}
{"record":"edge","family":"cst","kind":"child","from":{"start":357,"end":366},"to":{"start":357,"end":358}}
{"record":"edge","family":"cst","kind":"child","from":{"start":357,"end":366},"to":{"start":358,"end":366}}
{"record":"edge","family":"cst","kind":"child","from":{"start":358,"end":366},"to":{"start":360,"end":366}}
{"record":"edge","family":"cst","kind":"child","from":{"start":371,"end":397},"to":{"start":378,"end":397}}
{"record":"edge","family":"cst","kind":"child","from":{"start":378,"end":397},"to":{"start":383,"end":386}}
{"record":"edge","family":"cst","kind":"child","from":{"start":378,"end":397},"to":{"start":389,"end":396}}
{"record":"edge","family":"cst","kind":"child","from":{"start":389,"end":396},"to":{"start":389,"end":394}}
{"record":"edge","family":"cst","kind":"child","from":{"start":39,"end":47},"to":{"start":41,"end":47}}
{"record":"edge","family":"cst","kind":"child","from":{"start":399,"end":452},"to":{"start":406,"end":452}}
{"record":"edge","family":"cst","kind":"child","from":{"start":406,"end":452},"to":{"start":411,"end":414}}
{"record":"edge","family":"cst","kind":"child","from":{"start":406,"end":452},"to":{"start":415,"end":452}}
{"record":"edge","family":"cst","kind":"child","from":{"start":415,"end":452},"to":{"start":419,"end":424}}
{"record":"edge","family":"cst","kind":"child","from":{"start":415,"end":452},"to":{"start":428,"end":433}}
{"record":"edge","family":"cst","kind":"child","from":{"start":415,"end":452},"to":{"start":437,"end":441}}
{"record":"edge","family":"cst","kind":"child","from":{"start":415,"end":452},"to":{"start":445,"end":449}}
{"record":"edge","family":"cst","kind":"child","from":{"start":454,"end":726},"to":{"start":461,"end":726}}
{"record":"edge","family":"cst","kind":"child","from":{"start":461,"end":726},"to":{"start":467,"end":471}}
{"record":"edge","family":"cst","kind":"child","from":{"start":461,"end":726},"to":{"start":472,"end":726}}
{"record":"edge","family":"cst","kind":"child","from":{"start":472,"end":726},"to":{"start":476,"end":526}}
{"record":"edge","family":"cst","kind":"child","from":{"start":472,"end":726},"to":{"start":529,"end":611}}
{"record":"edge","family":"cst","kind":"child","from":{"start":472,"end":726},"to":{"start":614,"end":657}}
{"record":"edge","family":"cst","kind":"child","from":{"start":472,"end":726},"to":{"start":660,"end":724}}
{"record":"edge","family":"cst","kind":"child","from":{"start":476,"end":526},"to":{"start":476,"end":487}}
{"record":"edge","family":"cst","kind":"child","from":{"start":476,"end":526},"to":{"start":487,"end":523}}
{"record":"edge","family":"cst","kind":"child","from":{"start":476,"end":526},"to":{"start":524,"end":526}}
{"record":"edge","family":"cst","kind":"child","from":{"start":48,"end":56},"to":{"start":50,"end":56}}
{"record":"edge","family":"cst","kind":"child","from":{"start":487,"end":523},"to":{"start":488,"end":504}}
{"record":"edge","family":"cst","kind":"child","from":{"start":487,"end":523},"to":{"start":506,"end":522}}
{"record":"edge","family":"cst","kind":"child","from":{"start":488,"end":504},"to":{"start":488,"end":494}}
{"record":"edge","family":"cst","kind":"child","from":{"start":488,"end":504},"to":{"start":495,"end":496}}
{"record":"edge","family":"cst","kind":"child","from":{"start":488,"end":504},"to":{"start":496,"end":504}}
{"record":"edge","family":"cst","kind":"child","from":{"start":496,"end":504},"to":{"start":498,"end":504}}
{"record":"edge","family":"cst","kind":"child","from":{"start":506,"end":522},"to":{"start":506,"end":512}}
{"record":"edge","family":"cst","kind":"child","from":{"start":506,"end":522},"to":{"start":513,"end":514}}
{"record":"edge","family":"cst","kind":"child","from":{"start":506,"end":522},"to":{"start":514,"end":522}}
{"record":"edge","family":"cst","kind":"child","from":{"start":514,"end":522},"to":{"start":516,"end":522}}
{"record":"edge","family":"cst","kind":"child","from":{"start":529,"end":611},"to":{"start":529,"end":538}}
{"record":"edge","family":"cst","kind":"child","from":{"start":529,"end":611},"to":{"start":538,"end":540}}
{"record":"edge","family":"cst","kind":"child","from":{"start":529,"end":611},"to":{"start":540,"end":548}}
{"record":"edge","family":"cst","kind":"child","from":{"start":529,"end":611},"to":{"start":549,"end":611}}
{"record":"edge","family":"cst","kind":"child","from":{"start":540,"end":548},"to":{"start":542,"end":548}}
{"record":"edge","family":"cst","kind":"child","from":{"start":549,"end":611},"to":{"start":555,"end":607}}
{"record":"edge","family":"cst","kind":"child","from":{"start":555,"end":607},"to":{"start":562,"end":606}}
{"record":"edge","family":"cst","kind":"child","from":{"start":562,"end":571},"to":{"start":562,"end":566}}
{"record":"edge","family":"cst","kind":"child","from":{"start":562,"end":571},"to":{"start":567,"end":571}}
{"record":"edge","family":"cst","kind":"child","from":{"start":562,"end":606},"to":{"start":562,"end":571}}
{"record":"edge","family":"cst","kind":"child","from":{"start":562,"end":606},"to":{"start":571,"end":606}}
{"record":"edge","family":"cst","kind":"child","from":{"start":57,"end":83},"to":{"start":61,"end":81}}
{"record":"edge","family":"cst","kind":"child","from":{"start":571,"end":606},"to":{"start":572,"end":605}}
{"record":"edge","family":"cst","kind":"child","from":{"start":572,"end":578},"to":{"start":572,"end":576}}
{"record":"edge","family":"cst","kind":"child","from":{"start":572,"end":578},"to":{"start":577,"end":578}}
{"record":"edge","family":"cst","kind":"child","from":{"start":572,"end":587},"to":{"start":572,"end":578}}
{"record":"edge","family":"cst","kind":"child","from":{"start":572,"end":587},"to":{"start":581,"end":587}}
{"record":"edge","family":"cst","kind":"child","from":{"start":572,"end":605},"to":{"start":572,"end":587}}
{"record":"edge","family":"cst","kind":"child","from":{"start":572,"end":605},"to":{"start":590,"end":605}}
{"record":"edge","family":"cst","kind":"child","from":{"start":581,"end":587},"to":{"start":581,"end":585}}
{"record":"edge","family":"cst","kind":"child","from":{"start":581,"end":587},"to":{"start":586,"end":587}}
{"record":"edge","family":"cst","kind":"child","from":{"start":590,"end":596},"to":{"start":590,"end":594}}
{"record":"edge","family":"cst","kind":"child","from":{"start":590,"end":596},"to":{"start":595,"end":596}}
{"record":"edge","family":"cst","kind":"child","from":{"start":590,"end":605},"to":{"start":590,"end":596}}
{"record":"edge","family":"cst","kind":"child","from":{"start":590,"end":605},"to":{"start":599,"end":605}}
{"record":"edge","family":"cst","kind":"child","from":{"start":599,"end":605},"to":{"start":599,"end":603}}
{"record":"edge","family":"cst","kind":"child","from":{"start":599,"end":605},"to":{"start":604,"end":605}}
{"record":"edge","family":"cst","kind":"child","from":{"start":61,"end":81},"to":{"start":68,"end":80}}
{"record":"edge","family":"cst","kind":"child","from":{"start":660,"end":724},"to":{"start":660,"end":666}}
{"record":"edge","family":"cst","kind":"child","from":{"start":660,"end":724},"to":{"start":666,"end":675}}
{"record":"edge","family":"cst","kind":"child","from":{"start":660,"end":724},"to":{"start":675,"end":681}}
{"record":"edge","family":"cst","kind":"child","from":{"start":660,"end":724},"to":{"start":682,"end":724}}
{"record":"edge","family":"cst","kind":"child","from":{"start":666,"end":675},"to":{"start":667,"end":674}}
{"record":"edge","family":"cst","kind":"child","from":{"start":667,"end":674},"to":{"start":667,"end":669}}
{"record":"edge","family":"cst","kind":"child","from":{"start":667,"end":674},"to":{"start":669,"end":674}}
{"record":"edge","family":"cst","kind":"child","from":{"start":669,"end":674},"to":{"start":671,"end":674}}
{"record":"edge","family":"cst","kind":"child","from":{"start":675,"end":681},"to":{"start":677,"end":681}}
{"record":"edge","family":"cst","kind":"child","from":{"start":68,"end":80},"to":{"start":68,"end":72}}
{"record":"edge","family":"cst","kind":"child","from":{"start":68,"end":80},"to":{"start":75,"end":80}}
{"record":"edge","family":"cst","kind":"child","from":{"start":682,"end":724},"to":{"start":688,"end":720}}
{"record":"edge","family":"cst","kind":"child","from":{"start":688,"end":720},"to":{"start":695,"end":719}}
{"record":"edge","family":"cst","kind":"child","from":{"start":695,"end":719},"to":{"start":699,"end":703}}
{"record":"edge","family":"cst","kind":"child","from":{"start":695,"end":719},"to":{"start":703,"end":719}}
{"record":"edge","family":"cst","kind":"child","from":{"start":7,"end":83},"to":{"start":16,"end":19}}
{"record":"edge","family":"cst","kind":"child","from":{"start":7,"end":83},"to":{"start":19,"end":48}}
{"record":"edge","family":"cst","kind":"child","from":{"start":7,"end":83},"to":{"start":48,"end":56}}
{"record":"edge","family":"cst","kind":"child","from":{"start":7,"end":83},"to":{"start":57,"end":83}}
{"record":"edge","family":"cst","kind":"child","from":{"start":703,"end":719},"to":{"start":704,"end":710}}
{"record":"edge","family":"cst","kind":"child","from":{"start":703,"end":719},"to":{"start":712,"end":718}}
{"record":"edge","family":"cst","kind":"child","from":{"start":704,"end":710},"to":{"start":704,"end":708}}
{"record":"edge","family":"cst","kind":"child","from":{"start":704,"end":710},"to":{"start":709,"end":710}}
{"record":"edge","family":"cst","kind":"child","from":{"start":712,"end":718},"to":{"start":712,"end":716}}
{"record":"edge","family":"cst","kind":"child","from":{"start":712,"end":718},"to":{"start":717,"end":718}}
{"record":"edge","family":"cst","kind":"child","from":{"start":728,"end":772},"to":{"start":735,"end":772}}
{"record":"edge","family":"cst","kind":"child","from":{"start":735,"end":772},"to":{"start":741,"end":771}}
{"record":"edge","family":"cst","kind":"child","from":{"start":741,"end":771},"to":{"start":741,"end":747}}
{"record":"edge","family":"cst","kind":"child","from":{"start":741,"end":771},"to":{"start":747,"end":754}}
{"record":"edge","family":"cst","kind":"child","from":{"start":741,"end":771},"to":{"start":757,"end":771}}
{"record":"edge","family":"cst","kind":"child","from":{"start":747,"end":754},"to":{"start":749,"end":754}}
{"record":"edge","family":"cst","kind":"child","from":{"start":757,"end":771},"to":{"start":759,"end":763}}
{"record":"edge","family":"cst","kind":"child","from":{"start":757,"end":771},"to":{"start":765,"end":769}}
{"record":"edge","family":"cst","kind":"child","from":{"start":759,"end":763},"to":{"start":759,"end":760}}
{"record":"edge","family":"cst","kind":"child","from":{"start":759,"end":763},"to":{"start":762,"end":763}}
{"record":"edge","family":"cst","kind":"child","from":{"start":765,"end":769},"to":{"start":765,"end":766}}
{"record":"edge","family":"cst","kind":"child","from":{"start":765,"end":769},"to":{"start":768,"end":769}}
{"record":"edge","family":"cst","kind":"child","from":{"start":774,"end":825},"to":{"start":781,"end":825}}
{"record":"edge","family":"cst","kind":"child","from":{"start":781,"end":825},"to":{"start":787,"end":824}}
{"record":"edge","family":"cst","kind":"child","from":{"start":787,"end":824},"to":{"start":787,"end":790}}
{"record":"edge","family":"cst","kind":"child","from":{"start":787,"end":824},"to":{"start":793,"end":824}}
{"record":"edge","family":"cst","kind":"child","from":{"start":793,"end":815},"to":{"start":794,"end":803}}
{"record":"edge","family":"cst","kind":"child","from":{"start":793,"end":815},"to":{"start":805,"end":814}}
{"record":"edge","family":"cst","kind":"child","from":{"start":793,"end":824},"to":{"start":793,"end":815}}
{"record":"edge","family":"cst","kind":"child","from":{"start":793,"end":824},"to":{"start":819,"end":824}}
{"record":"edge","family":"cst","kind":"child","from":{"start":794,"end":803},"to":{"start":794,"end":795}}
{"record":"edge","family":"cst","kind":"child","from":{"start":794,"end":803},"to":{"start":795,"end":803}}
{"record":"edge","family":"cst","kind":"child","from":{"start":795,"end":803},"to":{"start":797,"end":803}}
{"record":"edge","family":"cst","kind":"child","from":{"start":805,"end":814},"to":{"start":805,"end":806}}
{"record":"edge","family":"cst","kind":"child","from":{"start":805,"end":814},"to":{"start":806,"end":814}}
{"record":"edge","family":"cst","kind":"child","from":{"start":806,"end":814},"to":{"start":808,"end":814}}
{"record":"edge","family":"cst","kind":"child","from":{"start":819,"end":824},"to":{"start":819,"end":820}}
{"record":"edge","family":"cst","kind":"child","from":{"start":819,"end":824},"to":{"start":823,"end":824}}
{"record":"edge","family":"cst","kind":"child","from":{"start":854,"end":918},"to":{"start":861,"end":918}}
{"record":"edge","family":"cst","kind":"child","from":{"start":861,"end":918},"to":{"start":867,"end":917}}
{"record":"edge","family":"cst","kind":"child","from":{"start":867,"end":917},"to":{"start":867,"end":873}}
{"record":"edge","family":"cst","kind":"child","from":{"start":867,"end":917},"to":{"start":876,"end":917}}
{"record":"edge","family":"cst","kind":"child","from":{"start":876,"end":886},"to":{"start":877,"end":885}}
{"record":"edge","family":"cst","kind":"child","from":{"start":876,"end":917},"to":{"start":876,"end":886}}
{"record":"edge","family":"cst","kind":"child","from":{"start":876,"end":917},"to":{"start":886,"end":893}}
{"record":"edge","family":"cst","kind":"child","from":{"start":876,"end":917},"to":{"start":897,"end":917}}
{"record":"edge","family":"cst","kind":"child","from":{"start":877,"end":885},"to":{"start":877,"end":878}}
{"record":"edge","family":"cst","kind":"child","from":{"start":877,"end":885},"to":{"start":878,"end":885}}
{"record":"edge","family":"cst","kind":"child","from":{"start":878,"end":885},"to":{"start":880,"end":885}}
{"record":"edge","family":"cst","kind":"child","from":{"start":886,"end":893},"to":{"start":888,"end":893}}
{"record":"edge","family":"cst","kind":"child","from":{"start":897,"end":917},"to":{"start":898,"end":916}}
{"record":"edge","family":"cst","kind":"child","from":{"start":898,"end":916},"to":{"start":900,"end":906}}
{"record":"edge","family":"cst","kind":"child","from":{"start":898,"end":916},"to":{"start":908,"end":914}}
{"record":"edge","family":"cst","kind":"child","from":{"start":900,"end":906},"to":{"start":900,"end":901}}
{"record":"edge","family":"cst","kind":"child","from":{"start":900,"end":906},"to":{"start":903,"end":906}}
{"record":"edge","family":"cst","kind":"child","from":{"start":903,"end":906},"to":{"start":903,"end":904}}
{"record":"edge","family":"cst","kind":"child","from":{"start":903,"end":906},"to":{"start":905,"end":906}}
{"record":"edge","family":"cst","kind":"child","from":{"start":908,"end":914},"to":{"start":908,"end":909}}
{"record":"edge","family":"cst","kind":"child","from":{"start":908,"end":914},"to":{"start":911,"end":914}}
{"record":"edge","family":"cst","kind":"child","from":{"start":911,"end":914},"to":{"start":911,"end":912}}
{"record":"edge","family":"cst","kind":"child","from":{"start":911,"end":914},"to":{"start":913,"end":914}}
{"record":"node","family":"cst","span":{"start":0,"end":83},"kind":"export_statement","name":null}
{"record":"node","family":"cst","span":{"start":0,"end":919},"kind":"program","name":null}
{"record":"node","family":"cst","span":{"start":16,"end":19},"kind":"identifier","name":null}
{"record":"node","family":"cst","span":{"start":161,"end":236},"kind":"comment","name":null}
{"record":"node","family":"cst","span":{"start":19,"end":48},"kind":"formal_parameters","name":null}
{"record":"node","family":"cst","span":{"start":20,"end":24},"kind":"identifier","name":null}
{"record":"node","family":"cst","span":{"start":20,"end":32},"kind":"required_parameter","name":null}
{"record":"node","family":"cst","span":{"start":237,"end":315},"kind":"export_statement","name":null}
{"record":"node","family":"cst","span":{"start":24,"end":32},"kind":"type_annotation","name":null}
{"record":"node","family":"cst","span":{"start":244,"end":315},"kind":"function_declaration","name":null}
{"record":"node","family":"cst","span":{"start":253,"end":258},"kind":"identifier","name":null}
{"record":"node","family":"cst","span":{"start":258,"end":276},"kind":"formal_parameters","name":null}
{"record":"node","family":"cst","span":{"start":259,"end":260},"kind":"identifier","name":null}
{"record":"node","family":"cst","span":{"start":259,"end":267},"kind":"required_parameter","name":null}
{"record":"node","family":"cst","span":{"start":26,"end":32},"kind":"predefined_type","name":null}
{"record":"node","family":"cst","span":{"start":260,"end":267},"kind":"type_annotation","name":null}
{"record":"node","family":"cst","span":{"start":262,"end":267},"kind":"type_identifier","name":null}
{"record":"node","family":"cst","span":{"start":269,"end":270},"kind":"identifier","name":null}
{"record":"node","family":"cst","span":{"start":269,"end":275},"kind":"required_parameter","name":null}
{"record":"node","family":"cst","span":{"start":270,"end":275},"kind":"type_annotation","name":null}
{"record":"node","family":"cst","span":{"start":272,"end":275},"kind":"type_identifier","name":null}
{"record":"node","family":"cst","span":{"start":276,"end":282},"kind":"type_annotation","name":null}
{"record":"node","family":"cst","span":{"start":278,"end":282},"kind":"type_identifier","name":null}
{"record":"node","family":"cst","span":{"start":283,"end":315},"kind":"statement_block","name":null}
{"record":"node","family":"cst","span":{"start":287,"end":313},"kind":"return_statement","name":null}
{"record":"node","family":"cst","span":{"start":294,"end":312},"kind":"new_expression","name":null}
{"record":"node","family":"cst","span":{"start":298,"end":302},"kind":"identifier","name":null}
{"record":"node","family":"cst","span":{"start":302,"end":312},"kind":"arguments","name":null}
{"record":"node","family":"cst","span":{"start":303,"end":304},"kind":"identifier","name":null}
{"record":"node","family":"cst","span":{"start":303,"end":306},"kind":"member_expression","name":null}
{"record":"node","family":"cst","span":{"start":305,"end":306},"kind":"property_identifier","name":null}
{"record":"node","family":"cst","span":{"start":308,"end":309},"kind":"identifier","name":null}
{"record":"node","family":"cst","span":{"start":308,"end":311},"kind":"member_expression","name":null}
{"record":"node","family":"cst","span":{"start":310,"end":311},"kind":"property_identifier","name":null}
{"record":"node","family":"cst","span":{"start":317,"end":369},"kind":"export_statement","name":null}
{"record":"node","family":"cst","span":{"start":324,"end":369},"kind":"interface_declaration","name":null}
{"record":"node","family":"cst","span":{"start":334,"end":339},"kind":"type_identifier","name":null}
{"record":"node","family":"cst","span":{"start":34,"end":39},"kind":"identifier","name":null}
{"record":"node","family":"cst","span":{"start":34,"end":47},"kind":"required_parameter","name":null}
{"record":"node","family":"cst","span":{"start":340,"end":369},"kind":"interface_body","name":null}
{"record":"node","family":"cst","span":{"start":344,"end":345},"kind":"property_identifier","name":null}
{"record":"node","family":"cst","span":{"start":344,"end":353},"kind":"property_signature","name":null}
{"record":"node","family":"cst","span":{"start":345,"end":353},"kind":"type_annotation","name":null}
{"record":"node","family":"cst","span":{"start":347,"end":353},"kind":"predefined_type","name":null}
{"record":"node","family":"cst","span":{"start":357,"end":358},"kind":"property_identifier","name":null}
{"record":"node","family":"cst","span":{"start":357,"end":366},"kind":"property_signature","name":null}
{"record":"node","family":"cst","span":{"start":358,"end":366},"kind":"type_annotation","name":null}
{"record":"node","family":"cst","span":{"start":360,"end":366},"kind":"predefined_type","name":null}
{"record":"node","family":"cst","span":{"start":371,"end":397},"kind":"export_statement","name":null}
{"record":"node","family":"cst","span":{"start":378,"end":397},"kind":"type_alias_declaration","name":null}
{"record":"node","family":"cst","span":{"start":383,"end":386},"kind":"type_identifier","name":null}
{"record":"node","family":"cst","span":{"start":389,"end":394},"kind":"type_identifier","name":null}
{"record":"node","family":"cst","span":{"start":389,"end":396},"kind":"array_type","name":null}
{"record":"node","family":"cst","span":{"start":39,"end":47},"kind":"type_annotation","name":null}
{"record":"node","family":"cst","span":{"start":399,"end":452},"kind":"export_statement","name":null}
{"record":"node","family":"cst","span":{"start":406,"end":452},"kind":"enum_declaration","name":null}
{"record":"node","family":"cst","span":{"start":41,"end":47},"kind":"predefined_type","name":null}
{"record":"node","family":"cst","span":{"start":411,"end":414},"kind":"identifier","name":null}
{"record":"node","family":"cst","span":{"start":415,"end":452},"kind":"enum_body","name":null}
{"record":"node","family":"cst","span":{"start":419,"end":424},"kind":"property_identifier","name":null}
{"record":"node","family":"cst","span":{"start":428,"end":433},"kind":"property_identifier","name":null}
{"record":"node","family":"cst","span":{"start":437,"end":441},"kind":"property_identifier","name":null}
{"record":"node","family":"cst","span":{"start":445,"end":449},"kind":"property_identifier","name":null}
{"record":"node","family":"cst","span":{"start":454,"end":726},"kind":"export_statement","name":null}
{"record":"node","family":"cst","span":{"start":461,"end":726},"kind":"class_declaration","name":null}
{"record":"node","family":"cst","span":{"start":467,"end":471},"kind":"type_identifier","name":null}
{"record":"node","family":"cst","span":{"start":472,"end":726},"kind":"class_body","name":null}
{"record":"node","family":"cst","span":{"start":476,"end":487},"kind":"property_identifier","name":null}
{"record":"node","family":"cst","span":{"start":476,"end":526},"kind":"method_definition","name":null}
{"record":"node","family":"cst","span":{"start":48,"end":56},"kind":"type_annotation","name":null}
{"record":"node","family":"cst","span":{"start":487,"end":523},"kind":"formal_parameters","name":null}
{"record":"node","family":"cst","span":{"start":488,"end":494},"kind":"accessibility_modifier","name":null}
{"record":"node","family":"cst","span":{"start":488,"end":504},"kind":"required_parameter","name":null}
{"record":"node","family":"cst","span":{"start":495,"end":496},"kind":"identifier","name":null}
{"record":"node","family":"cst","span":{"start":496,"end":504},"kind":"type_annotation","name":null}
{"record":"node","family":"cst","span":{"start":498,"end":504},"kind":"predefined_type","name":null}
{"record":"node","family":"cst","span":{"start":50,"end":56},"kind":"predefined_type","name":null}
{"record":"node","family":"cst","span":{"start":506,"end":512},"kind":"accessibility_modifier","name":null}
{"record":"node","family":"cst","span":{"start":506,"end":522},"kind":"required_parameter","name":null}
{"record":"node","family":"cst","span":{"start":513,"end":514},"kind":"identifier","name":null}
{"record":"node","family":"cst","span":{"start":514,"end":522},"kind":"type_annotation","name":null}
{"record":"node","family":"cst","span":{"start":516,"end":522},"kind":"predefined_type","name":null}
{"record":"node","family":"cst","span":{"start":524,"end":526},"kind":"statement_block","name":null}
{"record":"node","family":"cst","span":{"start":529,"end":538},"kind":"property_identifier","name":null}
{"record":"node","family":"cst","span":{"start":529,"end":611},"kind":"method_definition","name":null}
{"record":"node","family":"cst","span":{"start":538,"end":540},"kind":"formal_parameters","name":null}
{"record":"node","family":"cst","span":{"start":540,"end":548},"kind":"type_annotation","name":null}
{"record":"node","family":"cst","span":{"start":542,"end":548},"kind":"predefined_type","name":null}
{"record":"node","family":"cst","span":{"start":549,"end":611},"kind":"statement_block","name":null}
{"record":"node","family":"cst","span":{"start":555,"end":607},"kind":"return_statement","name":null}
{"record":"node","family":"cst","span":{"start":562,"end":566},"kind":"identifier","name":null}
{"record":"node","family":"cst","span":{"start":562,"end":571},"kind":"member_expression","name":null}
{"record":"node","family":"cst","span":{"start":562,"end":606},"kind":"call_expression","name":null}
{"record":"node","family":"cst","span":{"start":567,"end":571},"kind":"property_identifier","name":null}
{"record":"node","family":"cst","span":{"start":57,"end":83},"kind":"statement_block","name":null}
{"record":"node","family":"cst","span":{"start":571,"end":606},"kind":"arguments","name":null}
{"record":"node","family":"cst","span":{"start":572,"end":576},"kind":"this","name":null}
{"record":"node","family":"cst","span":{"start":572,"end":578},"kind":"member_expression","name":null}
{"record":"node","family":"cst","span":{"start":572,"end":587},"kind":"binary_expression","name":null}
{"record":"node","family":"cst","span":{"start":572,"end":605},"kind":"binary_expression","name":null}
{"record":"node","family":"cst","span":{"start":577,"end":578},"kind":"property_identifier","name":null}
{"record":"node","family":"cst","span":{"start":581,"end":585},"kind":"this","name":null}
{"record":"node","family":"cst","span":{"start":581,"end":587},"kind":"member_expression","name":null}
{"record":"node","family":"cst","span":{"start":586,"end":587},"kind":"property_identifier","name":null}
{"record":"node","family":"cst","span":{"start":590,"end":594},"kind":"this","name":null}
{"record":"node","family":"cst","span":{"start":590,"end":596},"kind":"member_expression","name":null}
{"record":"node","family":"cst","span":{"start":590,"end":605},"kind":"binary_expression","name":null}
{"record":"node","family":"cst","span":{"start":595,"end":596},"kind":"property_identifier","name":null}
{"record":"node","family":"cst","span":{"start":599,"end":603},"kind":"this","name":null}
{"record":"node","family":"cst","span":{"start":599,"end":605},"kind":"member_expression","name":null}
{"record":"node","family":"cst","span":{"start":604,"end":605},"kind":"property_identifier","name":null}
{"record":"node","family":"cst","span":{"start":61,"end":81},"kind":"return_statement","name":null}
{"record":"node","family":"cst","span":{"start":614,"end":657},"kind":"comment","name":null}
{"record":"node","family":"cst","span":{"start":660,"end":666},"kind":"property_identifier","name":null}
{"record":"node","family":"cst","span":{"start":660,"end":724},"kind":"method_definition","name":null}
{"record":"node","family":"cst","span":{"start":666,"end":675},"kind":"formal_parameters","name":null}
{"record":"node","family":"cst","span":{"start":667,"end":669},"kind":"identifier","name":null}
{"record":"node","family":"cst","span":{"start":667,"end":674},"kind":"required_parameter","name":null}
{"record":"node","family":"cst","span":{"start":669,"end":674},"kind":"type_annotation","name":null}
{"record":"node","family":"cst","span":{"start":671,"end":674},"kind":"type_identifier","name":null}
{"record":"node","family":"cst","span":{"start":675,"end":681},"kind":"type_annotation","name":null}
{"record":"node","family":"cst","span":{"start":677,"end":681},"kind":"type_identifier","name":null}
{"record":"node","family":"cst","span":{"start":68,"end":72},"kind":"identifier","name":null}
{"record":"node","family":"cst","span":{"start":68,"end":80},"kind":"binary_expression","name":null}
{"record":"node","family":"cst","span":{"start":682,"end":724},"kind":"statement_block","name":null}
{"record":"node","family":"cst","span":{"start":688,"end":720},"kind":"return_statement","name":null}
{"record":"node","family":"cst","span":{"start":695,"end":719},"kind":"new_expression","name":null}
{"record":"node","family":"cst","span":{"start":699,"end":703},"kind":"identifier","name":null}
{"record":"node","family":"cst","span":{"start":7,"end":83},"kind":"function_declaration","name":null}
{"record":"node","family":"cst","span":{"start":703,"end":719},"kind":"arguments","name":null}
{"record":"node","family":"cst","span":{"start":704,"end":708},"kind":"this","name":null}
{"record":"node","family":"cst","span":{"start":704,"end":710},"kind":"member_expression","name":null}
{"record":"node","family":"cst","span":{"start":709,"end":710},"kind":"property_identifier","name":null}
{"record":"node","family":"cst","span":{"start":712,"end":716},"kind":"this","name":null}
{"record":"node","family":"cst","span":{"start":712,"end":718},"kind":"member_expression","name":null}
{"record":"node","family":"cst","span":{"start":717,"end":718},"kind":"property_identifier","name":null}
{"record":"node","family":"cst","span":{"start":728,"end":772},"kind":"export_statement","name":null}
{"record":"node","family":"cst","span":{"start":735,"end":772},"kind":"lexical_declaration","name":null}
{"record":"node","family":"cst","span":{"start":741,"end":747},"kind":"identifier","name":null}
{"record":"node","family":"cst","span":{"start":741,"end":771},"kind":"variable_declarator","name":null}
{"record":"node","family":"cst","span":{"start":747,"end":754},"kind":"type_annotation","name":null}
{"record":"node","family":"cst","span":{"start":749,"end":754},"kind":"type_identifier","name":null}
{"record":"node","family":"cst","span":{"start":75,"end":80},"kind":"identifier","name":null}
{"record":"node","family":"cst","span":{"start":757,"end":771},"kind":"object","name":null}
{"record":"node","family":"cst","span":{"start":759,"end":760},"kind":"property_identifier","name":null}
{"record":"node","family":"cst","span":{"start":759,"end":763},"kind":"pair","name":null}
{"record":"node","family":"cst","span":{"start":762,"end":763},"kind":"number","name":null}
{"record":"node","family":"cst","span":{"start":765,"end":766},"kind":"property_identifier","name":null}
{"record":"node","family":"cst","span":{"start":765,"end":769},"kind":"pair","name":null}
{"record":"node","family":"cst","span":{"start":768,"end":769},"kind":"number","name":null}
{"record":"node","family":"cst","span":{"start":774,"end":825},"kind":"export_statement","name":null}
{"record":"node","family":"cst","span":{"start":781,"end":825},"kind":"lexical_declaration","name":null}
{"record":"node","family":"cst","span":{"start":787,"end":790},"kind":"identifier","name":null}
{"record":"node","family":"cst","span":{"start":787,"end":824},"kind":"variable_declarator","name":null}
{"record":"node","family":"cst","span":{"start":793,"end":815},"kind":"formal_parameters","name":null}
{"record":"node","family":"cst","span":{"start":793,"end":824},"kind":"arrow_function","name":null}
{"record":"node","family":"cst","span":{"start":794,"end":795},"kind":"identifier","name":null}
{"record":"node","family":"cst","span":{"start":794,"end":803},"kind":"required_parameter","name":null}
{"record":"node","family":"cst","span":{"start":795,"end":803},"kind":"type_annotation","name":null}
{"record":"node","family":"cst","span":{"start":797,"end":803},"kind":"predefined_type","name":null}
{"record":"node","family":"cst","span":{"start":805,"end":806},"kind":"identifier","name":null}
{"record":"node","family":"cst","span":{"start":805,"end":814},"kind":"required_parameter","name":null}
{"record":"node","family":"cst","span":{"start":806,"end":814},"kind":"type_annotation","name":null}
{"record":"node","family":"cst","span":{"start":808,"end":814},"kind":"predefined_type","name":null}
{"record":"node","family":"cst","span":{"start":819,"end":820},"kind":"identifier","name":null}
{"record":"node","family":"cst","span":{"start":819,"end":824},"kind":"binary_expression","name":null}
{"record":"node","family":"cst","span":{"start":823,"end":824},"kind":"identifier","name":null}
{"record":"node","family":"cst","span":{"start":827,"end":853},"kind":"comment","name":null}
{"record":"node","family":"cst","span":{"start":85,"end":160},"kind":"comment","name":null}
{"record":"node","family":"cst","span":{"start":854,"end":918},"kind":"export_statement","name":null}
{"record":"node","family":"cst","span":{"start":861,"end":918},"kind":"lexical_declaration","name":null}
{"record":"node","family":"cst","span":{"start":867,"end":873},"kind":"identifier","name":null}
{"record":"node","family":"cst","span":{"start":867,"end":917},"kind":"variable_declarator","name":null}
{"record":"node","family":"cst","span":{"start":876,"end":886},"kind":"formal_parameters","name":null}
{"record":"node","family":"cst","span":{"start":876,"end":917},"kind":"arrow_function","name":null}
{"record":"node","family":"cst","span":{"start":877,"end":878},"kind":"identifier","name":null}
{"record":"node","family":"cst","span":{"start":877,"end":885},"kind":"required_parameter","name":null}
{"record":"node","family":"cst","span":{"start":878,"end":885},"kind":"type_annotation","name":null}
{"record":"node","family":"cst","span":{"start":880,"end":885},"kind":"type_identifier","name":null}
{"record":"node","family":"cst","span":{"start":886,"end":893},"kind":"type_annotation","name":null}
{"record":"node","family":"cst","span":{"start":888,"end":893},"kind":"type_identifier","name":null}
{"record":"node","family":"cst","span":{"start":897,"end":917},"kind":"parenthesized_expression","name":null}
{"record":"node","family":"cst","span":{"start":898,"end":916},"kind":"object","name":null}
{"record":"node","family":"cst","span":{"start":900,"end":901},"kind":"property_identifier","name":null}
{"record":"node","family":"cst","span":{"start":900,"end":906},"kind":"pair","name":null}
{"record":"node","family":"cst","span":{"start":903,"end":904},"kind":"identifier","name":null}
{"record":"node","family":"cst","span":{"start":903,"end":906},"kind":"member_expression","name":null}
{"record":"node","family":"cst","span":{"start":905,"end":906},"kind":"property_identifier","name":null}
{"record":"node","family":"cst","span":{"start":908,"end":909},"kind":"property_identifier","name":null}
{"record":"node","family":"cst","span":{"start":908,"end":914},"kind":"pair","name":null}
{"record":"node","family":"cst","span":{"start":911,"end":912},"kind":"identifier","name":null}
{"record":"node","family":"cst","span":{"start":911,"end":914},"kind":"member_expression","name":null}
{"record":"node","family":"cst","span":{"start":913,"end":914},"kind":"property_identifier","name":null}
