{"record":"edge","family":"cst","kind":"child","from":{"start":0,"end":184},"to":{"start":0,"end":83}}
{"record":"edge","family":"cst","kind":"child","from":{"start":0,"end":184},"to":{"start":139,"end":183}}
{"record":"edge","family":"cst","kind":"child","from":{"start":0,"end":184},"to":{"start":85,"end":137}}
{"record":"edge","family":"cst","kind":"child","from":{"start":0,"end":83},"to":{"start":7,"end":83}}
{"record":"edge","family":"cst","kind":"child","from":{"start":108,"end":137},"to":{"start":112,"end":121}}
{"record":"edge","family":"cst","kind":"child","from":{"start":108,"end":137},"to":{"start":125,"end":134}}
{"record":"edge","family":"cst","kind":"child","from":{"start":112,"end":121},"to":{"start":112,"end":113}}
{"record":"edge","family":"cst","kind":"child","from":{"start":112,"end":121},"to":{"start":113,"end":121}}
{"record":"edge","family":"cst","kind":"child","from":{"start":113,"end":121},"to":{"start":115,"end":121}}
{"record":"edge","family":"cst","kind":"child","from":{"start":125,"end":134},"to":{"start":125,"end":126}}
{"record":"edge","family":"cst","kind":"child","from":{"start":125,"end":134},"to":{"start":126,"end":134}}
{"record":"edge","family":"cst","kind":"child","from":{"start":126,"end":134},"to":{"start":128,"end":134}}
{"record":"edge","family":"cst","kind":"child","from":{"start":139,"end":183},"to":{"start":146,"end":183}}
{"record":"edge","family":"cst","kind":"child","from":{"start":146,"end":183},"to":{"start":152,"end":182}}
{"record":"edge","family":"cst","kind":"child","from":{"start":152,"end":182},"to":{"start":152,"end":158}}
{"record":"edge","family":"cst","kind":"child","from":{"start":152,"end":182},"to":{"start":158,"end":165}}
{"record":"edge","family":"cst","kind":"child","from":{"start":152,"end":182},"to":{"start":168,"end":182}}
{"record":"edge","family":"cst","kind":"child","from":{"start":158,"end":165},"to":{"start":160,"end":165}}
{"record":"edge","family":"cst","kind":"child","from":{"start":168,"end":182},"to":{"start":170,"end":174}}
{"record":"edge","family":"cst","kind":"child","from":{"start":168,"end":182},"to":{"start":176,"end":180}}
{"record":"edge","family":"cst","kind":"child","from":{"start":170,"end":174},"to":{"start":170,"end":171}}
{"record":"edge","family":"cst","kind":"child","from":{"start":170,"end":174},"to":{"start":173,"end":174}}
{"record":"edge","family":"cst","kind":"child","from":{"start":176,"end":180},"to":{"start":176,"end":177}}
{"record":"edge","family":"cst","kind":"child","from":{"start":176,"end":180},"to":{"start":179,"end":180}}
{"record":"edge","family":"cst","kind":"child","from":{"start":19,"end":48},"to":{"start":20,"end":32}}
{"record":"edge","family":"cst","kind":"child","from":{"start":19,"end":48},"to":{"start":34,"end":47}}
{"record":"edge","family":"cst","kind":"child","from":{"start":20,"end":32},"to":{"start":20,"end":24}}
{"record":"edge","family":"cst","kind":"child","from":{"start":20,"end":32},"to":{"start":24,"end":32}}
{"record":"edge","family":"cst","kind":"child","from":{"start":24,"end":32},"to":{"start":26,"end":32}}
{"record":"edge","family":"cst","kind":"child","from":{"start":34,"end":47},"to":{"start":34,"end":39}}
{"record":"edge","family":"cst","kind":"child","from":{"start":34,"end":47},"to":{"start":39,"end":47}}
{"record":"edge","family":"cst","kind":"child","from":{"start":39,"end":47},"to":{"start":41,"end":47}}
{"record":"edge","family":"cst","kind":"child","from":{"start":48,"end":56},"to":{"start":50,"end":56}}
{"record":"edge","family":"cst","kind":"child","from":{"start":57,"end":83},"to":{"start":61,"end":81}}
{"record":"edge","family":"cst","kind":"child","from":{"start":61,"end":81},"to":{"start":68,"end":80}}
{"record":"edge","family":"cst","kind":"child","from":{"start":68,"end":80},"to":{"start":68,"end":72}}
{"record":"edge","family":"cst","kind":"child","from":{"start":68,"end":80},"to":{"start":75,"end":80}}
{"record":"edge","family":"cst","kind":"child","from":{"start":7,"end":83},"to":{"start":16,"end":19}}
{"record":"edge","family":"cst","kind":"child","from":{"start":7,"end":83},"to":{"start":19,"end":48}}
{"record":"edge","family":"cst","kind":"child","from":{"start":7,"end":83},"to":{"start":48,"end":56}}
{"record":"edge","family":"cst","kind":"child","from":{"start":7,"end":83},"to":{"start":57,"end":83}}
{"record":"edge","family":"cst","kind":"child","from":{"start":85,"end":137},"to":{"start":92,"end":137}}
{"record":"edge","family":"cst","kind":"child","from":{"start":92,"end":137},"to":{"start":102,"end":107}}
{"record":"edge","family":"cst","kind":"child","from":{"start":92,"end":137},"to":{"start":108,"end":137}}
{"record":"node","family":"cst","span":{"start":0,"end":184},"kind":"program","name":null}
{"record":"node","family":"cst","span":{"start":0,"end":83},"kind":"export_statement","name":null}
{"record":"node","family":"cst","span":{"start":102,"end":107},"kind":"type_identifier","name":null}
{"record":"node","family":"cst","span":{"start":108,"end":137},"kind":"interface_body","name":null}
{"record":"node","family":"cst","span":{"start":112,"end":113},"kind":"property_identifier","name":null}
{"record":"node","family":"cst","span":{"start":112,"end":121},"kind":"property_signature","name":null}
{"record":"node","family":"cst","span":{"start":113,"end":121},"kind":"type_annotation","name":null}
{"record":"node","family":"cst","span":{"start":115,"end":121},"kind":"predefined_type","name":null}
{"record":"node","family":"cst","span":{"start":125,"end":126},"kind":"property_identifier","name":null}
{"record":"node","family":"cst","span":{"start":125,"end":134},"kind":"property_signature","name":null}
{"record":"node","family":"cst","span":{"start":126,"end":134},"kind":"type_annotation","name":null}
{"record":"node","family":"cst","span":{"start":128,"end":134},"kind":"predefined_type","name":null}
{"record":"node","family":"cst","span":{"start":139,"end":183},"kind":"export_statement","name":null}
{"record":"node","family":"cst","span":{"start":146,"end":183},"kind":"lexical_declaration","name":null}
{"record":"node","family":"cst","span":{"start":152,"end":158},"kind":"identifier","name":null}
{"record":"node","family":"cst","span":{"start":152,"end":182},"kind":"variable_declarator","name":null}
{"record":"node","family":"cst","span":{"start":158,"end":165},"kind":"type_annotation","name":null}
{"record":"node","family":"cst","span":{"start":16,"end":19},"kind":"identifier","name":null}
{"record":"node","family":"cst","span":{"start":160,"end":165},"kind":"type_identifier","name":null}
{"record":"node","family":"cst","span":{"start":168,"end":182},"kind":"object","name":null}
{"record":"node","family":"cst","span":{"start":170,"end":171},"kind":"property_identifier","name":null}
{"record":"node","family":"cst","span":{"start":170,"end":174},"kind":"pair","name":null}
{"record":"node","family":"cst","span":{"start":173,"end":174},"kind":"number","name":null}
{"record":"node","family":"cst","span":{"start":176,"end":177},"kind":"property_identifier","name":null}
{"record":"node","family":"cst","span":{"start":176,"end":180},"kind":"pair","name":null}
{"record":"node","family":"cst","span":{"start":179,"end":180},"kind":"number","name":null}
{"record":"node","family":"cst","span":{"start":19,"end":48},"kind":"formal_parameters","name":null}
{"record":"node","family":"cst","span":{"start":20,"end":24},"kind":"identifier","name":null}
{"record":"node","family":"cst","span":{"start":20,"end":32},"kind":"required_parameter","name":null}
{"record":"node","family":"cst","span":{"start":24,"end":32},"kind":"type_annotation","name":null}
{"record":"node","family":"cst","span":{"start":26,"end":32},"kind":"predefined_type","name":null}
{"record":"node","family":"cst","span":{"start":34,"end":39},"kind":"identifier","name":null}
{"record":"node","family":"cst","span":{"start":34,"end":47},"kind":"required_parameter","name":null}
{"record":"node","family":"cst","span":{"start":39,"end":47},"kind":"type_annotation","name":null}
{"record":"node","family":"cst","span":{"start":41,"end":47},"kind":"predefined_type","name":null}
{"record":"node","family":"cst","span":{"start":48,"end":56},"kind":"type_annotation","name":null}
{"record":"node","family":"cst","span":{"start":50,"end":56},"kind":"predefined_type","name":null}
{"record":"node","family":"cst","span":{"start":57,"end":83},"kind":"statement_block","name":null}
{"record":"node","family":"cst","span":{"start":61,"end":81},"kind":"return_statement","name":null}
{"record":"node","family":"cst","span":{"start":68,"end":72},"kind":"identifier","name":null}
{"record":"node","family":"cst","span":{"start":68,"end":80},"kind":"binary_expression","name":null}
{"record":"node","family":"cst","span":{"start":7,"end":83},"kind":"function_declaration","name":null}
{"record":"node","family":"cst","span":{"start":75,"end":80},"kind":"identifier","name":null}
{"record":"node","family":"cst","span":{"start":85,"end":137},"kind":"export_statement","name":null}
{"record":"node","family":"cst","span":{"start":92,"end":137},"kind":"interface_declaration","name":null}
