{"record":"arg","family":"df","call":{"start":350,"end":382},"pos":0,"arg":{"start":359,"end":369}}
{"record":"arg","family":"df","call":{"start":350,"end":382},"pos":1,"arg":{"start":371,"end":381}}
{"record":"arg","family":"df","call":{"start":359,"end":369},"pos":0,"arg":{"start":365,"end":368}}
{"record":"arg","family":"df","call":{"start":371,"end":381},"pos":0,"arg":{"start":377,"end":380}}
{"record":"arg","family":"df","call":{"start":632,"end":676},"pos":-1,"arg":{"start":632,"end":636}}
{"record":"arg","family":"df","call":{"start":632,"end":676},"pos":0,"arg":{"start":642,"end":675}}
{"record":"arg","family":"df","call":{"start":765,"end":789},"pos":0,"arg":{"start":774,"end":780}}
{"record":"arg","family":"df","call":{"start":765,"end":789},"pos":1,"arg":{"start":782,"end":788}}
{"record":"df_lit","family":"df","node":{"start":642,"end":675},"kind":"concat","text":"this.x * this.x + this.y * this.y"}
{"record":"df_lit","family":"df","node":{"start":68,"end":80},"kind":"concat","text":"left + right"}
{"record":"edge","family":"df","kind":"direct","from":{"start":20,"end":32},"from_kind":"param","to":{"start":68,"end":72},"to_kind":"var_read"}
{"record":"edge","family":"df","kind":"direct","from":{"start":259,"end":267},"from_kind":"param","to":{"start":365,"end":366},"to_kind":"var_read"}
{"record":"edge","family":"df","kind":"direct","from":{"start":259,"end":267},"from_kind":"param","to":{"start":377,"end":378},"to_kind":"var_read"}
{"record":"edge","family":"df","kind":"direct","from":{"start":34,"end":47},"from_kind":"param","to":{"start":75,"end":80},"to_kind":"var_read"}
{"record":"edge","family":"df","kind":"direct","from":{"start":350,"end":382},"from_kind":"new","to":{"start":343,"end":383},"to_kind":"ret"}
{"record":"edge","family":"df","kind":"direct","from":{"start":359,"end":369},"from_kind":"call_res","to":{"start":350,"end":382},"to_kind":"new"}
{"record":"edge","family":"df","kind":"direct","from":{"start":365,"end":366},"from_kind":"var_read","to":{"start":365,"end":368},"to_kind":"member"}
{"record":"edge","family":"df","kind":"direct","from":{"start":365,"end":368},"from_kind":"member","to":{"start":359,"end":369},"to_kind":"call_res"}
{"record":"edge","family":"df","kind":"direct","from":{"start":371,"end":381},"from_kind":"call_res","to":{"start":350,"end":382},"to_kind":"new"}
{"record":"edge","family":"df","kind":"direct","from":{"start":377,"end":378},"from_kind":"var_read","to":{"start":377,"end":380},"to_kind":"member"}
{"record":"edge","family":"df","kind":"direct","from":{"start":377,"end":380},"from_kind":"member","to":{"start":371,"end":381},"to_kind":"call_res"}
{"record":"edge","family":"df","kind":"direct","from":{"start":632,"end":636},"from_kind":"var_read","to":{"start":632,"end":676},"to_kind":"call_res"}
{"record":"edge","family":"df","kind":"direct","from":{"start":632,"end":676},"from_kind":"call_res","to":{"start":625,"end":677},"to_kind":"ret"}
{"record":"edge","family":"df","kind":"direct","from":{"start":642,"end":646},"from_kind":"expr","to":{"start":642,"end":648},"to_kind":"member"}
{"record":"edge","family":"df","kind":"direct","from":{"start":642,"end":648},"from_kind":"member","to":{"start":642,"end":657},"to_kind":"binop"}
{"record":"edge","family":"df","kind":"direct","from":{"start":642,"end":657},"from_kind":"binop","to":{"start":642,"end":675},"to_kind":"concat"}
{"record":"edge","family":"df","kind":"direct","from":{"start":642,"end":675},"from_kind":"concat","to":{"start":632,"end":676},"to_kind":"call_res"}
{"record":"edge","family":"df","kind":"direct","from":{"start":651,"end":655},"from_kind":"expr","to":{"start":651,"end":657},"to_kind":"member"}
{"record":"edge","family":"df","kind":"direct","from":{"start":651,"end":657},"from_kind":"member","to":{"start":642,"end":657},"to_kind":"binop"}
{"record":"edge","family":"df","kind":"direct","from":{"start":660,"end":664},"from_kind":"expr","to":{"start":660,"end":666},"to_kind":"member"}
{"record":"edge","family":"df","kind":"direct","from":{"start":660,"end":666},"from_kind":"member","to":{"start":660,"end":675},"to_kind":"binop"}
{"record":"edge","family":"df","kind":"direct","from":{"start":660,"end":675},"from_kind":"binop","to":{"start":642,"end":675},"to_kind":"concat"}
{"record":"edge","family":"df","kind":"direct","from":{"start":669,"end":673},"from_kind":"expr","to":{"start":669,"end":675},"to_kind":"member"}
{"record":"edge","family":"df","kind":"direct","from":{"start":669,"end":675},"from_kind":"member","to":{"start":660,"end":675},"to_kind":"binop"}
{"record":"edge","family":"df","kind":"direct","from":{"start":68,"end":72},"from_kind":"var_read","to":{"start":68,"end":80},"to_kind":"concat"}
{"record":"edge","family":"df","kind":"direct","from":{"start":68,"end":80},"from_kind":"concat","to":{"start":61,"end":81},"to_kind":"ret"}
{"record":"edge","family":"df","kind":"direct","from":{"start":75,"end":80},"from_kind":"var_read","to":{"start":68,"end":80},"to_kind":"concat"}
{"record":"edge","family":"df","kind":"direct","from":{"start":765,"end":789},"from_kind":"new","to":{"start":758,"end":790},"to_kind":"ret"}
{"record":"edge","family":"df","kind":"direct","from":{"start":774,"end":778},"from_kind":"expr","to":{"start":774,"end":780},"to_kind":"member"}
{"record":"edge","family":"df","kind":"direct","from":{"start":774,"end":780},"from_kind":"member","to":{"start":765,"end":789},"to_kind":"new"}
{"record":"edge","family":"df","kind":"direct","from":{"start":782,"end":786},"from_kind":"expr","to":{"start":782,"end":788},"to_kind":"member"}
{"record":"edge","family":"df","kind":"direct","from":{"start":782,"end":788},"from_kind":"member","to":{"start":765,"end":789},"to_kind":"new"}
{"record":"node","family":"df","span":{"start":20,"end":32},"kind":"param","name":"left"}
{"record":"node","family":"df","span":{"start":259,"end":267},"kind":"param","name":"p"}
{"record":"node","family":"df","span":{"start":269,"end":275},"kind":"param","name":"d"}
{"record":"node","family":"df","span":{"start":34,"end":47},"kind":"param","name":"right"}
{"record":"node","family":"df","span":{"start":343,"end":383},"kind":"ret","name":null}
{"record":"node","family":"df","span":{"start":350,"end":382},"kind":"new","name":"Vec2"}
{"record":"node","family":"df","span":{"start":359,"end":369},"kind":"call_res","name":null}
{"record":"node","family":"df","span":{"start":365,"end":366},"kind":"var_read","name":"p"}
{"record":"node","family":"df","span":{"start":365,"end":368},"kind":"member","name":"x"}
{"record":"node","family":"df","span":{"start":371,"end":381},"kind":"call_res","name":null}
{"record":"node","family":"df","span":{"start":377,"end":378},"kind":"var_read","name":"p"}
{"record":"node","family":"df","span":{"start":377,"end":380},"kind":"member","name":"y"}
{"record":"node","family":"df","span":{"start":558,"end":574},"kind":"param","name":"x"}
{"record":"node","family":"df","span":{"start":576,"end":592},"kind":"param","name":"y"}
{"record":"node","family":"df","span":{"start":61,"end":81},"kind":"ret","name":null}
{"record":"node","family":"df","span":{"start":625,"end":677},"kind":"ret","name":null}
{"record":"node","family":"df","span":{"start":632,"end":636},"kind":"var_read","name":"Math"}
{"record":"node","family":"df","span":{"start":632,"end":676},"kind":"call_res","name":null}
{"record":"node","family":"df","span":{"start":642,"end":646},"kind":"expr","name":null}
{"record":"node","family":"df","span":{"start":642,"end":648},"kind":"member","name":"x"}
{"record":"node","family":"df","span":{"start":642,"end":657},"kind":"binop","name":null}
{"record":"node","family":"df","span":{"start":642,"end":675},"kind":"concat","name":null}
{"record":"node","family":"df","span":{"start":651,"end":655},"kind":"expr","name":null}
{"record":"node","family":"df","span":{"start":651,"end":657},"kind":"member","name":"x"}
{"record":"node","family":"df","span":{"start":660,"end":664},"kind":"expr","name":null}
{"record":"node","family":"df","span":{"start":660,"end":666},"kind":"member","name":"y"}
{"record":"node","family":"df","span":{"start":660,"end":675},"kind":"binop","name":null}
{"record":"node","family":"df","span":{"start":669,"end":673},"kind":"expr","name":null}
{"record":"node","family":"df","span":{"start":669,"end":675},"kind":"member","name":"y"}
{"record":"node","family":"df","span":{"start":68,"end":72},"kind":"var_read","name":"left"}
{"record":"node","family":"df","span":{"start":68,"end":80},"kind":"concat","name":null}
{"record":"node","family":"df","span":{"start":737,"end":744},"kind":"param","name":"by"}
{"record":"node","family":"df","span":{"start":75,"end":80},"kind":"var_read","name":"right"}
{"record":"node","family":"df","span":{"start":758,"end":790},"kind":"ret","name":null}
{"record":"node","family":"df","span":{"start":765,"end":789},"kind":"new","name":"Vec2"}
{"record":"node","family":"df","span":{"start":774,"end":778},"kind":"expr","name":null}
{"record":"node","family":"df","span":{"start":774,"end":780},"kind":"member","name":"x"}
{"record":"node","family":"df","span":{"start":782,"end":786},"kind":"expr","name":null}
{"record":"node","family":"df","span":{"start":782,"end":788},"kind":"member","name":"y"}
{"record":"param","family":"df","span":{"start":20,"end":32},"pos":0}
{"record":"param","family":"df","span":{"start":259,"end":267},"pos":0}
{"record":"param","family":"df","span":{"start":269,"end":275},"pos":1}
{"record":"param","family":"df","span":{"start":34,"end":47},"pos":1}
{"record":"param","family":"df","span":{"start":558,"end":574},"pos":0}
{"record":"param","family":"df","span":{"start":576,"end":592},"pos":1}
{"record":"param","family":"df","span":{"start":737,"end":744},"pos":0}
