{"timestamp":"2026-09-08T17:51:00.268471Z","level":"INFO","fields":{"message":"boundary","boundary":"load","operation":0,"view":"","extended_code":0,"duration_us":5,"algorithm":"signed_join_count_sum","build":"0.1.0"},"target":"sqlite_ivm"}
{"timestamp":"2026-09-08T17:51:00.269496Z","level":"INFO","fields":{"message":"boundary","boundary":"install","operation":0,"view":"__ivm_73756d6d617279","extended_code":0,"duration_us":2,"algorithm":"signed_join_count_sum","build":"0.1.0"},"target":"sqlite_ivm"}
{"timestamp":"2026-09-08T17:51:00.269623Z","level":"INFO","fields":{"message":"boundary","boundary":"bind","operation":0,"view":"__ivm_73756d6d617279","extended_code":0,"duration_us":129,"algorithm":"signed_join_count_sum","build":"0.1.0"},"target":"sqlite_ivm"}
{"timestamp":"2026-09-08T17:51:00.269891Z","level":"INFO","fields":{"message":"boundary","boundary":"lower","operation":0,"view":"__ivm_73756d6d617279","extended_code":0,"duration_us":397,"algorithm":"signed_join_count_sum","build":"0.1.0"},"target":"sqlite_ivm"}
{"timestamp":"2026-09-08T17:51:00.270790Z","level":"INFO","fields":{"message":"boundary","boundary":"schema","operation":0,"view":"__ivm_73756d6d617279","extended_code":0,"duration_us":1296,"algorithm":"signed_join_count_sum","build":"0.1.0"},"target":"sqlite_ivm"}
{"timestamp":"2026-09-08T17:51:00.270939Z","level":"INFO","fields":{"message":"boundary","boundary":"install_release","operation":0,"view":"__ivm_73756d6d617279","extended_code":0,"duration_us":1445,"algorithm":"signed_join_count_sum","build":"0.1.0"},"target":"sqlite_ivm"}
{"event": "observed-transaction", "state": "initial", "boundary": "initial", "affected_inputs": 0, "duration_ms": 0, "cumulative_counters": [0, 0, 0], "counter_scope": "transactional operations/contributions/groups touched; OLD and NEW separately"}
{"event": "observed-transaction", "state": "insert_batch", "boundary": "commit-returned", "affected_inputs": 10, "duration_ms": 0.2777090994641185, "cumulative_counters": [10, 10, 10], "counter_scope": "transactional operations/contributions/groups touched; OLD and NEW separately"}
{"event": "observed-transaction", "state": "delete_batch", "boundary": "commit-returned", "affected_inputs": 10, "duration_ms": 0.27979095466434956, "cumulative_counters": [20, 20, 20], "counter_scope": "transactional operations/contributions/groups touched; OLD and NEW separately"}
{"event": "observed-transaction", "state": "update_batch", "boundary": "commit-returned", "affected_inputs": 10, "duration_ms": 0.391624984331429, "cumulative_counters": [30, 40, 40], "counter_scope": "transactional operations/contributions/groups touched; OLD and NEW separately"}
{"event": "observed-transaction", "state": "dimension_fanout", "boundary": "commit-returned", "affected_inputs": 1, "duration_ms": 0.2940830308943987, "cumulative_counters": [31, 60, 42], "counter_scope": "transactional operations/contributions/groups touched; OLD and NEW separately"}
{"event": "observed-transaction", "state": "semantic_delete", "boundary": "commit-returned", "affected_inputs": 1, "duration_ms": 0.16983295790851116, "cumulative_counters": [32, 61, 43], "counter_scope": "transactional operations/contributions/groups touched; OLD and NEW separately"}
{"event": "observed-transaction", "state": "semantic_reinsert", "boundary": "commit-returned", "affected_inputs": 1, "duration_ms": 0.18204201478511095, "cumulative_counters": [33, 62, 44], "counter_scope": "transactional operations/contributions/groups touched; OLD and NEW separately"}
{"event": "observed-transaction", "state": "semantic_key_move", "boundary": "commit-returned", "affected_inputs": 1, "duration_ms": 0.21716696210205555, "cumulative_counters": [34, 64, 46], "counter_scope": "transactional operations/contributions/groups touched; OLD and NEW separately"}
{"event": "observed-transaction", "state": "semantic_dimension_insert", "boundary": "commit-returned", "affected_inputs": 1, "duration_ms": 0.25204208213835955, "cumulative_counters": [35, 64, 46], "counter_scope": "transactional operations/contributions/groups touched; OLD and NEW separately"}
{"event": "observed-transaction", "state": "semantic_zero_sum", "boundary": "commit-returned", "affected_inputs": 1, "duration_ms": 0.16908301040530205, "cumulative_counters": [36, 65, 47], "counter_scope": "transactional operations/contributions/groups touched; OLD and NEW separately"}
{"event": "observed-transaction", "state": "semantic_last_group_delete", "boundary": "commit-returned", "affected_inputs": 1, "duration_ms": 0.1929170684888959, "cumulative_counters": [37, 66, 48], "counter_scope": "transactional operations/contributions/groups touched; OLD and NEW separately"}
{"event": "observed-transaction", "state": "semantic_dimension_delete", "boundary": "commit-returned", "affected_inputs": 1, "duration_ms": 0.24991598911583424, "cumulative_counters": [38, 66, 48], "counter_scope": "transactional operations/contributions/groups touched; OLD and NEW separately"}
{"event": "observed-transaction", "state": "semantic_dimension_reinsert", "boundary": "commit-returned", "affected_inputs": 1, "duration_ms": 0.2582920715212822, "cumulative_counters": [39, 66, 48], "counter_scope": "transactional operations/contributions/groups touched; OLD and NEW separately"}
{"event": "observed-transaction", "state": "seed_7_0", "boundary": "commit-returned", "affected_inputs": 1, "duration_ms": 0.21833297796547413, "cumulative_counters": [40, 68, 50], "counter_scope": "transactional operations/contributions/groups touched; OLD and NEW separately"}
{"event": "observed-transaction", "state": "seed_7_1", "boundary": "commit-returned", "affected_inputs": 1, "duration_ms": 0.2636669669300318, "cumulative_counters": [41, 70, 52], "counter_scope": "transactional operations/contributions/groups touched; OLD and NEW separately"}
{"event": "observed-transaction", "state": "seed_7_2", "boundary": "commit-returned", "affected_inputs": 1, "duration_ms": 0.24912506341934204, "cumulative_counters": [42, 72, 54], "counter_scope": "transactional operations/contributions/groups touched; OLD and NEW separately"}
{"event": "observed-transaction", "state": "seed_7_3", "boundary": "commit-returned", "affected_inputs": 1, "duration_ms": 0.2477919915691018, "cumulative_counters": [43, 74, 56], "counter_scope": "transactional operations/contributions/groups touched; OLD and NEW separately"}
{"event": "observed-transaction", "state": "seed_7_4", "boundary": "commit-returned", "affected_inputs": 1, "duration_ms": 0.22262497805058956, "cumulative_counters": [44, 76, 58], "counter_scope": "transactional operations/contributions/groups touched; OLD and NEW separately"}
{"event": "observed-transaction", "state": "seed_7_5", "boundary": "commit-returned", "affected_inputs": 1, "duration_ms": 0.34212495665997267, "cumulative_counters": [45, 116, 60], "counter_scope": "transactional operations/contributions/groups touched; OLD and NEW separately"}
{"event": "observed-transaction", "state": "seed_7_6", "boundary": "commit-returned", "affected_inputs": 1, "duration_ms": 0.2857910003513098, "cumulative_counters": [46, 134, 62], "counter_scope": "transactional operations/contributions/groups touched; OLD and NEW separately"}
{"event": "observed-transaction", "state": "seed_7_7", "boundary": "commit-returned", "affected_inputs": 1, "duration_ms": 0.2567500341683626, "cumulative_counters": [47, 136, 64], "counter_scope": "transactional operations/contributions/groups touched; OLD and NEW separately"}
{"event": "observed-transaction", "state": "seed_7_8", "boundary": "commit-returned", "affected_inputs": 1, "duration_ms": 0.15445798635482788, "cumulative_counters": [48, 137, 65], "counter_scope": "transactional operations/contributions/groups touched; OLD and NEW separately"}
{"event": "observed-transaction", "state": "seed_7_9", "boundary": "commit-returned", "affected_inputs": 1, "duration_ms": 0.14783302322030067, "cumulative_counters": [49, 138, 66], "counter_scope": "transactional operations/contributions/groups touched; OLD and NEW separately"}
{"event": "observed-transaction", "state": "seed_7_10", "boundary": "commit-returned", "affected_inputs": 1, "duration_ms": 0.26937504298985004, "cumulative_counters": [50, 178, 68], "counter_scope": "transactional operations/contributions/groups touched; OLD and NEW separately"}
{"event": "observed-transaction", "state": "seed_7_11", "boundary": "commit-returned", "affected_inputs": 1, "duration_ms": 0.24333398323506117, "cumulative_counters": [51, 180, 70], "counter_scope": "transactional operations/contributions/groups touched; OLD and NEW separately"}
{"event": "observed-transaction", "state": "seed_7_12", "boundary": "commit-returned", "affected_inputs": 1, "duration_ms": 0.20820798818022013, "cumulative_counters": [52, 182, 72], "counter_scope": "transactional operations/contributions/groups touched; OLD and NEW separately"}
{"event": "observed-transaction", "state": "seed_7_13", "boundary": "commit-returned", "affected_inputs": 1, "duration_ms": 0.19004195928573608, "cumulative_counters": [53, 184, 74], "counter_scope": "transactional operations/contributions/groups touched; OLD and NEW separately"}
{"event": "observed-transaction", "state": "seed_7_14", "boundary": "commit-returned", "affected_inputs": 1, "duration_ms": 0.19208400044590235, "cumulative_counters": [54, 186, 76], "counter_scope": "transactional operations/contributions/groups touched; OLD and NEW separately"}
{"event": "observed-transaction", "state": "seed_7_15", "boundary": "commit-returned", "affected_inputs": 1, "duration_ms": 0.2527498872950673, "cumulative_counters": [55, 188, 78], "counter_scope": "transactional operations/contributions/groups touched; OLD and NEW separately"}
{"event": "observed-transaction", "state": "seed_7_16", "boundary": "commit-returned", "affected_inputs": 1, "duration_ms": 0.16287504695355892, "cumulative_counters": [56, 189, 79], "counter_scope": "transactional operations/contributions/groups touched; OLD and NEW separately"}
{"event": "observed-transaction", "state": "seed_7_17", "boundary": "commit-returned", "affected_inputs": 1, "duration_ms": 0.20004203543066978, "cumulative_counters": [57, 191, 81], "counter_scope": "transactional operations/contributions/groups touched; OLD and NEW separately"}
{"event": "observed-transaction", "state": "seed_7_18", "boundary": "commit-returned", "affected_inputs": 1, "duration_ms": 0.20366697572171688, "cumulative_counters": [58, 193, 83], "counter_scope": "transactional operations/contributions/groups touched; OLD and NEW separately"}
{"event": "observed-transaction", "state": "seed_7_19", "boundary": "commit-returned", "affected_inputs": 1, "duration_ms": 0.17029198352247477, "cumulative_counters": [59, 194, 84], "counter_scope": "transactional operations/contributions/groups touched; OLD and NEW separately"}
{"event": "observed-transaction", "state": "seed_7_20", "boundary": "commit-returned", "affected_inputs": 1, "duration_ms": 0.262749963440001, "cumulative_counters": [60, 195, 85], "counter_scope": "transactional operations/contributions/groups touched; OLD and NEW separately"}
{"event": "observed-transaction", "state": "seed_7_21", "boundary": "commit-returned", "affected_inputs": 1, "duration_ms": 0.2328749978914857, "cumulative_counters": [61, 197, 87], "counter_scope": "transactional operations/contributions/groups touched; OLD and NEW separately"}
{"event": "observed-transaction", "state": "seed_7_22", "boundary": "commit-returned", "affected_inputs": 1, "duration_ms": 0.16616692300885916, "cumulative_counters": [62, 198, 88], "counter_scope": "transactional operations/contributions/groups touched; OLD and NEW separately"}
{"event": "observed-transaction", "state": "seed_7_23", "boundary": "commit-returned", "affected_inputs": 1, "duration_ms": 0.26154203806072474, "cumulative_counters": [63, 200, 90], "counter_scope": "transactional operations/contributions/groups touched; OLD and NEW separately"}
{"event": "observed-transaction", "state": "seed_7_24", "boundary": "commit-returned", "affected_inputs": 1, "duration_ms": 0.18275005277246237, "cumulative_counters": [64, 201, 91], "counter_scope": "transactional operations/contributions/groups touched; OLD and NEW separately"}
{"event": "observed-transaction", "state": "seed_7_25", "boundary": "commit-returned", "affected_inputs": 1, "duration_ms": 0.2102919388562441, "cumulative_counters": [65, 203, 93], "counter_scope": "transactional operations/contributions/groups touched; OLD and NEW separately"}
{"event": "observed-transaction", "state": "seed_7_26", "boundary": "commit-returned", "affected_inputs": 1, "duration_ms": 0.2452920889481902, "cumulative_counters": [66, 205, 95], "counter_scope": "transactional operations/contributions/groups touched; OLD and NEW separately"}
{"event": "observed-transaction", "state": "seed_7_27", "boundary": "commit-returned", "affected_inputs": 1, "duration_ms": 0.26462506502866745, "cumulative_counters": [67, 249, 97], "counter_scope": "transactional operations/contributions/groups touched; OLD and NEW separately"}
{"event": "observed-transaction", "state": "seed_7_28", "boundary": "commit-returned", "affected_inputs": 1, "duration_ms": 0.49224996473640203, "cumulative_counters": [68, 289, 99], "counter_scope": "transactional operations/contributions/groups touched; OLD and NEW separately"}
{"event": "observed-transaction", "state": "seed_7_29", "boundary": "commit-returned", "affected_inputs": 1, "duration_ms": 0.26720797177404165, "cumulative_counters": [69, 331, 101], "counter_scope": "transactional operations/contributions/groups touched; OLD and NEW separately"}
{"event": "observed-transaction", "state": "seed_7_30", "boundary": "commit-returned", "affected_inputs": 1, "duration_ms": 0.15625008381903172, "cumulative_counters": [70, 332, 102], "counter_scope": "transactional operations/contributions/groups touched; OLD and NEW separately"}
{"event": "observed-transaction", "state": "seed_7_31", "boundary": "commit-returned", "affected_inputs": 0, "duration_ms": 0.04866695962846279, "cumulative_counters": [70, 332, 102], "counter_scope": "transactional operations/contributions/groups touched; OLD and NEW separately"}
{"event": "observed-transaction", "state": "seed_7_32", "boundary": "commit-returned", "affected_inputs": 1, "duration_ms": 0.24604098871350288, "cumulative_counters": [71, 334, 104], "counter_scope": "transactional operations/contributions/groups touched; OLD and NEW separately"}
{"event": "observed-transaction", "state": "seed_7_33", "boundary": "commit-returned", "affected_inputs": 1, "duration_ms": 0.24654192384332418, "cumulative_counters": [72, 336, 106], "counter_scope": "transactional operations/contributions/groups touched; OLD and NEW separately"}
{"event": "observed-transaction", "state": "seed_7_34", "boundary": "commit-returned", "affected_inputs": 1, "duration_ms": 0.25420798920094967, "cumulative_counters": [73, 338, 108], "counter_scope": "transactional operations/contributions/groups touched; OLD and NEW separately"}
{"event": "observed-transaction", "state": "seed_7_35", "boundary": "commit-returned", "affected_inputs": 0, "duration_ms": 0.08304102811962366, "cumulative_counters": [73, 338, 108], "counter_scope": "transactional operations/contributions/groups touched; OLD and NEW separately"}
{"event": "observed-transaction", "state": "seed_7_36", "boundary": "commit-returned", "affected_inputs": 0, "duration_ms": 0.051458016969263554, "cumulative_counters": [73, 338, 108], "counter_scope": "transactional operations/contributions/groups touched; OLD and NEW separately"}
{"event": "observed-transaction", "state": "seed_7_37", "boundary": "commit-returned", "affected_inputs": 1, "duration_ms": 0.19587494898587465, "cumulative_counters": [74, 340, 110], "counter_scope": "transactional operations/contributions/groups touched; OLD and NEW separately"}
{"event": "observed-transaction", "state": "seed_7_38", "boundary": "commit-returned", "affected_inputs": 0, "duration_ms": 0.04679197445511818, "cumulative_counters": [74, 340, 110], "counter_scope": "transactional operations/contributions/groups touched; OLD and NEW separately"}
{"event": "observed-transaction", "state": "seed_7_39", "boundary": "commit-returned", "affected_inputs": 1, "duration_ms": 0.23504206910729408, "cumulative_counters": [75, 342, 112], "counter_scope": "transactional operations/contributions/groups touched; OLD and NEW separately"}
{"event": "observed-transaction", "state": "seed_7_40", "boundary": "commit-returned", "affected_inputs": 1, "duration_ms": 0.24441699497401714, "cumulative_counters": [76, 344, 114], "counter_scope": "transactional operations/contributions/groups touched; OLD and NEW separately"}
{"event": "observed-transaction", "state": "seed_7_41", "boundary": "commit-returned", "affected_inputs": 1, "duration_ms": 0.1859170151874423, "cumulative_counters": [77, 346, 116], "counter_scope": "transactional operations/contributions/groups touched; OLD and NEW separately"}
{"event": "observed-transaction", "state": "seed_7_42", "boundary": "commit-returned", "affected_inputs": 1, "duration_ms": 0.24237495381385088, "cumulative_counters": [78, 348, 118], "counter_scope": "transactional operations/contributions/groups touched; OLD and NEW separately"}
{"event": "observed-transaction", "state": "seed_7_43", "boundary": "commit-returned", "affected_inputs": 1, "duration_ms": 0.1437920145690441, "cumulative_counters": [79, 349, 119], "counter_scope": "transactional operations/contributions/groups touched; OLD and NEW separately"}
{"event": "observed-transaction", "state": "seed_7_44", "boundary": "commit-returned", "affected_inputs": 1, "duration_ms": 0.197957968339324, "cumulative_counters": [80, 351, 121], "counter_scope": "transactional operations/contributions/groups touched; OLD and NEW separately"}
{"event": "observed-transaction", "state": "seed_7_45", "boundary": "commit-returned", "affected_inputs": 1, "duration_ms": 0.18920807633548975, "cumulative_counters": [81, 353, 123], "counter_scope": "transactional operations/contributions/groups touched; OLD and NEW separately"}
{"event": "observed-transaction", "state": "seed_7_46", "boundary": "commit-returned", "affected_inputs": 1, "duration_ms": 0.25925005320459604, "cumulative_counters": [82, 393, 125], "counter_scope": "transactional operations/contributions/groups touched; OLD and NEW separately"}
{"event": "observed-transaction", "state": "seed_7_47", "boundary": "commit-returned", "affected_inputs": 1, "duration_ms": 0.23424997925758362, "cumulative_counters": [83, 395, 127], "counter_scope": "transactional operations/contributions/groups touched; OLD and NEW separately"}
{"event": "observed-transaction", "state": "seed_7_48", "boundary": "commit-returned", "affected_inputs": 1, "duration_ms": 0.2556249964982271, "cumulative_counters": [84, 439, 129], "counter_scope": "transactional operations/contributions/groups touched; OLD and NEW separately"}
{"event": "observed-transaction", "state": "seed_7_49", "boundary": "commit-returned", "affected_inputs": 1, "duration_ms": 0.23383402731269598, "cumulative_counters": [85, 441, 131], "counter_scope": "transactional operations/contributions/groups touched; OLD and NEW separately"}
{"event": "observed-transaction", "state": "seed_42_0", "boundary": "commit-returned", "affected_inputs": 1, "duration_ms": 0.13475003652274609, "cumulative_counters": [86, 442, 132], "counter_scope": "transactional operations/contributions/groups touched; OLD and NEW separately"}
{"event": "observed-transaction", "state": "seed_42_1", "boundary": "commit-returned", "affected_inputs": 1, "duration_ms": 0.25625003036111593, "cumulative_counters": [87, 478, 134], "counter_scope": "transactional operations/contributions/groups touched; OLD and NEW separately"}
{"event": "observed-transaction", "state": "seed_42_2", "boundary": "commit-returned", "affected_inputs": 1, "duration_ms": 0.19691698253154755, "cumulative_counters": [88, 480, 136], "counter_scope": "transactional operations/contributions/groups touched; OLD and NEW separately"}
{"event": "observed-transaction", "state": "seed_42_3", "boundary": "commit-returned", "affected_inputs": 1, "duration_ms": 0.23687502834945917, "cumulative_counters": [89, 482, 138], "counter_scope": "transactional operations/contributions/groups touched; OLD and NEW separately"}
{"event": "observed-transaction", "state": "seed_42_4", "boundary": "commit-returned", "affected_inputs": 1, "duration_ms": 0.18304202239960432, "cumulative_counters": [90, 484, 140], "counter_scope": "transactional operations/contributions/groups touched; OLD and NEW separately"}
{"event": "observed-transaction", "state": "seed_42_5", "boundary": "commit-returned", "affected_inputs": 1, "duration_ms": 0.234166975133121, "cumulative_counters": [91, 486, 142], "counter_scope": "transactional operations/contributions/groups touched; OLD and NEW separately"}
{"event": "observed-transaction", "state": "seed_42_6", "boundary": "commit-returned", "affected_inputs": 1, "duration_ms": 0.2370000584051013, "cumulative_counters": [92, 488, 144], "counter_scope": "transactional operations/contributions/groups touched; OLD and NEW separately"}
{"event": "observed-transaction", "state": "seed_42_7", "boundary": "commit-returned", "affected_inputs": 1, "duration_ms": 0.26474997866898775, "cumulative_counters": [93, 489, 145], "counter_scope": "transactional operations/contributions/groups touched; OLD and NEW separately"}
{"event": "observed-transaction", "state": "seed_42_8", "boundary": "commit-returned", "affected_inputs": 1, "duration_ms": 0.15562493354082108, "cumulative_counters": [94, 490, 146], "counter_scope": "transactional operations/contributions/groups touched; OLD and NEW separately"}
{"event": "observed-transaction", "state": "seed_42_9", "boundary": "commit-returned", "affected_inputs": 1, "duration_ms": 0.2834589686244726, "cumulative_counters": [95, 538, 148], "counter_scope": "transactional operations/contributions/groups touched; OLD and NEW separately"}
{"event": "observed-transaction", "state": "seed_42_10", "boundary": "commit-returned", "affected_inputs": 1, "duration_ms": 0.27833401691168547, "cumulative_counters": [96, 586, 150], "counter_scope": "transactional operations/contributions/groups touched; OLD and NEW separately"}
{"event": "observed-transaction", "state": "seed_42_11", "boundary": "commit-returned", "affected_inputs": 1, "duration_ms": 0.23904105182737112, "cumulative_counters": [97, 587, 151], "counter_scope": "transactional operations/contributions/groups touched; OLD and NEW separately"}
{"event": "observed-transaction", "state": "seed_42_12", "boundary": "commit-returned", "affected_inputs": 1, "duration_ms": 0.19891595002263784, "cumulative_counters": [98, 589, 153], "counter_scope": "transactional operations/contributions/groups touched; OLD and NEW separately"}
{"event": "observed-transaction", "state": "seed_42_13", "boundary": "commit-returned", "affected_inputs": 1, "duration_ms": 0.1462919171899557, "cumulative_counters": [99, 590, 154], "counter_scope": "transactional operations/contributions/groups touched; OLD and NEW separately"}
{"event": "observed-transaction", "state": "seed_42_14", "boundary": "commit-returned", "affected_inputs": 1, "duration_ms": 0.13783294707536697, "cumulative_counters": [100, 591, 155], "counter_scope": "transactional operations/contributions/groups touched; OLD and NEW separately"}
{"event": "observed-transaction", "state": "seed_42_15", "boundary": "commit-returned", "affected_inputs": 1, "duration_ms": 0.23987493477761745, "cumulative_counters": [101, 593, 157], "counter_scope": "transactional operations/contributions/groups touched; OLD and NEW separately"}
{"event": "observed-transaction", "state": "seed_42_16", "boundary": "commit-returned", "affected_inputs": 1, "duration_ms": 0.24149997625499964, "cumulative_counters": [102, 595, 159], "counter_scope": "transactional operations/contributions/groups touched; OLD and NEW separately"}
{"event": "observed-transaction", "state": "seed_42_17", "boundary": "commit-returned", "affected_inputs": 1, "duration_ms": 0.14841603115200996, "cumulative_counters": [103, 596, 160], "counter_scope": "transactional operations/contributions/groups touched; OLD and NEW separately"}
{"event": "observed-transaction", "state": "seed_42_18", "boundary": "commit-returned", "affected_inputs": 1, "duration_ms": 0.2388330176472664, "cumulative_counters": [104, 598, 162], "counter_scope": "transactional operations/contributions/groups touched; OLD and NEW separately"}
{"event": "observed-transaction", "state": "seed_42_19", "boundary": "commit-returned", "affected_inputs": 0, "duration_ms": 0.05395803600549698, "cumulative_counters": [104, 598, 162], "counter_scope": "transactional operations/contributions/groups touched; OLD and NEW separately"}
{"event": "observed-transaction", "state": "seed_42_20", "boundary": "commit-returned", "affected_inputs": 1, "duration_ms": 0.2264999784529209, "cumulative_counters": [105, 599, 163], "counter_scope": "transactional operations/contributions/groups touched; OLD and NEW separately"}
{"event": "observed-transaction", "state": "seed_42_21", "boundary": "commit-returned", "affected_inputs": 1, "duration_ms": 0.2632499672472477, "cumulative_counters": [106, 633, 165], "counter_scope": "transactional operations/contributions/groups touched; OLD and NEW separately"}
{"event": "observed-transaction", "state": "seed_42_22", "boundary": "commit-returned", "affected_inputs": 1, "duration_ms": 0.1905420795083046, "cumulative_counters": [107, 635, 167], "counter_scope": "transactional operations/contributions/groups touched; OLD and NEW separately"}
{"event": "observed-transaction", "state": "seed_42_23", "boundary": "commit-returned", "affected_inputs": 1, "duration_ms": 0.28041598852723837, "cumulative_counters": [108, 667, 169], "counter_scope": "transactional operations/contributions/groups touched; OLD and NEW separately"}
{"event": "observed-transaction", "state": "seed_42_24", "boundary": "commit-returned", "affected_inputs": 1, "duration_ms": 0.22799998987466097, "cumulative_counters": [109, 668, 170], "counter_scope": "transactional operations/contributions/groups touched; OLD and NEW separately"}
{"event": "observed-transaction", "state": "seed_42_25", "boundary": "commit-returned", "affected_inputs": 1, "duration_ms": 0.26604102458804846, "cumulative_counters": [110, 710, 172], "counter_scope": "transactional operations/contributions/groups touched; OLD and NEW separately"}
{"event": "observed-transaction", "state": "seed_42_26", "boundary": "commit-returned", "affected_inputs": 1, "duration_ms": 0.22554199676960707, "cumulative_counters": [111, 712, 174], "counter_scope": "transactional operations/contributions/groups touched; OLD and NEW separately"}
{"event": "observed-transaction", "state": "seed_42_27", "boundary": "commit-returned", "affected_inputs": 1, "duration_ms": 0.1924580428749323, "cumulative_counters": [112, 714, 176], "counter_scope": "transactional operations/contributions/groups touched; OLD and NEW separately"}
{"event": "observed-transaction", "state": "seed_42_28", "boundary": "commit-returned", "affected_inputs": 0, "duration_ms": 0.05124998278915882, "cumulative_counters": [112, 714, 176], "counter_scope": "transactional operations/contributions/groups touched; OLD and NEW separately"}
{"event": "observed-transaction", "state": "seed_42_29", "boundary": "commit-returned", "affected_inputs": 1, "duration_ms": 0.24083303287625313, "cumulative_counters": [113, 716, 178], "counter_scope": "transactional operations/contributions/groups touched; OLD and NEW separately"}
{"event": "observed-transaction", "state": "seed_42_30", "boundary": "commit-returned", "affected_inputs": 1, "duration_ms": 0.193667015992105, "cumulative_counters": [114, 718, 180], "counter_scope": "transactional operations/contributions/groups touched; OLD and NEW separately"}
{"event": "observed-transaction", "state": "seed_42_31", "boundary": "commit-returned", "affected_inputs": 1, "duration_ms": 0.1914579188451171, "cumulative_counters": [115, 720, 182], "counter_scope": "transactional operations/contributions/groups touched; OLD and NEW separately"}
{"event": "observed-transaction", "state": "seed_42_32", "boundary": "commit-returned", "affected_inputs": 1, "duration_ms": 0.23337500169873238, "cumulative_counters": [116, 722, 184], "counter_scope": "transactional operations/contributions/groups touched; OLD and NEW separately"}
{"event": "observed-transaction", "state": "seed_42_33", "boundary": "commit-returned", "affected_inputs": 1, "duration_ms": 0.2589580835774541, "cumulative_counters": [117, 772, 186], "counter_scope": "transactional operations/contributions/groups touched; OLD and NEW separately"}
{"event": "observed-transaction", "state": "seed_42_34", "boundary": "commit-returned", "affected_inputs": 1, "duration_ms": 0.2623340114951134, "cumulative_counters": [118, 808, 188], "counter_scope": "transactional operations/contributions/groups touched; OLD and NEW separately"}
{"event": "observed-transaction", "state": "seed_42_35", "boundary": "commit-returned", "affected_inputs": 1, "duration_ms": 0.1335000852122903, "cumulative_counters": [119, 809, 189], "counter_scope": "transactional operations/contributions/groups touched; OLD and NEW separately"}
{"event": "observed-transaction", "state": "seed_42_36", "boundary": "commit-returned", "affected_inputs": 1, "duration_ms": 0.25283300783485174, "cumulative_counters": [120, 845, 191], "counter_scope": "transactional operations/contributions/groups touched; OLD and NEW separately"}
{"event": "observed-transaction", "state": "seed_42_37", "boundary": "commit-returned", "affected_inputs": 1, "duration_ms": 0.19316701218485832, "cumulative_counters": [121, 847, 193], "counter_scope": "transactional operations/contributions/groups touched; OLD and NEW separately"}
{"event": "observed-transaction", "state": "seed_42_38", "boundary": "commit-returned", "affected_inputs": 1, "duration_ms": 0.22541696671396494, "cumulative_counters": [122, 849, 195], "counter_scope": "transactional operations/contributions/groups touched; OLD and NEW separately"}
{"event": "observed-transaction", "state": "seed_42_39", "boundary": "commit-returned", "affected_inputs": 1, "duration_ms": 0.26170804630964994, "cumulative_counters": [123, 889, 197], "counter_scope": "transactional operations/contributions/groups touched; OLD and NEW separately"}
{"event": "observed-transaction", "state": "seed_42_40", "boundary": "commit-returned", "affected_inputs": 1, "duration_ms": 0.25341601576656103, "cumulative_counters": [124, 931, 199], "counter_scope": "transactional operations/contributions/groups touched; OLD and NEW separately"}
{"event": "observed-transaction", "state": "seed_42_41", "boundary": "commit-returned", "affected_inputs": 0, "duration_ms": 0.04895799793303013, "cumulative_counters": [124, 931, 199], "counter_scope": "transactional operations/contributions/groups touched; OLD and NEW separately"}
{"event": "observed-transaction", "state": "seed_42_42", "boundary": "commit-returned", "affected_inputs": 1, "duration_ms": 0.2553339581936598, "cumulative_counters": [125, 973, 201], "counter_scope": "transactional operations/contributions/groups touched; OLD and NEW separately"}
{"event": "observed-transaction", "state": "seed_42_43", "boundary": "commit-returned", "affected_inputs": 1, "duration_ms": 0.18729106523096561, "cumulative_counters": [126, 975, 203], "counter_scope": "transactional operations/contributions/groups touched; OLD and NEW separately"}
{"event": "observed-transaction", "state": "seed_42_44", "boundary": "commit-returned", "affected_inputs": 1, "duration_ms": 0.2585829934105277, "cumulative_counters": [127, 1013, 205], "counter_scope": "transactional operations/contributions/groups touched; OLD and NEW separately"}
{"event": "observed-transaction", "state": "seed_42_45", "boundary": "commit-returned", "affected_inputs": 1, "duration_ms": 0.28325000312179327, "cumulative_counters": [128, 1049, 207], "counter_scope": "transactional operations/contributions/groups touched; OLD and NEW separately"}
{"event": "observed-transaction", "state": "seed_42_46", "boundary": "commit-returned", "affected_inputs": 1, "duration_ms": 0.18162501510232687, "cumulative_counters": [129, 1051, 209], "counter_scope": "transactional operations/contributions/groups touched; OLD and NEW separately"}
{"event": "observed-transaction", "state": "seed_42_47", "boundary": "commit-returned", "affected_inputs": 1, "duration_ms": 0.18500001169741154, "cumulative_counters": [130, 1053, 211], "counter_scope": "transactional operations/contributions/groups touched; OLD and NEW separately"}
{"event": "observed-transaction", "state": "seed_42_48", "boundary": "commit-returned", "affected_inputs": 1, "duration_ms": 0.18408300820738077, "cumulative_counters": [131, 1055, 213], "counter_scope": "transactional operations/contributions/groups touched; OLD and NEW separately"}
{"event": "observed-transaction", "state": "seed_42_49", "boundary": "commit-returned", "affected_inputs": 1, "duration_ms": 0.2542919246479869, "cumulative_counters": [132, 1099, 215], "counter_scope": "transactional operations/contributions/groups touched; OLD and NEW separately"}
{"event": "observed-transaction", "state": "seed_2026_0", "boundary": "commit-returned", "affected_inputs": 1, "duration_ms": 0.480624963529408, "cumulative_counters": [133, 1135, 217], "counter_scope": "transactional operations/contributions/groups touched; OLD and NEW separately"}
{"event": "observed-transaction", "state": "seed_2026_1", "boundary": "commit-returned", "affected_inputs": 0, "duration_ms": 0.05000003147870302, "cumulative_counters": [133, 1135, 217], "counter_scope": "transactional operations/contributions/groups touched; OLD and NEW separately"}
{"event": "observed-transaction", "state": "seed_2026_2", "boundary": "commit-returned", "affected_inputs": 1, "duration_ms": 0.14045799616724253, "cumulative_counters": [134, 1136, 218], "counter_scope": "transactional operations/contributions/groups touched; OLD and NEW separately"}
{"event": "observed-transaction", "state": "seed_2026_3", "boundary": "commit-returned", "affected_inputs": 1, "duration_ms": 0.4099160432815552, "cumulative_counters": [135, 1172, 220], "counter_scope": "transactional operations/contributions/groups touched; OLD and NEW separately"}
{"event": "observed-transaction", "state": "seed_2026_4", "boundary": "commit-returned", "affected_inputs": 1, "duration_ms": 0.20287500228732824, "cumulative_counters": [136, 1174, 222], "counter_scope": "transactional operations/contributions/groups touched; OLD and NEW separately"}
{"event": "observed-transaction", "state": "seed_2026_5", "boundary": "commit-returned", "affected_inputs": 1, "duration_ms": 0.238916021771729, "cumulative_counters": [137, 1176, 224], "counter_scope": "transactional operations/contributions/groups touched; OLD and NEW separately"}
{"event": "observed-transaction", "state": "seed_2026_6", "boundary": "commit-returned", "affected_inputs": 1, "duration_ms": 0.22941699717193842, "cumulative_counters": [138, 1178, 226], "counter_scope": "transactional operations/contributions/groups touched; OLD and NEW separately"}
{"event": "observed-transaction", "state": "seed_2026_7", "boundary": "commit-returned", "affected_inputs": 1, "duration_ms": 0.1877499744296074, "cumulative_counters": [139, 1180, 228], "counter_scope": "transactional operations/contributions/groups touched; OLD and NEW separately"}
{"event": "observed-transaction", "state": "seed_2026_8", "boundary": "commit-returned", "affected_inputs": 1, "duration_ms": 0.14037499204277992, "cumulative_counters": [140, 1181, 229], "counter_scope": "transactional operations/contributions/groups touched; OLD and NEW separately"}
{"event": "observed-transaction", "state": "seed_2026_9", "boundary": "commit-returned", "affected_inputs": 1, "duration_ms": 0.14770799316465855, "cumulative_counters": [141, 1182, 230], "counter_scope": "transactional operations/contributions/groups touched; OLD and NEW separately"}
{"event": "observed-transaction", "state": "seed_2026_10", "boundary": "commit-returned", "affected_inputs": 1, "duration_ms": 0.26000000070780516, "cumulative_counters": [142, 1184, 232], "counter_scope": "transactional operations/contributions/groups touched; OLD and NEW separately"}
{"event": "observed-transaction", "state": "seed_2026_11", "boundary": "commit-returned", "affected_inputs": 1, "duration_ms": 0.1860000193119049, "cumulative_counters": [143, 1185, 233], "counter_scope": "transactional operations/contributions/groups touched; OLD and NEW separately"}
{"event": "observed-transaction", "state": "seed_2026_12", "boundary": "commit-returned", "affected_inputs": 1, "duration_ms": 0.2376670017838478, "cumulative_counters": [144, 1187, 235], "counter_scope": "transactional operations/contributions/groups touched; OLD and NEW separately"}
{"event": "observed-transaction", "state": "seed_2026_13", "boundary": "commit-returned", "affected_inputs": 1, "duration_ms": 0.2655419521033764, "cumulative_counters": [145, 1233, 237], "counter_scope": "transactional operations/contributions/groups touched; OLD and NEW separately"}
{"event": "observed-transaction", "state": "seed_2026_14", "boundary": "commit-returned", "affected_inputs": 1, "duration_ms": 0.2424169797450304, "cumulative_counters": [146, 1235, 239], "counter_scope": "transactional operations/contributions/groups touched; OLD and NEW separately"}
{"event": "observed-transaction", "state": "seed_2026_15", "boundary": "commit-returned", "affected_inputs": 1, "duration_ms": 0.14679203741252422, "cumulative_counters": [147, 1236, 240], "counter_scope": "transactional operations/contributions/groups touched; OLD and NEW separately"}
{"event": "observed-transaction", "state": "seed_2026_16", "boundary": "commit-returned", "affected_inputs": 1, "duration_ms": 0.13254093937575817, "cumulative_counters": [148, 1237, 241], "counter_scope": "transactional operations/contributions/groups touched; OLD and NEW separately"}
{"event": "observed-transaction", "state": "seed_2026_17", "boundary": "commit-returned", "affected_inputs": 1, "duration_ms": 0.2841659588739276, "cumulative_counters": [149, 1281, 243], "counter_scope": "transactional operations/contributions/groups touched; OLD and NEW separately"}
{"event": "observed-transaction", "state": "seed_2026_18", "boundary": "commit-returned", "affected_inputs": 1, "duration_ms": 0.1400840701535344, "cumulative_counters": [150, 1282, 244], "counter_scope": "transactional operations/contributions/groups touched; OLD and NEW separately"}
{"event": "observed-transaction", "state": "seed_2026_19", "boundary": "commit-returned", "affected_inputs": 1, "duration_ms": 0.18787500448524952, "cumulative_counters": [151, 1284, 246], "counter_scope": "transactional operations/contributions/groups touched; OLD and NEW separately"}
{"event": "observed-transaction", "state": "seed_2026_20", "boundary": "commit-returned", "affected_inputs": 1, "duration_ms": 0.2400410594418645, "cumulative_counters": [152, 1286, 248], "counter_scope": "transactional operations/contributions/groups touched; OLD and NEW separately"}
{"event": "observed-transaction", "state": "seed_2026_21", "boundary": "commit-returned", "affected_inputs": 0, "duration_ms": 0.08975004311650991, "cumulative_counters": [152, 1286, 248], "counter_scope": "transactional operations/contributions/groups touched; OLD and NEW separately"}
{"event": "observed-transaction", "state": "seed_2026_22", "boundary": "commit-returned", "affected_inputs": 1, "duration_ms": 0.24874997325241566, "cumulative_counters": [153, 1288, 250], "counter_scope": "transactional operations/contributions/groups touched; OLD and NEW separately"}
{"event": "observed-transaction", "state": "seed_2026_23", "boundary": "commit-returned", "affected_inputs": 1, "duration_ms": 0.20141596905887127, "cumulative_counters": [154, 1290, 252], "counter_scope": "transactional operations/contributions/groups touched; OLD and NEW separately"}
{"event": "observed-transaction", "state": "seed_2026_24", "boundary": "commit-returned", "affected_inputs": 1, "duration_ms": 0.26779097970575094, "cumulative_counters": [155, 1328, 254], "counter_scope": "transactional operations/contributions/groups touched; OLD and NEW separately"}
{"event": "observed-transaction", "state": "seed_2026_25", "boundary": "commit-returned", "affected_inputs": 1, "duration_ms": 0.15075004193931818, "cumulative_counters": [156, 1329, 255], "counter_scope": "transactional operations/contributions/groups touched; OLD and NEW separately"}
{"event": "observed-transaction", "state": "seed_2026_26", "boundary": "commit-returned", "affected_inputs": 1, "duration_ms": 0.20641600713133812, "cumulative_counters": [157, 1331, 257], "counter_scope": "transactional operations/contributions/groups touched; OLD and NEW separately"}
{"event": "observed-transaction", "state": "seed_2026_27", "boundary": "commit-returned", "affected_inputs": 0, "duration_ms": 0.09162502828985453, "cumulative_counters": [157, 1331, 257], "counter_scope": "transactional operations/contributions/groups touched; OLD and NEW separately"}
{"event": "observed-transaction", "state": "seed_2026_28", "boundary": "commit-returned", "affected_inputs": 1, "duration_ms": 0.14616595581173897, "cumulative_counters": [158, 1332, 258], "counter_scope": "transactional operations/contributions/groups touched; OLD and NEW separately"}
{"event": "observed-transaction", "state": "seed_2026_29", "boundary": "commit-returned", "affected_inputs": 1, "duration_ms": 0.18337508663535118, "cumulative_counters": [159, 1334, 260], "counter_scope": "transactional operations/contributions/groups touched; OLD and NEW separately"}
{"event": "observed-transaction", "state": "seed_2026_30", "boundary": "commit-returned", "affected_inputs": 1, "duration_ms": 0.14237500727176666, "cumulative_counters": [160, 1335, 261], "counter_scope": "transactional operations/contributions/groups touched; OLD and NEW separately"}
{"event": "observed-transaction", "state": "seed_2026_31", "boundary": "commit-returned", "affected_inputs": 1, "duration_ms": 0.19716692622750998, "cumulative_counters": [161, 1337, 263], "counter_scope": "transactional operations/contributions/groups touched; OLD and NEW separately"}
{"event": "observed-transaction", "state": "seed_2026_32", "boundary": "commit-returned", "affected_inputs": 1, "duration_ms": 0.16875006258487701, "cumulative_counters": [162, 1338, 264], "counter_scope": "transactional operations/contributions/groups touched; OLD and NEW separately"}
{"event": "observed-transaction", "state": "seed_2026_33", "boundary": "commit-returned", "affected_inputs": 1, "duration_ms": 0.20216591656208038, "cumulative_counters": [163, 1340, 266], "counter_scope": "transactional operations/contributions/groups touched; OLD and NEW separately"}
{"event": "observed-transaction", "state": "seed_2026_34", "boundary": "commit-returned", "affected_inputs": 1, "duration_ms": 0.25991699658334255, "cumulative_counters": [164, 1342, 268], "counter_scope": "transactional operations/contributions/groups touched; OLD and NEW separately"}
{"event": "observed-transaction", "state": "seed_2026_35", "boundary": "commit-returned", "affected_inputs": 1, "duration_ms": 0.20712497644126415, "cumulative_counters": [165, 1343, 269], "counter_scope": "transactional operations/contributions/groups touched; OLD and NEW separately"}
{"event": "observed-transaction", "state": "seed_2026_36", "boundary": "commit-returned", "affected_inputs": 1, "duration_ms": 0.28683303389698267, "cumulative_counters": [166, 1345, 271], "counter_scope": "transactional operations/contributions/groups touched; OLD and NEW separately"}
{"event": "observed-transaction", "state": "seed_2026_37", "boundary": "commit-returned", "affected_inputs": 1, "duration_ms": 0.30220800545066595, "cumulative_counters": [167, 1383, 273], "counter_scope": "transactional operations/contributions/groups touched; OLD and NEW separately"}
{"event": "observed-transaction", "state": "seed_2026_38", "boundary": "commit-returned", "affected_inputs": 1, "duration_ms": 0.19183405674993992, "cumulative_counters": [168, 1385, 275], "counter_scope": "transactional operations/contributions/groups touched; OLD and NEW separately"}
{"event": "observed-transaction", "state": "seed_2026_39", "boundary": "commit-returned", "affected_inputs": 1, "duration_ms": 0.19587506540119648, "cumulative_counters": [169, 1387, 277], "counter_scope": "transactional operations/contributions/groups touched; OLD and NEW separately"}
{"event": "observed-transaction", "state": "seed_2026_40", "boundary": "commit-returned", "affected_inputs": 1, "duration_ms": 0.19824993796646595, "cumulative_counters": [170, 1389, 279], "counter_scope": "transactional operations/contributions/groups touched; OLD and NEW separately"}
{"event": "observed-transaction", "state": "seed_2026_41", "boundary": "commit-returned", "affected_inputs": 1, "duration_ms": 0.28000003658235073, "cumulative_counters": [171, 1429, 281], "counter_scope": "transactional operations/contributions/groups touched; OLD and NEW separately"}
{"event": "observed-transaction", "state": "seed_2026_42", "boundary": "commit-returned", "affected_inputs": 1, "duration_ms": 0.28837507124990225, "cumulative_counters": [172, 1469, 283], "counter_scope": "transactional operations/contributions/groups touched; OLD and NEW separately"}
{"event": "observed-transaction", "state": "seed_2026_43", "boundary": "commit-returned", "affected_inputs": 1, "duration_ms": 0.1989169977605343, "cumulative_counters": [173, 1471, 285], "counter_scope": "transactional operations/contributions/groups touched; OLD and NEW separately"}
{"event": "observed-transaction", "state": "seed_2026_44", "boundary": "commit-returned", "affected_inputs": 1, "duration_ms": 0.2700421027839184, "cumulative_counters": [174, 1509, 287], "counter_scope": "transactional operations/contributions/groups touched; OLD and NEW separately"}
{"event": "observed-transaction", "state": "seed_2026_45", "boundary": "commit-returned", "affected_inputs": 1, "duration_ms": 0.1433329889550805, "cumulative_counters": [175, 1510, 288], "counter_scope": "transactional operations/contributions/groups touched; OLD and NEW separately"}
{"event": "observed-transaction", "state": "seed_2026_46", "boundary": "commit-returned", "affected_inputs": 1, "duration_ms": 0.1924580428749323, "cumulative_counters": [176, 1512, 290], "counter_scope": "transactional operations/contributions/groups touched; OLD and NEW separately"}
{"event": "observed-transaction", "state": "seed_2026_47", "boundary": "commit-returned", "affected_inputs": 1, "duration_ms": 0.25929196272045374, "cumulative_counters": [177, 1514, 292], "counter_scope": "transactional operations/contributions/groups touched; OLD and NEW separately"}
{"event": "observed-transaction", "state": "seed_2026_48", "boundary": "commit-returned", "affected_inputs": 1, "duration_ms": 0.2945830347016454, "cumulative_counters": [178, 1552, 294], "counter_scope": "transactional operations/contributions/groups touched; OLD and NEW separately"}
{"event": "observed-transaction", "state": "seed_2026_49", "boundary": "commit-returned", "affected_inputs": 1, "duration_ms": 0.24274992756545544, "cumulative_counters": [179, 1553, 295], "counter_scope": "transactional operations/contributions/groups touched; OLD and NEW separately"}
{"event": "observed-transaction", "state": "semantic_duplicate_supports", "boundary": "commit-returned", "affected_inputs": 2, "duration_ms": 0.17150002531707287, "cumulative_counters": [181, 1555, 297], "counter_scope": "transactional operations/contributions/groups touched; OLD and NEW separately"}
{"event": "observed-transaction", "state": "semantic_duplicate_retract", "boundary": "commit-returned", "affected_inputs": 1, "duration_ms": 0.14749995898455381, "cumulative_counters": [182, 1556, 298], "counter_scope": "transactional operations/contributions/groups touched; OLD and NEW separately"}
{"event": "observed-transaction", "state": "semantic_multirow_dimension", "boundary": "commit-returned", "affected_inputs": 21, "duration_ms": 0.6227080011740327, "cumulative_counters": [203, 2316, 338], "counter_scope": "transactional operations/contributions/groups touched; OLD and NEW separately"}
{"event": "observed-transaction", "state": "semantic_dimension_key_move", "boundary": "commit-returned", "affected_inputs": 1, "duration_ms": 0.2829160075634718, "cumulative_counters": [204, 2316, 338], "counter_scope": "transactional operations/contributions/groups touched; OLD and NEW separately"}
{"event": "observed-transaction", "state": "semantic_empty_facts", "boundary": "commit-returned", "affected_inputs": 380, "duration_ms": 2.189332968555391, "cumulative_counters": [584, 2696, 718], "counter_scope": "transactional operations/contributions/groups touched; OLD and NEW separately"}
{"event": "observed-transaction", "state": "semantic_empty_dimensions", "boundary": "commit-returned", "affected_inputs": 21, "duration_ms": 0.3060000017285347, "cumulative_counters": [605, 2696, 718], "counter_scope": "transactional operations/contributions/groups touched; OLD and NEW separately"}
{"event": "observed-transaction", "state": "semantic_empty_reseed_dimension", "boundary": "commit-returned", "affected_inputs": 1, "duration_ms": 0.24224992375820875, "cumulative_counters": [606, 2696, 718], "counter_scope": "transactional operations/contributions/groups touched; OLD and NEW separately"}
{"event": "observed-transaction", "state": "semantic_empty_reseed_fact", "boundary": "commit-returned", "affected_inputs": 1, "duration_ms": 0.14825002290308475, "cumulative_counters": [607, 2697, 719], "counter_scope": "transactional operations/contributions/groups touched; OLD and NEW separately"}
