INPUT|sprefa-engine-rs|55160e384ef11aad18268e39a8f4b7550e855816d4a54bbc812ebc7cf07fb27b
STATUS|sprefa-engine-rs|ok|compile_dl6 emit_rust program through drive_tick_transacted and GenProgram::run_tick; exact input edges and before/after sets match shared BFS outside clocks; count inside clocks|child-process peak RSS from time; in-memory rusqlite store|DL_MEMCAP_MB requested but unenforced for this adapter
CSV,sprefa-engine-rs,12002,24096,1715,162.325,56.754,76,63.1,N/A,N/A,0
        0.22 real         0.21 user         0.00 sys
            66191360  maximum resident set size
                   0  average shared memory size
                   0  average unshared data size
                   0  average unshared stack size
                4201  page reclaims
                   0  page faults
                   0  swaps
                   0  block input operations
                   0  block output operations
                   0  messages sent
                   0  messages received
                   0  signals received
                   0  voluntary context switches
                   7  involuntary context switches
          3976978069  instructions retired
           792789718  cycles elapsed
            35423680  peak memory footprint
EXIT_STATUS|0
