2026-09-08 14:52:31.353 EDT [15465] LOG:  starting PostgreSQL 18.6 on aarch64-apple-darwin23.6.0, compiled by Apple clang version 16.0.0 (clang-1600.0.26.6), 64-bit
2026-09-08 14:52:31.353 EDT [15465] LOG:  listening on Unix socket "/tmp/pgx.4Z8xn6/socket-constrained/.s.PGSQL.5432"
2026-09-08 14:52:31.355 EDT [15471] LOG:  database system was shut down at 2026-09-08 14:52:31 EDT
2026-09-08 14:52:31.356 EDT [15465] LOG:  database system is ready to accept connections
2026-09-08 14:52:33.058 EDT [15716] ERROR:  UNION/INTERSECT/EXCEPT statements are not supported on incrementally maintainable materialized view
2026-09-08 14:52:33.058 EDT [15716] STATEMENT:  SELECT pgivm.create_immv($1,$2)
2026-09-08 14:52:33.340 EDT [15759] ERROR:  UNION/INTERSECT/EXCEPT statements are not supported on incrementally maintainable materialized view
2026-09-08 14:52:33.340 EDT [15759] STATEMENT:  SELECT pgivm.create_immv($1,$2)
2026-09-08 14:52:33.560 EDT [15792] ERROR:  UNION/INTERSECT/EXCEPT statements are not supported on incrementally maintainable materialized view
2026-09-08 14:52:33.560 EDT [15792] STATEMENT:  SELECT pgivm.create_immv($1,$2)
2026-09-08 14:52:34.091 EDT [15888] ERROR:  UNION/INTERSECT/EXCEPT statements are not supported on incrementally maintainable materialized view
2026-09-08 14:52:34.091 EDT [15888] STATEMENT:  SELECT pgivm.create_immv($1,$2)
2026-09-08 14:52:39.893 EDT [16736] ERROR:  UNION/INTERSECT/EXCEPT statements are not supported on incrementally maintainable materialized view
2026-09-08 14:52:39.893 EDT [16736] STATEMENT:  SELECT pgivm.create_immv($1,$2)
2026-09-08 14:52:40.220 EDT [16780] ERROR:  UNION/INTERSECT/EXCEPT statements are not supported on incrementally maintainable materialized view
2026-09-08 14:52:40.220 EDT [16780] STATEMENT:  SELECT pgivm.create_immv($1,$2)
2026-09-08 14:52:40.478 EDT [16820] ERROR:  UNION/INTERSECT/EXCEPT statements are not supported on incrementally maintainable materialized view
2026-09-08 14:52:40.478 EDT [16820] STATEMENT:  SELECT pgivm.create_immv($1,$2)
2026-09-08 14:52:41.080 EDT [16898] ERROR:  UNION/INTERSECT/EXCEPT statements are not supported on incrementally maintainable materialized view
2026-09-08 14:52:41.080 EDT [16898] STATEMENT:  SELECT pgivm.create_immv($1,$2)
2026-09-08 14:52:42.549 EDT [17092] ERROR:  this query is not allowed on incrementally maintainable materialized view
2026-09-08 14:52:42.549 EDT [17092] HINT:  OR or NOT conditions and EXISTS condition can not be used together
2026-09-08 14:52:42.549 EDT [17092] STATEMENT:  SELECT pgivm.create_immv($1,$2)
2026-09-08 14:52:42.843 EDT [17155] ERROR:  this query is not allowed on incrementally maintainable materialized view
2026-09-08 14:52:42.843 EDT [17155] HINT:  OR or NOT conditions and EXISTS condition can not be used together
2026-09-08 14:52:42.843 EDT [17155] STATEMENT:  SELECT pgivm.create_immv($1,$2)
2026-09-08 14:52:43.160 EDT [17212] ERROR:  this query is not allowed on incrementally maintainable materialized view
2026-09-08 14:52:43.160 EDT [17212] HINT:  OR or NOT conditions and EXISTS condition can not be used together
2026-09-08 14:52:43.160 EDT [17212] STATEMENT:  SELECT pgivm.create_immv($1,$2)
2026-09-08 14:52:43.723 EDT [17289] ERROR:  this query is not allowed on incrementally maintainable materialized view
2026-09-08 14:52:43.723 EDT [17289] HINT:  OR or NOT conditions and EXISTS condition can not be used together
2026-09-08 14:52:43.723 EDT [17289] STATEMENT:  SELECT pgivm.create_immv($1,$2)
2026-09-08 14:52:45.307 EDT [17553] ERROR:  recursive query is not supported on incrementally maintainable materialized view
2026-09-08 14:52:45.307 EDT [17553] STATEMENT:  SELECT pgivm.create_immv($1,$2)
2026-09-08 14:52:45.599 EDT [17596] ERROR:  recursive query is not supported on incrementally maintainable materialized view
2026-09-08 14:52:45.599 EDT [17596] STATEMENT:  SELECT pgivm.create_immv($1,$2)
2026-09-08 14:52:45.836 EDT [17629] ERROR:  recursive query is not supported on incrementally maintainable materialized view
2026-09-08 14:52:45.836 EDT [17629] STATEMENT:  SELECT pgivm.create_immv($1,$2)
2026-09-08 14:52:46.384 EDT [17742] ERROR:  recursive query is not supported on incrementally maintainable materialized view
2026-09-08 14:52:46.384 EDT [17742] STATEMENT:  SELECT pgivm.create_immv($1,$2)
2026-09-08 14:52:47.799 EDT [18001] ERROR:  aggregate function with DISTINCT arguments is not supported on incrementally maintainable materialized view
2026-09-08 14:52:47.799 EDT [18001] STATEMENT:  SELECT pgivm.create_immv($1,$2)
2026-09-08 14:52:48.101 EDT [18084] ERROR:  aggregate function with DISTINCT arguments is not supported on incrementally maintainable materialized view
2026-09-08 14:52:48.101 EDT [18084] STATEMENT:  SELECT pgivm.create_immv($1,$2)
2026-09-08 14:52:48.339 EDT [18125] ERROR:  aggregate function with DISTINCT arguments is not supported on incrementally maintainable materialized view
2026-09-08 14:52:48.339 EDT [18125] STATEMENT:  SELECT pgivm.create_immv($1,$2)
2026-09-08 14:52:48.863 EDT [18222] ERROR:  aggregate function with DISTINCT arguments is not supported on incrementally maintainable materialized view
2026-09-08 14:52:48.863 EDT [18222] STATEMENT:  SELECT pgivm.create_immv($1,$2)
2026-09-08 14:52:48.977 EDT [18231] ERROR:  UNION/INTERSECT/EXCEPT statements are not supported on incrementally maintainable materialized view
2026-09-08 14:52:48.977 EDT [18231] STATEMENT:  SELECT pgivm.create_immv($1,$2)
2026-09-08 14:52:49.263 EDT [18293] ERROR:  UNION/INTERSECT/EXCEPT statements are not supported on incrementally maintainable materialized view
2026-09-08 14:52:49.263 EDT [18293] STATEMENT:  SELECT pgivm.create_immv($1,$2)
2026-09-08 14:52:49.473 EDT [18330] ERROR:  UNION/INTERSECT/EXCEPT statements are not supported on incrementally maintainable materialized view
2026-09-08 14:52:49.473 EDT [18330] STATEMENT:  SELECT pgivm.create_immv($1,$2)
2026-09-08 14:52:50.019 EDT [18424] ERROR:  UNION/INTERSECT/EXCEPT statements are not supported on incrementally maintainable materialized view
2026-09-08 14:52:50.019 EDT [18424] STATEMENT:  SELECT pgivm.create_immv($1,$2)
2026-09-08 14:52:50.132 EDT [18434] ERROR:  UNION/INTERSECT/EXCEPT statements are not supported on incrementally maintainable materialized view
2026-09-08 14:52:50.132 EDT [18434] STATEMENT:  SELECT pgivm.create_immv($1,$2)
2026-09-08 14:52:50.422 EDT [18482] ERROR:  UNION/INTERSECT/EXCEPT statements are not supported on incrementally maintainable materialized view
2026-09-08 14:52:50.422 EDT [18482] STATEMENT:  SELECT pgivm.create_immv($1,$2)
2026-09-08 14:52:50.635 EDT [18526] ERROR:  UNION/INTERSECT/EXCEPT statements are not supported on incrementally maintainable materialized view
2026-09-08 14:52:50.635 EDT [18526] STATEMENT:  SELECT pgivm.create_immv($1,$2)
2026-09-08 14:52:51.143 EDT [18633] ERROR:  UNION/INTERSECT/EXCEPT statements are not supported on incrementally maintainable materialized view
2026-09-08 14:52:51.143 EDT [18633] STATEMENT:  SELECT pgivm.create_immv($1,$2)
2026-09-08 14:52:51.257 EDT [18648] ERROR:  UNION/INTERSECT/EXCEPT statements are not supported on incrementally maintainable materialized view
2026-09-08 14:52:51.257 EDT [18648] STATEMENT:  SELECT pgivm.create_immv($1,$2)
2026-09-08 14:52:51.535 EDT [18691] ERROR:  UNION/INTERSECT/EXCEPT statements are not supported on incrementally maintainable materialized view
2026-09-08 14:52:51.535 EDT [18691] STATEMENT:  SELECT pgivm.create_immv($1,$2)
2026-09-08 14:52:51.748 EDT [18734] ERROR:  UNION/INTERSECT/EXCEPT statements are not supported on incrementally maintainable materialized view
2026-09-08 14:52:51.748 EDT [18734] STATEMENT:  SELECT pgivm.create_immv($1,$2)
2026-09-08 14:52:52.259 EDT [18829] ERROR:  UNION/INTERSECT/EXCEPT statements are not supported on incrementally maintainable materialized view
2026-09-08 14:52:52.259 EDT [18829] STATEMENT:  SELECT pgivm.create_immv($1,$2)
2026-09-08 14:52:52.374 EDT [18840] ERROR:  ORDER BY clause is not supported on incrementally maintainable materialized view
2026-09-08 14:52:52.374 EDT [18840] STATEMENT:  SELECT pgivm.create_immv($1,$2)
2026-09-08 14:52:52.652 EDT [18894] ERROR:  ORDER BY clause is not supported on incrementally maintainable materialized view
2026-09-08 14:52:52.652 EDT [18894] STATEMENT:  SELECT pgivm.create_immv($1,$2)
2026-09-08 14:52:52.862 EDT [18948] ERROR:  ORDER BY clause is not supported on incrementally maintainable materialized view
2026-09-08 14:52:52.862 EDT [18948] STATEMENT:  SELECT pgivm.create_immv($1,$2)
2026-09-08 14:52:53.371 EDT [19054] ERROR:  ORDER BY clause is not supported on incrementally maintainable materialized view
2026-09-08 14:52:53.371 EDT [19054] STATEMENT:  SELECT pgivm.create_immv($1,$2)
2026-09-08 14:52:53.484 EDT [19064] ERROR:  window functions are not supported on incrementally maintainable materialized view
2026-09-08 14:52:53.484 EDT [19064] STATEMENT:  SELECT pgivm.create_immv($1,$2)
2026-09-08 14:52:53.760 EDT [19106] ERROR:  window functions are not supported on incrementally maintainable materialized view
2026-09-08 14:52:53.760 EDT [19106] STATEMENT:  SELECT pgivm.create_immv($1,$2)
2026-09-08 14:52:53.971 EDT [19150] ERROR:  window functions are not supported on incrementally maintainable materialized view
2026-09-08 14:52:53.971 EDT [19150] STATEMENT:  SELECT pgivm.create_immv($1,$2)
2026-09-08 14:52:54.488 EDT [19250] ERROR:  window functions are not supported on incrementally maintainable materialized view
2026-09-08 14:52:54.488 EDT [19250] STATEMENT:  SELECT pgivm.create_immv($1,$2)
2026-09-08 14:52:56.938 EDT [15465] LOG:  received immediate shutdown request
2026-09-08 14:52:56.939 EDT [15465] LOG:  database system is shut down
