---
source: crates/rules/src/extractor.rs
expression: refs
---
- value: myorg/frontend
  span_start: 0
  span_end: 0
  kind: dep_name
  rule_name: helm-images
  is_path: false
  parent_key: ~
  node_path: image
- value: v1.2.3
  span_start: 0
  span_end: 0
  kind: dep_version
  rule_name: helm-images
  is_path: false
  parent_key: myorg/frontend
  node_path: image
