fts5conflict-1.0... Ok
fts5conflict-1.1... Ok
fts5conflict-1.2... Ok
fts5conflict-2.0... Ok
fts5conflict-2.1... Ok
fts5conflict-full-3.0... Ok
fts5conflict-full-3.1.1.1... Ok
fts5conflict-full-3.1.1.2... Ok
fts5conflict-full-3.1.2.1... Ok
fts5conflict-full-3.1.2.2... Ok
fts5conflict-full-3.1.3.1... Ok
fts5conflict-full-3.1.3.2... Ok
fts5conflict-col-3.0... Ok
fts5conflict-col-3.1.1.1... Ok
fts5conflict-col-3.1.1.2... Ok
fts5conflict-col-3.1.2.1... Ok
fts5conflict-col-3.1.2.2... Ok
fts5conflict-col-3.1.3.1... Ok
fts5conflict-col-3.1.3.2... Ok
fts5conflict-none-3.0... Ok
fts5conflict-none-3.1.1.1... Ok
fts5conflict-none-3.1.1.2... Ok
fts5conflict-none-3.1.2.1... Ok
fts5conflict-none-3.1.2.2... Ok
fts5conflict-none-3.1.3.1... Ok
fts5conflict-none-3.1.3.2... Ok
SQLite 2026-09-04 14:20:44 4021369bc9558fbfcfa83ee4cd6b986734b8c41b6d72bd97064e566ca8189ea8
0 errors out of 27 tests on Chriss-MacBook-Pro Darwin 64-bit
All memory allocations freed - no leaks
Memory used:          now          0  max     242960  max-size      65544
Allocation count:     now          0  max        481
Page-cache used:      now          0  max          0  max-size       1032
Page-cache overflow:  now          0  max       3584
Maximum memory usage: 242960 bytes
Current memory usage: 0 bytes
Number of malloc()  : -1 calls
