---
source: crates/rules/tests/rules_test.rs
expression: refs
---
- value: "./dist/index.d.ts"
  span_start: 0
  span_end: 0
  kind: import_path
  rule_name: package-json-exports
  is_path: false
  parent_key: "."
  node_path: exports/./types
- value: "./dist/index.js"
  span_start: 0
  span_end: 0
  kind: import_path
  rule_name: package-json-exports
  is_path: false
  parent_key: "."
  node_path: exports/./import
- value: "./dist/math.d.ts"
  span_start: 0
  span_end: 0
  kind: import_path
  rule_name: package-json-exports
  is_path: false
  parent_key: "./math"
  node_path: exports/./math/types
- value: "./dist/math.js"
  span_start: 0
  span_end: 0
  kind: import_path
  rule_name: package-json-exports
  is_path: false
  parent_key: "./math"
  node_path: exports/./math/import
- value: "."
  span_start: 0
  span_end: 0
  kind: package_entry
  rule_name: package-json-exports
  is_path: false
  parent_key: ~
  node_path: exports/./import
- value: "."
  span_start: 0
  span_end: 0
  kind: package_entry
  rule_name: package-json-exports
  is_path: false
  parent_key: ~
  node_path: exports/./types
- value: "./math"
  span_start: 0
  span_end: 0
  kind: package_entry
  rule_name: package-json-exports
  is_path: false
  parent_key: ~
  node_path: exports/./math/import
- value: "./math"
  span_start: 0
  span_end: 0
  kind: package_entry
  rule_name: package-json-exports
  is_path: false
  parent_key: ~
  node_path: exports/./math/types
