---
source: crates/rules/tests/rules_test.rs
expression: refs
---
- value: "3"
  span_start: 0
  span_end: 0
  kind: helm_value
  rule_name: helm-values
  is_path: false
  parent_key: ~
  node_path: replicaCount
  group: 0
- value: "8080"
  span_start: 0
  span_end: 0
  kind: helm_value
  rule_name: helm-values
  is_path: false
  parent_key: ~
  node_path: service/port
  group: 4
- value: ClusterIP
  span_start: 0
  span_end: 0
  kind: helm_value
  rule_name: helm-values
  is_path: false
  parent_key: ~
  node_path: service/type
  group: 3
- value: myorg/api
  span_start: 0
  span_end: 0
  kind: helm_value
  rule_name: helm-values
  is_path: false
  parent_key: ~
  node_path: image/repository
  group: 1
- value: v2.1.0
  span_start: 0
  span_end: 0
  kind: helm_value
  rule_name: helm-values
  is_path: false
  parent_key: ~
  node_path: image/tag
  group: 2
