---
source: crates/rules/tests/rules_test.rs
expression: refs
---
- value: 0.1.0
  span_start: 0
  span_end: 0
  kind: DepVersion
  is_path: false
  parent_key: "@hafley/typespec-decorator-def"
- value: 0.64.0
  span_start: 0
  span_end: 0
  kind: DepVersion
  is_path: false
  parent_key: "@typespec/compiler"
- value: 5.7.3
  span_start: 0
  span_end: 0
  kind: DepVersion
  is_path: false
  parent_key: typescript
- value: "@hafley/typespec-decorator-def"
  span_start: 0
  span_end: 0
  kind: DepName
  is_path: false
  parent_key: ~
- value: "@typespec/compiler"
  span_start: 0
  span_end: 0
  kind: DepName
  is_path: false
  parent_key: ~
- value: typescript
  span_start: 0
  span_end: 0
  kind: DepName
  is_path: false
  parent_key: ~
