---
source: crates/rules/tests/rules_test.rs
assertion_line: 648
expression: refs
---
- value: 0.1.0
  span_start: 0
  span_end: 0
  kind: dep_version
  rule_name: test
  is_path: false
  parent_key: "@hafley/typespec-decorator-def"
  node_path: packages/@hafley/typespec-decorator-def@0.1.0
- value: 0.1.0
  span_start: 0
  span_end: 0
  kind: dep_version
  rule_name: test
  is_path: false
  parent_key: "@hafley/typespec-asyncapi"
  node_path: packages/@hafley/typespec-asyncapi@0.1.0
- value: 0.64.0
  span_start: 0
  span_end: 0
  kind: dep_version
  rule_name: test
  is_path: false
  parent_key: "@typespec/compiler"
  node_path: packages/@typespec/compiler@0.64.0
- value: "@hafley/typespec-asyncapi"
  span_start: 0
  span_end: 0
  kind: dep_name
  rule_name: test
  is_path: false
  parent_key: ~
  node_path: packages/@hafley/typespec-asyncapi@0.1.0
- value: "@hafley/typespec-decorator-def"
  span_start: 0
  span_end: 0
  kind: dep_name
  rule_name: test
  is_path: false
  parent_key: ~
  node_path: packages/@hafley/typespec-decorator-def@0.1.0
- value: "@typespec/compiler"
  span_start: 0
  span_end: 0
  kind: dep_name
  rule_name: test
  is_path: false
  parent_key: ~
  node_path: packages/@typespec/compiler@0.64.0
