---
source: crates/rules/tests/rules_test.rs
expression: refs
---
- value: 18.2.0
  span_start: 0
  span_end: 0
  kind: dep_version
  rule_name: test
  is_path: false
  parent_key: react
  node_path: dependencies/react/version
- value: 4.17.21
  span_start: 0
  span_end: 0
  kind: dep_version
  rule_name: test
  is_path: false
  parent_key: lodash
  node_path: dependencies/lodash/version
- value: 4.18.2
  span_start: 0
  span_end: 0
  kind: dep_version
  rule_name: test
  is_path: false
  parent_key: express
  node_path: dependencies/express/version
- value: express
  span_start: 0
  span_end: 0
  kind: dep_name
  rule_name: test
  is_path: false
  parent_key: ~
  node_path: dependencies/express/version
- value: lodash
  span_start: 0
  span_end: 0
  kind: dep_name
  rule_name: test
  is_path: false
  parent_key: ~
  node_path: dependencies/lodash/version
- value: react
  span_start: 0
  span_end: 0
  kind: dep_name
  rule_name: test
  is_path: false
  parent_key: ~
  node_path: dependencies/react/version
