---
source: crates/rules/tests/rules_test.rs
expression: refs
---
- value: 4.17.21
  span_start: 0
  span_end: 0
  kind: DepVersion
  is_path: false
  parent_key: lodash
  node_path: packages/lodash@4.17.21
- value: 4.18.2
  span_start: 0
  span_end: 0
  kind: DepVersion
  is_path: false
  parent_key: express
  node_path: packages/express@4.18.2
- value: express
  span_start: 0
  span_end: 0
  kind: DepName
  is_path: false
  parent_key: ~
  node_path: packages/express@4.18.2
- value: lodash
  span_start: 0
  span_end: 0
  kind: DepName
  is_path: false
  parent_key: ~
  node_path: packages/lodash@4.17.21
