{"tick":0,"actual":{"root":[],"edge":[],"alive":[]},"carry_pending":false,"statements":34}
{"tick":1,"actual":{"root":[],"edge":[[3,7]],"alive":[]},"carry_pending":false,"statements":38}
{"tick":2,"actual":{"root":[],"edge":[[1,5],[3,7]],"alive":[]},"carry_pending":false,"statements":38}
{"tick":3,"actual":{"root":[],"edge":[[0,2],[1,5],[3,7]],"alive":[]},"carry_pending":false,"statements":38}
{"tick":4,"actual":{"root":[],"edge":[[0,2],[0,5],[1,5],[3,7]],"alive":[]},"carry_pending":false,"statements":38}
{"tick":5,"actual":{"root":[],"edge":[[0,2],[0,5],[1,5],[3,7],[9,10]],"alive":[]},"carry_pending":false,"statements":38}
{"tick":6,"actual":{"root":[],"edge":[[0,2],[0,5],[1,5],[3,7],[3,10],[9,10]],"alive":[]},"carry_pending":false,"statements":38}
{"tick":7,"actual":{"root":[[9]],"edge":[[0,2],[0,5],[1,5],[3,7],[3,10],[9,10]],"alive":[[9],[10]]},"carry_pending":false,"statements":42}
{"tick":8,"actual":{"root":[[9]],"edge":[[0,2],[0,5],[1,5],[3,7],[3,10],[6,10],[9,10]],"alive":[[9],[10]]},"carry_pending":false,"statements":38}
{"tick":9,"actual":{"root":[[0],[9]],"edge":[[0,2],[0,5],[1,5],[3,7],[3,10],[6,10],[9,10]],"alive":[[0],[2],[5],[9],[10]]},"carry_pending":false,"statements":42}
{"tick":10,"actual":{"root":[[0],[9]],"edge":[[0,2],[0,5],[1,5],[3,7],[3,10],[4,5],[6,10],[9,10]],"alive":[[0],[2],[5],[9],[10]]},"carry_pending":false,"statements":38}
{"tick":11,"actual":{"root":[[0],[9]],"edge":[[0,1],[0,2],[0,5],[1,5],[3,7],[3,10],[4,5],[6,10],[9,10]],"alive":[[0],[1],[2],[5],[9],[10]]},"carry_pending":false,"statements":38}
{"tick":12,"actual":{"root":[[0],[9]],"edge":[[0,1],[0,2],[0,5],[1,5],[3,7],[3,10],[4,5],[6,10],[7,11],[9,10]],"alive":[[0],[1],[2],[5],[9],[10]]},"carry_pending":false,"statements":38}
{"tick":13,"actual":{"root":[[0],[9]],"edge":[[0,1],[0,2],[0,5],[0,8],[1,5],[3,7],[3,10],[4,5],[6,10],[7,11],[9,10]],"alive":[[0],[1],[2],[5],[8],[9],[10]]},"carry_pending":false,"statements":38}
{"tick":14,"actual":{"root":[[0],[9]],"edge":[[0,1],[0,2],[0,5],[0,8],[0,11],[1,5],[3,7],[3,10],[4,5],[6,10],[7,11],[9,10]],"alive":[[0],[1],[2],[5],[8],[9],[10],[11]]},"carry_pending":false,"statements":38}
{"tick":15,"actual":{"root":[[0],[9]],"edge":[[0,1],[0,2],[0,5],[0,8],[0,11],[1,5],[3,7],[3,10],[4,5],[6,10],[7,8],[7,11],[9,10]],"alive":[[0],[1],[2],[5],[8],[9],[10],[11]]},"carry_pending":false,"statements":38}
{"tick":16,"actual":{"root":[[0],[9]],"edge":[[0,1],[0,2],[0,5],[0,8],[0,11],[1,5],[3,7],[4,5],[6,10],[7,8],[7,11],[9,10]],"alive":[[0],[1],[2],[5],[8],[9],[10],[11]]},"carry_pending":false,"statements":95}
{"tick":17,"actual":{"root":[[0],[9]],"edge":[[0,1],[0,2],[0,5],[0,8],[0,11],[1,5],[3,5],[3,7],[4,5],[6,10],[7,8],[7,11],[9,10]],"alive":[[0],[1],[2],[5],[8],[9],[10],[11]]},"carry_pending":false,"statements":38}
{"tick":18,"actual":{"root":[[0],[9],[10]],"edge":[[0,1],[0,2],[0,5],[0,8],[0,11],[1,5],[3,5],[3,7],[4,5],[6,10],[7,8],[7,11],[9,10]],"alive":[[0],[1],[2],[5],[8],[9],[10],[11]]},"carry_pending":false,"statements":38}
{"tick":19,"actual":{"root":[[0],[9],[10]],"edge":[[0,1],[0,2],[0,5],[0,8],[0,11],[1,5],[3,5],[3,7],[4,5],[6,10],[7,8],[7,11],[8,9],[9,10]],"alive":[[0],[1],[2],[5],[8],[9],[10],[11]]},"carry_pending":false,"statements":38}
{"tick":20,"actual":{"root":[[0],[9],[10]],"edge":[[0,1],[0,2],[0,5],[0,8],[0,11],[1,5],[3,7],[4,5],[6,10],[7,8],[7,11],[8,9],[9,10]],"alive":[[0],[1],[2],[5],[8],[9],[10],[11]]},"carry_pending":false,"statements":95}
{"tick":21,"actual":{"root":[[0],[9],[10]],"edge":[[0,1],[0,2],[0,5],[0,8],[0,11],[1,5],[3,7],[4,5],[6,9],[6,10],[7,8],[7,11],[8,9],[9,10]],"alive":[[0],[1],[2],[5],[8],[9],[10],[11]]},"carry_pending":false,"statements":38}
{"tick":22,"actual":{"root":[[0],[9],[10]],"edge":[[0,1],[0,2],[0,5],[0,8],[0,11],[1,5],[3,7],[4,5],[4,10],[6,9],[6,10],[7,8],[7,11],[8,9],[9,10]],"alive":[[0],[1],[2],[5],[8],[9],[10],[11]]},"carry_pending":false,"statements":38}
{"tick":23,"actual":{"root":[[0],[9],[10]],"edge":[[0,1],[0,2],[0,3],[0,5],[0,8],[0,11],[1,5],[3,7],[4,5],[4,10],[6,9],[6,10],[7,8],[7,11],[8,9],[9,10]],"alive":[[0],[1],[2],[3],[5],[7],[8],[9],[10],[11]]},"carry_pending":false,"statements":42}
{"tick":24,"actual":{"root":[[0],[9],[10]],"edge":[[0,1],[0,2],[0,3],[0,5],[0,8],[0,11],[1,5],[3,7],[4,5],[4,10],[5,6],[6,9],[6,10],[7,8],[7,11],[8,9],[9,10]],"alive":[[0],[1],[2],[3],[5],[6],[7],[8],[9],[10],[11]]},"carry_pending":false,"statements":38}
{"tick":25,"actual":{"root":[[0],[9],[10]],"edge":[[0,1],[0,2],[0,3],[0,5],[0,8],[0,11],[1,5],[3,7],[4,5],[5,6],[6,9],[6,10],[7,8],[7,11],[8,9],[9,10]],"alive":[[0],[1],[2],[3],[5],[6],[7],[8],[9],[10],[11]]},"carry_pending":false,"statements":95}
{"tick":26,"actual":{"root":[[0],[9],[10]],"edge":[[0,1],[0,2],[0,3],[0,5],[0,8],[1,5],[3,7],[4,5],[5,6],[6,9],[6,10],[7,8],[7,11],[8,9],[9,10]],"alive":[[0],[1],[2],[3],[5],[6],[7],[8],[9],[10],[11]]},"carry_pending":false,"statements":95}
{"tick":27,"actual":{"root":[[0],[9],[10]],"edge":[[0,1],[0,2],[0,3],[0,5],[0,8],[1,5],[3,7],[4,5],[5,6],[5,9],[6,9],[6,10],[7,8],[7,11],[8,9],[9,10]],"alive":[[0],[1],[2],[3],[5],[6],[7],[8],[9],[10],[11]]},"carry_pending":false,"statements":38}
{"tick":28,"actual":{"root":[[0],[8],[9],[10]],"edge":[[0,1],[0,2],[0,3],[0,5],[0,8],[1,5],[3,7],[4,5],[5,6],[5,9],[6,9],[6,10],[7,8],[7,11],[8,9],[9,10]],"alive":[[0],[1],[2],[3],[5],[6],[7],[8],[9],[10],[11]]},"carry_pending":false,"statements":38}
{"tick":29,"actual":{"root":[[8],[9],[10]],"edge":[[0,1],[0,2],[0,3],[0,5],[0,8],[1,5],[3,7],[4,5],[5,6],[5,9],[6,9],[6,10],[7,8],[7,11],[8,9],[9,10]],"alive":[[8],[9],[10]]},"carry_pending":false,"statements":85}
{"tick":30,"actual":{"root":[[8],[9],[10]],"edge":[[0,1],[0,2],[0,3],[0,4],[0,5],[0,8],[1,5],[3,7],[4,5],[5,6],[5,9],[6,9],[6,10],[7,8],[7,11],[8,9],[9,10]],"alive":[[8],[9],[10]]},"carry_pending":false,"statements":38}
{"tick":31,"actual":{"root":[[8],[9],[10]],"edge":[[0,1],[0,2],[0,3],[0,4],[0,5],[0,8],[1,5],[2,10],[3,7],[4,5],[5,6],[5,9],[6,9],[6,10],[7,8],[7,11],[8,9],[9,10]],"alive":[[8],[9],[10]]},"carry_pending":false,"statements":38}
{"tick":32,"actual":{"root":[[8],[9],[10]],"edge":[[0,1],[0,2],[0,3],[0,4],[0,5],[0,8],[1,5],[2,10],[3,7],[4,5],[5,6],[5,9],[5,11],[6,9],[6,10],[7,8],[7,11],[8,9],[9,10]],"alive":[[8],[9],[10]]},"carry_pending":false,"statements":38}
{"tick":33,"actual":{"root":[[8],[9],[10]],"edge":[[0,1],[0,2],[0,3],[0,4],[0,5],[1,5],[2,10],[3,7],[4,5],[5,6],[5,9],[5,11],[6,9],[6,10],[7,8],[7,11],[8,9],[9,10]],"alive":[[8],[9],[10]]},"carry_pending":false,"statements":95}
{"tick":34,"actual":{"root":[[5],[8],[9],[10]],"edge":[[0,1],[0,2],[0,3],[0,4],[0,5],[1,5],[2,10],[3,7],[4,5],[5,6],[5,9],[5,11],[6,9],[6,10],[7,8],[7,11],[8,9],[9,10]],"alive":[[5],[6],[8],[9],[10],[11]]},"carry_pending":false,"statements":42}
{"tick":35,"actual":{"root":[[5],[9],[10]],"edge":[[0,1],[0,2],[0,3],[0,4],[0,5],[1,5],[2,10],[3,7],[4,5],[5,6],[5,9],[5,11],[6,9],[6,10],[7,8],[7,11],[8,9],[9,10]],"alive":[[5],[6],[9],[10],[11]]},"carry_pending":false,"statements":88}
{"tick":36,"actual":{"root":[[5],[6],[9],[10]],"edge":[[0,1],[0,2],[0,3],[0,4],[0,5],[1,5],[2,10],[3,7],[4,5],[5,6],[5,9],[5,11],[6,9],[6,10],[7,8],[7,11],[8,9],[9,10]],"alive":[[5],[6],[9],[10],[11]]},"carry_pending":false,"statements":38}
{"tick":37,"actual":{"root":[[5],[6],[9],[10]],"edge":[[0,1],[0,2],[0,3],[0,4],[0,5],[0,11],[1,5],[2,10],[3,7],[4,5],[5,6],[5,9],[5,11],[6,9],[6,10],[7,8],[7,11],[8,9],[9,10]],"alive":[[5],[6],[9],[10],[11]]},"carry_pending":false,"statements":38}
{"tick":38,"actual":{"root":[[5],[6],[9],[10]],"edge":[[0,1],[0,2],[0,3],[0,4],[0,5],[0,7],[0,11],[1,5],[2,10],[3,7],[4,5],[5,6],[5,9],[5,11],[6,9],[6,10],[7,8],[7,11],[8,9],[9,10]],"alive":[[5],[6],[9],[10],[11]]},"carry_pending":false,"statements":38}
{"tick":39,"actual":{"root":[[5],[6],[9],[10]],"edge":[[0,1],[0,2],[0,3],[0,4],[0,5],[0,7],[0,11],[1,5],[2,10],[4,5],[5,6],[5,9],[5,11],[6,9],[6,10],[7,8],[7,11],[8,9],[9,10]],"alive":[[5],[6],[9],[10],[11]]},"carry_pending":false,"statements":95}
{"tick":40,"actual":{"root":[[5],[6],[9],[10]],"edge":[[0,1],[0,2],[0,3],[0,4],[0,5],[0,11],[1,5],[2,10],[4,5],[5,6],[5,9],[5,11],[6,9],[6,10],[7,8],[7,11],[8,9],[9,10]],"alive":[[5],[6],[9],[10],[11]]},"carry_pending":false,"statements":95}
{"tick":41,"actual":{"root":[[5],[6],[8],[9],[10]],"edge":[[0,1],[0,2],[0,3],[0,4],[0,5],[0,11],[1,5],[2,10],[4,5],[5,6],[5,9],[5,11],[6,9],[6,10],[7,8],[7,11],[8,9],[9,10]],"alive":[[5],[6],[8],[9],[10],[11]]},"carry_pending":false,"statements":38}
{"tick":42,"actual":{"root":[[5],[6],[8],[9],[10]],"edge":[[0,1],[0,2],[0,3],[0,4],[0,5],[0,11],[1,5],[2,10],[4,5],[5,9],[5,11],[6,9],[6,10],[7,8],[7,11],[8,9],[9,10]],"alive":[[5],[6],[8],[9],[10],[11]]},"carry_pending":false,"statements":81}
{"tick":43,"actual":{"root":[[5],[6],[8],[10]],"edge":[[0,1],[0,2],[0,3],[0,4],[0,5],[0,11],[1,5],[2,10],[4,5],[5,9],[5,11],[6,9],[6,10],[7,8],[7,11],[8,9],[9,10]],"alive":[[5],[6],[8],[9],[10],[11]]},"carry_pending":false,"statements":81}
{"tick":44,"actual":{"root":[[5],[6],[8],[10]],"edge":[[0,1],[0,2],[0,3],[0,4],[0,5],[0,11],[1,5],[2,5],[2,10],[4,5],[5,9],[5,11],[6,9],[6,10],[7,8],[7,11],[8,9],[9,10]],"alive":[[5],[6],[8],[9],[10],[11]]},"carry_pending":false,"statements":38}
{"tick":45,"actual":{"root":[[5],[6],[8],[10]],"edge":[[0,1],[0,2],[0,3],[0,4],[0,5],[0,11],[1,5],[2,5],[2,10],[4,5],[5,9],[5,11],[6,9],[6,10],[7,11],[8,9],[9,10]],"alive":[[5],[6],[8],[9],[10],[11]]},"carry_pending":false,"statements":95}
{"tick":46,"actual":{"root":[[5],[6],[8],[10]],"edge":[[0,2],[0,3],[0,4],[0,5],[0,11],[1,5],[2,5],[2,10],[4,5],[5,9],[5,11],[6,9],[6,10],[7,11],[8,9],[9,10]],"alive":[[5],[6],[8],[9],[10],[11]]},"carry_pending":false,"statements":95}
{"tick":47,"actual":{"root":[[5],[6],[8],[10]],"edge":[[0,2],[0,3],[0,4],[0,5],[0,11],[1,5],[2,5],[2,8],[2,10],[4,5],[5,9],[5,11],[6,9],[6,10],[7,11],[8,9],[9,10]],"alive":[[5],[6],[8],[9],[10],[11]]},"carry_pending":false,"statements":38}
{"tick":48,"actual":{"root":[[5],[6],[8],[10]],"edge":[[0,3],[0,4],[0,5],[0,11],[1,5],[2,5],[2,8],[2,10],[4,5],[5,9],[5,11],[6,9],[6,10],[7,11],[8,9],[9,10]],"alive":[[5],[6],[8],[9],[10],[11]]},"carry_pending":false,"statements":95}
{"tick":49,"actual":{"root":[[5],[6],[8],[10]],"edge":[[0,3],[0,4],[0,5],[0,11],[1,4],[1,5],[2,5],[2,8],[2,10],[4,5],[5,9],[5,11],[6,9],[6,10],[7,11],[8,9],[9,10]],"alive":[[5],[6],[8],[9],[10],[11]]},"carry_pending":false,"statements":38}
{"tick":50,"actual":{"root":[[5],[6],[8],[10]],"edge":[[0,3],[0,4],[0,5],[0,11],[1,4],[1,5],[2,5],[2,8],[2,10],[4,5],[4,8],[5,9],[5,11],[6,9],[6,10],[7,11],[8,9],[9,10]],"alive":[[5],[6],[8],[9],[10],[11]]},"carry_pending":false,"statements":38}
{"tick":51,"actual":{"root":[[5],[6],[8],[10]],"edge":[[0,3],[0,4],[0,5],[0,11],[1,4],[1,5],[2,5],[2,8],[2,10],[4,5],[4,8],[5,9],[5,11],[6,9],[6,10],[6,11],[7,11],[8,9],[9,10]],"alive":[[5],[6],[8],[9],[10],[11]]},"carry_pending":false,"statements":38}
{"tick":52,"actual":{"root":[[5],[6],[8],[10]],"edge":[[0,3],[0,4],[0,11],[1,4],[1,5],[2,5],[2,8],[2,10],[4,5],[4,8],[5,9],[5,11],[6,9],[6,10],[6,11],[7,11],[8,9],[9,10]],"alive":[[5],[6],[8],[9],[10],[11]]},"carry_pending":false,"statements":95}
{"tick":53,"actual":{"root":[[5],[6],[8],[10]],"edge":[[0,3],[0,4],[0,11],[1,4],[1,5],[2,5],[2,8],[2,10],[4,5],[4,8],[5,9],[5,11],[6,10],[6,11],[7,11],[8,9],[9,10]],"alive":[[5],[6],[8],[9],[10],[11]]},"carry_pending":false,"statements":81}
{"tick":54,"actual":{"root":[[5],[6],[8],[10]],"edge":[[0,3],[0,4],[0,11],[1,4],[1,5],[2,5],[2,8],[2,10],[4,5],[4,8],[4,9],[5,9],[5,11],[6,10],[6,11],[7,11],[8,9],[9,10]],"alive":[[5],[6],[8],[9],[10],[11]]},"carry_pending":false,"statements":38}
{"tick":55,"actual":{"root":[[5],[6],[8],[10]],"edge":[[0,3],[0,4],[0,11],[1,4],[1,5],[1,10],[2,5],[2,8],[2,10],[4,5],[4,8],[4,9],[5,9],[5,11],[6,10],[6,11],[7,11],[8,9],[9,10]],"alive":[[5],[6],[8],[9],[10],[11]]},"carry_pending":false,"statements":38}
{"tick":56,"actual":{"root":[[5],[6],[8],[10]],"edge":[[0,3],[0,4],[0,11],[1,4],[1,5],[1,9],[1,10],[2,5],[2,8],[2,10],[4,5],[4,8],[4,9],[5,9],[5,11],[6,10],[6,11],[7,11],[8,9],[9,10]],"alive":[[5],[6],[8],[9],[10],[11]]},"carry_pending":false,"statements":38}
{"tick":57,"actual":{"root":[[5],[6],[8],[10]],"edge":[[0,3],[0,4],[0,11],[1,4],[1,5],[1,9],[1,10],[2,5],[2,8],[2,10],[4,5],[4,8],[5,9],[5,11],[6,10],[6,11],[7,11],[8,9],[9,10]],"alive":[[5],[6],[8],[9],[10],[11]]},"carry_pending":false,"statements":95}
{"tick":58,"actual":{"root":[[5],[6],[7],[8],[10]],"edge":[[0,3],[0,4],[0,11],[1,4],[1,5],[1,9],[1,10],[2,5],[2,8],[2,10],[4,5],[4,8],[5,9],[5,11],[6,10],[6,11],[7,11],[8,9],[9,10]],"alive":[[5],[6],[7],[8],[9],[10],[11]]},"carry_pending":false,"statements":38}
{"tick":59,"actual":{"root":[[5],[6],[7],[8],[10]],"edge":[[0,3],[0,4],[0,11],[1,4],[1,5],[1,9],[1,10],[2,4],[2,5],[2,8],[2,10],[4,5],[4,8],[5,9],[5,11],[6,10],[6,11],[7,11],[8,9],[9,10]],"alive":[[5],[6],[7],[8],[9],[10],[11]]},"carry_pending":false,"statements":38}
{"tick":60,"actual":{"root":[[5],[6],[7],[8],[10]],"edge":[[0,3],[0,4],[0,11],[1,4],[1,5],[1,8],[1,9],[1,10],[2,4],[2,5],[2,8],[2,10],[4,5],[4,8],[5,9],[5,11],[6,10],[6,11],[7,11],[8,9],[9,10]],"alive":[[5],[6],[7],[8],[9],[10],[11]]},"carry_pending":false,"statements":38}
{"tick":61,"actual":{"root":[[6],[7],[8],[10]],"edge":[[0,3],[0,4],[0,11],[1,4],[1,5],[1,8],[1,9],[1,10],[2,4],[2,5],[2,8],[2,10],[4,5],[4,8],[5,9],[5,11],[6,10],[6,11],[7,11],[8,9],[9,10]],"alive":[[6],[7],[8],[9],[10],[11]]},"carry_pending":false,"statements":88}
{"tick":62,"actual":{"root":[[6],[7],[8],[10]],"edge":[[0,3],[0,4],[0,8],[0,11],[1,4],[1,5],[1,8],[1,9],[1,10],[2,4],[2,5],[2,8],[2,10],[4,5],[4,8],[5,9],[5,11],[6,10],[6,11],[7,11],[8,9],[9,10]],"alive":[[6],[7],[8],[9],[10],[11]]},"carry_pending":false,"statements":38}
{"tick":63,"actual":{"root":[[6],[7],[8],[10]],"edge":[[0,3],[0,4],[0,8],[0,11],[1,4],[1,5],[1,8],[1,9],[1,10],[2,4],[2,5],[2,8],[2,10],[4,5],[4,8],[5,6],[5,9],[5,11],[6,10],[6,11],[7,11],[8,9],[9,10]],"alive":[[6],[7],[8],[9],[10],[11]]},"carry_pending":false,"statements":38}
{"tick":64,"actual":{"root":[[6],[7],[10]],"edge":[[0,3],[0,4],[0,8],[0,11],[1,4],[1,5],[1,8],[1,9],[1,10],[2,4],[2,5],[2,8],[2,10],[4,5],[4,8],[5,6],[5,9],[5,11],[6,10],[6,11],[7,11],[8,9],[9,10]],"alive":[[6],[7],[10],[11]]},"carry_pending":false,"statements":88}
