{"tick":0,"actual":{"root":[],"edge":[],"alive":[]},"carry_pending":false,"statements":34}
{"tick":1,"actual":{"root":[],"edge":[[3,7]],"alive":[]},"carry_pending":false,"statements":38}
{"tick":2,"actual":{"root":[],"edge":[[3,7],[5,1]],"alive":[]},"carry_pending":false,"statements":38}
{"tick":3,"actual":{"root":[],"edge":[[0,2],[3,7],[5,1]],"alive":[]},"carry_pending":false,"statements":38}
{"tick":4,"actual":{"root":[],"edge":[[0,2],[3,7],[5,0],[5,1]],"alive":[]},"carry_pending":false,"statements":38}
{"tick":5,"actual":{"root":[],"edge":[[0,2],[3,7],[5,0],[5,1],[9,9]],"alive":[]},"carry_pending":false,"statements":38}
{"tick":6,"actual":{"root":[],"edge":[[0,2],[3,7],[5,0],[5,1],[9,9],[10,3]],"alive":[]},"carry_pending":false,"statements":38}
{"tick":7,"actual":{"root":[[9]],"edge":[[0,2],[3,7],[5,0],[5,1],[9,9],[10,3]],"alive":[[9]]},"carry_pending":false,"statements":38}
{"tick":8,"actual":{"root":[[9]],"edge":[[0,2],[3,7],[5,0],[5,1],[6,10],[9,9],[10,3]],"alive":[[9]]},"carry_pending":false,"statements":38}
{"tick":9,"actual":{"root":[[0],[9]],"edge":[[0,2],[3,7],[5,0],[5,1],[6,10],[9,9],[10,3]],"alive":[[0],[2],[9]]},"carry_pending":false,"statements":42}
{"tick":10,"actual":{"root":[[0],[9]],"edge":[[0,2],[3,7],[4,4],[5,0],[5,1],[6,10],[9,9],[10,3]],"alive":[[0],[2],[9]]},"carry_pending":false,"statements":38}
{"tick":11,"actual":{"root":[[0],[9]],"edge":[[0,1],[0,2],[3,7],[4,4],[5,0],[5,1],[6,10],[9,9],[10,3]],"alive":[[0],[1],[2],[9]]},"carry_pending":false,"statements":38}
{"tick":12,"actual":{"root":[[0],[9]],"edge":[[0,1],[0,2],[3,7],[4,4],[5,0],[5,1],[6,10],[9,9],[10,3],[11,7]],"alive":[[0],[1],[2],[9]]},"carry_pending":false,"statements":38}
{"tick":13,"actual":{"root":[[0],[9]],"edge":[[0,1],[0,2],[0,8],[3,7],[4,4],[5,0],[5,1],[6,10],[9,9],[10,3],[11,7]],"alive":[[0],[1],[2],[8],[9]]},"carry_pending":false,"statements":38}
{"tick":14,"actual":{"root":[[0],[9]],"edge":[[0,1],[0,2],[0,8],[0,11],[3,7],[4,4],[5,0],[5,1],[6,10],[9,9],[10,3],[11,7]],"alive":[[0],[1],[2],[7],[8],[9],[11]]},"carry_pending":false,"statements":42}
{"tick":15,"actual":{"root":[[0],[9]],"edge":[[0,1],[0,2],[0,8],[0,11],[3,7],[4,4],[5,0],[5,1],[6,10],[7,7],[9,9],[10,3],[11,7]],"alive":[[0],[1],[2],[7],[8],[9],[11]]},"carry_pending":false,"statements":38}
{"tick":16,"actual":{"root":[[0],[9]],"edge":[[0,1],[0,2],[0,8],[0,11],[3,7],[4,4],[5,0],[5,1],[6,10],[7,7],[9,9],[11,7]],"alive":[[0],[1],[2],[7],[8],[9],[11]]},"carry_pending":false,"statements":95}
{"tick":17,"actual":{"root":[[0],[9]],"edge":[[0,1],[0,2],[0,8],[0,11],[3,7],[4,4],[5,0],[5,1],[5,3],[6,10],[7,7],[9,9],[11,7]],"alive":[[0],[1],[2],[7],[8],[9],[11]]},"carry_pending":false,"statements":38}
{"tick":18,"actual":{"root":[[0],[9],[10]],"edge":[[0,1],[0,2],[0,8],[0,11],[3,7],[4,4],[5,0],[5,1],[5,3],[6,10],[7,7],[9,9],[11,7]],"alive":[[0],[1],[2],[7],[8],[9],[10],[11]]},"carry_pending":false,"statements":38}
{"tick":19,"actual":{"root":[[0],[9],[10]],"edge":[[0,1],[0,2],[0,8],[0,11],[3,7],[4,4],[5,0],[5,1],[5,3],[6,10],[7,7],[9,8],[9,9],[11,7]],"alive":[[0],[1],[2],[7],[8],[9],[10],[11]]},"carry_pending":false,"statements":38}
{"tick":20,"actual":{"root":[[0],[9],[10]],"edge":[[0,1],[0,2],[0,8],[0,11],[3,5],[3,7],[4,4],[5,0],[5,1],[5,3],[6,10],[7,7],[9,8],[9,9],[11,7]],"alive":[[0],[1],[2],[7],[8],[9],[10],[11]]},"carry_pending":false,"statements":38}
{"tick":21,"actual":{"root":[[0],[9],[10]],"edge":[[0,1],[0,2],[0,8],[0,11],[3,5],[3,7],[4,4],[5,0],[5,1],[5,3],[6,9],[6,10],[7,7],[9,8],[9,9],[11,7]],"alive":[[0],[1],[2],[7],[8],[9],[10],[11]]},"carry_pending":false,"statements":38}
{"tick":22,"actual":{"root":[[0],[9],[10]],"edge":[[0,1],[0,2],[0,8],[0,11],[3,5],[3,7],[4,4],[5,0],[5,1],[5,3],[6,9],[6,10],[7,7],[9,8],[9,9],[10,4],[11,7]],"alive":[[0],[1],[2],[4],[7],[8],[9],[10],[11]]},"carry_pending":false,"statements":38}
{"tick":23,"actual":{"root":[[0],[9],[10]],"edge":[[0,1],[0,2],[0,8],[0,11],[3,0],[3,5],[3,7],[4,4],[5,0],[5,1],[5,3],[6,9],[6,10],[7,7],[9,8],[9,9],[10,4],[11,7]],"alive":[[0],[1],[2],[4],[7],[8],[9],[10],[11]]},"carry_pending":false,"statements":38}
{"tick":24,"actual":{"root":[[0],[9],[10]],"edge":[[0,1],[0,2],[0,8],[0,11],[3,0],[3,5],[3,7],[4,4],[5,0],[5,1],[5,3],[5,6],[6,9],[6,10],[7,7],[9,8],[9,9],[10,4],[11,7]],"alive":[[0],[1],[2],[4],[7],[8],[9],[10],[11]]},"carry_pending":false,"statements":38}
{"tick":25,"actual":{"root":[[0],[9],[10]],"edge":[[0,1],[0,2],[0,8],[0,11],[3,0],[3,5],[3,7],[4,4],[4,10],[5,0],[5,1],[5,3],[5,6],[6,9],[6,10],[7,7],[9,8],[9,9],[10,4],[11,7]],"alive":[[0],[1],[2],[4],[7],[8],[9],[10],[11]]},"carry_pending":false,"statements":38}
{"tick":26,"actual":{"root":[[0],[9],[10]],"edge":[[0,1],[0,2],[0,8],[0,11],[3,0],[3,5],[3,7],[4,4],[4,10],[5,0],[5,1],[5,3],[5,6],[6,9],[6,10],[7,7],[9,8],[9,9],[10,4],[11,0],[11,7]],"alive":[[0],[1],[2],[4],[7],[8],[9],[10],[11]]},"carry_pending":false,"statements":38}
{"tick":27,"actual":{"root":[[0],[9],[10]],"edge":[[0,1],[0,2],[0,8],[0,11],[3,0],[3,5],[3,7],[4,4],[4,10],[5,0],[5,1],[5,3],[5,6],[5,9],[6,9],[6,10],[7,7],[9,8],[9,9],[10,4],[11,0],[11,7]],"alive":[[0],[1],[2],[4],[7],[8],[9],[10],[11]]},"carry_pending":false,"statements":38}
{"tick":28,"actual":{"root":[[0],[8],[9],[10]],"edge":[[0,1],[0,2],[0,8],[0,11],[3,0],[3,5],[3,7],[4,4],[4,10],[5,0],[5,1],[5,3],[5,6],[5,9],[6,9],[6,10],[7,7],[9,8],[9,9],[10,4],[11,0],[11,7]],"alive":[[0],[1],[2],[4],[7],[8],[9],[10],[11]]},"carry_pending":false,"statements":38}
{"tick":29,"actual":{"root":[[8],[9],[10]],"edge":[[0,1],[0,2],[0,8],[0,11],[3,0],[3,5],[3,7],[4,4],[4,10],[5,0],[5,1],[5,3],[5,6],[5,9],[6,9],[6,10],[7,7],[9,8],[9,9],[10,4],[11,0],[11,7]],"alive":[[4],[8],[9],[10]]},"carry_pending":false,"statements":88}
{"tick":30,"actual":{"root":[[8],[9],[10]],"edge":[[0,1],[0,2],[0,4],[0,8],[0,11],[3,0],[3,5],[3,7],[4,4],[4,10],[5,0],[5,1],[5,3],[5,6],[5,9],[6,9],[6,10],[7,7],[9,8],[9,9],[10,4],[11,0],[11,7]],"alive":[[4],[8],[9],[10]]},"carry_pending":false,"statements":38}
{"tick":31,"actual":{"root":[[8],[9],[10]],"edge":[[0,1],[0,2],[0,4],[0,8],[0,11],[3,0],[3,5],[3,7],[4,4],[4,10],[5,0],[5,1],[5,3],[5,6],[5,9],[6,9],[6,10],[7,7],[9,8],[9,9],[10,2],[10,4],[11,0],[11,7]],"alive":[[2],[4],[8],[9],[10]]},"carry_pending":false,"statements":38}
{"tick":32,"actual":{"root":[[8],[9],[10]],"edge":[[0,1],[0,2],[0,4],[0,8],[0,11],[3,0],[3,5],[3,7],[4,4],[4,10],[5,0],[5,1],[5,3],[5,6],[5,9],[5,11],[6,9],[6,10],[7,7],[9,8],[9,9],[10,2],[10,4],[11,0],[11,7]],"alive":[[2],[4],[8],[9],[10]]},"carry_pending":false,"statements":38}
{"tick":33,"actual":{"root":[[8],[9],[10]],"edge":[[0,1],[0,2],[0,4],[0,11],[3,0],[3,5],[3,7],[4,4],[4,10],[5,0],[5,1],[5,3],[5,6],[5,9],[5,11],[6,9],[6,10],[7,7],[9,8],[9,9],[10,2],[10,4],[11,0],[11,7]],"alive":[[2],[4],[8],[9],[10]]},"carry_pending":false,"statements":95}
{"tick":34,"actual":{"root":[[5],[8],[9],[10]],"edge":[[0,1],[0,2],[0,4],[0,11],[3,0],[3,5],[3,7],[4,4],[4,10],[5,0],[5,1],[5,3],[5,6],[5,9],[5,11],[6,9],[6,10],[7,7],[9,8],[9,9],[10,2],[10,4],[11,0],[11,7]],"alive":[[0],[1],[2],[3],[4],[5],[6],[7],[8],[9],[10],[11]]},"carry_pending":false,"statements":46}
{"tick":35,"actual":{"root":[[5],[9],[10]],"edge":[[0,1],[0,2],[0,4],[0,11],[3,0],[3,5],[3,7],[4,4],[4,10],[5,0],[5,1],[5,3],[5,6],[5,9],[5,11],[6,9],[6,10],[7,7],[9,8],[9,9],[10,2],[10,4],[11,0],[11,7]],"alive":[[0],[1],[2],[3],[4],[5],[6],[7],[8],[9],[10],[11]]},"carry_pending":false,"statements":95}
{"tick":36,"actual":{"root":[[5],[6],[9],[10]],"edge":[[0,1],[0,2],[0,4],[0,11],[3,0],[3,5],[3,7],[4,4],[4,10],[5,0],[5,1],[5,3],[5,6],[5,9],[5,11],[6,9],[6,10],[7,7],[9,8],[9,9],[10,2],[10,4],[11,0],[11,7]],"alive":[[0],[1],[2],[3],[4],[5],[6],[7],[8],[9],[10],[11]]},"carry_pending":false,"statements":38}
{"tick":37,"actual":{"root":[[5],[6],[9],[10]],"edge":[[0,1],[0,2],[0,4],[0,11],[3,0],[3,5],[3,7],[4,4],[4,10],[5,0],[5,1],[5,3],[5,6],[5,9],[5,11],[6,9],[6,10],[7,7],[9,8],[9,9],[10,2],[10,4],[11,0],[11,7],[11,11]],"alive":[[0],[1],[2],[3],[4],[5],[6],[7],[8],[9],[10],[11]]},"carry_pending":false,"statements":38}
{"tick":38,"actual":{"root":[[5],[6],[9],[10]],"edge":[[0,1],[0,2],[0,4],[0,7],[0,11],[3,0],[3,5],[3,7],[4,4],[4,10],[5,0],[5,1],[5,3],[5,6],[5,9],[5,11],[6,9],[6,10],[7,7],[9,8],[9,9],[10,2],[10,4],[11,0],[11,7],[11,11]],"alive":[[0],[1],[2],[3],[4],[5],[6],[7],[8],[9],[10],[11]]},"carry_pending":false,"statements":38}
{"tick":39,"actual":{"root":[[5],[6],[9],[10]],"edge":[[0,1],[0,2],[0,4],[0,7],[0,11],[3,0],[3,5],[3,7],[4,4],[4,10],[5,0],[5,1],[5,3],[5,6],[5,9],[5,11],[6,9],[6,10],[7,3],[7,7],[9,8],[9,9],[10,2],[10,4],[11,0],[11,7],[11,11]],"alive":[[0],[1],[2],[3],[4],[5],[6],[7],[8],[9],[10],[11]]},"carry_pending":false,"statements":38}
{"tick":40,"actual":{"root":[[5],[6],[9],[10]],"edge":[[0,1],[0,2],[0,4],[0,11],[3,0],[3,5],[3,7],[4,4],[4,10],[5,0],[5,1],[5,3],[5,6],[5,9],[5,11],[6,9],[6,10],[7,3],[7,7],[9,8],[9,9],[10,2],[10,4],[11,0],[11,7],[11,11]],"alive":[[0],[1],[2],[3],[4],[5],[6],[7],[8],[9],[10],[11]]},"carry_pending":false,"statements":93}
{"tick":41,"actual":{"root":[[5],[6],[8],[9],[10]],"edge":[[0,1],[0,2],[0,4],[0,11],[3,0],[3,5],[3,7],[4,4],[4,10],[5,0],[5,1],[5,3],[5,6],[5,9],[5,11],[6,9],[6,10],[7,3],[7,7],[9,8],[9,9],[10,2],[10,4],[11,0],[11,7],[11,11]],"alive":[[0],[1],[2],[3],[4],[5],[6],[7],[8],[9],[10],[11]]},"carry_pending":false,"statements":38}
{"tick":42,"actual":{"root":[[5],[6],[8],[9],[10]],"edge":[[0,1],[0,2],[0,4],[0,11],[3,0],[3,5],[3,7],[4,4],[4,10],[5,0],[5,1],[5,3],[5,9],[5,11],[6,9],[6,10],[7,3],[7,7],[9,8],[9,9],[10,2],[10,4],[11,0],[11,7],[11,11]],"alive":[[0],[1],[2],[3],[4],[5],[6],[7],[8],[9],[10],[11]]},"carry_pending":false,"statements":93}
{"tick":43,"actual":{"root":[[5],[6],[8],[10]],"edge":[[0,1],[0,2],[0,4],[0,11],[3,0],[3,5],[3,7],[4,4],[4,10],[5,0],[5,1],[5,3],[5,9],[5,11],[6,9],[6,10],[7,3],[7,7],[9,8],[9,9],[10,2],[10,4],[11,0],[11,7],[11,11]],"alive":[[0],[1],[2],[3],[4],[5],[6],[7],[8],[9],[10],[11]]},"carry_pending":false,"statements":101}
{"tick":44,"actual":{"root":[[5],[6],[8],[10]],"edge":[[0,1],[0,2],[0,4],[0,11],[2,5],[3,0],[3,5],[3,7],[4,4],[4,10],[5,0],[5,1],[5,3],[5,9],[5,11],[6,9],[6,10],[7,3],[7,7],[9,8],[9,9],[10,2],[10,4],[11,0],[11,7],[11,11]],"alive":[[0],[1],[2],[3],[4],[5],[6],[7],[8],[9],[10],[11]]},"carry_pending":false,"statements":38}
{"tick":45,"actual":{"root":[[5],[6],[8],[10]],"edge":[[0,1],[0,2],[0,4],[0,11],[2,5],[3,0],[3,5],[3,7],[4,4],[4,10],[5,0],[5,1],[5,3],[5,9],[5,11],[6,9],[6,10],[7,3],[7,7],[8,7],[9,8],[9,9],[10,2],[10,4],[11,0],[11,7],[11,11]],"alive":[[0],[1],[2],[3],[4],[5],[6],[7],[8],[9],[10],[11]]},"carry_pending":false,"statements":38}
{"tick":46,"actual":{"root":[[5],[6],[8],[10]],"edge":[[0,0],[0,1],[0,2],[0,4],[0,11],[2,5],[3,0],[3,5],[3,7],[4,4],[4,10],[5,0],[5,1],[5,3],[5,9],[5,11],[6,9],[6,10],[7,3],[7,7],[8,7],[9,8],[9,9],[10,2],[10,4],[11,0],[11,7],[11,11]],"alive":[[0],[1],[2],[3],[4],[5],[6],[7],[8],[9],[10],[11]]},"carry_pending":false,"statements":38}
{"tick":47,"actual":{"root":[[5],[6],[8],[10]],"edge":[[0,0],[0,1],[0,2],[0,4],[0,11],[2,5],[3,0],[3,5],[3,7],[4,4],[4,10],[5,0],[5,1],[5,3],[5,9],[5,11],[6,9],[6,10],[7,3],[7,7],[8,2],[8,7],[9,8],[9,9],[10,2],[10,4],[11,0],[11,7],[11,11]],"alive":[[0],[1],[2],[3],[4],[5],[6],[7],[8],[9],[10],[11]]},"carry_pending":false,"statements":38}
{"tick":48,"actual":{"root":[[5],[6],[8],[10]],"edge":[[0,0],[0,1],[0,4],[0,11],[2,5],[3,0],[3,5],[3,7],[4,4],[4,10],[5,0],[5,1],[5,3],[5,9],[5,11],[6,9],[6,10],[7,3],[7,7],[8,2],[8,7],[9,8],[9,9],[10,2],[10,4],[11,0],[11,7],[11,11]],"alive":[[0],[1],[2],[3],[4],[5],[6],[7],[8],[9],[10],[11]]},"carry_pending":false,"statements":87}
{"tick":49,"actual":{"root":[[5],[6],[8],[10]],"edge":[[0,0],[0,1],[0,4],[0,11],[1,4],[2,5],[3,0],[3,5],[3,7],[4,4],[4,10],[5,0],[5,1],[5,3],[5,9],[5,11],[6,9],[6,10],[7,3],[7,7],[8,2],[8,7],[9,8],[9,9],[10,2],[10,4],[11,0],[11,7],[11,11]],"alive":[[0],[1],[2],[3],[4],[5],[6],[7],[8],[9],[10],[11]]},"carry_pending":false,"statements":38}
{"tick":50,"actual":{"root":[[5],[6],[8],[10]],"edge":[[0,0],[0,1],[0,4],[0,11],[1,4],[2,5],[3,0],[3,5],[3,7],[4,4],[4,10],[5,0],[5,1],[5,3],[5,9],[5,11],[6,9],[6,10],[7,3],[7,7],[8,2],[8,4],[8,7],[9,8],[9,9],[10,2],[10,4],[11,0],[11,7],[11,11]],"alive":[[0],[1],[2],[3],[4],[5],[6],[7],[8],[9],[10],[11]]},"carry_pending":false,"statements":38}
{"tick":51,"actual":{"root":[[5],[6],[8],[10]],"edge":[[0,0],[0,1],[0,4],[0,11],[1,4],[2,5],[3,0],[3,5],[3,7],[4,4],[4,10],[5,0],[5,1],[5,3],[5,9],[5,11],[6,9],[6,10],[6,11],[7,3],[7,7],[8,2],[8,4],[8,7],[9,8],[9,9],[10,2],[10,4],[11,0],[11,7],[11,11]],"alive":[[0],[1],[2],[3],[4],[5],[6],[7],[8],[9],[10],[11]]},"carry_pending":false,"statements":38}
{"tick":52,"actual":{"root":[[5],[6],[8],[10]],"edge":[[0,0],[0,1],[0,4],[0,11],[1,4],[2,5],[3,0],[3,5],[3,7],[4,4],[4,10],[5,1],[5,3],[5,9],[5,11],[6,9],[6,10],[6,11],[7,3],[7,7],[8,2],[8,4],[8,7],[9,8],[9,9],[10,2],[10,4],[11,0],[11,7],[11,11]],"alive":[[0],[1],[2],[3],[4],[5],[6],[7],[8],[9],[10],[11]]},"carry_pending":false,"statements":87}
{"tick":53,"actual":{"root":[[5],[6],[8],[10]],"edge":[[0,0],[0,1],[0,4],[0,11],[1,4],[2,5],[3,0],[3,5],[3,7],[4,4],[4,10],[5,1],[5,3],[5,9],[5,11],[6,10],[6,11],[7,3],[7,7],[8,2],[8,4],[8,7],[9,8],[9,9],[10,2],[10,4],[11,0],[11,7],[11,11]],"alive":[[0],[1],[2],[3],[4],[5],[6],[7],[8],[9],[10],[11]]},"carry_pending":false,"statements":93}
{"tick":54,"actual":{"root":[[5],[6],[8],[10]],"edge":[[0,0],[0,1],[0,4],[0,11],[1,4],[2,5],[3,0],[3,5],[3,7],[4,4],[4,10],[5,1],[5,3],[5,9],[5,11],[6,10],[6,11],[7,3],[7,7],[8,2],[8,4],[8,7],[9,4],[9,8],[9,9],[10,2],[10,4],[11,0],[11,7],[11,11]],"alive":[[0],[1],[2],[3],[4],[5],[6],[7],[8],[9],[10],[11]]},"carry_pending":false,"statements":38}
{"tick":55,"actual":{"root":[[5],[6],[8],[10]],"edge":[[0,0],[0,1],[0,4],[0,11],[1,4],[1,10],[2,5],[3,0],[3,5],[3,7],[4,4],[4,10],[5,1],[5,3],[5,9],[5,11],[6,10],[6,11],[7,3],[7,7],[8,2],[8,4],[8,7],[9,4],[9,8],[9,9],[10,2],[10,4],[11,0],[11,7],[11,11]],"alive":[[0],[1],[2],[3],[4],[5],[6],[7],[8],[9],[10],[11]]},"carry_pending":false,"statements":38}
{"tick":56,"actual":{"root":[[5],[6],[8],[10]],"edge":[[0,0],[0,1],[0,4],[0,11],[1,4],[1,10],[2,5],[3,0],[3,5],[3,7],[4,4],[4,10],[5,1],[5,3],[5,9],[5,11],[6,10],[6,11],[7,3],[7,7],[8,2],[8,4],[8,7],[9,1],[9,4],[9,8],[9,9],[10,2],[10,4],[11,0],[11,7],[11,11]],"alive":[[0],[1],[2],[3],[4],[5],[6],[7],[8],[9],[10],[11]]},"carry_pending":false,"statements":38}
{"tick":57,"actual":{"root":[[5],[6],[8],[10]],"edge":[[0,0],[0,1],[0,4],[0,11],[1,4],[1,10],[2,5],[3,0],[3,5],[3,7],[4,4],[4,9],[4,10],[5,1],[5,3],[5,9],[5,11],[6,10],[6,11],[7,3],[7,7],[8,2],[8,4],[8,7],[9,1],[9,4],[9,8],[9,9],[10,2],[10,4],[11,0],[11,7],[11,11]],"alive":[[0],[1],[2],[3],[4],[5],[6],[7],[8],[9],[10],[11]]},"carry_pending":false,"statements":38}
{"tick":58,"actual":{"root":[[5],[6],[7],[8],[10]],"edge":[[0,0],[0,1],[0,4],[0,11],[1,4],[1,10],[2,5],[3,0],[3,5],[3,7],[4,4],[4,9],[4,10],[5,1],[5,3],[5,9],[5,11],[6,10],[6,11],[7,3],[7,7],[8,2],[8,4],[8,7],[9,1],[9,4],[9,8],[9,9],[10,2],[10,4],[11,0],[11,7],[11,11]],"alive":[[0],[1],[2],[3],[4],[5],[6],[7],[8],[9],[10],[11]]},"carry_pending":false,"statements":38}
{"tick":59,"actual":{"root":[[5],[6],[7],[8],[10]],"edge":[[0,0],[0,1],[0,4],[0,11],[1,4],[1,10],[2,4],[2,5],[3,0],[3,5],[3,7],[4,4],[4,9],[4,10],[5,1],[5,3],[5,9],[5,11],[6,10],[6,11],[7,3],[7,7],[8,2],[8,4],[8,7],[9,1],[9,4],[9,8],[9,9],[10,2],[10,4],[11,0],[11,7],[11,11]],"alive":[[0],[1],[2],[3],[4],[5],[6],[7],[8],[9],[10],[11]]},"carry_pending":false,"statements":38}
{"tick":60,"actual":{"root":[[5],[6],[7],[8],[10]],"edge":[[0,0],[0,1],[0,4],[0,11],[1,4],[1,10],[2,4],[2,5],[3,0],[3,5],[3,7],[4,4],[4,9],[4,10],[5,1],[5,3],[5,9],[5,11],[6,10],[6,11],[7,3],[7,7],[8,1],[8,2],[8,4],[8,7],[9,1],[9,4],[9,8],[9,9],[10,2],[10,4],[11,0],[11,7],[11,11]],"alive":[[0],[1],[2],[3],[4],[5],[6],[7],[8],[9],[10],[11]]},"carry_pending":false,"statements":38}
{"tick":61,"actual":{"root":[[6],[7],[8],[10]],"edge":[[0,0],[0,1],[0,4],[0,11],[1,4],[1,10],[2,4],[2,5],[3,0],[3,5],[3,7],[4,4],[4,9],[4,10],[5,1],[5,3],[5,9],[5,11],[6,10],[6,11],[7,3],[7,7],[8,1],[8,2],[8,4],[8,7],[9,1],[9,4],[9,8],[9,9],[10,2],[10,4],[11,0],[11,7],[11,11]],"alive":[[0],[1],[2],[3],[4],[5],[6],[7],[8],[9],[10],[11]]},"carry_pending":false,"statements":87}
{"tick":62,"actual":{"root":[[6],[7],[8],[10]],"edge":[[0,0],[0,1],[0,4],[0,11],[1,4],[1,10],[2,4],[2,5],[3,0],[3,5],[3,7],[4,4],[4,9],[4,10],[5,1],[5,3],[5,9],[5,11],[6,10],[6,11],[7,3],[7,7],[8,0],[8,1],[8,2],[8,4],[8,7],[9,1],[9,4],[9,8],[9,9],[10,2],[10,4],[11,0],[11,7],[11,11]],"alive":[[0],[1],[2],[3],[4],[5],[6],[7],[8],[9],[10],[11]]},"carry_pending":false,"statements":38}
{"tick":63,"actual":{"root":[[6],[7],[8],[10]],"edge":[[0,0],[0,1],[0,4],[0,11],[1,4],[1,10],[2,4],[2,5],[3,0],[3,5],[3,7],[4,4],[4,9],[4,10],[5,1],[5,3],[5,5],[5,9],[5,11],[6,10],[6,11],[7,3],[7,7],[8,0],[8,1],[8,2],[8,4],[8,7],[9,1],[9,4],[9,8],[9,9],[10,2],[10,4],[11,0],[11,7],[11,11]],"alive":[[0],[1],[2],[3],[4],[5],[6],[7],[8],[9],[10],[11]]},"carry_pending":false,"statements":38}
{"tick":64,"actual":{"root":[[6],[7],[10]],"edge":[[0,0],[0,1],[0,4],[0,11],[1,4],[1,10],[2,4],[2,5],[3,0],[3,5],[3,7],[4,4],[4,9],[4,10],[5,1],[5,3],[5,5],[5,9],[5,11],[6,10],[6,11],[7,3],[7,7],[8,0],[8,1],[8,2],[8,4],[8,7],[9,1],[9,4],[9,8],[9,9],[10,2],[10,4],[11,0],[11,7],[11,11]],"alive":[[0],[1],[2],[3],[4],[5],[6],[7],[8],[9],[10],[11]]},"carry_pending":false,"statements":93}
