{"tick":0,"actual":{"root":[],"edge":[],"alive":[]},"carry_pending":false,"statements":34}
{"tick":1,"actual":{"root":[],"edge":[[11,2]],"alive":[]},"carry_pending":false,"statements":38}
{"tick":2,"actual":{"root":[],"edge":[[1,0],[11,2]],"alive":[]},"carry_pending":false,"statements":38}
{"tick":3,"actual":{"root":[],"edge":[[1,0],[8,2],[11,2]],"alive":[]},"carry_pending":false,"statements":38}
{"tick":4,"actual":{"root":[],"edge":[[1,0],[5,5],[8,2],[11,2]],"alive":[]},"carry_pending":false,"statements":38}
{"tick":5,"actual":{"root":[[2]],"edge":[[1,0],[5,5],[8,2],[11,2]],"alive":[[2]]},"carry_pending":false,"statements":38}
{"tick":6,"actual":{"root":[[2]],"edge":[[0,7],[1,0],[5,5],[8,2],[11,2]],"alive":[[2]]},"carry_pending":false,"statements":38}
{"tick":7,"actual":{"root":[[2],[4]],"edge":[[0,7],[1,0],[5,5],[8,2],[11,2]],"alive":[[2],[4]]},"carry_pending":false,"statements":38}
{"tick":8,"actual":{"root":[[2],[4]],"edge":[[0,7],[1,0],[5,5],[7,2],[8,2],[11,2]],"alive":[[2],[4]]},"carry_pending":false,"statements":38}
{"tick":9,"actual":{"root":[[2],[4]],"edge":[[0,7],[1,0],[5,5],[7,2],[8,1],[8,2],[11,2]],"alive":[[2],[4]]},"carry_pending":false,"statements":38}
{"tick":10,"actual":{"root":[[1],[2],[4]],"edge":[[0,7],[1,0],[5,5],[7,2],[8,1],[8,2],[11,2]],"alive":[[0],[1],[2],[4],[7]]},"carry_pending":false,"statements":46}
{"tick":11,"actual":{"root":[[1],[2],[4]],"edge":[[0,2],[0,7],[1,0],[5,5],[7,2],[8,1],[8,2],[11,2]],"alive":[[0],[1],[2],[4],[7]]},"carry_pending":false,"statements":38}
{"tick":12,"actual":{"root":[[1],[4]],"edge":[[0,2],[0,7],[1,0],[5,5],[7,2],[8,1],[8,2],[11,2]],"alive":[[0],[1],[2],[4],[7]]},"carry_pending":false,"statements":95}
{"tick":13,"actual":{"root":[[4]],"edge":[[0,2],[0,7],[1,0],[5,5],[7,2],[8,1],[8,2],[11,2]],"alive":[[4]]},"carry_pending":false,"statements":85}
{"tick":14,"actual":{"root":[[4]],"edge":[[0,2],[0,6],[0,7],[1,0],[5,5],[7,2],[8,1],[8,2],[11,2]],"alive":[[4]]},"carry_pending":false,"statements":38}
{"tick":15,"actual":{"root":[],"edge":[[0,2],[0,6],[0,7],[1,0],[5,5],[7,2],[8,1],[8,2],[11,2]],"alive":[]},"carry_pending":false,"statements":82}
{"tick":16,"actual":{"root":[],"edge":[[0,2],[0,6],[1,0],[5,5],[7,2],[8,1],[8,2],[11,2]],"alive":[]},"carry_pending":false,"statements":95}
{"tick":17,"actual":{"root":[[4]],"edge":[[0,2],[0,6],[1,0],[5,5],[7,2],[8,1],[8,2],[11,2]],"alive":[[4]]},"carry_pending":false,"statements":38}
{"tick":18,"actual":{"root":[[2],[4]],"edge":[[0,2],[0,6],[1,0],[5,5],[7,2],[8,1],[8,2],[11,2]],"alive":[[2],[4]]},"carry_pending":false,"statements":38}
{"tick":19,"actual":{"root":[[2],[4]],"edge":[[0,2],[0,6],[1,0],[5,5],[7,2],[8,1],[8,2],[9,10],[11,2]],"alive":[[2],[4]]},"carry_pending":false,"statements":38}
{"tick":20,"actual":{"root":[[2],[4]],"edge":[[0,2],[0,4],[0,6],[1,0],[5,5],[7,2],[8,1],[8,2],[9,10],[11,2]],"alive":[[2],[4]]},"carry_pending":false,"statements":38}
{"tick":21,"actual":{"root":[[4]],"edge":[[0,2],[0,4],[0,6],[1,0],[5,5],[7,2],[8,1],[8,2],[9,10],[11,2]],"alive":[[4]]},"carry_pending":false,"statements":82}
{"tick":22,"actual":{"root":[[4]],"edge":[[0,2],[0,4],[0,6],[1,0],[5,5],[7,2],[8,1],[8,2],[9,10],[10,8],[11,2]],"alive":[[4]]},"carry_pending":false,"statements":38}
{"tick":23,"actual":{"root":[[4]],"edge":[[0,2],[0,4],[0,6],[1,0],[4,1],[5,5],[7,2],[8,1],[8,2],[9,10],[10,8],[11,2]],"alive":[[0],[1],[2],[4],[6]]},"carry_pending":false,"statements":46}
{"tick":24,"actual":{"root":[[4]],"edge":[[0,2],[0,4],[0,6],[1,0],[2,5],[4,1],[5,5],[7,2],[8,1],[8,2],[9,10],[10,8],[11,2]],"alive":[[0],[1],[2],[4],[5],[6]]},"carry_pending":false,"statements":38}
{"tick":25,"actual":{"root":[[4]],"edge":[[0,2],[0,4],[0,6],[1,0],[2,5],[4,1],[5,5],[7,2],[7,3],[8,1],[8,2],[9,10],[10,8],[11,2]],"alive":[[0],[1],[2],[4],[5],[6]]},"carry_pending":false,"statements":38}
{"tick":26,"actual":{"root":[[4]],"edge":[[0,2],[0,4],[0,6],[1,0],[2,5],[4,1],[5,5],[7,2],[7,3],[8,1],[9,10],[10,8],[11,2]],"alive":[[0],[1],[2],[4],[5],[6]]},"carry_pending":false,"statements":95}
{"tick":27,"actual":{"root":[[4],[9]],"edge":[[0,2],[0,4],[0,6],[1,0],[2,5],[4,1],[5,5],[7,2],[7,3],[8,1],[9,10],[10,8],[11,2]],"alive":[[0],[1],[2],[4],[5],[6],[8],[9],[10]]},"carry_pending":false,"statements":46}
{"tick":28,"actual":{"root":[[4],[9]],"edge":[[0,2],[0,4],[0,6],[1,0],[2,5],[4,1],[5,5],[7,2],[7,3],[8,1],[9,10],[10,8],[11,1],[11,2]],"alive":[[0],[1],[2],[4],[5],[6],[8],[9],[10]]},"carry_pending":false,"statements":38}
{"tick":29,"actual":{"root":[[4],[9],[11]],"edge":[[0,2],[0,4],[0,6],[1,0],[2,5],[4,1],[5,5],[7,2],[7,3],[8,1],[9,10],[10,8],[11,1],[11,2]],"alive":[[0],[1],[2],[4],[5],[6],[8],[9],[10],[11]]},"carry_pending":false,"statements":38}
{"tick":30,"actual":{"root":[[4],[9],[11]],"edge":[[0,2],[0,4],[0,6],[1,0],[2,5],[4,1],[5,5],[6,10],[7,2],[7,3],[8,1],[9,10],[10,8],[11,1],[11,2]],"alive":[[0],[1],[2],[4],[5],[6],[8],[9],[10],[11]]},"carry_pending":false,"statements":38}
{"tick":31,"actual":{"root":[[4],[9],[11]],"edge":[[0,2],[0,4],[0,6],[1,0],[2,5],[4,1],[4,8],[5,5],[6,10],[7,2],[7,3],[8,1],[9,10],[10,8],[11,1],[11,2]],"alive":[[0],[1],[2],[4],[5],[6],[8],[9],[10],[11]]},"carry_pending":false,"statements":38}
{"tick":32,"actual":{"root":[[4],[9]],"edge":[[0,2],[0,4],[0,6],[1,0],[2,5],[4,1],[4,8],[5,5],[6,10],[7,2],[7,3],[8,1],[9,10],[10,8],[11,1],[11,2]],"alive":[[0],[1],[2],[4],[5],[6],[8],[9],[10]]},"carry_pending":false,"statements":97}
{"tick":33,"actual":{"root":[[4],[9]],"edge":[[0,2],[0,4],[0,6],[1,0],[2,0],[2,5],[4,1],[4,8],[5,5],[6,10],[7,2],[7,3],[8,1],[9,10],[10,8],[11,1],[11,2]],"alive":[[0],[1],[2],[4],[5],[6],[8],[9],[10]]},"carry_pending":false,"statements":38}
{"tick":34,"actual":{"root":[[4],[9]],"edge":[[0,2],[0,4],[0,6],[1,0],[2,0],[2,5],[4,1],[4,8],[5,5],[6,10],[7,2],[7,3],[8,1],[9,10],[11,1],[11,2]],"alive":[[0],[1],[2],[4],[5],[6],[8],[9],[10]]},"carry_pending":false,"statements":105}
{"tick":35,"actual":{"root":[[0],[4],[9]],"edge":[[0,2],[0,4],[0,6],[1,0],[2,0],[2,5],[4,1],[4,8],[5,5],[6,10],[7,2],[7,3],[8,1],[9,10],[11,1],[11,2]],"alive":[[0],[1],[2],[4],[5],[6],[8],[9],[10]]},"carry_pending":false,"statements":38}
{"tick":36,"actual":{"root":[[0],[4],[9]],"edge":[[0,2],[0,4],[0,6],[1,0],[2,0],[2,5],[4,1],[4,8],[5,5],[6,10],[7,2],[7,3],[8,1],[9,10],[10,7],[11,1],[11,2]],"alive":[[0],[1],[2],[3],[4],[5],[6],[7],[8],[9],[10]]},"carry_pending":false,"statements":42}
{"tick":37,"actual":{"root":[[0],[4],[9],[10]],"edge":[[0,2],[0,4],[0,6],[1,0],[2,0],[2,5],[4,1],[4,8],[5,5],[6,10],[7,2],[7,3],[8,1],[9,10],[10,7],[11,1],[11,2]],"alive":[[0],[1],[2],[3],[4],[5],[6],[7],[8],[9],[10]]},"carry_pending":false,"statements":38}
{"tick":38,"actual":{"root":[[0],[4],[9],[10]],"edge":[[0,2],[0,4],[0,6],[1,0],[1,3],[2,0],[2,5],[4,1],[4,8],[5,5],[6,10],[7,2],[7,3],[8,1],[9,10],[10,7],[11,1],[11,2]],"alive":[[0],[1],[2],[3],[4],[5],[6],[7],[8],[9],[10]]},"carry_pending":false,"statements":38}
{"tick":39,"actual":{"root":[[0],[4],[9],[10]],"edge":[[0,2],[0,4],[0,6],[1,0],[1,3],[2,0],[2,5],[4,1],[4,3],[4,8],[5,5],[6,10],[7,2],[7,3],[8,1],[9,10],[10,7],[11,1],[11,2]],"alive":[[0],[1],[2],[3],[4],[5],[6],[7],[8],[9],[10]]},"carry_pending":false,"statements":38}
{"tick":40,"actual":{"root":[[0],[4],[9],[10]],"edge":[[0,2],[0,4],[0,6],[1,0],[1,3],[2,0],[2,5],[4,1],[4,3],[4,8],[5,5],[6,10],[7,2],[7,3],[8,1],[9,10],[10,3],[10,7],[11,1],[11,2]],"alive":[[0],[1],[2],[3],[4],[5],[6],[7],[8],[9],[10]]},"carry_pending":false,"statements":38}
{"tick":41,"actual":{"root":[[0],[4],[9]],"edge":[[0,2],[0,4],[0,6],[1,0],[1,3],[2,0],[2,5],[4,1],[4,3],[4,8],[5,5],[6,10],[7,2],[7,3],[8,1],[9,10],[10,3],[10,7],[11,1],[11,2]],"alive":[[0],[1],[2],[3],[4],[5],[6],[7],[8],[9],[10]]},"carry_pending":false,"statements":87}
{"tick":42,"actual":{"root":[[0],[4],[9]],"edge":[[0,2],[0,4],[0,6],[1,0],[1,3],[2,5],[4,1],[4,3],[4,8],[5,5],[6,10],[7,2],[7,3],[8,1],[9,10],[10,3],[10,7],[11,1],[11,2]],"alive":[[0],[1],[2],[3],[4],[5],[6],[7],[8],[9],[10]]},"carry_pending":false,"statements":87}
{"tick":43,"actual":{"root":[[0],[4],[9]],"edge":[[0,2],[0,4],[0,6],[1,0],[1,3],[2,5],[4,1],[4,3],[4,8],[5,5],[6,10],[7,2],[7,3],[8,1],[9,10],[10,3],[10,7],[11,1]],"alive":[[0],[1],[2],[3],[4],[5],[6],[7],[8],[9],[10]]},"carry_pending":false,"statements":95}
{"tick":44,"actual":{"root":[[0],[4],[9]],"edge":[[0,2],[0,4],[0,6],[1,0],[1,3],[2,5],[4,1],[4,3],[4,8],[5,5],[6,1],[6,10],[7,2],[7,3],[8,1],[9,10],[10,3],[10,7],[11,1]],"alive":[[0],[1],[2],[3],[4],[5],[6],[7],[8],[9],[10]]},"carry_pending":false,"statements":38}
{"tick":45,"actual":{"root":[[0],[4],[9]],"edge":[[0,2],[0,4],[0,6],[1,0],[1,3],[2,5],[4,1],[4,3],[4,8],[5,5],[6,1],[6,8],[6,10],[7,2],[7,3],[8,1],[9,10],[10,3],[10,7],[11,1]],"alive":[[0],[1],[2],[3],[4],[5],[6],[7],[8],[9],[10]]},"carry_pending":false,"statements":38}
{"tick":46,"actual":{"root":[[0],[4],[9]],"edge":[[0,2],[0,4],[0,6],[1,0],[1,3],[2,5],[4,1],[4,3],[4,8],[5,5],[6,1],[6,10],[7,2],[7,3],[8,1],[9,10],[10,3],[10,7],[11,1]],"alive":[[0],[1],[2],[3],[4],[5],[6],[7],[8],[9],[10]]},"carry_pending":false,"statements":93}
{"tick":47,"actual":{"root":[[0],[2],[4],[9]],"edge":[[0,2],[0,4],[0,6],[1,0],[1,3],[2,5],[4,1],[4,3],[4,8],[5,5],[6,1],[6,10],[7,2],[7,3],[8,1],[9,10],[10,3],[10,7],[11,1]],"alive":[[0],[1],[2],[3],[4],[5],[6],[7],[8],[9],[10]]},"carry_pending":false,"statements":38}
{"tick":48,"actual":{"root":[[0],[2],[4],[9]],"edge":[[0,2],[0,4],[0,6],[1,0],[1,3],[2,5],[4,1],[4,3],[4,8],[5,5],[5,10],[6,1],[6,10],[7,2],[7,3],[8,1],[9,10],[10,3],[10,7],[11,1]],"alive":[[0],[1],[2],[3],[4],[5],[6],[7],[8],[9],[10]]},"carry_pending":false,"statements":38}
{"tick":49,"actual":{"root":[[0],[2],[3],[4],[9]],"edge":[[0,2],[0,4],[0,6],[1,0],[1,3],[2,5],[4,1],[4,3],[4,8],[5,5],[5,10],[6,1],[6,10],[7,2],[7,3],[8,1],[9,10],[10,3],[10,7],[11,1]],"alive":[[0],[1],[2],[3],[4],[5],[6],[7],[8],[9],[10]]},"carry_pending":false,"statements":38}
{"tick":50,"actual":{"root":[[0],[2],[3],[4],[9]],"edge":[[0,2],[0,4],[0,6],[1,0],[1,3],[2,0],[2,5],[4,1],[4,3],[4,8],[5,5],[5,10],[6,1],[6,10],[7,2],[7,3],[8,1],[9,10],[10,3],[10,7],[11,1]],"alive":[[0],[1],[2],[3],[4],[5],[6],[7],[8],[9],[10]]},"carry_pending":false,"statements":38}
{"tick":51,"actual":{"root":[[0],[2],[3],[4]],"edge":[[0,2],[0,4],[0,6],[1,0],[1,3],[2,0],[2,5],[4,1],[4,3],[4,8],[5,5],[5,10],[6,1],[6,10],[7,2],[7,3],[8,1],[9,10],[10,3],[10,7],[11,1]],"alive":[[0],[1],[2],[3],[4],[5],[6],[7],[8],[10]]},"carry_pending":false,"statements":97}
{"tick":52,"actual":{"root":[[0],[2],[3],[4],[8]],"edge":[[0,2],[0,4],[0,6],[1,0],[1,3],[2,0],[2,5],[4,1],[4,3],[4,8],[5,5],[5,10],[6,1],[6,10],[7,2],[7,3],[8,1],[9,10],[10,3],[10,7],[11,1]],"alive":[[0],[1],[2],[3],[4],[5],[6],[7],[8],[10]]},"carry_pending":false,"statements":38}
{"tick":53,"actual":{"root":[[0],[2],[3],[4],[8]],"edge":[[0,2],[0,4],[0,6],[1,0],[1,3],[2,0],[2,5],[3,1],[4,1],[4,3],[4,8],[5,5],[5,10],[6,1],[6,10],[7,2],[7,3],[8,1],[9,10],[10,3],[10,7],[11,1]],"alive":[[0],[1],[2],[3],[4],[5],[6],[7],[8],[10]]},"carry_pending":false,"statements":38}
{"tick":54,"actual":{"root":[[0],[2],[3],[4],[8]],"edge":[[0,2],[0,4],[0,6],[1,0],[1,3],[2,0],[2,5],[3,1],[3,9],[4,1],[4,3],[4,8],[5,5],[5,10],[6,1],[6,10],[7,2],[7,3],[8,1],[9,10],[10,3],[10,7],[11,1]],"alive":[[0],[1],[2],[3],[4],[5],[6],[7],[8],[9],[10]]},"carry_pending":false,"statements":38}
{"tick":55,"actual":{"root":[[0],[1],[2],[3],[4],[8]],"edge":[[0,2],[0,4],[0,6],[1,0],[1,3],[2,0],[2,5],[3,1],[3,9],[4,1],[4,3],[4,8],[5,5],[5,10],[6,1],[6,10],[7,2],[7,3],[8,1],[9,10],[10,3],[10,7],[11,1]],"alive":[[0],[1],[2],[3],[4],[5],[6],[7],[8],[9],[10]]},"carry_pending":false,"statements":38}
{"tick":56,"actual":{"root":[[0],[1],[2],[3],[4],[8],[11]],"edge":[[0,2],[0,4],[0,6],[1,0],[1,3],[2,0],[2,5],[3,1],[3,9],[4,1],[4,3],[4,8],[5,5],[5,10],[6,1],[6,10],[7,2],[7,3],[8,1],[9,10],[10,3],[10,7],[11,1]],"alive":[[0],[1],[2],[3],[4],[5],[6],[7],[8],[9],[10],[11]]},"carry_pending":false,"statements":38}
{"tick":57,"actual":{"root":[[0],[1],[2],[3],[4],[8],[11]],"edge":[[0,2],[0,4],[0,6],[1,0],[1,3],[2,0],[2,5],[3,1],[3,9],[4,1],[4,3],[4,8],[5,5],[5,10],[6,1],[6,6],[6,10],[7,2],[7,3],[8,1],[9,10],[10,3],[10,7],[11,1]],"alive":[[0],[1],[2],[3],[4],[5],[6],[7],[8],[9],[10],[11]]},"carry_pending":false,"statements":38}
{"tick":58,"actual":{"root":[[0],[1],[2],[3],[4],[8],[11]],"edge":[[0,2],[0,4],[0,6],[1,0],[1,3],[2,0],[2,5],[3,1],[3,9],[4,1],[4,3],[4,8],[5,5],[5,8],[5,10],[6,1],[6,6],[6,10],[7,2],[7,3],[8,1],[9,10],[10,3],[10,7],[11,1]],"alive":[[0],[1],[2],[3],[4],[5],[6],[7],[8],[9],[10],[11]]},"carry_pending":false,"statements":38}
{"tick":59,"actual":{"root":[[0],[1],[2],[3],[4],[8]],"edge":[[0,2],[0,4],[0,6],[1,0],[1,3],[2,0],[2,5],[3,1],[3,9],[4,1],[4,3],[4,8],[5,5],[5,8],[5,10],[6,1],[6,6],[6,10],[7,2],[7,3],[8,1],[9,10],[10,3],[10,7],[11,1]],"alive":[[0],[1],[2],[3],[4],[5],[6],[7],[8],[9],[10]]},"carry_pending":false,"statements":97}
{"tick":60,"actual":{"root":[[0],[1],[2],[3],[4],[8]],"edge":[[0,2],[0,4],[0,6],[1,0],[1,3],[2,0],[2,5],[3,1],[3,9],[4,1],[4,3],[4,8],[5,5],[5,8],[5,10],[6,1],[6,6],[6,10],[7,2],[7,3],[7,11],[8,1],[9,10],[10,3],[10,7],[11,1]],"alive":[[0],[1],[2],[3],[4],[5],[6],[7],[8],[9],[10],[11]]},"carry_pending":false,"statements":38}
{"tick":61,"actual":{"root":[[0],[1],[2],[3],[4],[8]],"edge":[[0,2],[0,4],[0,6],[1,0],[1,3],[2,0],[2,5],[3,1],[3,7],[3,9],[4,1],[4,3],[4,8],[5,5],[5,8],[5,10],[6,1],[6,6],[6,10],[7,2],[7,3],[7,11],[8,1],[9,10],[10,3],[10,7],[11,1]],"alive":[[0],[1],[2],[3],[4],[5],[6],[7],[8],[9],[10],[11]]},"carry_pending":false,"statements":38}
{"tick":62,"actual":{"root":[[0],[1],[2],[3],[4],[8]],"edge":[[0,2],[0,4],[0,6],[1,0],[1,3],[2,0],[2,5],[3,1],[3,7],[3,9],[4,1],[4,3],[4,8],[5,5],[5,8],[5,10],[6,1],[6,6],[6,10],[7,2],[7,3],[7,11],[8,1],[9,5],[9,10],[10,3],[10,7],[11,1]],"alive":[[0],[1],[2],[3],[4],[5],[6],[7],[8],[9],[10],[11]]},"carry_pending":false,"statements":38}
{"tick":63,"actual":{"root":[[0],[1],[2],[3],[8]],"edge":[[0,2],[0,4],[0,6],[1,0],[1,3],[2,0],[2,5],[3,1],[3,7],[3,9],[4,1],[4,3],[4,8],[5,5],[5,8],[5,10],[6,1],[6,6],[6,10],[7,2],[7,3],[7,11],[8,1],[9,5],[9,10],[10,3],[10,7],[11,1]],"alive":[[0],[1],[2],[3],[4],[5],[6],[7],[8],[9],[10],[11]]},"carry_pending":false,"statements":87}
{"tick":64,"actual":{"root":[[0],[1],[2],[3],[8]],"edge":[[0,2],[0,4],[0,6],[1,0],[1,3],[2,0],[2,5],[3,1],[3,7],[3,9],[4,1],[4,3],[4,8],[5,5],[5,8],[5,10],[6,1],[6,6],[6,10],[6,11],[7,2],[7,3],[7,11],[8,1],[9,5],[9,10],[10,3],[10,7],[11,1]],"alive":[[0],[1],[2],[3],[4],[5],[6],[7],[8],[9],[10],[11]]},"carry_pending":false,"statements":38}
