INPUT|sprefa-engine-rs|9e396ebb51ac3e3dc339421c7ce611b26ad40c18f915070d7d679bd85d17e4d1
STATUS|sprefa-engine-rs|ok|compile_dl6 emit_rust program through drive_tick_transacted and GenProgram::run_tick; exact input edges and before/after sets match shared BFS outside clocks; count inside clocks|child-process peak RSS from time; in-memory rusqlite store|DL_MEMCAP_MB requested but unenforced for this adapter
CSV,sprefa-engine-rs,12002,22667,2000,162.129,55.288,76,64.1,N/A,N/A,0
        0.22 real         0.21 user         0.01 sys
            67174400  maximum resident set size
                   0  average shared memory size
                   0  average unshared data size
                   0  average unshared stack size
                4261  page reclaims
                   0  page faults
                   0  swaps
                   0  block input operations
                   0  block output operations
                   0  messages sent
                   0  messages received
                   0  signals received
                   0  voluntary context switches
                  12  involuntary context switches
          3781121877  instructions retired
           767986862  cycles elapsed
            34391360  peak memory footprint
EXIT_STATUS|0
