test_anti (__main__.Lazy.test_anti) ... ok
test_autocommit_conflicts (__main__.Lazy.test_autocommit_conflicts) ... ok
test_chain (__main__.Lazy.test_chain) ... ok
test_diamond (__main__.Lazy.test_diamond) ... ok
test_distinct (__main__.Lazy.test_distinct) ... ok
test_failed_read_then_retry (__main__.Lazy.test_failed_read_then_retry) ... ok
test_fanout (__main__.Lazy.test_fanout) ... ok
test_first_multirow_index_integrity (__main__.Lazy.test_first_multirow_index_integrity) ... ok
test_inner (__main__.Lazy.test_inner) ... ok
test_layout_setup_misuse_and_rollback (__main__.Lazy.test_layout_setup_misuse_and_rollback) ... ok
test_project (__main__.Lazy.test_project) ... ok
test_reach (__main__.Lazy.test_reach) ... ok
test_read_in_source_trigger_then_abort (__main__.Lazy.test_read_in_source_trigger_then_abort) ... ok
test_second_writer (__main__.Lazy.test_second_writer) ... ok
test_self_chain (__main__.Lazy.test_self_chain) ... ok
test_semi (__main__.Lazy.test_semi) ... ok
test_sync_failure (__main__.Lazy.test_sync_failure) ... ok

----------------------------------------------------------------------
Ran 17 tests in 0.423s

OK
