savepoint2-1... Ok
savepoint2-2.1... Ok
savepoint2-2.2... Ok
savepoint2-2.2.1... Ok
savepoint2-2.3... Ok
savepoint2-2.4... Ok
savepoint2-2.4.1... Ok
savepoint2-2.5... Ok
savepoint2-2.6... Ok
savepoint2-2.6.1... Ok
savepoint2-3.1... Ok
savepoint2-3.2... Ok
savepoint2-3.2.1... Ok
savepoint2-3.3... Ok
savepoint2-3.4... Ok
savepoint2-3.4.1... Ok
savepoint2-3.5... Ok
savepoint2-3.6... Ok
savepoint2-3.6.1... Ok
savepoint2-4.1... Ok
savepoint2-4.2... Ok
savepoint2-4.2.1... Ok
savepoint2-4.3... Ok
savepoint2-4.4... Ok
savepoint2-4.4.1... Ok
savepoint2-4.5... Ok
savepoint2-4.6... Ok
savepoint2-4.6.1... Ok
savepoint2-5.1... Ok
savepoint2-5.2... Ok
savepoint2-5.2.1... Ok
savepoint2-5.3... Ok
savepoint2-5.4... Ok
savepoint2-5.4.1... Ok
savepoint2-5.5... Ok
savepoint2-5.6... Ok
savepoint2-5.6.1... Ok
savepoint2-6.1... Ok
savepoint2-6.2... Ok
savepoint2-6.2.1... Ok
savepoint2-6.3... Ok
savepoint2-6.4... Ok
savepoint2-6.4.1... Ok
savepoint2-6.5... Ok
savepoint2-6.6... Ok
savepoint2-6.6.1... Ok
savepoint2-7.1... Ok
savepoint2-7.2... Ok
savepoint2-7.2.1... Ok
savepoint2-7.3... Ok
savepoint2-7.4... Ok
savepoint2-7.4.1... Ok
savepoint2-7.5... Ok
savepoint2-7.6... Ok
savepoint2-7.6.1... Ok
savepoint2-8.1... Ok
savepoint2-8.2... Ok
savepoint2-8.2.1... Ok
savepoint2-8.3... Ok
savepoint2-8.4... Ok
savepoint2-8.4.1... Ok
savepoint2-8.5... Ok
savepoint2-8.6... Ok
savepoint2-8.6.1... Ok
savepoint2-9.1... Ok
savepoint2-9.2... Ok
savepoint2-9.2.1... Ok
savepoint2-9.3... Ok
savepoint2-9.4... Ok
savepoint2-9.4.1... Ok
savepoint2-9.5... Ok
savepoint2-9.6... Ok
savepoint2-9.6.1... Ok
savepoint2-10.1... Ok
savepoint2-10.2... Ok
savepoint2-10.2.1... Ok
savepoint2-10.3... Ok
savepoint2-10.4... Ok
savepoint2-10.4.1... Ok
savepoint2-10.5... Ok
savepoint2-10.6... Ok
savepoint2-10.6.1... Ok
savepoint2-11.1... Ok
savepoint2-11.2... Ok
savepoint2-11.2.1... Ok
savepoint2-11.3... Ok
savepoint2-11.4... Ok
savepoint2-11.4.1... Ok
savepoint2-11.5... Ok
savepoint2-11.6... Ok
savepoint2-11.6.1... Ok
savepoint2-12.1... Ok
savepoint2-12.2... Ok
savepoint2-12.2.1... Ok
savepoint2-12.3... Ok
savepoint2-12.4... Ok
savepoint2-12.4.1... Ok
savepoint2-12.5... Ok
savepoint2-12.6... Ok
savepoint2-12.6.1... Ok
savepoint2-13.1... Ok
savepoint2-13.2... Ok
savepoint2-13.2.1... Ok
savepoint2-13.3... Ok
savepoint2-13.4... Ok
savepoint2-13.4.1... Ok
savepoint2-13.5... Ok
savepoint2-13.6... Ok
savepoint2-13.6.1... Ok
savepoint2-14.1... Ok
savepoint2-14.2... Ok
savepoint2-14.2.1... Ok
savepoint2-14.3... Ok
savepoint2-14.4... Ok
savepoint2-14.4.1... Ok
savepoint2-14.5... Ok
savepoint2-14.6... Ok
savepoint2-14.6.1... Ok
savepoint2-15.1... Ok
savepoint2-15.2... Ok
savepoint2-15.2.1... Ok
savepoint2-15.3... Ok
savepoint2-15.4... Ok
savepoint2-15.4.1... Ok
savepoint2-15.5... Ok
savepoint2-15.6... Ok
savepoint2-15.6.1... Ok
savepoint2-16.1... Ok
savepoint2-16.2... Ok
savepoint2-16.2.1... Ok
savepoint2-16.3... Ok
savepoint2-16.4... Ok
savepoint2-16.4.1... Ok
savepoint2-16.5... Ok
savepoint2-16.6... Ok
savepoint2-16.6.1... Ok
savepoint2-17.1... Ok
savepoint2-17.2... Ok
savepoint2-17.2.1... Ok
savepoint2-17.3... Ok
savepoint2-17.4... Ok
savepoint2-17.4.1... Ok
savepoint2-17.5... Ok
savepoint2-17.6... Ok
savepoint2-17.6.1... Ok
savepoint2-18.1... Ok
savepoint2-18.2... Ok
savepoint2-18.2.1... Ok
savepoint2-18.3... Ok
savepoint2-18.4... Ok
savepoint2-18.4.1... Ok
savepoint2-18.5... Ok
savepoint2-18.6... Ok
savepoint2-18.6.1... Ok
savepoint2-19.1... Ok
savepoint2-19.2... Ok
savepoint2-19.2.1... Ok
savepoint2-19.3... Ok
savepoint2-19.4... Ok
savepoint2-19.4.1... Ok
savepoint2-19.5... Ok
savepoint2-19.6... Ok
savepoint2-19.6.1... Ok
savepoint2-20.1... Ok
savepoint2-20.2... Ok
savepoint2-20.2.1... Ok
savepoint2-20.3... Ok
savepoint2-20.4... Ok
savepoint2-20.4.1... Ok
savepoint2-20.5... Ok
savepoint2-20.6... Ok
savepoint2-20.6.1... Ok
savepoint2-21.1... Ok
savepoint2-21.2... Ok
savepoint2-21.2.1... Ok
savepoint2-21.3... Ok
savepoint2-21.4... Ok
savepoint2-21.4.1... Ok
savepoint2-21.5... Ok
savepoint2-21.6... Ok
savepoint2-21.6.1... Ok
SQLite 2026-09-04 14:20:44 4021369bc9558fbfcfa83ee4cd6b986734b8c41b6d72bd97064e566ca8189ea8
0 errors out of 182 tests on Chriss-MacBook-Pro Darwin 64-bit
All memory allocations freed - no leaks
Memory used:          now          0  max     720880  max-size      65544
Allocation count:     now          0  max        496
Page-cache used:      now          0  max          0  max-size       1296
Page-cache overflow:  now          0  max     485376
Maximum memory usage: 720880 bytes
Current memory usage: 0 bytes
Number of malloc()  : -1 calls
