test_distinct (__main__.Circuits.test_distinct) ... ERROR
test_fanout (__main__.Circuits.test_fanout) ... ERROR
test_diamond (__main__.Circuits.test_diamond) ... ERROR

======================================================================
ERROR: test_distinct (__main__.Circuits.test_distinct)
----------------------------------------------------------------------
Traceback (most recent call last):
  File "/Users/chrishafley/projects/sprefa/.boop-worktrees/feature/sqlite-native-take2/v6/labs/exec_shootout/postgres_pglite_ivm/43_sqlite_competitive/3a_circuit_test.py", line 76, in test
    self.install(mode);rng=random.Random(9201)
    ~~~~~~~~~~~~^^^^^^
  File "/Users/chrishafley/projects/sprefa/.boop-worktrees/feature/sqlite-native-take2/v6/labs/exec_shootout/postgres_pglite_ivm/43_sqlite_competitive/3a_circuit_test.py", line 38, in install
    self.db.execute(f'CREATE VIRTUAL TABLE result USING take2({mode}{args})')
    ~~~~~~~~~~~~~~~^^^^^^^^^^^^^^^^^^^^^^^^^^^^^^^^^^^^^^^^^^^^^^^^^^^^^^^^^^
sqlite3.OperationalError: vtable constructor failed: result

======================================================================
ERROR: test_fanout (__main__.Circuits.test_fanout)
----------------------------------------------------------------------
Traceback (most recent call last):
  File "/Users/chrishafley/projects/sprefa/.boop-worktrees/feature/sqlite-native-take2/v6/labs/exec_shootout/postgres_pglite_ivm/43_sqlite_competitive/3a_circuit_test.py", line 76, in test
    self.install(mode);rng=random.Random(9201)
    ~~~~~~~~~~~~^^^^^^
  File "/Users/chrishafley/projects/sprefa/.boop-worktrees/feature/sqlite-native-take2/v6/labs/exec_shootout/postgres_pglite_ivm/43_sqlite_competitive/3a_circuit_test.py", line 38, in install
    self.db.execute(f'CREATE VIRTUAL TABLE result USING take2({mode}{args})')
    ~~~~~~~~~~~~~~~^^^^^^^^^^^^^^^^^^^^^^^^^^^^^^^^^^^^^^^^^^^^^^^^^^^^^^^^^^
sqlite3.OperationalError: vtable constructor failed: result

======================================================================
ERROR: test_diamond (__main__.Circuits.test_diamond)
----------------------------------------------------------------------
Traceback (most recent call last):
  File "/Users/chrishafley/projects/sprefa/.boop-worktrees/feature/sqlite-native-take2/v6/labs/exec_shootout/postgres_pglite_ivm/43_sqlite_competitive/3a_circuit_test.py", line 76, in test
    self.install(mode);rng=random.Random(9201)
    ~~~~~~~~~~~~^^^^^^
  File "/Users/chrishafley/projects/sprefa/.boop-worktrees/feature/sqlite-native-take2/v6/labs/exec_shootout/postgres_pglite_ivm/43_sqlite_competitive/3a_circuit_test.py", line 38, in install
    self.db.execute(f'CREATE VIRTUAL TABLE result USING take2({mode}{args})')
    ~~~~~~~~~~~~~~~^^^^^^^^^^^^^^^^^^^^^^^^^^^^^^^^^^^^^^^^^^^^^^^^^^^^^^^^^^
sqlite3.OperationalError: vtable constructor failed: result

----------------------------------------------------------------------
Ran 3 tests in 0.013s

FAILED (errors=3)
