---
source: crates/rs/src/lib.rs
expression: refs
---
- value: "std::io"
  span_start: 4
  span_end: 12
  kind: rs_use
  rule_name: rs_use
  is_path: false
  parent_key: ~
  node_path: ~
  group: 0
- value: "std::fmt::Display"
  span_start: 4
  span_end: 26
  kind: rs_use
  rule_name: rs_use
  is_path: false
  parent_key: ~
  node_path: ~
  group: 1
