---
source: crates/rs/src/lib.rs
expression: refs
---
- value: Foo
  span_start: 7
  span_end: 10
  kind: rs_declare
  rule_name: rs_declare
  is_path: false
  parent_key: ~
  node_path: ~
  group: 0
- value: bar
  span_start: 30
  span_end: 33
  kind: rs_declare
  rule_name: rs_declare
  is_path: false
  parent_key: ~
  node_path: ~
  group: 1
- value: baz
  span_start: 51
  span_end: 54
  kind: rs_declare
  rule_name: rs_declare
  is_path: false
  parent_key: ~
  node_path: ~
  group: 2
