INPUT|sprefa-engine-rs|0dda99eadff144d9a4065cfa603e29e6282c93d87ad25f2c14e0bb88ad1cd0a9
STATUS|sprefa-engine-rs|ok|compile_dl6 emit_rust program through drive_tick_transacted and GenProgram::run_tick; exact input edges and before/after sets match shared BFS outside clocks; count inside clocks|child-process peak RSS from time; in-memory rusqlite store|DL_MEMCAP_MB requested but unenforced for this adapter
CSV,sprefa-engine-rs,402,696,180,6.184,1.438,64,8.8,N/A,N/A,0
        0.01 real         0.00 user         0.00 sys
             9240576  maximum resident set size
                   0  average shared memory size
                   0  average unshared data size
                   0  average unshared stack size
                 544  page reclaims
                 181  page faults
                   0  swaps
                   0  block input operations
                   0  block output operations
                   0  messages sent
                   0  messages received
                   0  signals received
                   1  voluntary context switches
                  43  involuntary context switches
           139266591  instructions retired
            38686933  cycles elapsed
             4490496  peak memory footprint
EXIT_STATUS|0
