---
source: crates/js/src/lib.rs
expression: refs
---
- value: "./source"
  span_start: 28
  span_end: 36
  kind: import_path
  rule_name: js
  is_path: true
  parent_key: ~
  node_path: ~
- value: Bar
  span_start: 16
  span_end: 19
  kind: export_name
  rule_name: js
  is_path: false
  parent_key: ~
  node_path: ~
- value: foo
  span_start: 9
  span_end: 12
  kind: import_name
  rule_name: js
  is_path: false
  parent_key: ~
  node_path: ~
