---
source: crates/js/src/lib.rs
expression: refs
---
- value: "./mod"
  span_start: 33
  span_end: 38
  kind: import_path
  rule_name: import_path
  is_path: true
  parent_key: ~
  node_path: ~
  group: 0
- value: "./other"
  span_start: 62
  span_end: 69
  kind: import_path
  rule_name: import_path
  is_path: true
  parent_key: ~
  node_path: ~
  group: 1
- value: Foo
  span_start: 9
  span_end: 12
  kind: import_name
  rule_name: import_name
  is_path: false
  parent_key: ~
  node_path: ~
  group: 2
- value: localFoo
  span_start: 16
  span_end: 24
  kind: import_alias
  rule_name: import_alias
  is_path: false
  parent_key: Foo
  node_path: ~
  group: 3
- value: Bar
  span_start: 50
  span_end: 53
  kind: import_name
  rule_name: import_name
  is_path: false
  parent_key: ~
  node_path: ~
  group: 4
