---
source: crates/js/src/lib.rs
expression: refs
---
- value: foo
  span_start: 13
  span_end: 16
  kind: export_name
  rule_name: js
  is_path: false
  parent_key: ~
  node_path: ~
- value: bar
  span_start: 38
  span_end: 41
  kind: export_name
  rule_name: js
  is_path: false
  parent_key: ~
  node_path: ~
- value: default
  span_start: 54
  span_end: 61
  kind: export_name
  rule_name: js
  is_path: false
  parent_key: ~
  node_path: ~
- value: Baz
  span_start: 68
  span_end: 71
  kind: export_local_binding
  rule_name: js
  is_path: false
  parent_key: default
  node_path: ~
