---
source: crates/js/src/lib.rs
expression: refs
---
- value: PublicName
  span_start: 49
  span_end: 59
  kind: ExportName
  is_path: false
  parent_key: ~
  node_path: ~
- value: internalName
  span_start: 33
  span_end: 45
  kind: ExportLocalBinding
  is_path: false
  parent_key: PublicName
  node_path: ~
