{"timestamp":"2026-09-08T18:11:53.658145Z","level":"INFO","fields":{"message":"boundary","boundary":"load","operation":0,"view":"","extended_code":0,"duration_us":4,"algorithm":"signed_join_count_sum","build":"0.1.0"},"target":"sqlite_ivm"}
{"timestamp":"2026-09-08T18:11:53.659122Z","level":"INFO","fields":{"message":"boundary","boundary":"install","operation":0,"view":"__ivm_73756d6d617279","extended_code":0,"duration_us":3,"algorithm":"signed_join_count_sum","build":"0.1.0"},"target":"sqlite_ivm"}
{"timestamp":"2026-09-08T18:11:53.659277Z","level":"INFO","fields":{"message":"boundary","boundary":"bind","operation":0,"view":"__ivm_73756d6d617279","extended_code":0,"duration_us":157,"algorithm":"signed_join_count_sum","build":"0.1.0"},"target":"sqlite_ivm"}
{"timestamp":"2026-09-08T18:11:53.659565Z","level":"INFO","fields":{"message":"boundary","boundary":"lower","operation":0,"view":"__ivm_73756d6d617279","extended_code":0,"duration_us":446,"algorithm":"signed_join_count_sum","build":"0.1.0"},"target":"sqlite_ivm"}
{"timestamp":"2026-09-08T18:11:53.660620Z","level":"INFO","fields":{"message":"boundary","boundary":"schema","operation":0,"view":"__ivm_73756d6d617279","extended_code":0,"duration_us":1500,"algorithm":"signed_join_count_sum","build":"0.1.0"},"target":"sqlite_ivm"}
{"timestamp":"2026-09-08T18:11:53.660804Z","level":"INFO","fields":{"message":"boundary","boundary":"install_release","operation":0,"view":"__ivm_73756d6d617279","extended_code":0,"duration_us":1684,"algorithm":"signed_join_count_sum","build":"0.1.0"},"target":"sqlite_ivm"}
{"event": "observed-transaction", "state": "initial", "boundary": "initial", "affected_inputs": 0, "duration_ms": 0, "cumulative_counters": [0, 0, 0], "counter_scope": "transactional operations/contributions/groups touched; OLD and NEW separately"}
{"event": "observed-transaction", "state": "insert_batch", "boundary": "commit-returned", "affected_inputs": 10, "duration_ms": 0.281207961961627, "cumulative_counters": [10, 10, 10], "counter_scope": "transactional operations/contributions/groups touched; OLD and NEW separately"}
{"event": "observed-transaction", "state": "delete_batch", "boundary": "commit-returned", "affected_inputs": 10, "duration_ms": 0.21725008264183998, "cumulative_counters": [20, 20, 20], "counter_scope": "transactional operations/contributions/groups touched; OLD and NEW separately"}
{"event": "observed-transaction", "state": "update_batch", "boundary": "commit-returned", "affected_inputs": 10, "duration_ms": 0.3320419928058982, "cumulative_counters": [30, 40, 40], "counter_scope": "transactional operations/contributions/groups touched; OLD and NEW separately"}
{"event": "observed-transaction", "state": "dimension_fanout", "boundary": "commit-returned", "affected_inputs": 1, "duration_ms": 0.37045800127089024, "cumulative_counters": [31, 60, 42], "counter_scope": "transactional operations/contributions/groups touched; OLD and NEW separately"}
{"event": "observed-transaction", "state": "semantic_delete", "boundary": "commit-returned", "affected_inputs": 1, "duration_ms": 0.14316593296825886, "cumulative_counters": [32, 61, 43], "counter_scope": "transactional operations/contributions/groups touched; OLD and NEW separately"}
{"event": "observed-transaction", "state": "semantic_reinsert", "boundary": "commit-returned", "affected_inputs": 1, "duration_ms": 0.15787500888109207, "cumulative_counters": [33, 62, 44], "counter_scope": "transactional operations/contributions/groups touched; OLD and NEW separately"}
{"event": "observed-transaction", "state": "semantic_key_move", "boundary": "commit-returned", "affected_inputs": 1, "duration_ms": 0.2550410572439432, "cumulative_counters": [34, 64, 46], "counter_scope": "transactional operations/contributions/groups touched; OLD and NEW separately"}
{"event": "observed-transaction", "state": "semantic_dimension_insert", "boundary": "commit-returned", "affected_inputs": 1, "duration_ms": 0.30462502036243677, "cumulative_counters": [35, 64, 46], "counter_scope": "transactional operations/contributions/groups touched; OLD and NEW separately"}
{"event": "observed-transaction", "state": "semantic_zero_sum", "boundary": "commit-returned", "affected_inputs": 1, "duration_ms": 0.16070797573775053, "cumulative_counters": [36, 65, 47], "counter_scope": "transactional operations/contributions/groups touched; OLD and NEW separately"}
{"event": "observed-transaction", "state": "semantic_last_group_delete", "boundary": "commit-returned", "affected_inputs": 1, "duration_ms": 0.17137499526143074, "cumulative_counters": [37, 66, 48], "counter_scope": "transactional operations/contributions/groups touched; OLD and NEW separately"}
{"event": "observed-transaction", "state": "semantic_dimension_delete", "boundary": "commit-returned", "affected_inputs": 1, "duration_ms": 0.2881669206544757, "cumulative_counters": [38, 66, 48], "counter_scope": "transactional operations/contributions/groups touched; OLD and NEW separately"}
{"event": "observed-transaction", "state": "semantic_dimension_reinsert", "boundary": "commit-returned", "affected_inputs": 1, "duration_ms": 0.30145805794745684, "cumulative_counters": [39, 66, 48], "counter_scope": "transactional operations/contributions/groups touched; OLD and NEW separately"}
{"event": "observed-transaction", "state": "seed_7_0", "boundary": "commit-returned", "affected_inputs": 1, "duration_ms": 0.22304197773337364, "cumulative_counters": [40, 68, 50], "counter_scope": "transactional operations/contributions/groups touched; OLD and NEW separately"}
{"event": "observed-transaction", "state": "seed_7_1", "boundary": "commit-returned", "affected_inputs": 1, "duration_ms": 0.3305409336462617, "cumulative_counters": [41, 70, 52], "counter_scope": "transactional operations/contributions/groups touched; OLD and NEW separately"}
{"event": "observed-transaction", "state": "seed_7_2", "boundary": "commit-returned", "affected_inputs": 1, "duration_ms": 0.3191250143572688, "cumulative_counters": [42, 72, 54], "counter_scope": "transactional operations/contributions/groups touched; OLD and NEW separately"}
{"event": "observed-transaction", "state": "seed_7_3", "boundary": "commit-returned", "affected_inputs": 1, "duration_ms": 0.2645000349730253, "cumulative_counters": [43, 74, 56], "counter_scope": "transactional operations/contributions/groups touched; OLD and NEW separately"}
{"event": "observed-transaction", "state": "seed_7_4", "boundary": "commit-returned", "affected_inputs": 1, "duration_ms": 0.2199159935116768, "cumulative_counters": [44, 76, 58], "counter_scope": "transactional operations/contributions/groups touched; OLD and NEW separately"}
{"event": "observed-transaction", "state": "seed_7_5", "boundary": "commit-returned", "affected_inputs": 1, "duration_ms": 0.3862499725073576, "cumulative_counters": [45, 116, 60], "counter_scope": "transactional operations/contributions/groups touched; OLD and NEW separately"}
{"event": "observed-transaction", "state": "seed_7_6", "boundary": "commit-returned", "affected_inputs": 1, "duration_ms": 0.3544159699231386, "cumulative_counters": [46, 134, 62], "counter_scope": "transactional operations/contributions/groups touched; OLD and NEW separately"}
{"event": "observed-transaction", "state": "seed_7_7", "boundary": "commit-returned", "affected_inputs": 1, "duration_ms": 0.2578330459073186, "cumulative_counters": [47, 136, 64], "counter_scope": "transactional operations/contributions/groups touched; OLD and NEW separately"}
{"event": "observed-transaction", "state": "seed_7_8", "boundary": "commit-returned", "affected_inputs": 1, "duration_ms": 0.14870800077915192, "cumulative_counters": [48, 137, 65], "counter_scope": "transactional operations/contributions/groups touched; OLD and NEW separately"}
{"event": "observed-transaction", "state": "seed_7_9", "boundary": "commit-returned", "affected_inputs": 1, "duration_ms": 0.1360420137643814, "cumulative_counters": [49, 138, 66], "counter_scope": "transactional operations/contributions/groups touched; OLD and NEW separately"}
{"event": "observed-transaction", "state": "seed_7_10", "boundary": "commit-returned", "affected_inputs": 1, "duration_ms": 0.3454160178080201, "cumulative_counters": [50, 178, 68], "counter_scope": "transactional operations/contributions/groups touched; OLD and NEW separately"}
{"event": "observed-transaction", "state": "seed_7_11", "boundary": "commit-returned", "affected_inputs": 1, "duration_ms": 0.2568330382928252, "cumulative_counters": [51, 180, 70], "counter_scope": "transactional operations/contributions/groups touched; OLD and NEW separately"}
{"event": "observed-transaction", "state": "seed_7_12", "boundary": "commit-returned", "affected_inputs": 1, "duration_ms": 0.2031669719144702, "cumulative_counters": [52, 182, 72], "counter_scope": "transactional operations/contributions/groups touched; OLD and NEW separately"}
{"event": "observed-transaction", "state": "seed_7_13", "boundary": "commit-returned", "affected_inputs": 1, "duration_ms": 0.19762502051889896, "cumulative_counters": [53, 184, 74], "counter_scope": "transactional operations/contributions/groups touched; OLD and NEW separately"}
{"event": "observed-transaction", "state": "seed_7_14", "boundary": "commit-returned", "affected_inputs": 1, "duration_ms": 0.20229199435561895, "cumulative_counters": [54, 186, 76], "counter_scope": "transactional operations/contributions/groups touched; OLD and NEW separately"}
{"event": "observed-transaction", "state": "seed_7_15", "boundary": "commit-returned", "affected_inputs": 1, "duration_ms": 0.2436250215396285, "cumulative_counters": [55, 188, 78], "counter_scope": "transactional operations/contributions/groups touched; OLD and NEW separately"}
{"event": "observed-transaction", "state": "seed_7_16", "boundary": "commit-returned", "affected_inputs": 1, "duration_ms": 0.13420905452221632, "cumulative_counters": [56, 189, 79], "counter_scope": "transactional operations/contributions/groups touched; OLD and NEW separately"}
{"event": "observed-transaction", "state": "seed_7_17", "boundary": "commit-returned", "affected_inputs": 1, "duration_ms": 0.19241694826632738, "cumulative_counters": [57, 191, 81], "counter_scope": "transactional operations/contributions/groups touched; OLD and NEW separately"}
{"event": "observed-transaction", "state": "seed_7_18", "boundary": "commit-returned", "affected_inputs": 1, "duration_ms": 0.18462492153048515, "cumulative_counters": [58, 193, 83], "counter_scope": "transactional operations/contributions/groups touched; OLD and NEW separately"}
{"event": "observed-transaction", "state": "seed_7_19", "boundary": "commit-returned", "affected_inputs": 1, "duration_ms": 0.13445899821817875, "cumulative_counters": [59, 194, 84], "counter_scope": "transactional operations/contributions/groups touched; OLD and NEW separately"}
{"event": "observed-transaction", "state": "seed_7_20", "boundary": "commit-returned", "affected_inputs": 1, "duration_ms": 0.23229105863720179, "cumulative_counters": [60, 195, 85], "counter_scope": "transactional operations/contributions/groups touched; OLD and NEW separately"}
{"event": "observed-transaction", "state": "seed_7_21", "boundary": "commit-returned", "affected_inputs": 1, "duration_ms": 0.20520901307463646, "cumulative_counters": [61, 197, 87], "counter_scope": "transactional operations/contributions/groups touched; OLD and NEW separately"}
{"event": "observed-transaction", "state": "seed_7_22", "boundary": "commit-returned", "affected_inputs": 1, "duration_ms": 0.14070793986320496, "cumulative_counters": [62, 198, 88], "counter_scope": "transactional operations/contributions/groups touched; OLD and NEW separately"}
{"event": "observed-transaction", "state": "seed_7_23", "boundary": "commit-returned", "affected_inputs": 1, "duration_ms": 0.2549589844420552, "cumulative_counters": [63, 200, 90], "counter_scope": "transactional operations/contributions/groups touched; OLD and NEW separately"}
{"event": "observed-transaction", "state": "seed_7_24", "boundary": "commit-returned", "affected_inputs": 1, "duration_ms": 0.13320893049240112, "cumulative_counters": [64, 201, 91], "counter_scope": "transactional operations/contributions/groups touched; OLD and NEW separately"}
{"event": "observed-transaction", "state": "seed_7_25", "boundary": "commit-returned", "affected_inputs": 1, "duration_ms": 0.18787500448524952, "cumulative_counters": [65, 203, 93], "counter_scope": "transactional operations/contributions/groups touched; OLD and NEW separately"}
{"event": "observed-transaction", "state": "seed_7_26", "boundary": "commit-returned", "affected_inputs": 1, "duration_ms": 0.2518750261515379, "cumulative_counters": [66, 205, 95], "counter_scope": "transactional operations/contributions/groups touched; OLD and NEW separately"}
{"event": "observed-transaction", "state": "seed_7_27", "boundary": "commit-returned", "affected_inputs": 1, "duration_ms": 0.33770804293453693, "cumulative_counters": [67, 249, 97], "counter_scope": "transactional operations/contributions/groups touched; OLD and NEW separately"}
{"event": "observed-transaction", "state": "seed_7_28", "boundary": "commit-returned", "affected_inputs": 1, "duration_ms": 0.19645795691758394, "cumulative_counters": [68, 289, 99], "counter_scope": "transactional operations/contributions/groups touched; OLD and NEW separately"}
{"event": "observed-transaction", "state": "seed_7_29", "boundary": "commit-returned", "affected_inputs": 1, "duration_ms": 0.3449579235166311, "cumulative_counters": [69, 331, 101], "counter_scope": "transactional operations/contributions/groups touched; OLD and NEW separately"}
{"event": "observed-transaction", "state": "seed_7_30", "boundary": "commit-returned", "affected_inputs": 1, "duration_ms": 0.13545900583267212, "cumulative_counters": [70, 332, 102], "counter_scope": "transactional operations/contributions/groups touched; OLD and NEW separately"}
{"event": "observed-transaction", "state": "seed_7_31", "boundary": "commit-returned", "affected_inputs": 0, "duration_ms": 0.05049991887062788, "cumulative_counters": [70, 332, 102], "counter_scope": "transactional operations/contributions/groups touched; OLD and NEW separately"}
{"event": "observed-transaction", "state": "seed_7_32", "boundary": "commit-returned", "affected_inputs": 1, "duration_ms": 0.2603329485282302, "cumulative_counters": [71, 334, 104], "counter_scope": "transactional operations/contributions/groups touched; OLD and NEW separately"}
{"event": "observed-transaction", "state": "seed_7_33", "boundary": "commit-returned", "affected_inputs": 1, "duration_ms": 0.24395796936005354, "cumulative_counters": [72, 336, 106], "counter_scope": "transactional operations/contributions/groups touched; OLD and NEW separately"}
{"event": "observed-transaction", "state": "seed_7_34", "boundary": "commit-returned", "affected_inputs": 1, "duration_ms": 0.24870899505913258, "cumulative_counters": [73, 338, 108], "counter_scope": "transactional operations/contributions/groups touched; OLD and NEW separately"}
{"event": "observed-transaction", "state": "seed_7_35", "boundary": "commit-returned", "affected_inputs": 0, "duration_ms": 0.0902500469237566, "cumulative_counters": [73, 338, 108], "counter_scope": "transactional operations/contributions/groups touched; OLD and NEW separately"}
{"event": "observed-transaction", "state": "seed_7_36", "boundary": "commit-returned", "affected_inputs": 0, "duration_ms": 0.04966696724295616, "cumulative_counters": [73, 338, 108], "counter_scope": "transactional operations/contributions/groups touched; OLD and NEW separately"}
{"event": "observed-transaction", "state": "seed_7_37", "boundary": "commit-returned", "affected_inputs": 1, "duration_ms": 0.2027909504249692, "cumulative_counters": [74, 340, 110], "counter_scope": "transactional operations/contributions/groups touched; OLD and NEW separately"}
{"event": "observed-transaction", "state": "seed_7_38", "boundary": "commit-returned", "affected_inputs": 0, "duration_ms": 0.05158304702490568, "cumulative_counters": [74, 340, 110], "counter_scope": "transactional operations/contributions/groups touched; OLD and NEW separately"}
{"event": "observed-transaction", "state": "seed_7_39", "boundary": "commit-returned", "affected_inputs": 1, "duration_ms": 0.24666707031428814, "cumulative_counters": [75, 342, 112], "counter_scope": "transactional operations/contributions/groups touched; OLD and NEW separately"}
{"event": "observed-transaction", "state": "seed_7_40", "boundary": "commit-returned", "affected_inputs": 1, "duration_ms": 0.4969590809196234, "cumulative_counters": [76, 344, 114], "counter_scope": "transactional operations/contributions/groups touched; OLD and NEW separately"}
{"event": "observed-transaction", "state": "seed_7_41", "boundary": "commit-returned", "affected_inputs": 1, "duration_ms": 0.1990830060094595, "cumulative_counters": [77, 346, 116], "counter_scope": "transactional operations/contributions/groups touched; OLD and NEW separately"}
{"event": "observed-transaction", "state": "seed_7_42", "boundary": "commit-returned", "affected_inputs": 1, "duration_ms": 0.2507499884814024, "cumulative_counters": [78, 348, 118], "counter_scope": "transactional operations/contributions/groups touched; OLD and NEW separately"}
{"event": "observed-transaction", "state": "seed_7_43", "boundary": "commit-returned", "affected_inputs": 1, "duration_ms": 0.13870908878743649, "cumulative_counters": [79, 349, 119], "counter_scope": "transactional operations/contributions/groups touched; OLD and NEW separately"}
{"event": "observed-transaction", "state": "seed_7_44", "boundary": "commit-returned", "affected_inputs": 1, "duration_ms": 0.20112504716962576, "cumulative_counters": [80, 351, 121], "counter_scope": "transactional operations/contributions/groups touched; OLD and NEW separately"}
{"event": "observed-transaction", "state": "seed_7_45", "boundary": "commit-returned", "affected_inputs": 1, "duration_ms": 0.19770895596593618, "cumulative_counters": [81, 353, 123], "counter_scope": "transactional operations/contributions/groups touched; OLD and NEW separately"}
{"event": "observed-transaction", "state": "seed_7_46", "boundary": "commit-returned", "affected_inputs": 1, "duration_ms": 0.4445419181138277, "cumulative_counters": [82, 393, 125], "counter_scope": "transactional operations/contributions/groups touched; OLD and NEW separately"}
{"event": "observed-transaction", "state": "seed_7_47", "boundary": "commit-returned", "affected_inputs": 1, "duration_ms": 0.30508299823850393, "cumulative_counters": [83, 395, 127], "counter_scope": "transactional operations/contributions/groups touched; OLD and NEW separately"}
{"event": "observed-transaction", "state": "seed_7_48", "boundary": "commit-returned", "affected_inputs": 1, "duration_ms": 0.3946250071749091, "cumulative_counters": [84, 439, 129], "counter_scope": "transactional operations/contributions/groups touched; OLD and NEW separately"}
{"event": "observed-transaction", "state": "seed_7_49", "boundary": "commit-returned", "affected_inputs": 1, "duration_ms": 0.2614581026136875, "cumulative_counters": [85, 441, 131], "counter_scope": "transactional operations/contributions/groups touched; OLD and NEW separately"}
{"event": "observed-transaction", "state": "seed_42_0", "boundary": "commit-returned", "affected_inputs": 1, "duration_ms": 0.1581249525770545, "cumulative_counters": [86, 442, 132], "counter_scope": "transactional operations/contributions/groups touched; OLD and NEW separately"}
{"event": "observed-transaction", "state": "seed_42_1", "boundary": "commit-returned", "affected_inputs": 1, "duration_ms": 0.39733294397592545, "cumulative_counters": [87, 478, 134], "counter_scope": "transactional operations/contributions/groups touched; OLD and NEW separately"}
{"event": "observed-transaction", "state": "seed_42_2", "boundary": "commit-returned", "affected_inputs": 1, "duration_ms": 0.2120420103892684, "cumulative_counters": [88, 480, 136], "counter_scope": "transactional operations/contributions/groups touched; OLD and NEW separately"}
{"event": "observed-transaction", "state": "seed_42_3", "boundary": "commit-returned", "affected_inputs": 1, "duration_ms": 0.25695806834846735, "cumulative_counters": [89, 482, 138], "counter_scope": "transactional operations/contributions/groups touched; OLD and NEW separately"}
{"event": "observed-transaction", "state": "seed_42_4", "boundary": "commit-returned", "affected_inputs": 1, "duration_ms": 0.21808291785418987, "cumulative_counters": [90, 484, 140], "counter_scope": "transactional operations/contributions/groups touched; OLD and NEW separately"}
{"event": "observed-transaction", "state": "seed_42_5", "boundary": "commit-returned", "affected_inputs": 1, "duration_ms": 0.2894160570576787, "cumulative_counters": [91, 486, 142], "counter_scope": "transactional operations/contributions/groups touched; OLD and NEW separately"}
{"event": "observed-transaction", "state": "seed_42_6", "boundary": "commit-returned", "affected_inputs": 1, "duration_ms": 0.2687909873202443, "cumulative_counters": [92, 488, 144], "counter_scope": "transactional operations/contributions/groups touched; OLD and NEW separately"}
{"event": "observed-transaction", "state": "seed_42_7", "boundary": "commit-returned", "affected_inputs": 1, "duration_ms": 0.24212501011788845, "cumulative_counters": [93, 489, 145], "counter_scope": "transactional operations/contributions/groups touched; OLD and NEW separately"}
{"event": "observed-transaction", "state": "seed_42_8", "boundary": "commit-returned", "affected_inputs": 1, "duration_ms": 0.14583405572921038, "cumulative_counters": [94, 490, 146], "counter_scope": "transactional operations/contributions/groups touched; OLD and NEW separately"}
{"event": "observed-transaction", "state": "seed_42_9", "boundary": "commit-returned", "affected_inputs": 1, "duration_ms": 0.3510829992592335, "cumulative_counters": [95, 538, 148], "counter_scope": "transactional operations/contributions/groups touched; OLD and NEW separately"}
{"event": "observed-transaction", "state": "seed_42_10", "boundary": "commit-returned", "affected_inputs": 1, "duration_ms": 0.35516591742634773, "cumulative_counters": [96, 586, 150], "counter_scope": "transactional operations/contributions/groups touched; OLD and NEW separately"}
{"event": "observed-transaction", "state": "seed_42_11", "boundary": "commit-returned", "affected_inputs": 1, "duration_ms": 0.251209014095366, "cumulative_counters": [97, 587, 151], "counter_scope": "transactional operations/contributions/groups touched; OLD and NEW separately"}
{"event": "observed-transaction", "state": "seed_42_12", "boundary": "commit-returned", "affected_inputs": 1, "duration_ms": 0.20274997223168612, "cumulative_counters": [98, 589, 153], "counter_scope": "transactional operations/contributions/groups touched; OLD and NEW separately"}
{"event": "observed-transaction", "state": "seed_42_13", "boundary": "commit-returned", "affected_inputs": 1, "duration_ms": 0.14533300418406725, "cumulative_counters": [99, 590, 154], "counter_scope": "transactional operations/contributions/groups touched; OLD and NEW separately"}
{"event": "observed-transaction", "state": "seed_42_14", "boundary": "commit-returned", "affected_inputs": 1, "duration_ms": 0.1598750241100788, "cumulative_counters": [100, 591, 155], "counter_scope": "transactional operations/contributions/groups touched; OLD and NEW separately"}
{"event": "observed-transaction", "state": "seed_42_15", "boundary": "commit-returned", "affected_inputs": 1, "duration_ms": 0.2510839840397239, "cumulative_counters": [101, 593, 157], "counter_scope": "transactional operations/contributions/groups touched; OLD and NEW separately"}
{"event": "observed-transaction", "state": "seed_42_16", "boundary": "commit-returned", "affected_inputs": 1, "duration_ms": 0.25183300022035837, "cumulative_counters": [102, 595, 159], "counter_scope": "transactional operations/contributions/groups touched; OLD and NEW separately"}
{"event": "observed-transaction", "state": "seed_42_17", "boundary": "commit-returned", "affected_inputs": 1, "duration_ms": 0.14420796651393175, "cumulative_counters": [103, 596, 160], "counter_scope": "transactional operations/contributions/groups touched; OLD and NEW separately"}
{"event": "observed-transaction", "state": "seed_42_18", "boundary": "commit-returned", "affected_inputs": 1, "duration_ms": 0.3150410484522581, "cumulative_counters": [104, 598, 162], "counter_scope": "transactional operations/contributions/groups touched; OLD and NEW separately"}
{"event": "observed-transaction", "state": "seed_42_19", "boundary": "commit-returned", "affected_inputs": 0, "duration_ms": 0.07212499622255564, "cumulative_counters": [104, 598, 162], "counter_scope": "transactional operations/contributions/groups touched; OLD and NEW separately"}
{"event": "observed-transaction", "state": "seed_42_20", "boundary": "commit-returned", "affected_inputs": 1, "duration_ms": 0.27066702023148537, "cumulative_counters": [105, 599, 163], "counter_scope": "transactional operations/contributions/groups touched; OLD and NEW separately"}
{"event": "observed-transaction", "state": "seed_42_21", "boundary": "commit-returned", "affected_inputs": 1, "duration_ms": 0.3530419198796153, "cumulative_counters": [106, 633, 165], "counter_scope": "transactional operations/contributions/groups touched; OLD and NEW separately"}
{"event": "observed-transaction", "state": "seed_42_22", "boundary": "commit-returned", "affected_inputs": 1, "duration_ms": 0.2042090054601431, "cumulative_counters": [107, 635, 167], "counter_scope": "transactional operations/contributions/groups touched; OLD and NEW separately"}
{"event": "observed-transaction", "state": "seed_42_23", "boundary": "commit-returned", "affected_inputs": 1, "duration_ms": 0.3653750754892826, "cumulative_counters": [108, 667, 169], "counter_scope": "transactional operations/contributions/groups touched; OLD and NEW separately"}
{"event": "observed-transaction", "state": "seed_42_24", "boundary": "commit-returned", "affected_inputs": 1, "duration_ms": 0.2912499476224184, "cumulative_counters": [109, 668, 170], "counter_scope": "transactional operations/contributions/groups touched; OLD and NEW separately"}
{"event": "observed-transaction", "state": "seed_42_25", "boundary": "commit-returned", "affected_inputs": 1, "duration_ms": 0.364125007763505, "cumulative_counters": [110, 710, 172], "counter_scope": "transactional operations/contributions/groups touched; OLD and NEW separately"}
{"event": "observed-transaction", "state": "seed_42_26", "boundary": "commit-returned", "affected_inputs": 1, "duration_ms": 0.2622499596327543, "cumulative_counters": [111, 712, 174], "counter_scope": "transactional operations/contributions/groups touched; OLD and NEW separately"}
{"event": "observed-transaction", "state": "seed_42_27", "boundary": "commit-returned", "affected_inputs": 1, "duration_ms": 0.20825001411139965, "cumulative_counters": [112, 714, 176], "counter_scope": "transactional operations/contributions/groups touched; OLD and NEW separately"}
{"event": "observed-transaction", "state": "seed_42_28", "boundary": "commit-returned", "affected_inputs": 0, "duration_ms": 0.05341600626707077, "cumulative_counters": [112, 714, 176], "counter_scope": "transactional operations/contributions/groups touched; OLD and NEW separately"}
{"event": "observed-transaction", "state": "seed_42_29", "boundary": "commit-returned", "affected_inputs": 1, "duration_ms": 0.3094170242547989, "cumulative_counters": [113, 716, 178], "counter_scope": "transactional operations/contributions/groups touched; OLD and NEW separately"}
{"event": "observed-transaction", "state": "seed_42_30", "boundary": "commit-returned", "affected_inputs": 1, "duration_ms": 0.1924580428749323, "cumulative_counters": [114, 718, 180], "counter_scope": "transactional operations/contributions/groups touched; OLD and NEW separately"}
{"event": "observed-transaction", "state": "seed_42_31", "boundary": "commit-returned", "affected_inputs": 1, "duration_ms": 0.1905420795083046, "cumulative_counters": [115, 720, 182], "counter_scope": "transactional operations/contributions/groups touched; OLD and NEW separately"}
{"event": "observed-transaction", "state": "seed_42_32", "boundary": "commit-returned", "affected_inputs": 1, "duration_ms": 0.25337503757327795, "cumulative_counters": [116, 722, 184], "counter_scope": "transactional operations/contributions/groups touched; OLD and NEW separately"}
{"event": "observed-transaction", "state": "seed_42_33", "boundary": "commit-returned", "affected_inputs": 1, "duration_ms": 0.3497920697554946, "cumulative_counters": [117, 772, 186], "counter_scope": "transactional operations/contributions/groups touched; OLD and NEW separately"}
{"event": "observed-transaction", "state": "seed_42_34", "boundary": "commit-returned", "affected_inputs": 1, "duration_ms": 0.3459169529378414, "cumulative_counters": [118, 808, 188], "counter_scope": "transactional operations/contributions/groups touched; OLD and NEW separately"}
{"event": "observed-transaction", "state": "seed_42_35", "boundary": "commit-returned", "affected_inputs": 1, "duration_ms": 0.1450410345569253, "cumulative_counters": [119, 809, 189], "counter_scope": "transactional operations/contributions/groups touched; OLD and NEW separately"}
{"event": "observed-transaction", "state": "seed_42_36", "boundary": "commit-returned", "affected_inputs": 1, "duration_ms": 0.3492089454084635, "cumulative_counters": [120, 845, 191], "counter_scope": "transactional operations/contributions/groups touched; OLD and NEW separately"}
{"event": "observed-transaction", "state": "seed_42_37", "boundary": "commit-returned", "affected_inputs": 1, "duration_ms": 0.2159159630537033, "cumulative_counters": [121, 847, 193], "counter_scope": "transactional operations/contributions/groups touched; OLD and NEW separately"}
{"event": "observed-transaction", "state": "seed_42_38", "boundary": "commit-returned", "affected_inputs": 1, "duration_ms": 0.2568749478086829, "cumulative_counters": [122, 849, 195], "counter_scope": "transactional operations/contributions/groups touched; OLD and NEW separately"}
{"event": "observed-transaction", "state": "seed_42_39", "boundary": "commit-returned", "affected_inputs": 1, "duration_ms": 0.40454103145748377, "cumulative_counters": [123, 889, 197], "counter_scope": "transactional operations/contributions/groups touched; OLD and NEW separately"}
{"event": "observed-transaction", "state": "seed_42_40", "boundary": "commit-returned", "affected_inputs": 1, "duration_ms": 0.3569589462131262, "cumulative_counters": [124, 931, 199], "counter_scope": "transactional operations/contributions/groups touched; OLD and NEW separately"}
{"event": "observed-transaction", "state": "seed_42_41", "boundary": "commit-returned", "affected_inputs": 0, "duration_ms": 0.05825003609061241, "cumulative_counters": [124, 931, 199], "counter_scope": "transactional operations/contributions/groups touched; OLD and NEW separately"}
{"event": "observed-transaction", "state": "seed_42_42", "boundary": "commit-returned", "affected_inputs": 1, "duration_ms": 0.3536250442266464, "cumulative_counters": [125, 973, 201], "counter_scope": "transactional operations/contributions/groups touched; OLD and NEW separately"}
{"event": "observed-transaction", "state": "seed_42_43", "boundary": "commit-returned", "affected_inputs": 1, "duration_ms": 0.19191589672118425, "cumulative_counters": [126, 975, 203], "counter_scope": "transactional operations/contributions/groups touched; OLD and NEW separately"}
{"event": "observed-transaction", "state": "seed_42_44", "boundary": "commit-returned", "affected_inputs": 1, "duration_ms": 0.540041015483439, "cumulative_counters": [127, 1013, 205], "counter_scope": "transactional operations/contributions/groups touched; OLD and NEW separately"}
{"event": "observed-transaction", "state": "seed_42_45", "boundary": "commit-returned", "affected_inputs": 1, "duration_ms": 0.3400829154998064, "cumulative_counters": [128, 1049, 207], "counter_scope": "transactional operations/contributions/groups touched; OLD and NEW separately"}
{"event": "observed-transaction", "state": "seed_42_46", "boundary": "commit-returned", "affected_inputs": 1, "duration_ms": 0.19525003153830767, "cumulative_counters": [129, 1051, 209], "counter_scope": "transactional operations/contributions/groups touched; OLD and NEW separately"}
{"event": "observed-transaction", "state": "seed_42_47", "boundary": "commit-returned", "affected_inputs": 1, "duration_ms": 0.18787500448524952, "cumulative_counters": [130, 1053, 211], "counter_scope": "transactional operations/contributions/groups touched; OLD and NEW separately"}
{"event": "observed-transaction", "state": "seed_42_48", "boundary": "commit-returned", "affected_inputs": 1, "duration_ms": 0.18874998204410076, "cumulative_counters": [131, 1055, 213], "counter_scope": "transactional operations/contributions/groups touched; OLD and NEW separately"}
{"event": "observed-transaction", "state": "seed_42_49", "boundary": "commit-returned", "affected_inputs": 1, "duration_ms": 0.3587090177461505, "cumulative_counters": [132, 1099, 215], "counter_scope": "transactional operations/contributions/groups touched; OLD and NEW separately"}
{"event": "observed-transaction", "state": "seed_2026_0", "boundary": "commit-returned", "affected_inputs": 1, "duration_ms": 0.34250004682689905, "cumulative_counters": [133, 1135, 217], "counter_scope": "transactional operations/contributions/groups touched; OLD and NEW separately"}
{"event": "observed-transaction", "state": "seed_2026_1", "boundary": "commit-returned", "affected_inputs": 0, "duration_ms": 0.04962494131177664, "cumulative_counters": [133, 1135, 217], "counter_scope": "transactional operations/contributions/groups touched; OLD and NEW separately"}
{"event": "observed-transaction", "state": "seed_2026_2", "boundary": "commit-returned", "affected_inputs": 1, "duration_ms": 0.13212498743087053, "cumulative_counters": [134, 1136, 218], "counter_scope": "transactional operations/contributions/groups touched; OLD and NEW separately"}
{"event": "observed-transaction", "state": "seed_2026_3", "boundary": "commit-returned", "affected_inputs": 1, "duration_ms": 0.3510839305818081, "cumulative_counters": [135, 1172, 220], "counter_scope": "transactional operations/contributions/groups touched; OLD and NEW separately"}
{"event": "observed-transaction", "state": "seed_2026_4", "boundary": "commit-returned", "affected_inputs": 1, "duration_ms": 0.2573330421000719, "cumulative_counters": [136, 1174, 222], "counter_scope": "transactional operations/contributions/groups touched; OLD and NEW separately"}
{"event": "observed-transaction", "state": "seed_2026_5", "boundary": "commit-returned", "affected_inputs": 1, "duration_ms": 0.26295799762010574, "cumulative_counters": [137, 1176, 224], "counter_scope": "transactional operations/contributions/groups touched; OLD and NEW separately"}
{"event": "observed-transaction", "state": "seed_2026_6", "boundary": "commit-returned", "affected_inputs": 1, "duration_ms": 0.25758298579603434, "cumulative_counters": [138, 1178, 226], "counter_scope": "transactional operations/contributions/groups touched; OLD and NEW separately"}
{"event": "observed-transaction", "state": "seed_2026_7", "boundary": "commit-returned", "affected_inputs": 1, "duration_ms": 0.2014579949900508, "cumulative_counters": [139, 1180, 228], "counter_scope": "transactional operations/contributions/groups touched; OLD and NEW separately"}
{"event": "observed-transaction", "state": "seed_2026_8", "boundary": "commit-returned", "affected_inputs": 1, "duration_ms": 0.17595791723579168, "cumulative_counters": [140, 1181, 229], "counter_scope": "transactional operations/contributions/groups touched; OLD and NEW separately"}
{"event": "observed-transaction", "state": "seed_2026_9", "boundary": "commit-returned", "affected_inputs": 1, "duration_ms": 0.14816701877862215, "cumulative_counters": [141, 1182, 230], "counter_scope": "transactional operations/contributions/groups touched; OLD and NEW separately"}
{"event": "observed-transaction", "state": "seed_2026_10", "boundary": "commit-returned", "affected_inputs": 1, "duration_ms": 0.25575002655386925, "cumulative_counters": [142, 1184, 232], "counter_scope": "transactional operations/contributions/groups touched; OLD and NEW separately"}
{"event": "observed-transaction", "state": "seed_2026_11", "boundary": "commit-returned", "affected_inputs": 1, "duration_ms": 0.14400004874914885, "cumulative_counters": [143, 1185, 233], "counter_scope": "transactional operations/contributions/groups touched; OLD and NEW separately"}
{"event": "observed-transaction", "state": "seed_2026_12", "boundary": "commit-returned", "affected_inputs": 1, "duration_ms": 0.25045801885426044, "cumulative_counters": [144, 1187, 235], "counter_scope": "transactional operations/contributions/groups touched; OLD and NEW separately"}
{"event": "observed-transaction", "state": "seed_2026_13", "boundary": "commit-returned", "affected_inputs": 1, "duration_ms": 0.5259169265627861, "cumulative_counters": [145, 1233, 237], "counter_scope": "transactional operations/contributions/groups touched; OLD and NEW separately"}
{"event": "observed-transaction", "state": "seed_2026_14", "boundary": "commit-returned", "affected_inputs": 1, "duration_ms": 0.2800410147756338, "cumulative_counters": [146, 1235, 239], "counter_scope": "transactional operations/contributions/groups touched; OLD and NEW separately"}
{"event": "observed-transaction", "state": "seed_2026_15", "boundary": "commit-returned", "affected_inputs": 1, "duration_ms": 0.17579097766429186, "cumulative_counters": [147, 1236, 240], "counter_scope": "transactional operations/contributions/groups touched; OLD and NEW separately"}
{"event": "observed-transaction", "state": "seed_2026_16", "boundary": "commit-returned", "affected_inputs": 1, "duration_ms": 0.1479169586673379, "cumulative_counters": [148, 1237, 241], "counter_scope": "transactional operations/contributions/groups touched; OLD and NEW separately"}
{"event": "observed-transaction", "state": "seed_2026_17", "boundary": "commit-returned", "affected_inputs": 1, "duration_ms": 0.3579159965738654, "cumulative_counters": [149, 1281, 243], "counter_scope": "transactional operations/contributions/groups touched; OLD and NEW separately"}
{"event": "observed-transaction", "state": "seed_2026_18", "boundary": "commit-returned", "affected_inputs": 1, "duration_ms": 0.17508293967694044, "cumulative_counters": [150, 1282, 244], "counter_scope": "transactional operations/contributions/groups touched; OLD and NEW separately"}
{"event": "observed-transaction", "state": "seed_2026_19", "boundary": "commit-returned", "affected_inputs": 1, "duration_ms": 0.23141689598560333, "cumulative_counters": [151, 1284, 246], "counter_scope": "transactional operations/contributions/groups touched; OLD and NEW separately"}
{"event": "observed-transaction", "state": "seed_2026_20", "boundary": "commit-returned", "affected_inputs": 1, "duration_ms": 0.25875004939734936, "cumulative_counters": [152, 1286, 248], "counter_scope": "transactional operations/contributions/groups touched; OLD and NEW separately"}
{"event": "observed-transaction", "state": "seed_2026_21", "boundary": "commit-returned", "affected_inputs": 0, "duration_ms": 0.10270904749631882, "cumulative_counters": [152, 1286, 248], "counter_scope": "transactional operations/contributions/groups touched; OLD and NEW separately"}
{"event": "observed-transaction", "state": "seed_2026_22", "boundary": "commit-returned", "affected_inputs": 1, "duration_ms": 0.2632499672472477, "cumulative_counters": [153, 1288, 250], "counter_scope": "transactional operations/contributions/groups touched; OLD and NEW separately"}
{"event": "observed-transaction", "state": "seed_2026_23", "boundary": "commit-returned", "affected_inputs": 1, "duration_ms": 0.20241702441126108, "cumulative_counters": [154, 1290, 252], "counter_scope": "transactional operations/contributions/groups touched; OLD and NEW separately"}
{"event": "observed-transaction", "state": "seed_2026_24", "boundary": "commit-returned", "affected_inputs": 1, "duration_ms": 0.4927499685436487, "cumulative_counters": [155, 1328, 254], "counter_scope": "transactional operations/contributions/groups touched; OLD and NEW separately"}
{"event": "observed-transaction", "state": "seed_2026_25", "boundary": "commit-returned", "affected_inputs": 1, "duration_ms": 0.18937501590698957, "cumulative_counters": [156, 1329, 255], "counter_scope": "transactional operations/contributions/groups touched; OLD and NEW separately"}
{"event": "observed-transaction", "state": "seed_2026_26", "boundary": "commit-returned", "affected_inputs": 1, "duration_ms": 0.2039159880951047, "cumulative_counters": [157, 1331, 257], "counter_scope": "transactional operations/contributions/groups touched; OLD and NEW separately"}
{"event": "observed-transaction", "state": "seed_2026_27", "boundary": "commit-returned", "affected_inputs": 0, "duration_ms": 0.10608404409140348, "cumulative_counters": [157, 1331, 257], "counter_scope": "transactional operations/contributions/groups touched; OLD and NEW separately"}
{"event": "observed-transaction", "state": "seed_2026_28", "boundary": "commit-returned", "affected_inputs": 1, "duration_ms": 0.1567089930176735, "cumulative_counters": [158, 1332, 258], "counter_scope": "transactional operations/contributions/groups touched; OLD and NEW separately"}
{"event": "observed-transaction", "state": "seed_2026_29", "boundary": "commit-returned", "affected_inputs": 1, "duration_ms": 0.20183296874165535, "cumulative_counters": [159, 1334, 260], "counter_scope": "transactional operations/contributions/groups touched; OLD and NEW separately"}
{"event": "observed-transaction", "state": "seed_2026_30", "boundary": "commit-returned", "affected_inputs": 1, "duration_ms": 0.147333019413054, "cumulative_counters": [160, 1335, 261], "counter_scope": "transactional operations/contributions/groups touched; OLD and NEW separately"}
{"event": "observed-transaction", "state": "seed_2026_31", "boundary": "commit-returned", "affected_inputs": 1, "duration_ms": 0.21195795852690935, "cumulative_counters": [161, 1337, 263], "counter_scope": "transactional operations/contributions/groups touched; OLD and NEW separately"}
{"event": "observed-transaction", "state": "seed_2026_32", "boundary": "commit-returned", "affected_inputs": 1, "duration_ms": 0.15516707208007574, "cumulative_counters": [162, 1338, 264], "counter_scope": "transactional operations/contributions/groups touched; OLD and NEW separately"}
{"event": "observed-transaction", "state": "seed_2026_33", "boundary": "commit-returned", "affected_inputs": 1, "duration_ms": 0.20204205065965652, "cumulative_counters": [163, 1340, 266], "counter_scope": "transactional operations/contributions/groups touched; OLD and NEW separately"}
{"event": "observed-transaction", "state": "seed_2026_34", "boundary": "commit-returned", "affected_inputs": 1, "duration_ms": 0.24420791305601597, "cumulative_counters": [164, 1342, 268], "counter_scope": "transactional operations/contributions/groups touched; OLD and NEW separately"}
{"event": "observed-transaction", "state": "seed_2026_35", "boundary": "commit-returned", "affected_inputs": 1, "duration_ms": 0.20470900926738977, "cumulative_counters": [165, 1343, 269], "counter_scope": "transactional operations/contributions/groups touched; OLD and NEW separately"}
{"event": "observed-transaction", "state": "seed_2026_36", "boundary": "commit-returned", "affected_inputs": 1, "duration_ms": 0.26825000531971455, "cumulative_counters": [166, 1345, 271], "counter_scope": "transactional operations/contributions/groups touched; OLD and NEW separately"}
{"event": "observed-transaction", "state": "seed_2026_37", "boundary": "commit-returned", "affected_inputs": 1, "duration_ms": 0.34675002098083496, "cumulative_counters": [167, 1383, 273], "counter_scope": "transactional operations/contributions/groups touched; OLD and NEW separately"}
{"event": "observed-transaction", "state": "seed_2026_38", "boundary": "commit-returned", "affected_inputs": 1, "duration_ms": 0.20112504716962576, "cumulative_counters": [168, 1385, 275], "counter_scope": "transactional operations/contributions/groups touched; OLD and NEW separately"}
{"event": "observed-transaction", "state": "seed_2026_39", "boundary": "commit-returned", "affected_inputs": 1, "duration_ms": 0.20041607785969973, "cumulative_counters": [169, 1387, 277], "counter_scope": "transactional operations/contributions/groups touched; OLD and NEW separately"}
{"event": "observed-transaction", "state": "seed_2026_40", "boundary": "commit-returned", "affected_inputs": 1, "duration_ms": 0.19466702360659838, "cumulative_counters": [170, 1389, 279], "counter_scope": "transactional operations/contributions/groups touched; OLD and NEW separately"}
{"event": "observed-transaction", "state": "seed_2026_41", "boundary": "commit-returned", "affected_inputs": 1, "duration_ms": 0.3455420956015587, "cumulative_counters": [171, 1429, 281], "counter_scope": "transactional operations/contributions/groups touched; OLD and NEW separately"}
{"event": "observed-transaction", "state": "seed_2026_42", "boundary": "commit-returned", "affected_inputs": 1, "duration_ms": 0.35662506707012653, "cumulative_counters": [172, 1469, 283], "counter_scope": "transactional operations/contributions/groups touched; OLD and NEW separately"}
{"event": "observed-transaction", "state": "seed_2026_43", "boundary": "commit-returned", "affected_inputs": 1, "duration_ms": 0.19558402709662914, "cumulative_counters": [173, 1471, 285], "counter_scope": "transactional operations/contributions/groups touched; OLD and NEW separately"}
{"event": "observed-transaction", "state": "seed_2026_44", "boundary": "commit-returned", "affected_inputs": 1, "duration_ms": 0.19333302043378353, "cumulative_counters": [174, 1509, 287], "counter_scope": "transactional operations/contributions/groups touched; OLD and NEW separately"}
{"event": "observed-transaction", "state": "seed_2026_45", "boundary": "commit-returned", "affected_inputs": 1, "duration_ms": 0.1715420512482524, "cumulative_counters": [175, 1510, 288], "counter_scope": "transactional operations/contributions/groups touched; OLD and NEW separately"}
{"event": "observed-transaction", "state": "seed_2026_46", "boundary": "commit-returned", "affected_inputs": 1, "duration_ms": 0.22787495981901884, "cumulative_counters": [176, 1512, 290], "counter_scope": "transactional operations/contributions/groups touched; OLD and NEW separately"}
{"event": "observed-transaction", "state": "seed_2026_47", "boundary": "commit-returned", "affected_inputs": 1, "duration_ms": 0.2610000083222985, "cumulative_counters": [177, 1514, 292], "counter_scope": "transactional operations/contributions/groups touched; OLD and NEW separately"}
{"event": "observed-transaction", "state": "seed_2026_48", "boundary": "commit-returned", "affected_inputs": 1, "duration_ms": 0.3511670511215925, "cumulative_counters": [178, 1552, 294], "counter_scope": "transactional operations/contributions/groups touched; OLD and NEW separately"}
{"event": "observed-transaction", "state": "seed_2026_49", "boundary": "commit-returned", "affected_inputs": 1, "duration_ms": 0.23799994960427284, "cumulative_counters": [179, 1553, 295], "counter_scope": "transactional operations/contributions/groups touched; OLD and NEW separately"}
{"event": "observed-transaction", "state": "semantic_duplicate_supports", "boundary": "commit-returned", "affected_inputs": 2, "duration_ms": 0.16833306290209293, "cumulative_counters": [181, 1555, 297], "counter_scope": "transactional operations/contributions/groups touched; OLD and NEW separately"}
{"event": "observed-transaction", "state": "semantic_duplicate_retract", "boundary": "commit-returned", "affected_inputs": 1, "duration_ms": 0.14070805627852678, "cumulative_counters": [182, 1556, 298], "counter_scope": "transactional operations/contributions/groups touched; OLD and NEW separately"}
{"event": "observed-transaction", "state": "semantic_multirow_dimension", "boundary": "commit-returned", "affected_inputs": 21, "duration_ms": 0.7244589505717158, "cumulative_counters": [203, 2316, 338], "counter_scope": "transactional operations/contributions/groups touched; OLD and NEW separately"}
{"event": "observed-transaction", "state": "semantic_dimension_key_move", "boundary": "commit-returned", "affected_inputs": 1, "duration_ms": 0.3443340538069606, "cumulative_counters": [204, 2316, 338], "counter_scope": "transactional operations/contributions/groups touched; OLD and NEW separately"}
{"event": "observed-transaction", "state": "semantic_empty_facts", "boundary": "commit-returned", "affected_inputs": 380, "duration_ms": 2.292333054356277, "cumulative_counters": [584, 2696, 718], "counter_scope": "transactional operations/contributions/groups touched; OLD and NEW separately"}
{"event": "observed-transaction", "state": "semantic_empty_dimensions", "boundary": "commit-returned", "affected_inputs": 21, "duration_ms": 0.4402500344440341, "cumulative_counters": [605, 2696, 718], "counter_scope": "transactional operations/contributions/groups touched; OLD and NEW separately"}
{"event": "observed-transaction", "state": "semantic_empty_reseed_dimension", "boundary": "commit-returned", "affected_inputs": 1, "duration_ms": 0.3248749999329448, "cumulative_counters": [606, 2696, 718], "counter_scope": "transactional operations/contributions/groups touched; OLD and NEW separately"}
{"event": "observed-transaction", "state": "semantic_empty_reseed_fact", "boundary": "commit-returned", "affected_inputs": 1, "duration_ms": 0.15249999705702066, "cumulative_counters": [607, 2697, 719], "counter_scope": "transactional operations/contributions/groups touched; OLD and NEW separately"}
