{"timestamp":"2026-09-08T18:02:25.282543Z","level":"INFO","fields":{"message":"boundary","boundary":"load","operation":0,"view":"","extended_code":0,"duration_us":2,"algorithm":"signed_join_count_sum","build":"0.1.0"},"target":"sqlite_ivm"}
{"timestamp":"2026-09-08T18:02:25.283457Z","level":"INFO","fields":{"message":"boundary","boundary":"install","operation":0,"view":"__ivm_73756d6d617279","extended_code":0,"duration_us":2,"algorithm":"signed_join_count_sum","build":"0.1.0"},"target":"sqlite_ivm"}
{"timestamp":"2026-09-08T18:02:25.283595Z","level":"INFO","fields":{"message":"boundary","boundary":"bind","operation":0,"view":"__ivm_73756d6d617279","extended_code":0,"duration_us":140,"algorithm":"signed_join_count_sum","build":"0.1.0"},"target":"sqlite_ivm"}
{"timestamp":"2026-09-08T18:02:25.283868Z","level":"INFO","fields":{"message":"boundary","boundary":"lower","operation":0,"view":"__ivm_73756d6d617279","extended_code":0,"duration_us":413,"algorithm":"signed_join_count_sum","build":"0.1.0"},"target":"sqlite_ivm"}
{"timestamp":"2026-09-08T18:02:25.284824Z","level":"INFO","fields":{"message":"boundary","boundary":"schema","operation":0,"view":"__ivm_73756d6d617279","extended_code":0,"duration_us":1369,"algorithm":"signed_join_count_sum","build":"0.1.0"},"target":"sqlite_ivm"}
{"timestamp":"2026-09-08T18:02:25.284973Z","level":"INFO","fields":{"message":"boundary","boundary":"install_release","operation":0,"view":"__ivm_73756d6d617279","extended_code":0,"duration_us":1518,"algorithm":"signed_join_count_sum","build":"0.1.0"},"target":"sqlite_ivm"}
{"event": "observed-transaction", "state": "initial", "boundary": "initial", "affected_inputs": 0, "duration_ms": 0, "cumulative_counters": [0, 0, 0], "counter_scope": "transactional operations/contributions/groups touched; OLD and NEW separately"}
{"event": "observed-transaction", "state": "insert_batch", "boundary": "commit-returned", "affected_inputs": 10, "duration_ms": 0.3109999233856797, "cumulative_counters": [10, 10, 10], "counter_scope": "transactional operations/contributions/groups touched; OLD and NEW separately"}
{"event": "observed-transaction", "state": "delete_batch", "boundary": "commit-returned", "affected_inputs": 10, "duration_ms": 0.22479193285107613, "cumulative_counters": [20, 20, 20], "counter_scope": "transactional operations/contributions/groups touched; OLD and NEW separately"}
{"event": "observed-transaction", "state": "update_batch", "boundary": "commit-returned", "affected_inputs": 10, "duration_ms": 0.3255000337958336, "cumulative_counters": [30, 40, 40], "counter_scope": "transactional operations/contributions/groups touched; OLD and NEW separately"}
{"event": "observed-transaction", "state": "dimension_fanout", "boundary": "commit-returned", "affected_inputs": 1, "duration_ms": 0.280875014141202, "cumulative_counters": [31, 60, 42], "counter_scope": "transactional operations/contributions/groups touched; OLD and NEW separately"}
{"event": "observed-transaction", "state": "semantic_delete", "boundary": "commit-returned", "affected_inputs": 1, "duration_ms": 0.15104201156646013, "cumulative_counters": [32, 61, 43], "counter_scope": "transactional operations/contributions/groups touched; OLD and NEW separately"}
{"event": "observed-transaction", "state": "semantic_reinsert", "boundary": "commit-returned", "affected_inputs": 1, "duration_ms": 0.16779208090156317, "cumulative_counters": [33, 62, 44], "counter_scope": "transactional operations/contributions/groups touched; OLD and NEW separately"}
{"event": "observed-transaction", "state": "semantic_key_move", "boundary": "commit-returned", "affected_inputs": 1, "duration_ms": 0.23804197553545237, "cumulative_counters": [34, 64, 46], "counter_scope": "transactional operations/contributions/groups touched; OLD and NEW separately"}
{"event": "observed-transaction", "state": "semantic_dimension_insert", "boundary": "commit-returned", "affected_inputs": 1, "duration_ms": 0.29158301185816526, "cumulative_counters": [35, 64, 46], "counter_scope": "transactional operations/contributions/groups touched; OLD and NEW separately"}
{"event": "observed-transaction", "state": "semantic_zero_sum", "boundary": "commit-returned", "affected_inputs": 1, "duration_ms": 0.21891691721975803, "cumulative_counters": [36, 65, 47], "counter_scope": "transactional operations/contributions/groups touched; OLD and NEW separately"}
{"event": "observed-transaction", "state": "semantic_last_group_delete", "boundary": "commit-returned", "affected_inputs": 1, "duration_ms": 0.19741605501621962, "cumulative_counters": [37, 66, 48], "counter_scope": "transactional operations/contributions/groups touched; OLD and NEW separately"}
{"event": "observed-transaction", "state": "semantic_dimension_delete", "boundary": "commit-returned", "affected_inputs": 1, "duration_ms": 0.2413330366834998, "cumulative_counters": [38, 66, 48], "counter_scope": "transactional operations/contributions/groups touched; OLD and NEW separately"}
{"event": "observed-transaction", "state": "semantic_dimension_reinsert", "boundary": "commit-returned", "affected_inputs": 1, "duration_ms": 0.258459011092782, "cumulative_counters": [39, 66, 48], "counter_scope": "transactional operations/contributions/groups touched; OLD and NEW separately"}
{"event": "observed-transaction", "state": "seed_7_0", "boundary": "commit-returned", "affected_inputs": 1, "duration_ms": 0.2501249546185136, "cumulative_counters": [40, 68, 50], "counter_scope": "transactional operations/contributions/groups touched; OLD and NEW separately"}
{"event": "observed-transaction", "state": "seed_7_1", "boundary": "commit-returned", "affected_inputs": 1, "duration_ms": 0.2708330284804106, "cumulative_counters": [41, 70, 52], "counter_scope": "transactional operations/contributions/groups touched; OLD and NEW separately"}
{"event": "observed-transaction", "state": "seed_7_2", "boundary": "commit-returned", "affected_inputs": 1, "duration_ms": 0.2589999930933118, "cumulative_counters": [42, 72, 54], "counter_scope": "transactional operations/contributions/groups touched; OLD and NEW separately"}
{"event": "observed-transaction", "state": "seed_7_3", "boundary": "commit-returned", "affected_inputs": 1, "duration_ms": 0.2666669897735119, "cumulative_counters": [43, 74, 56], "counter_scope": "transactional operations/contributions/groups touched; OLD and NEW separately"}
{"event": "observed-transaction", "state": "seed_7_4", "boundary": "commit-returned", "affected_inputs": 1, "duration_ms": 0.21929200738668442, "cumulative_counters": [44, 76, 58], "counter_scope": "transactional operations/contributions/groups touched; OLD and NEW separately"}
{"event": "observed-transaction", "state": "seed_7_5", "boundary": "commit-returned", "affected_inputs": 1, "duration_ms": 0.39616692811250687, "cumulative_counters": [45, 116, 60], "counter_scope": "transactional operations/contributions/groups touched; OLD and NEW separately"}
{"event": "observed-transaction", "state": "seed_7_6", "boundary": "commit-returned", "affected_inputs": 1, "duration_ms": 0.3361250273883343, "cumulative_counters": [46, 134, 62], "counter_scope": "transactional operations/contributions/groups touched; OLD and NEW separately"}
{"event": "observed-transaction", "state": "seed_7_7", "boundary": "commit-returned", "affected_inputs": 1, "duration_ms": 0.24945801123976707, "cumulative_counters": [47, 136, 64], "counter_scope": "transactional operations/contributions/groups touched; OLD and NEW separately"}
{"event": "observed-transaction", "state": "seed_7_8", "boundary": "commit-returned", "affected_inputs": 1, "duration_ms": 0.14183297753334045, "cumulative_counters": [48, 137, 65], "counter_scope": "transactional operations/contributions/groups touched; OLD and NEW separately"}
{"event": "observed-transaction", "state": "seed_7_9", "boundary": "commit-returned", "affected_inputs": 1, "duration_ms": 0.14520902186632156, "cumulative_counters": [49, 138, 66], "counter_scope": "transactional operations/contributions/groups touched; OLD and NEW separately"}
{"event": "observed-transaction", "state": "seed_7_10", "boundary": "commit-returned", "affected_inputs": 1, "duration_ms": 0.27900002896785736, "cumulative_counters": [50, 178, 68], "counter_scope": "transactional operations/contributions/groups touched; OLD and NEW separately"}
{"event": "observed-transaction", "state": "seed_7_11", "boundary": "commit-returned", "affected_inputs": 1, "duration_ms": 0.23979099933058023, "cumulative_counters": [51, 180, 70], "counter_scope": "transactional operations/contributions/groups touched; OLD and NEW separately"}
{"event": "observed-transaction", "state": "seed_7_12", "boundary": "commit-returned", "affected_inputs": 1, "duration_ms": 0.19354105461388826, "cumulative_counters": [52, 182, 72], "counter_scope": "transactional operations/contributions/groups touched; OLD and NEW separately"}
{"event": "observed-transaction", "state": "seed_7_13", "boundary": "commit-returned", "affected_inputs": 1, "duration_ms": 0.18904206808656454, "cumulative_counters": [53, 184, 74], "counter_scope": "transactional operations/contributions/groups touched; OLD and NEW separately"}
{"event": "observed-transaction", "state": "seed_7_14", "boundary": "commit-returned", "affected_inputs": 1, "duration_ms": 0.20841602236032486, "cumulative_counters": [54, 186, 76], "counter_scope": "transactional operations/contributions/groups touched; OLD and NEW separately"}
{"event": "observed-transaction", "state": "seed_7_15", "boundary": "commit-returned", "affected_inputs": 1, "duration_ms": 0.25949999690055847, "cumulative_counters": [55, 188, 78], "counter_scope": "transactional operations/contributions/groups touched; OLD and NEW separately"}
{"event": "observed-transaction", "state": "seed_7_16", "boundary": "commit-returned", "affected_inputs": 1, "duration_ms": 0.17295905854552984, "cumulative_counters": [56, 189, 79], "counter_scope": "transactional operations/contributions/groups touched; OLD and NEW separately"}
{"event": "observed-transaction", "state": "seed_7_17", "boundary": "commit-returned", "affected_inputs": 1, "duration_ms": 0.27012499049305916, "cumulative_counters": [57, 191, 81], "counter_scope": "transactional operations/contributions/groups touched; OLD and NEW separately"}
{"event": "observed-transaction", "state": "seed_7_18", "boundary": "commit-returned", "affected_inputs": 1, "duration_ms": 0.20929204765707254, "cumulative_counters": [58, 193, 83], "counter_scope": "transactional operations/contributions/groups touched; OLD and NEW separately"}
{"event": "observed-transaction", "state": "seed_7_19", "boundary": "commit-returned", "affected_inputs": 1, "duration_ms": 0.13779103755950928, "cumulative_counters": [59, 194, 84], "counter_scope": "transactional operations/contributions/groups touched; OLD and NEW separately"}
{"event": "observed-transaction", "state": "seed_7_20", "boundary": "commit-returned", "affected_inputs": 1, "duration_ms": 0.2192499814555049, "cumulative_counters": [60, 195, 85], "counter_scope": "transactional operations/contributions/groups touched; OLD and NEW separately"}
{"event": "observed-transaction", "state": "seed_7_21", "boundary": "commit-returned", "affected_inputs": 1, "duration_ms": 0.20299991592764854, "cumulative_counters": [61, 197, 87], "counter_scope": "transactional operations/contributions/groups touched; OLD and NEW separately"}
{"event": "observed-transaction", "state": "seed_7_22", "boundary": "commit-returned", "affected_inputs": 1, "duration_ms": 0.1430839765816927, "cumulative_counters": [62, 198, 88], "counter_scope": "transactional operations/contributions/groups touched; OLD and NEW separately"}
{"event": "observed-transaction", "state": "seed_7_23", "boundary": "commit-returned", "affected_inputs": 1, "duration_ms": 0.23341597989201546, "cumulative_counters": [63, 200, 90], "counter_scope": "transactional operations/contributions/groups touched; OLD and NEW separately"}
{"event": "observed-transaction", "state": "seed_7_24", "boundary": "commit-returned", "affected_inputs": 1, "duration_ms": 0.14304195065051317, "cumulative_counters": [64, 201, 91], "counter_scope": "transactional operations/contributions/groups touched; OLD and NEW separately"}
{"event": "observed-transaction", "state": "seed_7_25", "boundary": "commit-returned", "affected_inputs": 1, "duration_ms": 0.21299999207258224, "cumulative_counters": [65, 203, 93], "counter_scope": "transactional operations/contributions/groups touched; OLD and NEW separately"}
{"event": "observed-transaction", "state": "seed_7_26", "boundary": "commit-returned", "affected_inputs": 1, "duration_ms": 0.27654191944748163, "cumulative_counters": [66, 205, 95], "counter_scope": "transactional operations/contributions/groups touched; OLD and NEW separately"}
{"event": "observed-transaction", "state": "seed_7_27", "boundary": "commit-returned", "affected_inputs": 1, "duration_ms": 0.28562499210238457, "cumulative_counters": [67, 249, 97], "counter_scope": "transactional operations/contributions/groups touched; OLD and NEW separately"}
{"event": "observed-transaction", "state": "seed_7_28", "boundary": "commit-returned", "affected_inputs": 1, "duration_ms": 0.22383301984518766, "cumulative_counters": [68, 289, 99], "counter_scope": "transactional operations/contributions/groups touched; OLD and NEW separately"}
{"event": "observed-transaction", "state": "seed_7_29", "boundary": "commit-returned", "affected_inputs": 1, "duration_ms": 0.279792002402246, "cumulative_counters": [69, 331, 101], "counter_scope": "transactional operations/contributions/groups touched; OLD and NEW separately"}
{"event": "observed-transaction", "state": "seed_7_30", "boundary": "commit-returned", "affected_inputs": 1, "duration_ms": 0.13741606380790472, "cumulative_counters": [70, 332, 102], "counter_scope": "transactional operations/contributions/groups touched; OLD and NEW separately"}
{"event": "observed-transaction", "state": "seed_7_31", "boundary": "commit-returned", "affected_inputs": 0, "duration_ms": 0.04929106216877699, "cumulative_counters": [70, 332, 102], "counter_scope": "transactional operations/contributions/groups touched; OLD and NEW separately"}
{"event": "observed-transaction", "state": "seed_7_32", "boundary": "commit-returned", "affected_inputs": 1, "duration_ms": 0.24679198395460844, "cumulative_counters": [71, 334, 104], "counter_scope": "transactional operations/contributions/groups touched; OLD and NEW separately"}
{"event": "observed-transaction", "state": "seed_7_33", "boundary": "commit-returned", "affected_inputs": 1, "duration_ms": 0.26062491815537214, "cumulative_counters": [72, 336, 106], "counter_scope": "transactional operations/contributions/groups touched; OLD and NEW separately"}
{"event": "observed-transaction", "state": "seed_7_34", "boundary": "commit-returned", "affected_inputs": 1, "duration_ms": 0.2520419657230377, "cumulative_counters": [73, 338, 108], "counter_scope": "transactional operations/contributions/groups touched; OLD and NEW separately"}
{"event": "observed-transaction", "state": "seed_7_35", "boundary": "commit-returned", "affected_inputs": 0, "duration_ms": 0.08908403106033802, "cumulative_counters": [73, 338, 108], "counter_scope": "transactional operations/contributions/groups touched; OLD and NEW separately"}
{"event": "observed-transaction", "state": "seed_7_36", "boundary": "commit-returned", "affected_inputs": 0, "duration_ms": 0.049042049795389175, "cumulative_counters": [73, 338, 108], "counter_scope": "transactional operations/contributions/groups touched; OLD and NEW separately"}
{"event": "observed-transaction", "state": "seed_7_37", "boundary": "commit-returned", "affected_inputs": 1, "duration_ms": 0.1937500201165676, "cumulative_counters": [74, 340, 110], "counter_scope": "transactional operations/contributions/groups touched; OLD and NEW separately"}
{"event": "observed-transaction", "state": "seed_7_38", "boundary": "commit-returned", "affected_inputs": 0, "duration_ms": 0.04887511022388935, "cumulative_counters": [74, 340, 110], "counter_scope": "transactional operations/contributions/groups touched; OLD and NEW separately"}
{"event": "observed-transaction", "state": "seed_7_39", "boundary": "commit-returned", "affected_inputs": 1, "duration_ms": 0.24204200599342585, "cumulative_counters": [75, 342, 112], "counter_scope": "transactional operations/contributions/groups touched; OLD and NEW separately"}
{"event": "observed-transaction", "state": "seed_7_40", "boundary": "commit-returned", "affected_inputs": 1, "duration_ms": 0.24112500250339508, "cumulative_counters": [76, 344, 114], "counter_scope": "transactional operations/contributions/groups touched; OLD and NEW separately"}
{"event": "observed-transaction", "state": "seed_7_41", "boundary": "commit-returned", "affected_inputs": 1, "duration_ms": 0.19070901907980442, "cumulative_counters": [77, 346, 116], "counter_scope": "transactional operations/contributions/groups touched; OLD and NEW separately"}
{"event": "observed-transaction", "state": "seed_7_42", "boundary": "commit-returned", "affected_inputs": 1, "duration_ms": 0.23341691121459007, "cumulative_counters": [78, 348, 118], "counter_scope": "transactional operations/contributions/groups touched; OLD and NEW separately"}
{"event": "observed-transaction", "state": "seed_7_43", "boundary": "commit-returned", "affected_inputs": 1, "duration_ms": 0.13741711154580116, "cumulative_counters": [79, 349, 119], "counter_scope": "transactional operations/contributions/groups touched; OLD and NEW separately"}
{"event": "observed-transaction", "state": "seed_7_44", "boundary": "commit-returned", "affected_inputs": 1, "duration_ms": 0.19512500148266554, "cumulative_counters": [80, 351, 121], "counter_scope": "transactional operations/contributions/groups touched; OLD and NEW separately"}
{"event": "observed-transaction", "state": "seed_7_45", "boundary": "commit-returned", "affected_inputs": 1, "duration_ms": 0.20004203543066978, "cumulative_counters": [81, 353, 123], "counter_scope": "transactional operations/contributions/groups touched; OLD and NEW separately"}
{"event": "observed-transaction", "state": "seed_7_46", "boundary": "commit-returned", "affected_inputs": 1, "duration_ms": 0.27041591238230467, "cumulative_counters": [82, 393, 125], "counter_scope": "transactional operations/contributions/groups touched; OLD and NEW separately"}
{"event": "observed-transaction", "state": "seed_7_47", "boundary": "commit-returned", "affected_inputs": 1, "duration_ms": 0.23708399385213852, "cumulative_counters": [83, 395, 127], "counter_scope": "transactional operations/contributions/groups touched; OLD and NEW separately"}
{"event": "observed-transaction", "state": "seed_7_48", "boundary": "commit-returned", "affected_inputs": 1, "duration_ms": 0.26174995582550764, "cumulative_counters": [84, 439, 129], "counter_scope": "transactional operations/contributions/groups touched; OLD and NEW separately"}
{"event": "observed-transaction", "state": "seed_7_49", "boundary": "commit-returned", "affected_inputs": 1, "duration_ms": 0.240708002820611, "cumulative_counters": [85, 441, 131], "counter_scope": "transactional operations/contributions/groups touched; OLD and NEW separately"}
{"event": "observed-transaction", "state": "seed_42_0", "boundary": "commit-returned", "affected_inputs": 1, "duration_ms": 0.14141702558845282, "cumulative_counters": [86, 442, 132], "counter_scope": "transactional operations/contributions/groups touched; OLD and NEW separately"}
{"event": "observed-transaction", "state": "seed_42_1", "boundary": "commit-returned", "affected_inputs": 1, "duration_ms": 0.2720000920817256, "cumulative_counters": [87, 478, 134], "counter_scope": "transactional operations/contributions/groups touched; OLD and NEW separately"}
{"event": "observed-transaction", "state": "seed_42_2", "boundary": "commit-returned", "affected_inputs": 1, "duration_ms": 0.19825005438178778, "cumulative_counters": [88, 480, 136], "counter_scope": "transactional operations/contributions/groups touched; OLD and NEW separately"}
{"event": "observed-transaction", "state": "seed_42_3", "boundary": "commit-returned", "affected_inputs": 1, "duration_ms": 0.2565419999882579, "cumulative_counters": [89, 482, 138], "counter_scope": "transactional operations/contributions/groups touched; OLD and NEW separately"}
{"event": "observed-transaction", "state": "seed_42_4", "boundary": "commit-returned", "affected_inputs": 1, "duration_ms": 0.19483291544020176, "cumulative_counters": [90, 484, 140], "counter_scope": "transactional operations/contributions/groups touched; OLD and NEW separately"}
{"event": "observed-transaction", "state": "seed_42_5", "boundary": "commit-returned", "affected_inputs": 1, "duration_ms": 0.29441702645272017, "cumulative_counters": [91, 486, 142], "counter_scope": "transactional operations/contributions/groups touched; OLD and NEW separately"}
{"event": "observed-transaction", "state": "seed_42_6", "boundary": "commit-returned", "affected_inputs": 1, "duration_ms": 0.28437504079192877, "cumulative_counters": [92, 488, 144], "counter_scope": "transactional operations/contributions/groups touched; OLD and NEW separately"}
{"event": "observed-transaction", "state": "seed_42_7", "boundary": "commit-returned", "affected_inputs": 1, "duration_ms": 0.2298339968547225, "cumulative_counters": [93, 489, 145], "counter_scope": "transactional operations/contributions/groups touched; OLD and NEW separately"}
{"event": "observed-transaction", "state": "seed_42_8", "boundary": "commit-returned", "affected_inputs": 1, "duration_ms": 0.1515829935669899, "cumulative_counters": [94, 490, 146], "counter_scope": "transactional operations/contributions/groups touched; OLD and NEW separately"}
{"event": "observed-transaction", "state": "seed_42_9", "boundary": "commit-returned", "affected_inputs": 1, "duration_ms": 0.28854189440608025, "cumulative_counters": [95, 538, 148], "counter_scope": "transactional operations/contributions/groups touched; OLD and NEW separately"}
{"event": "observed-transaction", "state": "seed_42_10", "boundary": "commit-returned", "affected_inputs": 1, "duration_ms": 0.2737919567152858, "cumulative_counters": [96, 586, 150], "counter_scope": "transactional operations/contributions/groups touched; OLD and NEW separately"}
{"event": "observed-transaction", "state": "seed_42_11", "boundary": "commit-returned", "affected_inputs": 1, "duration_ms": 0.2287919633090496, "cumulative_counters": [97, 587, 151], "counter_scope": "transactional operations/contributions/groups touched; OLD and NEW separately"}
{"event": "observed-transaction", "state": "seed_42_12", "boundary": "commit-returned", "affected_inputs": 1, "duration_ms": 0.20645803306251764, "cumulative_counters": [98, 589, 153], "counter_scope": "transactional operations/contributions/groups touched; OLD and NEW separately"}
{"event": "observed-transaction", "state": "seed_42_13", "boundary": "commit-returned", "affected_inputs": 1, "duration_ms": 0.1497080083936453, "cumulative_counters": [99, 590, 154], "counter_scope": "transactional operations/contributions/groups touched; OLD and NEW separately"}
{"event": "observed-transaction", "state": "seed_42_14", "boundary": "commit-returned", "affected_inputs": 1, "duration_ms": 0.16887497622519732, "cumulative_counters": [100, 591, 155], "counter_scope": "transactional operations/contributions/groups touched; OLD and NEW separately"}
{"event": "observed-transaction", "state": "seed_42_15", "boundary": "commit-returned", "affected_inputs": 1, "duration_ms": 0.2769579878076911, "cumulative_counters": [101, 593, 157], "counter_scope": "transactional operations/contributions/groups touched; OLD and NEW separately"}
{"event": "observed-transaction", "state": "seed_42_16", "boundary": "commit-returned", "affected_inputs": 1, "duration_ms": 0.24149997625499964, "cumulative_counters": [102, 595, 159], "counter_scope": "transactional operations/contributions/groups touched; OLD and NEW separately"}
{"event": "observed-transaction", "state": "seed_42_17", "boundary": "commit-returned", "affected_inputs": 1, "duration_ms": 0.1538749784231186, "cumulative_counters": [103, 596, 160], "counter_scope": "transactional operations/contributions/groups touched; OLD and NEW separately"}
{"event": "observed-transaction", "state": "seed_42_18", "boundary": "commit-returned", "affected_inputs": 1, "duration_ms": 0.23562507703900337, "cumulative_counters": [104, 598, 162], "counter_scope": "transactional operations/contributions/groups touched; OLD and NEW separately"}
{"event": "observed-transaction", "state": "seed_42_19", "boundary": "commit-returned", "affected_inputs": 0, "duration_ms": 0.053333002142608166, "cumulative_counters": [104, 598, 162], "counter_scope": "transactional operations/contributions/groups touched; OLD and NEW separately"}
{"event": "observed-transaction", "state": "seed_42_20", "boundary": "commit-returned", "affected_inputs": 1, "duration_ms": 0.22695795632898808, "cumulative_counters": [105, 599, 163], "counter_scope": "transactional operations/contributions/groups touched; OLD and NEW separately"}
{"event": "observed-transaction", "state": "seed_42_21", "boundary": "commit-returned", "affected_inputs": 1, "duration_ms": 0.2753329463303089, "cumulative_counters": [106, 633, 165], "counter_scope": "transactional operations/contributions/groups touched; OLD and NEW separately"}
{"event": "observed-transaction", "state": "seed_42_22", "boundary": "commit-returned", "affected_inputs": 1, "duration_ms": 0.20283297635614872, "cumulative_counters": [107, 635, 167], "counter_scope": "transactional operations/contributions/groups touched; OLD and NEW separately"}
{"event": "observed-transaction", "state": "seed_42_23", "boundary": "commit-returned", "affected_inputs": 1, "duration_ms": 0.27395901270210743, "cumulative_counters": [108, 667, 169], "counter_scope": "transactional operations/contributions/groups touched; OLD and NEW separately"}
{"event": "observed-transaction", "state": "seed_42_24", "boundary": "commit-returned", "affected_inputs": 1, "duration_ms": 0.24824996944516897, "cumulative_counters": [109, 668, 170], "counter_scope": "transactional operations/contributions/groups touched; OLD and NEW separately"}
{"event": "observed-transaction", "state": "seed_42_25", "boundary": "commit-returned", "affected_inputs": 1, "duration_ms": 0.32962497789412737, "cumulative_counters": [110, 710, 172], "counter_scope": "transactional operations/contributions/groups touched; OLD and NEW separately"}
{"event": "observed-transaction", "state": "seed_42_26", "boundary": "commit-returned", "affected_inputs": 1, "duration_ms": 0.26408303529024124, "cumulative_counters": [111, 712, 174], "counter_scope": "transactional operations/contributions/groups touched; OLD and NEW separately"}
{"event": "observed-transaction", "state": "seed_42_27", "boundary": "commit-returned", "affected_inputs": 1, "duration_ms": 0.21349999587982893, "cumulative_counters": [112, 714, 176], "counter_scope": "transactional operations/contributions/groups touched; OLD and NEW separately"}
{"event": "observed-transaction", "state": "seed_42_28", "boundary": "commit-returned", "affected_inputs": 0, "duration_ms": 0.05679100286215544, "cumulative_counters": [112, 714, 176], "counter_scope": "transactional operations/contributions/groups touched; OLD and NEW separately"}
{"event": "observed-transaction", "state": "seed_42_29", "boundary": "commit-returned", "affected_inputs": 1, "duration_ms": 0.27533399406820536, "cumulative_counters": [113, 716, 178], "counter_scope": "transactional operations/contributions/groups touched; OLD and NEW separately"}
{"event": "observed-transaction", "state": "seed_42_30", "boundary": "commit-returned", "affected_inputs": 1, "duration_ms": 0.20037498325109482, "cumulative_counters": [114, 718, 180], "counter_scope": "transactional operations/contributions/groups touched; OLD and NEW separately"}
{"event": "observed-transaction", "state": "seed_42_31", "boundary": "commit-returned", "affected_inputs": 1, "duration_ms": 0.23200002033263445, "cumulative_counters": [115, 720, 182], "counter_scope": "transactional operations/contributions/groups touched; OLD and NEW separately"}
{"event": "observed-transaction", "state": "seed_42_32", "boundary": "commit-returned", "affected_inputs": 1, "duration_ms": 0.2992920344695449, "cumulative_counters": [116, 722, 184], "counter_scope": "transactional operations/contributions/groups touched; OLD and NEW separately"}
{"event": "observed-transaction", "state": "seed_42_33", "boundary": "commit-returned", "affected_inputs": 1, "duration_ms": 0.2838750369846821, "cumulative_counters": [117, 772, 186], "counter_scope": "transactional operations/contributions/groups touched; OLD and NEW separately"}
{"event": "observed-transaction", "state": "seed_42_34", "boundary": "commit-returned", "affected_inputs": 1, "duration_ms": 0.27437496464699507, "cumulative_counters": [118, 808, 188], "counter_scope": "transactional operations/contributions/groups touched; OLD and NEW separately"}
{"event": "observed-transaction", "state": "seed_42_35", "boundary": "commit-returned", "affected_inputs": 1, "duration_ms": 0.14945794828236103, "cumulative_counters": [119, 809, 189], "counter_scope": "transactional operations/contributions/groups touched; OLD and NEW separately"}
{"event": "observed-transaction", "state": "seed_42_36", "boundary": "commit-returned", "affected_inputs": 1, "duration_ms": 0.27129100635647774, "cumulative_counters": [120, 845, 191], "counter_scope": "transactional operations/contributions/groups touched; OLD and NEW separately"}
{"event": "observed-transaction", "state": "seed_42_37", "boundary": "commit-returned", "affected_inputs": 1, "duration_ms": 0.23108301684260368, "cumulative_counters": [121, 847, 193], "counter_scope": "transactional operations/contributions/groups touched; OLD and NEW separately"}
{"event": "observed-transaction", "state": "seed_42_38", "boundary": "commit-returned", "affected_inputs": 1, "duration_ms": 0.2639169106259942, "cumulative_counters": [122, 849, 195], "counter_scope": "transactional operations/contributions/groups touched; OLD and NEW separately"}
{"event": "observed-transaction", "state": "seed_42_39", "boundary": "commit-returned", "affected_inputs": 1, "duration_ms": 0.2590829972177744, "cumulative_counters": [123, 889, 197], "counter_scope": "transactional operations/contributions/groups touched; OLD and NEW separately"}
{"event": "observed-transaction", "state": "seed_42_40", "boundary": "commit-returned", "affected_inputs": 1, "duration_ms": 0.27550000231713057, "cumulative_counters": [124, 931, 199], "counter_scope": "transactional operations/contributions/groups touched; OLD and NEW separately"}
{"event": "observed-transaction", "state": "seed_42_41", "boundary": "commit-returned", "affected_inputs": 0, "duration_ms": 0.05258305463939905, "cumulative_counters": [124, 931, 199], "counter_scope": "transactional operations/contributions/groups touched; OLD and NEW separately"}
{"event": "observed-transaction", "state": "seed_42_42", "boundary": "commit-returned", "affected_inputs": 1, "duration_ms": 0.2947920002043247, "cumulative_counters": [125, 973, 201], "counter_scope": "transactional operations/contributions/groups touched; OLD and NEW separately"}
{"event": "observed-transaction", "state": "seed_42_43", "boundary": "commit-returned", "affected_inputs": 1, "duration_ms": 0.20395906176418066, "cumulative_counters": [126, 975, 203], "counter_scope": "transactional operations/contributions/groups touched; OLD and NEW separately"}
{"event": "observed-transaction", "state": "seed_42_44", "boundary": "commit-returned", "affected_inputs": 1, "duration_ms": 0.27595809660851955, "cumulative_counters": [127, 1013, 205], "counter_scope": "transactional operations/contributions/groups touched; OLD and NEW separately"}
{"event": "observed-transaction", "state": "seed_42_45", "boundary": "commit-returned", "affected_inputs": 1, "duration_ms": 0.2894580829888582, "cumulative_counters": [128, 1049, 207], "counter_scope": "transactional operations/contributions/groups touched; OLD and NEW separately"}
{"event": "observed-transaction", "state": "seed_42_46", "boundary": "commit-returned", "affected_inputs": 1, "duration_ms": 0.2296658931300044, "cumulative_counters": [129, 1051, 209], "counter_scope": "transactional operations/contributions/groups touched; OLD and NEW separately"}
{"event": "observed-transaction", "state": "seed_42_47", "boundary": "commit-returned", "affected_inputs": 1, "duration_ms": 0.21900003775954247, "cumulative_counters": [130, 1053, 211], "counter_scope": "transactional operations/contributions/groups touched; OLD and NEW separately"}
{"event": "observed-transaction", "state": "seed_42_48", "boundary": "commit-returned", "affected_inputs": 1, "duration_ms": 0.2031669719144702, "cumulative_counters": [131, 1055, 213], "counter_scope": "transactional operations/contributions/groups touched; OLD and NEW separately"}
{"event": "observed-transaction", "state": "seed_42_49", "boundary": "commit-returned", "affected_inputs": 1, "duration_ms": 0.26716699358075857, "cumulative_counters": [132, 1099, 215], "counter_scope": "transactional operations/contributions/groups touched; OLD and NEW separately"}
{"event": "observed-transaction", "state": "seed_2026_0", "boundary": "commit-returned", "affected_inputs": 1, "duration_ms": 0.2727499231696129, "cumulative_counters": [133, 1135, 217], "counter_scope": "transactional operations/contributions/groups touched; OLD and NEW separately"}
{"event": "observed-transaction", "state": "seed_2026_1", "boundary": "commit-returned", "affected_inputs": 0, "duration_ms": 0.051292008720338345, "cumulative_counters": [133, 1135, 217], "counter_scope": "transactional operations/contributions/groups touched; OLD and NEW separately"}
{"event": "observed-transaction", "state": "seed_2026_2", "boundary": "commit-returned", "affected_inputs": 1, "duration_ms": 0.14658295549452305, "cumulative_counters": [134, 1136, 218], "counter_scope": "transactional operations/contributions/groups touched; OLD and NEW separately"}
{"event": "observed-transaction", "state": "seed_2026_3", "boundary": "commit-returned", "affected_inputs": 1, "duration_ms": 0.2757910406216979, "cumulative_counters": [135, 1172, 220], "counter_scope": "transactional operations/contributions/groups touched; OLD and NEW separately"}
{"event": "observed-transaction", "state": "seed_2026_4", "boundary": "commit-returned", "affected_inputs": 1, "duration_ms": 0.21091592498123646, "cumulative_counters": [136, 1174, 222], "counter_scope": "transactional operations/contributions/groups touched; OLD and NEW separately"}
{"event": "observed-transaction", "state": "seed_2026_5", "boundary": "commit-returned", "affected_inputs": 1, "duration_ms": 0.27854100335389376, "cumulative_counters": [137, 1176, 224], "counter_scope": "transactional operations/contributions/groups touched; OLD and NEW separately"}
{"event": "observed-transaction", "state": "seed_2026_6", "boundary": "commit-returned", "affected_inputs": 1, "duration_ms": 0.2484580036252737, "cumulative_counters": [138, 1178, 226], "counter_scope": "transactional operations/contributions/groups touched; OLD and NEW separately"}
{"event": "observed-transaction", "state": "seed_2026_7", "boundary": "commit-returned", "affected_inputs": 1, "duration_ms": 0.20154204685240984, "cumulative_counters": [139, 1180, 228], "counter_scope": "transactional operations/contributions/groups touched; OLD and NEW separately"}
{"event": "observed-transaction", "state": "seed_2026_8", "boundary": "commit-returned", "affected_inputs": 1, "duration_ms": 0.1465840032324195, "cumulative_counters": [140, 1181, 229], "counter_scope": "transactional operations/contributions/groups touched; OLD and NEW separately"}
{"event": "observed-transaction", "state": "seed_2026_9", "boundary": "commit-returned", "affected_inputs": 1, "duration_ms": 0.14066696166992188, "cumulative_counters": [141, 1182, 230], "counter_scope": "transactional operations/contributions/groups touched; OLD and NEW separately"}
{"event": "observed-transaction", "state": "seed_2026_10", "boundary": "commit-returned", "affected_inputs": 1, "duration_ms": 0.25216606445610523, "cumulative_counters": [142, 1184, 232], "counter_scope": "transactional operations/contributions/groups touched; OLD and NEW separately"}
{"event": "observed-transaction", "state": "seed_2026_11", "boundary": "commit-returned", "affected_inputs": 1, "duration_ms": 0.14045799616724253, "cumulative_counters": [143, 1185, 233], "counter_scope": "transactional operations/contributions/groups touched; OLD and NEW separately"}
{"event": "observed-transaction", "state": "seed_2026_12", "boundary": "commit-returned", "affected_inputs": 1, "duration_ms": 0.252624973654747, "cumulative_counters": [144, 1187, 235], "counter_scope": "transactional operations/contributions/groups touched; OLD and NEW separately"}
{"event": "observed-transaction", "state": "seed_2026_13", "boundary": "commit-returned", "affected_inputs": 1, "duration_ms": 0.2677920274436474, "cumulative_counters": [145, 1233, 237], "counter_scope": "transactional operations/contributions/groups touched; OLD and NEW separately"}
{"event": "observed-transaction", "state": "seed_2026_14", "boundary": "commit-returned", "affected_inputs": 1, "duration_ms": 0.25033403653651476, "cumulative_counters": [146, 1235, 239], "counter_scope": "transactional operations/contributions/groups touched; OLD and NEW separately"}
{"event": "observed-transaction", "state": "seed_2026_15", "boundary": "commit-returned", "affected_inputs": 1, "duration_ms": 0.1442090142518282, "cumulative_counters": [147, 1236, 240], "counter_scope": "transactional operations/contributions/groups touched; OLD and NEW separately"}
{"event": "observed-transaction", "state": "seed_2026_16", "boundary": "commit-returned", "affected_inputs": 1, "duration_ms": 0.14879205264151096, "cumulative_counters": [148, 1237, 241], "counter_scope": "transactional operations/contributions/groups touched; OLD and NEW separately"}
{"event": "observed-transaction", "state": "seed_2026_17", "boundary": "commit-returned", "affected_inputs": 1, "duration_ms": 0.2685829531401396, "cumulative_counters": [149, 1281, 243], "counter_scope": "transactional operations/contributions/groups touched; OLD and NEW separately"}
{"event": "observed-transaction", "state": "seed_2026_18", "boundary": "commit-returned", "affected_inputs": 1, "duration_ms": 0.13591698370873928, "cumulative_counters": [150, 1282, 244], "counter_scope": "transactional operations/contributions/groups touched; OLD and NEW separately"}
{"event": "observed-transaction", "state": "seed_2026_19", "boundary": "commit-returned", "affected_inputs": 1, "duration_ms": 0.19712501671165228, "cumulative_counters": [151, 1284, 246], "counter_scope": "transactional operations/contributions/groups touched; OLD and NEW separately"}
{"event": "observed-transaction", "state": "seed_2026_20", "boundary": "commit-returned", "affected_inputs": 1, "duration_ms": 0.2477919915691018, "cumulative_counters": [152, 1286, 248], "counter_scope": "transactional operations/contributions/groups touched; OLD and NEW separately"}
{"event": "observed-transaction", "state": "seed_2026_21", "boundary": "commit-returned", "affected_inputs": 0, "duration_ms": 0.0956669682636857, "cumulative_counters": [152, 1286, 248], "counter_scope": "transactional operations/contributions/groups touched; OLD and NEW separately"}
{"event": "observed-transaction", "state": "seed_2026_22", "boundary": "commit-returned", "affected_inputs": 1, "duration_ms": 0.2470420440658927, "cumulative_counters": [153, 1288, 250], "counter_scope": "transactional operations/contributions/groups touched; OLD and NEW separately"}
{"event": "observed-transaction", "state": "seed_2026_23", "boundary": "commit-returned", "affected_inputs": 1, "duration_ms": 0.2132500521838665, "cumulative_counters": [154, 1290, 252], "counter_scope": "transactional operations/contributions/groups touched; OLD and NEW separately"}
{"event": "observed-transaction", "state": "seed_2026_24", "boundary": "commit-returned", "affected_inputs": 1, "duration_ms": 0.31570903956890106, "cumulative_counters": [155, 1328, 254], "counter_scope": "transactional operations/contributions/groups touched; OLD and NEW separately"}
{"event": "observed-transaction", "state": "seed_2026_25", "boundary": "commit-returned", "affected_inputs": 1, "duration_ms": 0.15904195606708527, "cumulative_counters": [156, 1329, 255], "counter_scope": "transactional operations/contributions/groups touched; OLD and NEW separately"}
{"event": "observed-transaction", "state": "seed_2026_26", "boundary": "commit-returned", "affected_inputs": 1, "duration_ms": 0.23016706109046936, "cumulative_counters": [157, 1331, 257], "counter_scope": "transactional operations/contributions/groups touched; OLD and NEW separately"}
{"event": "observed-transaction", "state": "seed_2026_27", "boundary": "commit-returned", "affected_inputs": 0, "duration_ms": 0.10404200293123722, "cumulative_counters": [157, 1331, 257], "counter_scope": "transactional operations/contributions/groups touched; OLD and NEW separately"}
{"event": "observed-transaction", "state": "seed_2026_28", "boundary": "commit-returned", "affected_inputs": 1, "duration_ms": 0.16929209232330322, "cumulative_counters": [158, 1332, 258], "counter_scope": "transactional operations/contributions/groups touched; OLD and NEW separately"}
{"event": "observed-transaction", "state": "seed_2026_29", "boundary": "commit-returned", "affected_inputs": 1, "duration_ms": 0.21237495820969343, "cumulative_counters": [159, 1334, 260], "counter_scope": "transactional operations/contributions/groups touched; OLD and NEW separately"}
{"event": "observed-transaction", "state": "seed_2026_30", "boundary": "commit-returned", "affected_inputs": 1, "duration_ms": 0.1925829565152526, "cumulative_counters": [160, 1335, 261], "counter_scope": "transactional operations/contributions/groups touched; OLD and NEW separately"}
{"event": "observed-transaction", "state": "seed_2026_31", "boundary": "commit-returned", "affected_inputs": 1, "duration_ms": 0.21120894234627485, "cumulative_counters": [161, 1337, 263], "counter_scope": "transactional operations/contributions/groups touched; OLD and NEW separately"}
{"event": "observed-transaction", "state": "seed_2026_32", "boundary": "commit-returned", "affected_inputs": 1, "duration_ms": 0.15654100570827723, "cumulative_counters": [162, 1338, 264], "counter_scope": "transactional operations/contributions/groups touched; OLD and NEW separately"}
{"event": "observed-transaction", "state": "seed_2026_33", "boundary": "commit-returned", "affected_inputs": 1, "duration_ms": 0.19354093819856644, "cumulative_counters": [163, 1340, 266], "counter_scope": "transactional operations/contributions/groups touched; OLD and NEW separately"}
{"event": "observed-transaction", "state": "seed_2026_34", "boundary": "commit-returned", "affected_inputs": 1, "duration_ms": 0.23995793890208006, "cumulative_counters": [164, 1342, 268], "counter_scope": "transactional operations/contributions/groups touched; OLD and NEW separately"}
{"event": "observed-transaction", "state": "seed_2026_35", "boundary": "commit-returned", "affected_inputs": 1, "duration_ms": 0.15370803885161877, "cumulative_counters": [165, 1343, 269], "counter_scope": "transactional operations/contributions/groups touched; OLD and NEW separately"}
{"event": "observed-transaction", "state": "seed_2026_36", "boundary": "commit-returned", "affected_inputs": 1, "duration_ms": 0.23454101756215096, "cumulative_counters": [166, 1345, 271], "counter_scope": "transactional operations/contributions/groups touched; OLD and NEW separately"}
{"event": "observed-transaction", "state": "seed_2026_37", "boundary": "commit-returned", "affected_inputs": 1, "duration_ms": 0.28675002977252007, "cumulative_counters": [167, 1383, 273], "counter_scope": "transactional operations/contributions/groups touched; OLD and NEW separately"}
{"event": "observed-transaction", "state": "seed_2026_38", "boundary": "commit-returned", "affected_inputs": 1, "duration_ms": 0.200208043679595, "cumulative_counters": [168, 1385, 275], "counter_scope": "transactional operations/contributions/groups touched; OLD and NEW separately"}
{"event": "observed-transaction", "state": "seed_2026_39", "boundary": "commit-returned", "affected_inputs": 1, "duration_ms": 0.19512500148266554, "cumulative_counters": [169, 1387, 277], "counter_scope": "transactional operations/contributions/groups touched; OLD and NEW separately"}
{"event": "observed-transaction", "state": "seed_2026_40", "boundary": "commit-returned", "affected_inputs": 1, "duration_ms": 0.19979209173470736, "cumulative_counters": [170, 1389, 279], "counter_scope": "transactional operations/contributions/groups touched; OLD and NEW separately"}
{"event": "observed-transaction", "state": "seed_2026_41", "boundary": "commit-returned", "affected_inputs": 1, "duration_ms": 0.28516596648842096, "cumulative_counters": [171, 1429, 281], "counter_scope": "transactional operations/contributions/groups touched; OLD and NEW separately"}
{"event": "observed-transaction", "state": "seed_2026_42", "boundary": "commit-returned", "affected_inputs": 1, "duration_ms": 0.2780839568004012, "cumulative_counters": [172, 1469, 283], "counter_scope": "transactional operations/contributions/groups touched; OLD and NEW separately"}
{"event": "observed-transaction", "state": "seed_2026_43", "boundary": "commit-returned", "affected_inputs": 1, "duration_ms": 0.21483399905264378, "cumulative_counters": [173, 1471, 285], "counter_scope": "transactional operations/contributions/groups touched; OLD and NEW separately"}
{"event": "observed-transaction", "state": "seed_2026_44", "boundary": "commit-returned", "affected_inputs": 1, "duration_ms": 0.2660839818418026, "cumulative_counters": [174, 1509, 287], "counter_scope": "transactional operations/contributions/groups touched; OLD and NEW separately"}
{"event": "observed-transaction", "state": "seed_2026_45", "boundary": "commit-returned", "affected_inputs": 1, "duration_ms": 0.15866593457758427, "cumulative_counters": [175, 1510, 288], "counter_scope": "transactional operations/contributions/groups touched; OLD and NEW separately"}
{"event": "observed-transaction", "state": "seed_2026_46", "boundary": "commit-returned", "affected_inputs": 1, "duration_ms": 0.22087502293288708, "cumulative_counters": [176, 1512, 290], "counter_scope": "transactional operations/contributions/groups touched; OLD and NEW separately"}
{"event": "observed-transaction", "state": "seed_2026_47", "boundary": "commit-returned", "affected_inputs": 1, "duration_ms": 0.3914999542757869, "cumulative_counters": [177, 1514, 292], "counter_scope": "transactional operations/contributions/groups touched; OLD and NEW separately"}
{"event": "observed-transaction", "state": "seed_2026_48", "boundary": "commit-returned", "affected_inputs": 1, "duration_ms": 0.3120409091934562, "cumulative_counters": [178, 1552, 294], "counter_scope": "transactional operations/contributions/groups touched; OLD and NEW separately"}
{"event": "observed-transaction", "state": "seed_2026_49", "boundary": "commit-returned", "affected_inputs": 1, "duration_ms": 0.2502910792827606, "cumulative_counters": [179, 1553, 295], "counter_scope": "transactional operations/contributions/groups touched; OLD and NEW separately"}
{"event": "observed-transaction", "state": "semantic_duplicate_supports", "boundary": "commit-returned", "affected_inputs": 2, "duration_ms": 0.16195804346352816, "cumulative_counters": [181, 1555, 297], "counter_scope": "transactional operations/contributions/groups touched; OLD and NEW separately"}
{"event": "observed-transaction", "state": "semantic_duplicate_retract", "boundary": "commit-returned", "affected_inputs": 1, "duration_ms": 0.15366601292043924, "cumulative_counters": [182, 1556, 298], "counter_scope": "transactional operations/contributions/groups touched; OLD and NEW separately"}
{"event": "observed-transaction", "state": "semantic_multirow_dimension", "boundary": "commit-returned", "affected_inputs": 21, "duration_ms": 0.6452499656006694, "cumulative_counters": [203, 2316, 338], "counter_scope": "transactional operations/contributions/groups touched; OLD and NEW separately"}
{"event": "observed-transaction", "state": "semantic_dimension_key_move", "boundary": "commit-returned", "affected_inputs": 1, "duration_ms": 0.26704207994043827, "cumulative_counters": [204, 2316, 338], "counter_scope": "transactional operations/contributions/groups touched; OLD and NEW separately"}
{"event": "observed-transaction", "state": "semantic_empty_facts", "boundary": "commit-returned", "affected_inputs": 380, "duration_ms": 2.2592080058529973, "cumulative_counters": [584, 2696, 718], "counter_scope": "transactional operations/contributions/groups touched; OLD and NEW separately"}
{"event": "observed-transaction", "state": "semantic_empty_dimensions", "boundary": "commit-returned", "affected_inputs": 21, "duration_ms": 0.3272920148447156, "cumulative_counters": [605, 2696, 718], "counter_scope": "transactional operations/contributions/groups touched; OLD and NEW separately"}
{"event": "observed-transaction", "state": "semantic_empty_reseed_dimension", "boundary": "commit-returned", "affected_inputs": 1, "duration_ms": 0.2370000584051013, "cumulative_counters": [606, 2696, 718], "counter_scope": "transactional operations/contributions/groups touched; OLD and NEW separately"}
{"event": "observed-transaction", "state": "semantic_empty_reseed_fact", "boundary": "commit-returned", "affected_inputs": 1, "duration_ms": 0.15566602814942598, "cumulative_counters": [607, 2697, 719], "counter_scope": "transactional operations/contributions/groups touched; OLD and NEW separately"}
