---
source: crates/sprf/tests/kitchen_sink.rs
expression: out
---
all_keys:
  data.json :: KEY = alpha
  data.json :: KEY = beta
  data.json :: KEY = gamma
  data.json :: VAL = one
  data.json :: VAL = three
  data.json :: VAL = two
any_object:
  has_empty.json :: KEY = data
array_deps:
  package.json :: BUNDLE = cjs
  package.json :: BUNDLE = esm
  package.json :: BUNDLE = umd
bare_glob_rule:
  Makefile :: INCLUDE = build/rules.mk
  Makefile :: INCLUDE = common.mk
branch_alias:
  charts/app/values.yaml :: VER = 3.5.0
  deploy/config.yaml :: VER = 3.5.0
  docker-compose.yaml :: VER = 3.8
  packages/auth/values.yaml :: VER = 1.0.0
branched:
  deploy/deploy.yaml :: PROD = myorg/api-service
  deploy/deploy.yaml :: REPO = myorg/auth-service scan=repo
cargo_lock_pkg:
  Cargo.lock :: NAME = anyhow
  Cargo.lock :: NAME = fixture-app
  Cargo.lock :: NAME = pin-project-lite
  Cargo.lock :: NAME = serde
  Cargo.lock :: NAME = tokio
  Cargo.lock :: VERSION = 0.1.0
  Cargo.lock :: VERSION = 0.2.13
  Cargo.lock :: VERSION = 1.0.197
  Cargo.lock :: VERSION = 1.0.81
  Cargo.lock :: VERSION = 1.36.0
cargo_workspace_members:
  Cargo.toml :: MEMBER = crates/alpha
  Cargo.toml :: MEMBER = crates/beta
  Cargo.toml :: MEMBER = crates/gamma
deep_values:
  data.json :: KEY = alpha
  data.json :: KEY = beta
  data.json :: KEY = gamma
  data.json :: VAL = one
  data.json :: VAL = three
  data.json :: VAL = two
dep_name:
  Cargo.toml :: NAME = anyhow
  Cargo.toml :: NAME = insta
  Cargo.toml :: NAME = serde
  Cargo.toml :: NAME = tokio
dep_source:
  Cargo.toml :: DEP = anyhow
  Cargo.toml :: DEP = serde
  Cargo.toml :: DEP = tokio
  package.json :: DEP = @myorg/utils
  package.json :: DEP = express
  package.json :: DEP = lodash
deploy_image:
  charts/app/values.yaml :: REPO = myorg/backend
  charts/app/values.yaml :: REPO = myorg/frontend
  charts/app/values.yaml :: TAG = v1.2.3
  charts/app/values.yaml :: TAG = v2.0.1
deploy_values:
  charts/app/values.yaml :: VAL = 3.5.0
  charts/app/values.yaml :: VAL = myorg/backend
  charts/app/values.yaml :: VAL = myorg/frontend
  charts/app/values.yaml :: VAL = v1.2.3
  charts/app/values.yaml :: VAL = v2.0.1
  packages/auth/values.yaml :: VAL = 1.0.0
  packages/auth/values.yaml :: VAL = auth-service
docker_compose_services:
  docker-compose.yaml :: SERVICE_KEY = build
  docker-compose.yaml :: SERVICE_KEY = image
  docker-compose.yaml :: SERVICE_NAME = api
  docker-compose.yaml :: SERVICE_NAME = postgres
  docker-compose.yaml :: SERVICE_NAME = redis
  docker-compose.yaml :: SERVICE_NAME = worker
  docker-compose.yaml :: SERVICE_VAL = ./api
  docker-compose.yaml :: SERVICE_VAL = ./worker
  docker-compose.yaml :: SERVICE_VAL = postgres:16
  docker-compose.yaml :: SERVICE_VAL = redis:7-alpine
docker_from_stage:
  app/Dockerfile :: IMAGE = node:20-alpine
  app/Dockerfile :: STAGE = builder
dockerfile_from:
  app/Dockerfile :: IMAGE = nginx
  app/Dockerfile :: IMAGE = node
  app/Dockerfile :: TAG = 1.25-alpine
  app/Dockerfile :: TAG = 20-alpine AS builder
env_var_ref:
  src/handlers/api.ts :: NAME = API_KEY
  src/handlers/api.ts :: NAME = DATABASE_URL
file_tag:
  README.md :: TITLE = fixture-app
folder_tag:
  src/components/widget/index.ts :: NAME = WIDGET_NAME
  src/components/widget/index.ts :: VAL = widget
go_mod_dep:
  services/api/go.mod :: MODULE = github.com/gin-gonic/gin
  services/api/go.mod :: MODULE = github.com/go-playground/validator/v10
  services/api/go.mod :: MODULE = golang.org/x/net
  services/api/go.mod :: VERSION = v0.17.0
  services/api/go.mod :: VERSION = v1.9.1
  services/api/go.mod :: VERSION = v10.14.0
inline_scan:
  deploy/services.yaml :: REPO = myorg/auth-service scan=repo
  deploy/services.yaml :: TAG = v1.2.3 scan=rev
inline_scan_norm_inline:
  deploy/services.yaml :: REPO = myorg/auth-service scan=repo.norm
  deploy/services.yaml :: TAG = v1.2.3 scan=rev.norm
inline_scan_norm_tag:
  deploy/services.yaml :: REPO = myorg/auth-service scan=repo.norm
  deploy/services.yaml :: TAG = v1.2.3 scan=rev.norm
install_cmds:
  README.md :: PKG = express
  README.md :: PKG = lodash
k8s_configmap_envs:
  k8s/app-configmap.yaml :: ENV_KEY = DATABASE_URL
  k8s/app-configmap.yaml :: ENV_KEY = LOG_LEVEL
  k8s/app-configmap.yaml :: ENV_KEY = MAX_CONNECTIONS
  k8s/app-configmap.yaml :: ENV_KEY = REDIS_HOST
  k8s/app-configmap.yaml :: ENV_VAL = 100
  k8s/app-configmap.yaml :: ENV_VAL = info
  k8s/app-configmap.yaml :: ENV_VAL = postgres://db:5432/app
  k8s/app-configmap.yaml :: ENV_VAL = redis.svc.cluster.local
level0:
  deploy/deploy.yaml :: REPO = myorg/api-service
  deploy/deploy.yaml :: TAG = v3.1.0
level1:
  package.json :: DEP = @myorg/utils
  package.json :: DEP = express
  package.json :: DEP = lodash
  package.json :: SPEC = 4.17.21
  package.json :: SPEC = 4.18.2
  package.json :: SPEC = ^1.0.0
level2:
  resolved.lock :: DEP = express
  resolved.lock :: DEP = lodash
  resolved.lock :: PINNED_REV = abc123
  resolved.lock :: PINNED_REV = def456
line_regex:
  app/Dockerfile :: IMAGE = nginx
  app/Dockerfile :: IMAGE = node
  app/Dockerfile :: TAG = 1.25-alpine
  app/Dockerfile :: TAG = 20-alpine
multi_seg:
  app/Dockerfile :: DEST = .
  app/Dockerfile :: SRC = .
npm_lock_resolved:
  package-lock.json :: PKG_PATH = node_modules/express
  package-lock.json :: PKG_PATH = node_modules/lodash
  package-lock.json :: URL = https://registry.npmjs.org/express/-/express-4.18.2.tgz
  package-lock.json :: URL = https://registry.npmjs.org/lodash/-/lodash-4.17.21.tgz
  package-lock.json :: VERSION = 4.17.21
  package-lock.json :: VERSION = 4.18.2
openapi_operations:
  api/openapi.yaml :: API_PATH = /users
  api/openapi.yaml :: API_PATH = /users/{id}
  api/openapi.yaml :: METHOD = delete
  api/openapi.yaml :: METHOD = get
  api/openapi.yaml :: METHOD = post
  api/openapi.yaml :: OP_ID = createUser
  api/openapi.yaml :: OP_ID = deleteUser
  api/openapi.yaml :: OP_ID = getUser
  api/openapi.yaml :: OP_ID = listUsers
package_exports:
  package.json :: EXPORT_KEY = import
  package.json :: EXPORT_KEY = types
  package.json :: EXPORT_PATH = .
  package.json :: EXPORT_PATH = ./math
  package.json :: EXPORT_VAL = ./dist/index.d.ts
  package.json :: EXPORT_VAL = ./dist/index.js
  package.json :: EXPORT_VAL = ./dist/math.d.ts
  package.json :: EXPORT_VAL = ./dist/math.js
package_name:
  Cargo.toml :: NAME = fixture-app
pnpm_workspace:
  pnpm-workspace.yaml :: PKG = apps/*
  pnpm-workspace.yaml :: PKG = packages/*
  pnpm-workspace.yaml :: PKG = tools/scripts
py_requirement:
  services/api/requirements.txt :: PACKAGE = celery[redis]
  services/api/requirements.txt :: PACKAGE = flask
  services/api/requirements.txt :: PACKAGE = requests
  services/api/requirements.txt :: PACKAGE = sqlalchemy
  services/api/requirements.txt :: VERSION = 2.0.28
  services/api/requirements.txt :: VERSION = 2.31.0
  services/api/requirements.txt :: VERSION = 3.0.2
  services/api/requirements.txt :: VERSION = 5.3.6
quoted_val:
  config.json :: HOST = api.example.com
  config.json :: PORT = 8443
  config.json :: PROTO = https
react_hook:
  src/hooks/UserPanel.tsx :: ARGS = { id: 1 }
  src/hooks/UserPanel.tsx :: ENTITY = User
readme_code_langs:
  README.md :: LANG = bash
  README.md :: LANG = rust
readme_deps:
  README.md :: ITEM = express
  README.md :: ITEM = lodash
readme_links:
  README.md :: TEXT = docs
  README.md :: TEXT = source
  README.md :: URL = https://example.com
  README.md :: URL = https://github.com/x
readme_sections:
  README.md :: SECTION = Dependencies
  README.md :: SECTION = Installation
  README.md :: SECTION = Usage
ref_no_block:
  package.json :: VERSION = 2.1.0
ref_with_block:
  package.json :: DEP = @myorg/utils
  package.json :: DEP = express
  package.json :: DEP = lodash
  package.json :: SPEC = 4.17.21
  package.json :: SPEC = 4.18.2
  package.json :: SPEC = ^1.0.0
region_fns:
  src/lib.rs :: NAME = login
  src/lib.rs :: NAME = logout
release_config:
  deploy/config.yaml :: VER = 3.5.0
rust_fn:
  src/lib.rs :: ARGS = name: &str
  src/lib.rs :: BODY = 42
  src/lib.rs :: BODY = format!("hi {}", name)
  src/lib.rs :: NAME = greet
  src/lib.rs :: NAME = to_u32
  src/lib.rs :: RET = String
  src/lib.rs :: RET = u32
scoped_deep:
  packages/auth/values.yaml :: NAME = auth-service
  packages/auth/values.yaml :: PKG = auth
  packages/auth/values.yaml :: REPO = myorg/auth-service scan=repo
scoped_pkg:
  package.json :: NAME = utils
  package.json :: SCOPE = myorg
section_block:
  src/lib.rs :: NAME = also_outside
  src/lib.rs :: NAME = evaluate
  src/lib.rs :: NAME = greet
  src/lib.rs :: NAME = lex
  src/lib.rs :: NAME = login
  src/lib.rs :: NAME = logout
  src/lib.rs :: NAME = parse
  src/lib.rs :: NAME = to_u32
section_fns:
  src/lib.rs :: NAME = also_outside
  src/lib.rs :: NAME = evaluate
  src/lib.rs :: NAME = greet
  src/lib.rs :: NAME = lex
  src/lib.rs :: NAME = login
  src/lib.rs :: NAME = logout
  src/lib.rs :: NAME = parse
  src/lib.rs :: NAME = to_u32
tag_alias:
  charts/app/values.yaml :: VER = 3.5.0
  deploy/config.yaml :: VER = 3.5.0
  docker-compose.yaml :: VER = 3.8
  packages/auth/values.yaml :: VER = 1.0.0
ts_files:
  src/handlers/api.ts :: NAME = express
  src/handlers/api.ts :: PATH = express
  src/hooks/UserPanel.tsx :: NAME = { useUserQuery }
  src/hooks/UserPanel.tsx :: PATH = ./queries
tsconfig_paths:
  tsconfig.json :: ALIAS = @components/*
  tsconfig.json :: ALIAS = @config
  tsconfig.json :: ALIAS = @utils/*
  tsconfig.json :: TARGET = src/components/*
  tsconfig.json :: TARGET = src/config/index.ts
  tsconfig.json :: TARGET = src/shared/components/*
  tsconfig.json :: TARGET = src/utils/*
workspace_member:
  Cargo.toml :: MEMBER = crates/alpha
  Cargo.toml :: MEMBER = crates/beta
  Cargo.toml :: MEMBER = crates/gamma
