INPUT|pglite-query|db30ac02b193c1cdca2ef7bae9ea9afd835e257c2ada0605d31c51219806f8b3
STATUS|pglite-query|ok|ordinary recursive SQL full recomputation; timed phases end after materialization and count; exact before=ada7ea43e998e3ba1357b4270279f2976e2659c6e3dd768d0fbfc6a15cd11314 after=d290b0a93c2138767799bffe561de2bad1a45c0ffc8210a3be393f16eb7bc305; untimed transfer_ms before=0.919 after=0.435; untimed checksum_validation_ms before=0.579 after=0.078; PostgreSQL 18.3|sampled RSS of the Node process containing PGlite WASM|DL_MEMCAP_MB=4096 limits Node old-space only; total process RSS is unenforced
CSV,pglite-query,402,667,200,9.633,1.736,N/A,1035.1,N/A,N/A,38.117
EXIT_STATUS|0
OK   pglite-query 2x200 -> pglite-query,402,667,200,9.633,1.736,N/A,1035.1,N/A,N/A,38.117
INPUT|pglite-query|9e396ebb51ac3e3dc339421c7ce611b26ad40c18f915070d7d679bd85d17e4d1
STATUS|pglite-query|ok|ordinary recursive SQL full recomputation; timed phases end after materialization and count; exact before=5359ff08f251a47ab81d104beeff9633f95d50c30ea2ff1db9d40617983ca17b after=e640e84f06cd3d340d290625432f23bf9cf4b9df50d6e4ae1ab7a73f216df46b; untimed transfer_ms before=15.040 after=12.262; untimed checksum_validation_ms before=3.726 after=1.847; PostgreSQL 18.3|sampled RSS of the Node process containing PGlite WASM|DL_MEMCAP_MB=4096 limits Node old-space only; total process RSS is unenforced
CSV,pglite-query,12002,22667,2000,57.385,27.778,N/A,1048.8,N/A,N/A,39.274
EXIT_STATUS|0
OK   pglite-query 6x2000 -> pglite-query,12002,22667,2000,57.385,27.778,N/A,1048.8,N/A,N/A,39.274
INPUT|pglite-query|333cfdd9c4c1bbed63a527bbe5d1002305e26ac14285809f7b9692ca4a53862e
STATUS|pglite-query|ok|ordinary recursive SQL full recomputation; timed phases end after materialization and count; exact before=d5b111c00b9de6c6acc308845af36202735166f81b10ef25547078a8e03fcd77 after=ba46515280fa0525997e4d27a81f4d2dfdb3f4445c1e54d0cc969e59cb068bf2; untimed transfer_ms before=199.415 after=163.322; untimed checksum_validation_ms before=27.456 after=23.580; PostgreSQL 18.3|sampled RSS of the Node process containing PGlite WASM|DL_MEMCAP_MB=4096 limits Node old-space only; total process RSS is unenforced
CSV,pglite-query,160002,306667,20000,721.141,418.595,N/A,1391.5,N/A,N/A,70.274
EXIT_STATUS|0
OK   pglite-query 8x20000 -> pglite-query,160002,306667,20000,721.141,418.595,N/A,1391.5,N/A,N/A,70.274
INPUT|native-postgres-query|db30ac02b193c1cdca2ef7bae9ea9afd835e257c2ada0605d31c51219806f8b3
STATUS|native-postgres-query|ok|ordinary recursive SQL full recomputation; timed phases end after materialization and count; exact before=ada7ea43e998e3ba1357b4270279f2976e2659c6e3dd768d0fbfc6a15cd11314 after=d290b0a93c2138767799bffe561de2bad1a45c0ffc8210a3be393f16eb7bc305; untimed transfer_ms before=0.721 after=0.162; untimed checksum_validation_ms before=0.495 after=0.086; PostgreSQL 18.6|sampled sum of Node client and disposable PostgreSQL process-tree RSS; shared mappings may be counted more than once|DL_MEMCAP_MB=4096 is unenforced for total PostgreSQL memory
CSV,native-postgres-query,402,667,200,5.483,1.917,N/A,140.7,N/A,N/A,7.412
EXIT_STATUS|0
OK   native-postgres-query 2x200 -> native-postgres-query,402,667,200,5.483,1.917,N/A,140.7,N/A,N/A,7.412
INPUT|native-postgres-query|9e396ebb51ac3e3dc339421c7ce611b26ad40c18f915070d7d679bd85d17e4d1
STATUS|native-postgres-query|ok|ordinary recursive SQL full recomputation; timed phases end after materialization and count; exact before=5359ff08f251a47ab81d104beeff9633f95d50c30ea2ff1db9d40617983ca17b after=e640e84f06cd3d340d290625432f23bf9cf4b9df50d6e4ae1ab7a73f216df46b; untimed transfer_ms before=5.858 after=2.309; untimed checksum_validation_ms before=3.339 after=1.706; PostgreSQL 18.6|sampled sum of Node client and disposable PostgreSQL process-tree RSS; shared mappings may be counted more than once|DL_MEMCAP_MB=4096 is unenforced for total PostgreSQL memory
CSV,native-postgres-query,12002,22667,2000,35.720,18.269,N/A,219.6,N/A,N/A,8.568
EXIT_STATUS|0
OK   native-postgres-query 6x2000 -> native-postgres-query,12002,22667,2000,35.720,18.269,N/A,219.6,N/A,N/A,8.568
INPUT|native-postgres-query|333cfdd9c4c1bbed63a527bbe5d1002305e26ac14285809f7b9692ca4a53862e
STATUS|native-postgres-query|ok|ordinary recursive SQL full recomputation; timed phases end after materialization and count; exact before=d5b111c00b9de6c6acc308845af36202735166f81b10ef25547078a8e03fcd77 after=ba46515280fa0525997e4d27a81f4d2dfdb3f4445c1e54d0cc969e59cb068bf2; untimed transfer_ms before=49.749 after=32.425; untimed checksum_validation_ms before=25.537 after=22.038; PostgreSQL 18.6|sampled sum of Node client and disposable PostgreSQL process-tree RSS; shared mappings may be counted more than once|DL_MEMCAP_MB=4096 is unenforced for total PostgreSQL memory
CSV,native-postgres-query,160002,306667,20000,481.055,226.245,N/A,492.5,N/A,N/A,23.568
EXIT_STATUS|0
OK   native-postgres-query 8x20000 -> native-postgres-query,160002,306667,20000,481.055,226.245,N/A,492.5,N/A,N/A,23.568
STATUS|pglite-pg_ivm|unsupported|pg_ivm rejects recursive WITH RECURSIVE view definitions|no process started|not applicable
EXIT_STATUS|0
STATUS pglite-pg_ivm 2x200 (see bench/results/repeated-proof-dag/measured-3/adapter-status.tsv)
STATUS|pglite-pg_ivm|unsupported|pg_ivm rejects recursive WITH RECURSIVE view definitions|no process started|not applicable
EXIT_STATUS|0
STATUS pglite-pg_ivm 6x2000 (see bench/results/repeated-proof-dag/measured-3/adapter-status.tsv)
STATUS|pglite-pg_ivm|unsupported|pg_ivm rejects recursive WITH RECURSIVE view definitions|no process started|not applicable
EXIT_STATUS|0
STATUS pglite-pg_ivm 8x20000 (see bench/results/repeated-proof-dag/measured-3/adapter-status.tsv)
STATUS|native-postgres-pg_ivm|unsupported|pg_ivm rejects recursive WITH RECURSIVE view definitions|no process started|not applicable
EXIT_STATUS|0
STATUS native-postgres-pg_ivm 2x200 (see bench/results/repeated-proof-dag/measured-3/adapter-status.tsv)
STATUS|native-postgres-pg_ivm|unsupported|pg_ivm rejects recursive WITH RECURSIVE view definitions|no process started|not applicable
EXIT_STATUS|0
STATUS native-postgres-pg_ivm 6x2000 (see bench/results/repeated-proof-dag/measured-3/adapter-status.tsv)
STATUS|native-postgres-pg_ivm|unsupported|pg_ivm rejects recursive WITH RECURSIVE view definitions|no process started|not applicable
EXIT_STATUS|0
STATUS native-postgres-pg_ivm 8x20000 (see bench/results/repeated-proof-dag/measured-3/adapter-status.tsv)
INPUT|swi-incr|db30ac02b193c1cdca2ef7bae9ea9afd835e257c2ada0605d31c51219806f8b3
STATUS|swi-incr|ok|SWI incremental tabling; setup and retract end after table materialization and count; exact ordered initial set matches the generated node range and exact incremental survivor set matches cold table recomputation|process RSS sampled with ps after both phases|DL_MEMCAP_MB is passed by the harness but unenforced by this adapter
CSV,swi-incr,402,667,200,1,1,0,12.78
EXIT_STATUS|0
OK   swi-incr 2x200 -> swi-incr,402,667,200,1,1,0,12.78,N/A,N/A,N/A
INPUT|swi-incr|9e396ebb51ac3e3dc339421c7ce611b26ad40c18f915070d7d679bd85d17e4d1
STATUS|swi-incr|ok|SWI incremental tabling; setup and retract end after table materialization and count; exact ordered initial set matches the generated node range and exact incremental survivor set matches cold table recomputation|process RSS sampled with ps after both phases|DL_MEMCAP_MB is passed by the harness but unenforced by this adapter
CSV,swi-incr,12002,22667,2000,67,55,0,47.42
EXIT_STATUS|0
OK   swi-incr 6x2000 -> swi-incr,12002,22667,2000,67,55,0,47.42,N/A,N/A,N/A
INPUT|swi-incr|333cfdd9c4c1bbed63a527bbe5d1002305e26ac14285809f7b9692ca4a53862e
STATUS|swi-incr|ok|SWI incremental tabling; setup and retract end after table materialization and count; exact ordered initial set matches the generated node range and exact incremental survivor set matches cold table recomputation|process RSS sampled with ps after both phases|DL_MEMCAP_MB is passed by the harness but unenforced by this adapter
CSV,swi-incr,160002,306667,20000,1044,1136,0,648.47
EXIT_STATUS|0
OK   swi-incr 8x20000 -> swi-incr,160002,306667,20000,1044,1136,0,648.47,N/A,N/A,N/A
INPUT|differential-dataflow|db30ac02b193c1cdca2ef7bae9ea9afd835e257c2ada0605d31c51219806f8b3
STATUS|differential-dataflow|ok|differential-dataflow 0.25 with timely 0.31; shared layered graph; setup and retract end after fixed-point materialization and count; exact ordered sets match BFS oracle|process peak RSS from getrusage including untimed oracle allocations|DL_MEMCAP_MB=4096 caps live Rust allocations through CappedAlloc (0 disables); RLIMIT_AS and RLIMIT_DATA are also requested best-effort; total process RSS is not capped
[dd] SETUP nodes=402 edges=667 records=402 ms=0.568
[dd] RETRACT killed=200 survivors=202 records=200 ms=0.240
CSV,differential-dataflow,402,667,200,0.568,0.240,200,4.0
EXIT_STATUS|0
OK   differential-dataflow 2x200 -> differential-dataflow,402,667,200,0.568,0.240,200,4.0,N/A,N/A,N/A
INPUT|differential-dataflow|9e396ebb51ac3e3dc339421c7ce611b26ad40c18f915070d7d679bd85d17e4d1
STATUS|differential-dataflow|ok|differential-dataflow 0.25 with timely 0.31; shared layered graph; setup and retract end after fixed-point materialization and count; exact ordered sets match BFS oracle|process peak RSS from getrusage including untimed oracle allocations|DL_MEMCAP_MB=4096 caps live Rust allocations through CappedAlloc (0 disables); RLIMIT_AS and RLIMIT_DATA are also requested best-effort; total process RSS is not capped
[dd] SETUP nodes=12002 edges=22667 records=12002 ms=6.727
[dd] RETRACT killed=2000 survivors=10002 records=2000 ms=2.305
CSV,differential-dataflow,12002,22667,2000,6.727,2.305,2000,8.5
EXIT_STATUS|0
OK   differential-dataflow 6x2000 -> differential-dataflow,12002,22667,2000,6.727,2.305,2000,8.5,N/A,N/A,N/A
INPUT|differential-dataflow|333cfdd9c4c1bbed63a527bbe5d1002305e26ac14285809f7b9692ca4a53862e
STATUS|differential-dataflow|ok|differential-dataflow 0.25 with timely 0.31; shared layered graph; setup and retract end after fixed-point materialization and count; exact ordered sets match BFS oracle|process peak RSS from getrusage including untimed oracle allocations|DL_MEMCAP_MB=4096 caps live Rust allocations through CappedAlloc (0 disables); RLIMIT_AS and RLIMIT_DATA are also requested best-effort; total process RSS is not capped
[dd] SETUP nodes=160002 edges=306667 records=160002 ms=93.373
[dd] RETRACT killed=20000 survivors=140002 records=20000 ms=25.742
CSV,differential-dataflow,160002,306667,20000,93.373,25.742,20000,72.4
EXIT_STATUS|0
OK   differential-dataflow 8x20000 -> differential-dataflow,160002,306667,20000,93.373,25.742,20000,72.4,N/A,N/A,N/A
INPUT|sqlite-count|db30ac02b193c1cdca2ef7bae9ea9afd835e257c2ada0605d31c51219806f8b3
STATUS|sqlite-count|ok|native RelStore specialized incremental cascade; materialize and count inside clocks; exact initial and survivor sets validated outside clocks; tagged-node input blake3=d21ac679d2ae1b63; survivor blake3=871dc3852156956e|process peak RSS includes setup and oracle; separate Rust allocation and SQLite C-heap high-water columns|DL_MEMCAP_MB=4096 caps live Rust allocations; SQLite C heap and total RSS are unenforced
CSV,sqlite-count,402,667,200,2.404,0.731,23,6.3,0.11,0.29,0.07
EXIT_STATUS|0
OK   sqlite-count 2x200 -> sqlite-count,402,667,200,2.404,0.731,23,6.3,0.11,0.29,0.07
INPUT|sqlite-count|9e396ebb51ac3e3dc339421c7ce611b26ad40c18f915070d7d679bd85d17e4d1
STATUS|sqlite-count|ok|native RelStore specialized incremental cascade; materialize and count inside clocks; exact initial and survivor sets validated outside clocks; tagged-node input blake3=6035d0f3b9cf2bb5; survivor blake3=979516e118581f07|process peak RSS includes setup and oracle; separate Rust allocation and SQLite C-heap high-water columns|DL_MEMCAP_MB=4096 caps live Rust allocations; SQLite C heap and total RSS are unenforced
CSV,sqlite-count,12002,22667,2000,20.599,5.039,23,12.6,0.21,1.34,0.79
EXIT_STATUS|0
OK   sqlite-count 6x2000 -> sqlite-count,12002,22667,2000,20.599,5.039,23,12.6,0.21,1.34,0.79
INPUT|sqlite-count|333cfdd9c4c1bbed63a527bbe5d1002305e26ac14285809f7b9692ca4a53862e
STATUS|sqlite-count|ok|native RelStore specialized incremental cascade; materialize and count inside clocks; exact initial and survivor sets validated outside clocks; tagged-node input blake3=fea9e9d65d21ef13; survivor blake3=239d2120ef6ba1c3|process peak RSS includes setup and oracle; separate Rust allocation and SQLite C-heap high-water columns|DL_MEMCAP_MB=4096 caps live Rust allocations; SQLite C heap and total RSS are unenforced
CSV,sqlite-count,160002,306667,20000,296.887,51.996,23,119.0,1.22,12.93,10.25
EXIT_STATUS|0
OK   sqlite-count 8x20000 -> sqlite-count,160002,306667,20000,296.887,51.996,23,119.0,1.22,12.93,10.25
INPUT|sqlite-count-scc|db30ac02b193c1cdca2ef7bae9ea9afd835e257c2ada0605d31c51219806f8b3
STATUS|sqlite-count-scc|ok|native RelStore specialized incremental cascade; materialize and count inside clocks; exact initial and survivor sets validated outside clocks; tagged-node input blake3=d21ac679d2ae1b63; survivor blake3=871dc3852156956e|process peak RSS includes setup and oracle; separate Rust allocation and SQLite C-heap high-water columns|DL_MEMCAP_MB=4096 caps live Rust allocations; SQLite C heap and total RSS are unenforced
CSV,sqlite-count-scc,402,667,200,4.818,0.797,15,6.7,0.11,0.29,0.07
EXIT_STATUS|0
OK   sqlite-count-scc 2x200 -> sqlite-count-scc,402,667,200,4.818,0.797,15,6.7,0.11,0.29,0.07
INPUT|sqlite-count-scc|9e396ebb51ac3e3dc339421c7ce611b26ad40c18f915070d7d679bd85d17e4d1
STATUS|sqlite-count-scc|ok|native RelStore specialized incremental cascade; materialize and count inside clocks; exact initial and survivor sets validated outside clocks; tagged-node input blake3=6035d0f3b9cf2bb5; survivor blake3=979516e118581f07|process peak RSS includes setup and oracle; separate Rust allocation and SQLite C-heap high-water columns|DL_MEMCAP_MB=4096 caps live Rust allocations; SQLite C heap and total RSS are unenforced
CSV,sqlite-count-scc,12002,22667,2000,21.159,19.490,39,13.6,0.21,1.34,0.79
EXIT_STATUS|0
OK   sqlite-count-scc 6x2000 -> sqlite-count-scc,12002,22667,2000,21.159,19.490,39,13.6,0.21,1.34,0.79
INPUT|sqlite-count-scc|333cfdd9c4c1bbed63a527bbe5d1002305e26ac14285809f7b9692ca4a53862e
STATUS|sqlite-count-scc|ok|native RelStore specialized incremental cascade; materialize and count inside clocks; exact initial and survivor sets validated outside clocks; tagged-node input blake3=fea9e9d65d21ef13; survivor blake3=239d2120ef6ba1c3|process peak RSS includes setup and oracle; separate Rust allocation and SQLite C-heap high-water columns|DL_MEMCAP_MB=4096 caps live Rust allocations; SQLite C heap and total RSS are unenforced
CSV,sqlite-count-scc,160002,306667,20000,295.803,278.879,51,118.9,1.22,14.32,10.25
EXIT_STATUS|0
OK   sqlite-count-scc 8x20000 -> sqlite-count-scc,160002,306667,20000,295.803,278.879,51,118.9,1.22,14.32,10.25
INPUT|sqlite-dred-loop|db30ac02b193c1cdca2ef7bae9ea9afd835e257c2ada0605d31c51219806f8b3
STATUS|sqlite-dred-loop|ok|native RelStore specialized incremental cascade; materialize and count inside clocks; exact initial and survivor sets validated outside clocks; tagged-node input blake3=d21ac679d2ae1b63; survivor blake3=871dc3852156956e|process peak RSS includes setup and oracle; separate Rust allocation and SQLite C-heap high-water columns|DL_MEMCAP_MB=4096 caps live Rust allocations; SQLite C heap and total RSS are unenforced
CSV,sqlite-dred-loop,402,667,200,4.337,0.793,25,6.5,0.11,0.29,0.07
EXIT_STATUS|0
OK   sqlite-dred-loop 2x200 -> sqlite-dred-loop,402,667,200,4.337,0.793,25,6.5,0.11,0.29,0.07
INPUT|sqlite-dred-loop|9e396ebb51ac3e3dc339421c7ce611b26ad40c18f915070d7d679bd85d17e4d1
STATUS|sqlite-dred-loop|ok|native RelStore specialized incremental cascade; materialize and count inside clocks; exact initial and survivor sets validated outside clocks; tagged-node input blake3=6035d0f3b9cf2bb5; survivor blake3=979516e118581f07|process peak RSS includes setup and oracle; separate Rust allocation and SQLite C-heap high-water columns|DL_MEMCAP_MB=4096 caps live Rust allocations; SQLite C heap and total RSS are unenforced
CSV,sqlite-dred-loop,12002,22667,2000,21.019,19.796,53,15.1,0.21,1.34,0.79
EXIT_STATUS|0
OK   sqlite-dred-loop 6x2000 -> sqlite-dred-loop,12002,22667,2000,21.019,19.796,53,15.1,0.21,1.34,0.79
INPUT|sqlite-dred-loop|333cfdd9c4c1bbed63a527bbe5d1002305e26ac14285809f7b9692ca4a53862e
STATUS|sqlite-dred-loop|ok|native RelStore specialized incremental cascade; materialize and count inside clocks; exact initial and survivor sets validated outside clocks; tagged-node input blake3=fea9e9d65d21ef13; survivor blake3=239d2120ef6ba1c3|process peak RSS includes setup and oracle; separate Rust allocation and SQLite C-heap high-water columns|DL_MEMCAP_MB=4096 caps live Rust allocations; SQLite C heap and total RSS are unenforced
CSV,sqlite-dred-loop,160002,306667,20000,293.791,278.348,67,107.6,1.22,14.32,10.25
EXIT_STATUS|0
OK   sqlite-dred-loop 8x20000 -> sqlite-dred-loop,160002,306667,20000,293.791,278.348,67,107.6,1.22,14.32,10.25
INPUT|sqlite-dred-cte|db30ac02b193c1cdca2ef7bae9ea9afd835e257c2ada0605d31c51219806f8b3
STATUS|sqlite-dred-cte|ok|native RelStore specialized incremental cascade; materialize and count inside clocks; exact initial and survivor sets validated outside clocks; tagged-node input blake3=d21ac679d2ae1b63; survivor blake3=871dc3852156956e|process peak RSS includes setup and oracle; separate Rust allocation and SQLite C-heap high-water columns|DL_MEMCAP_MB=4096 caps live Rust allocations; SQLite C heap and total RSS are unenforced
CSV,sqlite-dred-cte,402,667,200,3.990,0.719,6,6.5,0.11,0.29,0.07
EXIT_STATUS|0
OK   sqlite-dred-cte 2x200 -> sqlite-dred-cte,402,667,200,3.990,0.719,6,6.5,0.11,0.29,0.07
INPUT|sqlite-dred-cte|9e396ebb51ac3e3dc339421c7ce611b26ad40c18f915070d7d679bd85d17e4d1
STATUS|sqlite-dred-cte|ok|native RelStore specialized incremental cascade; materialize and count inside clocks; exact initial and survivor sets validated outside clocks; tagged-node input blake3=6035d0f3b9cf2bb5; survivor blake3=979516e118581f07|process peak RSS includes setup and oracle; separate Rust allocation and SQLite C-heap high-water columns|DL_MEMCAP_MB=4096 caps live Rust allocations; SQLite C heap and total RSS are unenforced
CSV,sqlite-dred-cte,12002,22667,2000,21.205,28.998,6,14.3,0.21,1.53,0.79
EXIT_STATUS|0
OK   sqlite-dred-cte 6x2000 -> sqlite-dred-cte,12002,22667,2000,21.205,28.998,6,14.3,0.21,1.53,0.79
INPUT|sqlite-dred-cte|333cfdd9c4c1bbed63a527bbe5d1002305e26ac14285809f7b9692ca4a53862e
STATUS|sqlite-dred-cte|ok|native RelStore specialized incremental cascade; materialize and count inside clocks; exact initial and survivor sets validated outside clocks; tagged-node input blake3=fea9e9d65d21ef13; survivor blake3=239d2120ef6ba1c3|process peak RSS includes setup and oracle; separate Rust allocation and SQLite C-heap high-water columns|DL_MEMCAP_MB=4096 caps live Rust allocations; SQLite C heap and total RSS are unenforced
CSV,sqlite-dred-cte,160002,306667,20000,291.424,404.716,6,132.1,1.22,18.20,10.25
EXIT_STATUS|0
OK   sqlite-dred-cte 8x20000 -> sqlite-dred-cte,160002,306667,20000,291.424,404.716,6,132.1,1.22,18.20,10.25
INPUT|sqlite-signed-delta-v2|db30ac02b193c1cdca2ef7bae9ea9afd835e257c2ada0605d31c51219806f8b3
STATUS|sqlite-signed-delta-v2|ok|full recursive recomputation from implicit zero-indegree roots excluding current seeds; validated single deletion only; repeated deletion and disconnected zero-weight cases fail sequence checks; materialize and count inside clocks; exact initial and survivor sets validated outside clocks; tagged-node input blake3=d21ac679d2ae1b63; survivor blake3=871dc3852156956e|process peak RSS includes setup and oracle; separate Rust allocation and SQLite C-heap high-water columns|DL_MEMCAP_MB=4096 caps live Rust allocations; SQLite C heap and total RSS are unenforced
CSV,sqlite-signed-delta-v2,402,667,200,5.772,0.389,3,6.4,0.11,0.29,0.07
EXIT_STATUS|0
OK   sqlite-signed-delta-v2 2x200 -> sqlite-signed-delta-v2,402,667,200,5.772,0.389,3,6.4,0.11,0.29,0.07
INPUT|sqlite-signed-delta-v2|9e396ebb51ac3e3dc339421c7ce611b26ad40c18f915070d7d679bd85d17e4d1
STATUS|sqlite-signed-delta-v2|ok|full recursive recomputation from implicit zero-indegree roots excluding current seeds; validated single deletion only; repeated deletion and disconnected zero-weight cases fail sequence checks; materialize and count inside clocks; exact initial and survivor sets validated outside clocks; tagged-node input blake3=6035d0f3b9cf2bb5; survivor blake3=979516e118581f07|process peak RSS includes setup and oracle; separate Rust allocation and SQLite C-heap high-water columns|DL_MEMCAP_MB=4096 caps live Rust allocations; SQLite C heap and total RSS are unenforced
CSV,sqlite-signed-delta-v2,12002,22667,2000,21.291,12.521,3,13.5,0.21,1.35,0.79
EXIT_STATUS|0
OK   sqlite-signed-delta-v2 6x2000 -> sqlite-signed-delta-v2,12002,22667,2000,21.291,12.521,3,13.5,0.21,1.35,0.79
INPUT|sqlite-signed-delta-v2|333cfdd9c4c1bbed63a527bbe5d1002305e26ac14285809f7b9692ca4a53862e
STATUS|sqlite-signed-delta-v2|ok|full recursive recomputation from implicit zero-indegree roots excluding current seeds; validated single deletion only; repeated deletion and disconnected zero-weight cases fail sequence checks; materialize and count inside clocks; exact initial and survivor sets validated outside clocks; tagged-node input blake3=fea9e9d65d21ef13; survivor blake3=239d2120ef6ba1c3|process peak RSS includes setup and oracle; separate Rust allocation and SQLite C-heap high-water columns|DL_MEMCAP_MB=4096 caps live Rust allocations; SQLite C heap and total RSS are unenforced
CSV,sqlite-signed-delta-v2,160002,306667,20000,291.509,181.161,3,125.4,1.22,15.15,10.25
EXIT_STATUS|0
OK   sqlite-signed-delta-v2 8x20000 -> sqlite-signed-delta-v2,160002,306667,20000,291.509,181.161,3,125.4,1.22,15.15,10.25
(node:84688) ExperimentalWarning: Transform Types is an experimental feature and might change at any time
(Use `node --trace-warnings ...` to show where the warning was created)
INPUT|tsv2-runtime|db30ac02b193c1cdca2ef7bae9ea9afd835e257c2ada0605d31c51219806f8b3
STATUS|tsv2-runtime|ok|compile_dl6 emitted program.tick through IncrementalRuntime; emitted recursive DRed plan; setup loads edges in 1000-row batches then roots; exact input edges and before/after sets match shared BFS outside clocks; count inside clocks|Node process RSS sampled after validation; in-memory libSQL store|DL_MEMCAP_MB limits Node old-space only; SQLite C heap and total RSS unenforced
CSV,tsv2-runtime,402,667,200,14.469,3.494,92,142.4,N/A,N/A,0
EXIT_STATUS|0
OK   tsv2-runtime 2x200 -> tsv2-runtime,402,667,200,14.469,3.494,92,142.4,N/A,N/A,0
(node:84711) ExperimentalWarning: Transform Types is an experimental feature and might change at any time
(Use `node --trace-warnings ...` to show where the warning was created)
INPUT|tsv2-runtime|9e396ebb51ac3e3dc339421c7ce611b26ad40c18f915070d7d679bd85d17e4d1
STATUS|tsv2-runtime|ok|compile_dl6 emitted program.tick through IncrementalRuntime; emitted recursive DRed plan; setup loads edges in 1000-row batches then roots; exact input edges and before/after sets match shared BFS outside clocks; count inside clocks|Node process RSS sampled after validation; in-memory libSQL store|DL_MEMCAP_MB limits Node old-space only; SQLite C heap and total RSS unenforced
CSV,tsv2-runtime,12002,22667,2000,286.214,45.942,107,173.8,N/A,N/A,0
EXIT_STATUS|0
OK   tsv2-runtime 6x2000 -> tsv2-runtime,12002,22667,2000,286.214,45.942,107,173.8,N/A,N/A,0
(node:84735) ExperimentalWarning: Transform Types is an experimental feature and might change at any time
(Use `node --trace-warnings ...` to show where the warning was created)
INPUT|tsv2-runtime|333cfdd9c4c1bbed63a527bbe5d1002305e26ac14285809f7b9692ca4a53862e
STATUS|tsv2-runtime|ok|compile_dl6 emitted program.tick through IncrementalRuntime; emitted recursive DRed plan; setup loads edges in 1000-row batches then roots; exact input edges and before/after sets match shared BFS outside clocks; count inside clocks|Node process RSS sampled after validation; in-memory libSQL store|DL_MEMCAP_MB limits Node old-space only; SQLite C heap and total RSS unenforced
CSV,tsv2-runtime,160002,306667,20000,6680.166,680.879,113,724.2,N/A,N/A,0
EXIT_STATUS|0
OK   tsv2-runtime 8x20000 -> tsv2-runtime,160002,306667,20000,6680.166,680.879,113,724.2,N/A,N/A,0
INPUT|sprefa-engine-rs|db30ac02b193c1cdca2ef7bae9ea9afd835e257c2ada0605d31c51219806f8b3
STATUS|sprefa-engine-rs|ok|compile_dl6 emit_rust program through drive_tick_transacted and GenProgram::run_tick; exact input edges and before/after sets match shared BFS outside clocks; count inside clocks|child-process peak RSS from time; in-memory rusqlite store|DL_MEMCAP_MB requested but unenforced for this adapter
CSV,sprefa-engine-rs,402,667,200,4.852,1.054,52,8.4,N/A,N/A,0
        0.00 real         0.00 user         0.00 sys
             8798208  maximum resident set size
                   0  average shared memory size
                   0  average unshared data size
                   0  average unshared stack size
                 698  page reclaims
                   0  page faults
                   0  swaps
                   0  block input operations
                   0  block output operations
                   0  messages sent
                   0  messages received
                   0  signals received
                   0  voluntary context switches
                   4  involuntary context switches
           121528702  instructions retired
            29606996  cycles elapsed
             4129984  peak memory footprint
EXIT_STATUS|0
OK   sprefa-engine-rs 2x200 -> sprefa-engine-rs,402,667,200,4.852,1.054,52,8.4,N/A,N/A,0
INPUT|sprefa-engine-rs|9e396ebb51ac3e3dc339421c7ce611b26ad40c18f915070d7d679bd85d17e4d1
STATUS|sprefa-engine-rs|ok|compile_dl6 emit_rust program through drive_tick_transacted and GenProgram::run_tick; exact input edges and before/after sets match shared BFS outside clocks; count inside clocks|child-process peak RSS from time; in-memory rusqlite store|DL_MEMCAP_MB requested but unenforced for this adapter
CSV,sprefa-engine-rs,12002,22667,2000,155.650,54.943,76,60.3,N/A,N/A,0
        0.22 real         0.20 user         0.01 sys
            63258624  maximum resident set size
                   0  average shared memory size
                   0  average unshared data size
                   0  average unshared stack size
                4022  page reclaims
                   0  page faults
                   0  swaps
                   0  block input operations
                   0  block output operations
                   0  messages sent
                   0  messages received
                   0  signals received
                   0  voluntary context switches
                   9  involuntary context switches
          3779840246  instructions retired
           763544984  cycles elapsed
            34391360  peak memory footprint
EXIT_STATUS|0
OK   sprefa-engine-rs 6x2000 -> sprefa-engine-rs,12002,22667,2000,155.650,54.943,76,60.3,N/A,N/A,0
INPUT|sprefa-engine-rs|333cfdd9c4c1bbed63a527bbe5d1002305e26ac14285809f7b9692ca4a53862e
STATUS|sprefa-engine-rs|ok|compile_dl6 emit_rust program through drive_tick_transacted and GenProgram::run_tick; exact input edges and before/after sets match shared BFS outside clocks; count inside clocks|child-process peak RSS from time; in-memory rusqlite store|DL_MEMCAP_MB requested but unenforced for this adapter
CSV,sprefa-engine-rs,160002,306667,20000,1976.131,990.015,88,481.1,N/A,N/A,0
        3.06 real         2.96 user         0.10 sys
           504496128  maximum resident set size
                   0  average shared memory size
                   0  average unshared data size
                   0  average unshared stack size
               32171  page reclaims
                   0  page faults
                   0  swaps
                   0  block input operations
                   0  block output operations
                   0  messages sent
                   0  messages received
                   0  signals received
                   0  voluntary context switches
                  21  involuntary context switches
         53375965493  instructions retired
         10631740956  cycles elapsed
           217108736  peak memory footprint
EXIT_STATUS|0
OK   sprefa-engine-rs 8x20000 -> sprefa-engine-rs,160002,306667,20000,1976.131,990.015,88,481.1,N/A,N/A,0
== wrote bench/results/repeated-proof-dag/measured-3/results.csv ==
chart -> bench/results/repeated-proof-dag/measured-3/retract_ms.png
chart -> bench/results/repeated-proof-dag/measured-3/setup_ms.png
chart -> bench/results/repeated-proof-dag/measured-3/rss_mb.png
         line 0: warning: Skipping data file with no valid points
         line 0: warning: Skipping data file with no valid points
chart -> bench/results/repeated-proof-dag/measured-3/ops.png
== wrote bench/results/repeated-proof-dag/measured-3/REPORT.md and PNG charts in bench/results/repeated-proof-dag/measured-3/ ==
