node:internal/modules/run_main:107
    triggerUncaughtException(
    ^

AssertionError [ERR_ASSERTION]: initial
+ actual - expected

  [
    [
      0,
      -2,
+     1
    ],
    [
      0,
      -1,
+     1
    ],
    [
      0,
      0,
+     1
    ],
    [
      0,
      1,
+     1
    ],
    [
      1,
      -3,
+     1
    ],
    [
      1,
      -2,
+     1
    ],
    [
      1,
      2,
+     1
    ],
    [
      1,
      3,
+     1
    ],
    [
      2,
      -1,
+     1
    ],
    [
      2,
      0,
+     1
    ],
    [
      2,
      1,
+     1
    ],
    [
      2,
      2,
+     1
    ],
    [
      3,
      -3,
+     1
    ],
    [
      3,
      -2,
+     1
    ],
    [
      3,
      -1,
+     1
    ],
    [
      3,
      3,
+     1
    ]
  ]

    at file:///Users/chrishafley/projects/sprefa/.boop-worktrees/feature/sqlite-ivm-astra/v6/labs/exec_shootout/postgres_pglite_ivm/32_circuit_postgres.mjs:39:12
    at process.processTicksAndRejections (node:internal/process/task_queues:104:5) {
  generatedMessage: false,
  code: 'ERR_ASSERTION',
  actual: [
    [ 0, -2, 1 ], [ 0, -1, 1 ],
    [ 0, 0, 1 ],  [ 0, 1, 1 ],
    [ 1, -3, 1 ], [ 1, -2, 1 ],
    [ 1, 2, 1 ],  [ 1, 3, 1 ],
    [ 2, -1, 1 ], [ 2, 0, 1 ],
    [ 2, 1, 1 ],  [ 2, 2, 1 ],
    [ 3, -3, 1 ], [ 3, -2, 1 ],
    [ 3, -1, 1 ], [ 3, 3, 1 ]
  ],
  expected: [
    [ 0, -2 ], [ 0, -1 ],
    [ 0, 0 ],  [ 0, 1 ],
    [ 1, -3 ], [ 1, -2 ],
    [ 1, 2 ],  [ 1, 3 ],
    [ 2, -1 ], [ 2, 0 ],
    [ 2, 1 ],  [ 2, 2 ],
    [ 3, -3 ], [ 3, -2 ],
    [ 3, -1 ], [ 3, 3 ]
  ],
  operator: 'deepStrictEqual',
  diff: 'simple'
}

Node.js v24.15.0
