[2m2026-08-24T17:47:19.823069Z[0m [32m INFO[0m [1mtick[0m[1m{[0m[3mtick[0m[2m=[0m0 [3marrivals[0m[2m=[0m2[1m}[0m[2m:[0m[1mapply_arrivals[0m[1m{[0m[3marrivals[0m[2m=[0m2 [3mgroups[0m[2m=[0m2[1m}[0m[2m:[0m [2msprefa_engine_rs::incremental[0m[2m:[0m close [3mtime.busy[0m[2m=[0m297µs [3mtime.idle[0m[2m=[0m1.25µs
[2m2026-08-24T17:47:19.827912Z[0m [32m INFO[0m [1mtick[0m[1m{[0m[3mtick[0m[2m=[0m0 [3marrivals[0m[2m=[0m2[1m}[0m[2m:[0m [2msprefa_engine_rs::driver[0m[2m:[0m close [3mtime.busy[0m[2m=[0m7.51ms [3mtime.idle[0m[2m=[0m14.7µs
[2m2026-08-24T17:47:19.828974Z[0m [32m INFO[0m [1mtick[0m[1m{[0m[3mtick[0m[2m=[0m1 [3marrivals[0m[2m=[0m1[1m}[0m[2m:[0m[1mapply_arrivals[0m[1m{[0m[3marrivals[0m[2m=[0m1 [3mgroups[0m[2m=[0m1[1m}[0m[2m:[0m [2msprefa_engine_rs::incremental[0m[2m:[0m close [3mtime.busy[0m[2m=[0m109µs [3mtime.idle[0m[2m=[0m707ns
[2m2026-08-24T17:47:19.837956Z[0m [32m INFO[0m [1mtick[0m[1m{[0m[3mtick[0m[2m=[0m1 [3marrivals[0m[2m=[0m1[1m}[0m[2m:[0m [2msprefa_engine_rs::driver[0m[2m:[0m close [3mtime.busy[0m[2m=[0m9.97ms [3mtime.idle[0m[2m=[0m1.25µs
[2m2026-08-24T17:47:19.838908Z[0m [32m INFO[0m [1mtick[0m[1m{[0m[3mtick[0m[2m=[0m2 [3marrivals[0m[2m=[0m1[1m}[0m[2m:[0m[1mapply_arrivals[0m[1m{[0m[3marrivals[0m[2m=[0m1 [3mgroups[0m[2m=[0m1[1m}[0m[2m:[0m [2msprefa_engine_rs::incremental[0m[2m:[0m close [3mtime.busy[0m[2m=[0m53.3µs [3mtime.idle[0m[2m=[0m666ns
[2m2026-08-24T17:47:19.846025Z[0m [32m INFO[0m [1mtick[0m[1m{[0m[3mtick[0m[2m=[0m2 [3marrivals[0m[2m=[0m1[1m}[0m[2m:[0m [2msprefa_engine_rs::driver[0m[2m:[0m close [3mtime.busy[0m[2m=[0m8.03ms [3mtime.idle[0m[2m=[0m1.00µs
[2m2026-08-24T17:47:19.847329Z[0m [32m INFO[0m [1mtick[0m[1m{[0m[3mtick[0m[2m=[0m3 [3marrivals[0m[2m=[0m1[1m}[0m[2m:[0m[1mapply_arrivals[0m[1m{[0m[3marrivals[0m[2m=[0m1 [3mgroups[0m[2m=[0m1[1m}[0m[2m:[0m [2msprefa_engine_rs::incremental[0m[2m:[0m close [3mtime.busy[0m[2m=[0m215µs [3mtime.idle[0m[2m=[0m1.58µs
[2m2026-08-24T17:47:19.860101Z[0m [32m INFO[0m [1mtick[0m[1m{[0m[3mtick[0m[2m=[0m3 [3marrivals[0m[2m=[0m1[1m}[0m[2m:[0m [2msprefa_engine_rs::driver[0m[2m:[0m close [3mtime.busy[0m[2m=[0m14.0ms [3mtime.idle[0m[2m=[0m708ns
[2m2026-08-24T17:47:19.861527Z[0m [32m INFO[0m [1mtick[0m[1m{[0m[3mtick[0m[2m=[0m4 [3marrivals[0m[2m=[0m1[1m}[0m[2m:[0m[1mapply_arrivals[0m[1m{[0m[3marrivals[0m[2m=[0m1 [3mgroups[0m[2m=[0m1[1m}[0m[2m:[0m [2msprefa_engine_rs::incremental[0m[2m:[0m close [3mtime.busy[0m[2m=[0m193µs [3mtime.idle[0m[2m=[0m458ns
[2m2026-08-24T17:47:19.871398Z[0m [32m INFO[0m [1mtick[0m[1m{[0m[3mtick[0m[2m=[0m4 [3marrivals[0m[2m=[0m1[1m}[0m[2m:[0m [2msprefa_engine_rs::driver[0m[2m:[0m close [3mtime.busy[0m[2m=[0m11.1ms [3mtime.idle[0m[2m=[0m1.62µs
[2m2026-08-24T17:47:19.872560Z[0m [32m INFO[0m [1mtick[0m[1m{[0m[3mtick[0m[2m=[0m5 [3marrivals[0m[2m=[0m1[1m}[0m[2m:[0m[1mapply_arrivals[0m[1m{[0m[3marrivals[0m[2m=[0m1 [3mgroups[0m[2m=[0m1[1m}[0m[2m:[0m [2msprefa_engine_rs::incremental[0m[2m:[0m close [3mtime.busy[0m[2m=[0m48.9µs [3mtime.idle[0m[2m=[0m542ns
[2m2026-08-24T17:47:19.888289Z[0m [32m INFO[0m [1mtick[0m[1m{[0m[3mtick[0m[2m=[0m5 [3marrivals[0m[2m=[0m1[1m}[0m[2m:[0m [2msprefa_engine_rs::driver[0m[2m:[0m close [3mtime.busy[0m[2m=[0m16.8ms [3mtime.idle[0m[2m=[0m875ns
[2m2026-08-24T17:47:19.889602Z[0m [32m INFO[0m [1mtick[0m[1m{[0m[3mtick[0m[2m=[0m6 [3marrivals[0m[2m=[0m1[1m}[0m[2m:[0m[1mapply_arrivals[0m[1m{[0m[3marrivals[0m[2m=[0m1 [3mgroups[0m[2m=[0m1[1m}[0m[2m:[0m [2msprefa_engine_rs::incremental[0m[2m:[0m close [3mtime.busy[0m[2m=[0m68.7µs [3mtime.idle[0m[2m=[0m333ns
[2m2026-08-24T17:47:19.896207Z[0m [32m INFO[0m [1mtick[0m[1m{[0m[3mtick[0m[2m=[0m6 [3marrivals[0m[2m=[0m1[1m}[0m[2m:[0m [2msprefa_engine_rs::driver[0m[2m:[0m close [3mtime.busy[0m[2m=[0m7.74ms [3mtime.idle[0m[2m=[0m459ns
[2m2026-08-24T17:47:19.897525Z[0m [32m INFO[0m [1mtick[0m[1m{[0m[3mtick[0m[2m=[0m7 [3marrivals[0m[2m=[0m1[1m}[0m[2m:[0m[1mapply_arrivals[0m[1m{[0m[3marrivals[0m[2m=[0m1 [3mgroups[0m[2m=[0m1[1m}[0m[2m:[0m [2msprefa_engine_rs::incremental[0m[2m:[0m close [3mtime.busy[0m[2m=[0m75.0µs [3mtime.idle[0m[2m=[0m1.33µs
[2m2026-08-24T17:47:19.900767Z[0m [32m INFO[0m [1mtick[0m[1m{[0m[3mtick[0m[2m=[0m7 [3marrivals[0m[2m=[0m1[1m}[0m[2m:[0m [2msprefa_engine_rs::driver[0m[2m:[0m close [3mtime.busy[0m[2m=[0m4.51ms [3mtime.idle[0m[2m=[0m584ns
[2m2026-08-24T17:47:19.901802Z[0m [32m INFO[0m [1mtick[0m[1m{[0m[3mtick[0m[2m=[0m8 [3marrivals[0m[2m=[0m1[1m}[0m[2m:[0m[1mapply_arrivals[0m[1m{[0m[3marrivals[0m[2m=[0m1 [3mgroups[0m[2m=[0m1[1m}[0m[2m:[0m [2msprefa_engine_rs::incremental[0m[2m:[0m close [3mtime.busy[0m[2m=[0m58.0µs [3mtime.idle[0m[2m=[0m332ns
[2m2026-08-24T17:47:19.903928Z[0m [32m INFO[0m [1mtick[0m[1m{[0m[3mtick[0m[2m=[0m8 [3marrivals[0m[2m=[0m1[1m}[0m[2m:[0m [2msprefa_engine_rs::driver[0m[2m:[0m close [3mtime.busy[0m[2m=[0m3.12ms [3mtime.idle[0m[2m=[0m5.04µs
[2m2026-08-24T17:47:19.904857Z[0m [32m INFO[0m [1mtick[0m[1m{[0m[3mtick[0m[2m=[0m9 [3marrivals[0m[2m=[0m1[1m}[0m[2m:[0m[1mapply_arrivals[0m[1m{[0m[3marrivals[0m[2m=[0m1 [3mgroups[0m[2m=[0m1[1m}[0m[2m:[0m [2msprefa_engine_rs::incremental[0m[2m:[0m close [3mtime.busy[0m[2m=[0m69.1µs [3mtime.idle[0m[2m=[0m334ns
[2m2026-08-24T17:47:19.907333Z[0m [32m INFO[0m [1mtick[0m[1m{[0m[3mtick[0m[2m=[0m9 [3marrivals[0m[2m=[0m1[1m}[0m[2m:[0m [2msprefa_engine_rs::driver[0m[2m:[0m close [3mtime.busy[0m[2m=[0m3.38ms [3mtime.idle[0m[2m=[0m792ns
[2m2026-08-24T17:47:19.908351Z[0m [32m INFO[0m [1mtick[0m[1m{[0m[3mtick[0m[2m=[0m10 [3marrivals[0m[2m=[0m1[1m}[0m[2m:[0m[1mapply_arrivals[0m[1m{[0m[3marrivals[0m[2m=[0m1 [3mgroups[0m[2m=[0m1[1m}[0m[2m:[0m [2msprefa_engine_rs::incremental[0m[2m:[0m close [3mtime.busy[0m[2m=[0m46.8µs [3mtime.idle[0m[2m=[0m459ns
[2m2026-08-24T17:47:19.910147Z[0m [32m INFO[0m [1mtick[0m[1m{[0m[3mtick[0m[2m=[0m10 [3marrivals[0m[2m=[0m1[1m}[0m[2m:[0m [2msprefa_engine_rs::driver[0m[2m:[0m close [3mtime.busy[0m[2m=[0m2.77ms [3mtime.idle[0m[2m=[0m792ns
[2m2026-08-24T17:47:19.911108Z[0m [32m INFO[0m [1mtick[0m[1m{[0m[3mtick[0m[2m=[0m11 [3marrivals[0m[2m=[0m1[1m}[0m[2m:[0m[1mapply_arrivals[0m[1m{[0m[3marrivals[0m[2m=[0m1 [3mgroups[0m[2m=[0m1[1m}[0m[2m:[0m [2msprefa_engine_rs::incremental[0m[2m:[0m close [3mtime.busy[0m[2m=[0m76.6µs [3mtime.idle[0m[2m=[0m208ns
[2m2026-08-24T17:47:19.919513Z[0m [32m INFO[0m [1mtick[0m[1m{[0m[3mtick[0m[2m=[0m11 [3marrivals[0m[2m=[0m1[1m}[0m[2m:[0m [2msprefa_engine_rs::driver[0m[2m:[0m close [3mtime.busy[0m[2m=[0m9.34ms [3mtime.idle[0m[2m=[0m500ns
[2m2026-08-24T17:47:19.921220Z[0m [32m INFO[0m [1mtick[0m[1m{[0m[3mtick[0m[2m=[0m12 [3marrivals[0m[2m=[0m1[1m}[0m[2m:[0m[1mapply_arrivals[0m[1m{[0m[3marrivals[0m[2m=[0m1 [3mgroups[0m[2m=[0m1[1m}[0m[2m:[0m [2msprefa_engine_rs::incremental[0m[2m:[0m close [3mtime.busy[0m[2m=[0m97.0µs [3mtime.idle[0m[2m=[0m832ns
[2m2026-08-24T17:47:19.927738Z[0m [32m INFO[0m [1mtick[0m[1m{[0m[3mtick[0m[2m=[0m12 [3marrivals[0m[2m=[0m1[1m}[0m[2m:[0m [2msprefa_engine_rs::driver[0m[2m:[0m close [3mtime.busy[0m[2m=[0m7.88ms [3mtime.idle[0m[2m=[0m458ns
[2m2026-08-24T17:47:19.929363Z[0m [32m INFO[0m [1mtick[0m[1m{[0m[3mtick[0m[2m=[0m13 [3marrivals[0m[2m=[0m0[1m}[0m[2m:[0m [2msprefa_engine_rs::driver[0m[2m:[0m close [3mtime.busy[0m[2m=[0m1.51ms [3mtime.idle[0m[2m=[0m417ns
[2m2026-08-24T17:47:19.929386Z[0m [32m INFO[0m [2msprefa_engine_rs::sql[0m[2m:[0m seam tally [3mstatements[0m[2m=[0m10147 [3minert[0m[2m=[0m4266 [3minert_pct[0m[2m=[0m42 [3mrows_out[0m[2m=[0m834 [3mrows_changed[0m[2m=[0m2162 [3mms[0m[2m=[0m82

== DL_TRACE_SUMMARY ==
  us_total     us_sql    us_rust    pct    calls  rows_out   changed  verb             relation
     93595      93487        108  44.0%     1743         0         0  ddl              -
     10219       9661        558   4.8%       28        28        28  probe            -
      7103       7046         56   3.3%      344         0        25  boot             -
      5963       5963          0   2.8%     1093         0         0  unlabelled       -
      2530       2468         62   1.2%       36         0         0  level_insert     notification_seen
      1913       1907          6   0.9%       27         0         0  clear            promote
      1861       1848         13   0.9%        6         3        13  level_insert     gql_pull
      1684       1680          3   0.8%       13         0         0  clear            prepare
      1691       1585        105   0.8%      187         0        71  recount          __host_demand_http__post
      1388       1350         37   0.7%       48         7         9  level_insert     pr_batch_member
      1301       1260         41   0.6%       55         3         3  level_insert     pull_request_seen
      1105       1073         32   0.5%       49         0         0  level_insert     discovered_repo
      1034       1002         31   0.5%       42        11        19  level_insert     __host_demand_http__post
      1016        965         51   0.5%       73         0         0  recount          notification_seen
       968        947         21   0.5%       24         7        21  level_insert     __host_demand_http__get
       950        900         49   0.4%       94         0        70  recount          __host_demand_http__get
       921        875         46   0.4%       90        28        67  aggregate        pr_post_body
       901        873         27   0.4%       31         0         3  recount          gql_pull
       900        817         82   0.4%      140         0         0  level_insert     branch_pattern_list
       822        813          9   0.4%        5         4         4  level_insert     page_response
       799        779         20   0.4%       24         2         7  level_insert     repo_event_seen
       789        707         82   0.4%      140         0         0  level_insert     link_part_list
       662        643         19   0.3%       10         4         4  level_insert     page_arrival
       592        581         10   0.3%        4         1         1  level_insert     period_candidate
       580        574          6   0.3%        6         0         0  level_insert     gql_status_context
       573        569          3   0.3%       13         0         0  clear            merge
       566        561          5   0.3%        6         0         0  level_insert     gql_comment
       575        560         14   0.3%       13         3         3  level_insert     pr_batch_arrival
       638        554         83   0.3%      169         0        22  recount          pr_batch_arrival
       555        549          5   0.3%        6         0         0  level_insert     gql_check_run
       558        547         10   0.3%        8         5         5  level_insert     poll_state
       583        543         40   0.3%       73         0        11  recount          repo_event_seen
       543        537          5   0.3%        6         0         0  level_insert     gql_review
       563        529         34   0.3%       70        24        57  aggregate        pr_batch
       557        510         47   0.3%       84         0        13  recount          pull_request_seen
       558        507         50   0.3%       95         0        42  recount          page_response
       504        494         10   0.2%       12         2         2  level_insert     page_prev_etag
       500        485         15   0.2%       16         0         0  level_insert     checkout_task
       545        480         65   0.3%      112         0        47  recount          poll_state
       494        474         19   0.2%        4         4         0  publish          gql_pull
       479        465         13   0.2%       14         0         0  level_insert     over_budget
       480        461         19   0.2%       24        18        20  level_insert     pr_selection
       464        459          5   0.2%       14         0         0  snapshot_pre     -
       484        457         26   0.2%       54         0         6  recount          change_candidate
       458        446         12   0.2%       20         0         0  level_insert     watched_global
       455        444         11   0.2%        8         4         4  level_insert     due
       455        443         11   0.2%       16         0         0  level_insert     lane_proof
       453        438         14   0.2%       25         4         6  level_insert     change_candidate
       471        434         37   0.2%       80         0         0  recount          discovered_repo
       447        429         17   0.2%        4         4         0  publish          pull_request_seen
       442        425         17   0.2%       24         0         0  level_insert     candidate_branch
       462        417         44   0.2%       85         0        20  recount          page_arrival
       442        415         26   0.2%       54         0         0  recount          link_part_list
       452        408         43   0.2%       85         0        25  recount          pr_batch_response
       423        408         15   0.2%        4         3         0  publish          pull_request
       570        407        163   0.3%        9        16         0  publish          __host_demand_http__post
       423        405         17   0.2%       31         0         0  recount          gql_status_context
       453        401         52   0.2%      114         0        59  recount          pr_query
       411        394         16   0.2%       31         0         0  recount          gql_comment
       399        381         18   0.2%       31         0         0  recount          gql_review
       383        377          6   0.2%        5         1         1  level_insert     dirty_pr
       418        376         41   0.2%       88        23        51  aggregate        rate_pool
       390        373         17   0.2%       31         0         0  recount          gql_check_run
       379        369          9   0.2%       10         0         0  level_insert     pr_status_check_seen
       409        349         59   0.2%      112         0        38  recount          page_prev_etag
       344        339          4   0.2%        6         0         0  level_insert     gql_label
       358        336         22   0.2%       46         0        30  recount          pr_selection
       344        329         15   0.2%       30         7        16  aggregate        request_headers
       336        323         12   0.2%       15         2         6  level_insert     __host_demand_env__var
       322        319          3   0.2%        2         1         1  level_insert     watched_repo_seen
       491        318        172   0.2%       38         0        14  recount          call_candidate
       319        308         11   0.2%       15         2         5  level_insert     __host_demand_toml__json
       336        304         31   0.2%       66         0        39  recount          rest_response
       335        302         33   0.2%       73         0         0  recount          candidate_branch
       325        298         27   0.2%       56         0         5  recount          dirty_pr
       380        294         85   0.2%       30         0        44  stage            rate_pool
       303        293          9   0.1%       10         6         6  level_insert     pr_due
       286        283          3   0.1%        3         3         3  level_insert     pr_batch_response
       304        282         22   0.1%       42         0         9  recount          pr_batch_member
       264        260          3   0.1%        6         0         0  level_insert     gql_requested_reviewer
       325        254         70   0.2%       27         0        47  stage            pr_post_body
       257        254          3   0.1%       13        13         0  read_staged      -
       267        253         14   0.1%       31         0         0  recount          gql_label
       286        249         37   0.1%       84         0        29  recount          poll_state_tag
       279        248         30   0.1%       66         0        24  recount          pr_post_field
       249        245          4   0.1%        6         1         2  level_insert     gql_merge_commit
       257        242         15   0.1%       21         3         3  level_insert     request_header
       243        235          7   0.1%       10         0         0  level_insert     pr_comment_seen
       270        235         35   0.1%       74         0         0  recount          over_budget
       753        235        518   0.4%        6        10         0  publish          __host_demand_http__get
       248        234         14   0.1%        5         5         0  publish          page_response
       251        234         16   0.1%       31         0        24  recount          request_header
       257        231         26   0.1%        5         5         0  publish          __host_response_http__get
       235        230          4   0.1%        6         1         1  level_insert     gql_pull_closed_at
       250        230         19   0.1%       42         0        30  recount          pr_batch_alias
       231        223          8   0.1%        9         6         6  level_insert     rest_response
       228        223          4   0.1%        6         1         1  level_insert     gql_pull_merged_at
       251        222         28   0.1%       57         0         0  recount          pr_comment_seen
       230        219         10   0.1%       20         0         0  recount          lane_proof
       222        215          6   0.1%        5         1         1  level_insert     config_doc
       222        215          7   0.1%        6         1         1  level_insert     token_seen
       241        215         26   0.1%       57         0         0  recount          pr_status_check_seen
       274        214         59   0.1%       21         0        41  stage            pr_batch
       266        213         52   0.1%       19         0        25  stage            pr_post_field
       252        213         38   0.1%       10         5         5  arrive           __host_response_http__get
       279        212         67   0.1%       15         0        42  stage            pr_selection
       223        211         11   0.1%       20         0         3  recount          open_pr
       233        211         22   0.1%        6        20         0  publish          pr_batch_alias
       224        207         17   0.1%       31         0         0  recount          gql_requested_reviewer
       213        206          7   0.1%       11         1         1  level_insert     pr_merge_commit_seen
       209        200          8   0.1%        3         2         0  publish          open_pr
       218        199         18   0.1%       20         9        10  level_insert     pr_query
       217        197         19   0.1%       42         0         8  recount          header_etag
       205        197          8   0.1%        4         2         0  publish          recent_event
       201        195          5   0.1%        8         2         4  level_insert     recent_event
       241        195         46   0.1%        6        20         0  publish          pr_selection
       208        193         14   0.1%       31         0         0  recount          gql_merge_commit
       243        192         50   0.1%       15         0        42  stage            pr_batch_alias
       195        191          3   0.1%        4         1         6  edge_project     repo_config
       253        190         62   0.1%       18         0        24  stage            __host_demand_http__post
       193        187          6   0.1%       10         0         0  level_insert     pr_label_seen
       197        186         10   0.1%       20         3         8  aggregate        graphql_headers
       255        185         69   0.1%        8        19         0  publish          pr_post_body
       231        184         47   0.1%        8        14         0  publish          pr_post_field
       212        183         29   0.1%       57         0         0  recount          pr_review_seen
       188        181          6   0.1%       10         0         0  level_insert     pr_review_seen
       195        181         14   0.1%       31         0         0  recount          gql_pull_closed_at
       188        180          8   0.1%       10         4        12  level_insert     __host_demand_dl__tick_cost
       183        179          4   0.1%        2         1         0  publish          watched_repo_seen
       192        178         13   0.1%       31         0         0  recount          gql_pull_merged_at
       189        177         11   0.1%        5         8         0  publish          pr_batch_member
       193        174         18   0.1%       47         0         9  recount          pr_due
       177        173          4   0.1%        5         0         0  level_insert     endpoint_cooling
       183        171         12   0.1%       16        18        19  level_insert     pr_batch_alias
       184        169         14   0.1%       28         0         8  recount          due
       174        168          5   0.1%       10         0         0  level_insert     pr_requested_reviewer_seen
       196        168         27   0.1%        2         2         0  publish          __host_response_http__post
       226        167         59   0.1%       10         0        10  stage            __host_response_http__get
       476        166        309   0.2%       26        38         4  intern           -
       165        160          4   0.1%        2         1         0  publish          watched_repo
       170        158         12   0.1%       12         0         0  level_insert     rate_warm
       165        157          7   0.1%        4         2         0  publish          repo_event
       162        155          6   0.1%        7         7         7  level_insert     call_candidate
       170        155         15   0.1%        8         9         0  publish          poll_state
       162        153          8   0.1%       12         0         0  level_insert     not_an_org
       203        151         52   0.1%       12         0        14  stage            call_log
       186        150         35   0.1%       74         0         0  recount          rate_warm
       199        150         48   0.1%        6        15         0  publish          pr_batch
       173        150         23   0.1%        7         9         0  publish          call_candidate
       168        150         17   0.1%       38         0         8  recount          header_rate_remaining
       171        148         23   0.1%       57         0         0  recount          pr_label_seen
       195        145         49   0.1%       10         5         6  arrive           __host_response_clock__tick
       193        145         48   0.1%       12         0        14  stage            call_candidate
       151        144          7   0.1%        3         3         0  publish          repo_event_seen
       181        143         38   0.1%       11         0        14  stage            rest_response
       158        143         14   0.1%       38         0         8  recount          header_rate_reset
       157        142         15   0.1%        5         5         0  publish          page_arrival
       196        141         54   0.1%        9         0        15  stage            __host_demand_http__get
       175        141         33   0.1%       14         0        20  stage            pr_query
       151        141         10   0.1%        1         1         0  publish          __host_response_env__var
       142        139          3   0.1%       14         0         0  advance_tick     -
       142        138          3   0.1%        7         4         4  level_insert     page_fetch
       153        138         15   0.1%       42         0         0  recount          header_link
       160        135         24   0.1%       57         0         0  recount          pr_merge_commit_seen
       175        135         40   0.1%        7        12         0  publish          pr_query
       159        134         24   0.1%       57         0         0  recount          pr_requested_reviewer_seen
       143        132         10   0.1%       15         0         0  level_insert     branch_seen
       143        132         10   0.1%        8         7         0  publish          poll_state_etag
       172        132         40   0.1%        6         0         6  stage            gql_pull
       142        131         10   0.1%        5         5         5  level_insert     current_clock
       150        131         18   0.1%       42         0         0  recount          header_modified
       135        131          4   0.1%        2         1         0  publish          repo_config
       169        128         40   0.1%        6         0         6  stage            pull_request_seen
       143        128         15   0.1%       10         7         0  publish          call_log
       132        128          4   0.1%        5         0         0  level_insert     measured
       136        127          8   0.1%        4         6         0  publish          change_candidate
       137        126         11   0.1%       28         0         3  recount          gql_rate_remaining
       128        124          3   0.1%        4         0         0  edge_project     org_config
       160        124         36   0.1%       10         0        16  stage            pr_batch_member
       139        123         15   0.1%        4         2         2  arrive           __host_response_http__post
       166        123         42   0.1%        8         0         8  stage            page_response
       163        122         41   0.1%       12         0        15  stage            poll_state
       139        118         21   0.1%       10        16         0  publish          rate_pool
       152        117         34   0.1%       10         0        13  stage            rate_state
       125        117          7   0.1%       10         4         6  level_insert     header_etag
       156        117         39   0.1%        8         0         8  stage            page_arrival
       123        117          6   0.1%       10        11        11  level_insert     pr_post_field
       130        116         13   0.1%       28         0         3  recount          gql_rate_reset
       130        116         14   0.1%       38         0         3  recount          dirty_repo
       123        116          7   0.1%        5         4         0  publish          change_log
       124        116          8   0.1%       18         0         3  recount          open_pr_head
       154        115         38   0.1%        6         0         6  stage            pr_batch_arrival
       143        114         28   0.1%        4         0         5  stage            pull_request
       122        114          7   0.1%        8         1         1  level_insert     open_pr
       129        114         15   0.1%       38         0         0  recount          header_poll_interval
       119        113          5   0.1%        1         2         1  publish          __host_demand_env__var
       116        110          5   0.1%        6         1         2  level_insert     watched_endpoint
       124        109         15   0.1%       38         0         0  recount          endpoint_hit
       118        106         11   0.1%        4         4         0  publish          __host_demand_dl__tick_cost
       165        103         61   0.1%       10         0        10  stage            __host_response_clock__tick
       139        103         36   0.1%        6         0         6  stage            pr_batch_response
       104        102          2   0.0%        1         1         0  publish          gql_merge_commit
       104        101          3   0.0%        2         1         0  publish          watched_endpoint
       135        101         33   0.1%        4         0         4  stage            __host_response_http__post
       117         98         19   0.1%        8         0        11  stage            poll_state_polled
       103         97          5   0.0%        3         3         0  publish          request_header
       120         96         24   0.1%        8         0        11  stage            poll_state_etag
       109         95         14   0.1%       38         0         0  recount          endpoint_miss
        97         94          2   0.0%        2         1         0  publish          graphql_header
       119         94         25   0.1%       10         0        10  stage            current_clock
        97         94          3   0.0%        1         2         1  publish          __host_demand_toml__json
       101         93          7   0.0%        5         5         0  publish          header_etag
        98         93          5   0.0%        3         2         0  publish          open_pr_head
       112         93         19   0.1%        8         0         8  stage            __host_demand_dl__tick_cost
        94         92          1   0.0%        1         1         0  publish          gql_pull_merged_at
       100         91          9   0.0%       12         0         0  edge_project     gh_username
        93         90          2   0.0%        5         0         0  level_insert     endpoint_hit
        98         90          8   0.0%        5         4         0  publish          page_fetch
        98         90          8   0.0%        5         4         0  publish          due
       113         89         24   0.1%        9         0         9  stage            page_fetch
        90         87          2   0.0%        2         1         0  publish          poll_endpoint
        92         86          6   0.0%        3         5         0  publish          request_headers
       106         85         20   0.0%        9         0        12  stage            request_headers
       107         85         22   0.1%        9         0         9  stage            due
        93         84          8   0.0%       16         3         7  aggregate        endpoint_period
       105         84         20   0.0%        8         0         8  stage            page_ordinal
        93         84          8   0.0%       14         0         0  retention        call_log
        86         84          2   0.0%        1         1         0  publish          gql_pull_closed_at
        84         82          2   0.0%        2         1         0  publish          pr_transition
        93         81         11   0.0%        9         8         0  publish          rate_state
        98         80         17   0.0%        6         9         0  publish          rest_response
        96         80         15   0.0%        3         0         3  stage            open_pr
        98         79         19   0.0%        8         0         8  stage            header_etag
        97         79         18   0.0%        6         0         8  stage            change_log
        96         78         17   0.0%        8         0         8  stage            header_rate_reset
        96         78         18   0.0%        7         0        13  stage            pr_due
       102         77         24   0.0%        4         4         0  publish          pr_batch_arrival
        97         77         20   0.0%        8         0         8  stage            header_rate_remaining
        85         76          9   0.0%        5         5         1  publish          __host_response_clock__tick
        93         75         17   0.0%        6         0         6  stage            recent_event
        79         75          4   0.0%        4         3         0  publish          page_prev_etag
        95         75         20   0.0%        4         4         0  publish          pr_batch_response
        81         75          6   0.0%        4         3         0  publish          poll_state_tag
        80         74          6   0.0%        4         4         0  publish          gql_rate_remaining
        82         74          8   0.0%        8         7         0  publish          poll_state_polled
       103         73         29   0.0%        7         0         6  edge_project     repo_checkout
        90         73         16   0.0%        3         0         3  stage            watched_repo_seen
        80         73          7   0.0%        8         4         0  publish          page_ordinal
        73         70          3   0.0%        4         1         0  edge_project     global_setting
        73         70          2   0.0%        2         1         0  publish          repo
        75         70          4   0.0%        1         1         1  publish          __host_response_toml__json
        74         69          5   0.0%       10         0         0  level_insert     header_link
        72         68          3   0.0%        2         2         0  publish          graphql_headers
        72         68          4   0.0%        3         3         2  edge_project     chosen_config
        84         67         17   0.0%        6         0         6  stage            gql_rate_remaining
        71         67          4   0.0%        8         2         2  level_insert     poll_state_tag
        85         67         18   0.0%        6         0         8  stage            change_candidate
        69         66          2   0.0%        5         4         4  level_insert     header_rate_reset
        69         65          3   0.0%        2         1         0  publish          global_setting
        72         65          7   0.0%        5         5         0  publish          header_rate_remaining
        79         64         14   0.0%        4         0         4  stage            repo_event
        71         63          7   0.0%       10         0         0  level_insert     header_modified
        79         63         15   0.0%        4         0         4  stage            repo_event_seen
        76         63         12   0.0%        8         3         6  aggregate        best_config_rank
        75         63         12   0.0%        6         0         6  stage            poll_state_tag
        69         63          6   0.0%        5         5         0  publish          header_rate_reset
        64         61          2   0.0%        3         3         3  level_insert     gql_rate_reset
        76         61         14   0.0%        6         0         6  stage            gql_rate_reset
        64         61          3   0.0%        5         4         4  level_insert     header_rate_remaining
        66         61          5   0.0%        4         4         0  publish          gql_rate_reset
        63         60          2   0.0%        2         1         0  publish          pr_merge_commit
        69         60          9   0.0%        2         2         0  publish          api_tier
        73         59         13   0.0%        4         0         5  stage            last_body
        65         59          5   0.0%        2         1         2  arrive           __host_response_toml__json
        64         58          5   0.0%        8         3         6  aggregate        best_token_rank
        70         58         12   0.0%        5         0         8  stage            request_header
        63         58          4   0.0%        4         3         0  publish          poll_state_changed
        62         57          5   0.0%        2         1         1  publish          chosen_config
        59         57          2   0.0%        3         3         3  level_insert     gql_rate_remaining
        58         56          1   0.0%        1         1         1  level_insert     config_present
        60         55          4   0.0%       14         0         0  retention        change_log
        63         55          7   0.0%        4         3         0  publish          last_body
        63         55          8   0.0%        3         0         3  stage            open_pr_head
        57         55          2   0.0%        1         1         0  publish          dirty_pr
        55         53          1   0.0%        2         2         2  level_insert     api_tier
        61         52          8   0.0%        4         8         0  publish          pr_due
        63         52         11   0.0%        5         0         6  stage            graphql_headers
        55         52          3   0.0%        4         1         2  level_insert     graphql_header
        64         52         12   0.0%        5         0         6  stage            endpoint_period
        58         52          6   0.0%        2         1         2  arrive           __host_response_env__var
        54         52          2   0.0%        2         1         0  publish          api_token
        52         50          1   0.0%        1         1         0  publish          pr_merge_commit_seen
        51         49          2   0.0%        4         1         1  level_insert     open_pr_head
        63         49         14   0.0%        2         0         2  stage            chosen_config
        56         49          7   0.0%       12         4         6  edge_project     page_ordinal
        58         48         10   0.0%        5         0         5  stage            page_prev_etag
        57         48          8   0.0%        4         0         5  stage            poll_state_changed
        59         48         10   0.0%        2         0         2  stage            watched_repo
        55         48          7   0.0%        3         0         3  stage            poll_endpoint
        53         47          6   0.0%        2         0         2  stage            gql_merge_commit
        59         47         11   0.0%        4         0         5  stage            best_config_rank
        50         47          2   0.0%        2         2         0  publish          endpoint_period
        55         47          8   0.0%        3         0         3  stage            watched_endpoint
        49         47          2   0.0%        2         1         0  publish          seq_repo_ordinal_2
        56         46         10   0.0%        2         0         2  stage            __host_response_toml__json
        54         46          8   0.0%        3         0         6  stage            api_tier
        55         45          9   0.0%        2         0         2  stage            global_setting
        53         45          7   0.0%        3         0         3  stage            graphql_header
        54         44         10   0.0%        4         0         5  stage            best_token_rank
        45         43          2   0.0%        2         1         0  publish          period_candidate
        46         42          4   0.0%       14         0         0  retention        engine_tick_cost
        45         42          2   0.0%        2         1         1  level_insert     poll_endpoint
        46         42          4   0.0%        3         3         0  publish          dirty_repo
        44         41          2   0.0%        1         1         0  publish          token_seen
        43         41          1   0.0%        3         2         2  level_insert     dirty_repo
        58         41         17   0.0%        2         0         2  edge_write       pull_request
        46         41          4   0.0%        2         0         2  stage            dirty_pr
        50         41          9   0.0%        2         0         2  stage            repo_config
        50         41          8   0.0%        4         0         4  stage            dirty_repo
        42         41          1   0.0%        1         1         1  publish          config_present
        43         40          3   0.0%        1         1         1  publish          config_doc
       287         39        247   0.1%        2         0         4  stage            __host_demand_env__var
        47         39          7   0.0%        2         0         2  stage            __host_response_env__var
        44         38          5   0.0%        5         5         1  publish          current_clock
        44         38          5   0.0%        2         0         2  stage            gql_pull_closed_at
        44         38          6   0.0%        3         0         3  stage            period_candidate
        44         38          6   0.0%        3         0         3  stage            repo
        46         37          8   0.0%        2         0         2  stage            config_doc
        40         37          2   0.0%        5         0         0  level_insert     header_poll_interval
        43         37          6   0.0%        2         0         2  stage            pr_transition
        56         37         19   0.0%        6         0         7  edge_write       call_log
        43         36          6   0.0%        2         0         4  stage            __host_demand_toml__json
        38         35          2   0.0%        5         0         0  level_insert     endpoint_miss
        46         35         10   0.0%        3         2         3  edge_lookup      pull_request
        40         35          5   0.0%        2         0         2  stage            pr_merge_commit_seen
        38         34          4   0.0%        2         0         2  stage            pr_ever_synced
        38         33          5   0.0%        2         0         2  stage            gql_pull_merged_at
        39         33          5   0.0%        7         7         6  edge_project     call_log
        38         32          5   0.0%        4         3         4  edge_project     pull_request
        37         32          5   0.0%        2         0         2  stage            repo_ordinal
        33         31          2   0.0%        2         1         0  publish          repo_ordinal
       114         30         83   0.1%        2         0         2  stage            seq_repo_ordinal_2
        35         30          4   0.0%        2         0         2  stage            pr_merge_commit
        46         29         16   0.0%        5         0         5  edge_write       rate_state
        29         28          1   0.0%        2         1         1  level_insert     repo
        33         28          5   0.0%        2         0         2  stage            token_seen
        35         28          6   0.0%        4         3         4  read_staged      pull_request_seen
        33         28          5   0.0%        6         7         0  edge_project     rate_state
        31         27          4   0.0%        2         0         2  stage            api_token
        31         27          4   0.0%        2         0         2  stage            config_present
        34         27          6   0.0%        1         0         1  edge_write       watched_repo
        37         26         10   0.0%        4         0         4  edge_write       page_ordinal
        40         26         13   0.0%        6         5         0  edge_lookup      rate_state
        28         26          2   0.0%        2         1         0  publish          pr_ever_synced
        39         25         13   0.0%        4         0         4  edge_write       poll_state_etag
        33         25          8   0.0%        4         0         1  edge_lookup      page_ordinal
        31         24          7   0.0%        2         0         2  edge_write       repo_event
        26         23          3   0.0%        8         0         5  edge_project     page_queued
        26         23          3   0.0%        5         4         3  edge_project     poll_state_etag
        24         22          1   0.0%        2         2         2  edge_project     api_token
        30         22          8   0.0%        4         0         4  edge_write       poll_state_polled
        26         21          5   0.0%        2         0         2  edge_write       last_body
        26         20          6   0.0%        1         0         1  edge_write       global_setting
        21         20          1   0.0%        2         1         2  edge_project     seq_repo_ordinal_2
        23         19          3   0.0%        1         0         1  edge_write       chosen_config
        25         19          5   0.0%        1         0         1  edge_write       repo_config
        21         19          2   0.0%        3         1         3  edge_project     pr_transition
        22         18          3   0.0%        2         0         3  edge_lookup      repo_event
        21         18          3   0.0%        4         4         4  edge_project     change_log
        24         18          6   0.0%        3         0         4  edge_write       change_log
        19         17          1   0.0%        1         1         0  edge_project     watched_repo
        32         16         15   0.0%        1         0         3  edge_lookup      repo_config
        19         16          2   0.0%        5         0         5  edge_project     poll_state_modified
        18         16          2   0.0%        2         0         2  edge_write       seq_repo_ordinal_2
        19         15          3   0.0%        2         0         2  edge_write       poll_state_changed
        17         15          1   0.0%        1         2         0  publish          best_token_rank
        17         14          2   0.0%        3         2         4  edge_project     repo_event
        17         14          2   0.0%        1         0         1  edge_write       pr_merge_commit
        16         14          1   0.0%        1         1         1  read_staged      watched_repo
        16         14          2   0.0%        1         2         1  publish          best_config_rank
        14         14          0   0.0%        1         1         1  edge_project     pr_merge_commit
        16         13          2   0.0%        5         2         2  edge_project     last_body
        15         13          1   0.0%        1         0         1  edge_lookup      pr_merge_commit
        15         13          2   0.0%        4         3         4  edge_project     pr_ever_synced
        19         12          7   0.0%        3         2         2  edge_lookup      chosen_config
        13         12          1   0.0%        2         1         2  edge_project     repo_ordinal
        14         11          2   0.0%        5         2         5  edge_project     poll_state_changed
        13         10          2   0.0%        5         4         5  edge_project     poll_state_polled
        18         10          7   0.0%        4         3         2  edge_lookup      poll_state_etag
        11         10          1   0.0%        1         0         1  edge_write       pr_ever_synced
        12         10          2   0.0%        1         0         1  edge_write       repo_ordinal
        13          9          3   0.0%        1         0         0  edge_lookup      watched_repo
        13          9          3   0.0%        1         0         0  edge_lookup      global_setting
        11          9          2   0.0%        5         0         5  edge_project     poll_state_period
        10          8          1   0.0%        1         0         1  edge_write       api_token
        13          7          5   0.0%        4         3         4  edge_lookup      poll_state_polled
        10          6          3   0.0%        2         1         1  edge_lookup      last_body
         8          6          2   0.0%        1         0         1  edge_write       pr_transition
        10          6          3   0.0%        3         2         3  edge_lookup      pr_ever_synced
         7          5          2   0.0%        2         1         2  edge_lookup      poll_state_changed
         6          4          1   0.0%        1         0         1  edge_lookup      repo_ordinal
         6          4          2   0.0%        2         1         2  edge_lookup      api_token
         5          4          1   0.0%        1         0         1  edge_lookup      seq_repo_ordinal_2
        17          0         17   0.0%        0         0         0  arrive_diff      -
        33          0         33   0.0%        0         0         0  arrive_encode    -
         0          0          0   0.0%        0         0         0  decode           -
       937          0        937   0.4%        0         0         0  ticklog          -
    192863                        90.7%                               TOTAL sqlite     
      3377                         1.6%                               TOTAL rust in scopes 
     16438                         7.7%                               TOTAL rust unscoped 
    212678                       100.0%                               TOTAL wall       
