[2m2026-08-24T17:47:39.551135Z[0m [32m INFO[0m [1mtick[0m[1m{[0m[3mtick[0m[2m=[0m0 [3marrivals[0m[2m=[0m2[1m}[0m[2m:[0m[1mapply_arrivals[0m[1m{[0m[3marrivals[0m[2m=[0m2 [3mgroups[0m[2m=[0m2[1m}[0m[2m:[0m [2msprefa_engine_rs::incremental[0m[2m:[0m close [3mtime.busy[0m[2m=[0m258µs [3mtime.idle[0m[2m=[0m1.50µs
[2m2026-08-24T17:47:39.555415Z[0m [32m INFO[0m [1mtick[0m[1m{[0m[3mtick[0m[2m=[0m0 [3marrivals[0m[2m=[0m2[1m}[0m[2m:[0m [2msprefa_engine_rs::driver[0m[2m:[0m close [3mtime.busy[0m[2m=[0m6.58ms [3mtime.idle[0m[2m=[0m6.96µs
[2m2026-08-24T17:47:39.556507Z[0m [32m INFO[0m [1mtick[0m[1m{[0m[3mtick[0m[2m=[0m1 [3marrivals[0m[2m=[0m1[1m}[0m[2m:[0m[1mapply_arrivals[0m[1m{[0m[3marrivals[0m[2m=[0m1 [3mgroups[0m[2m=[0m1[1m}[0m[2m:[0m [2msprefa_engine_rs::incremental[0m[2m:[0m close [3mtime.busy[0m[2m=[0m120µs [3mtime.idle[0m[2m=[0m624ns
[2m2026-08-24T17:47:39.565146Z[0m [32m INFO[0m [1mtick[0m[1m{[0m[3mtick[0m[2m=[0m1 [3marrivals[0m[2m=[0m1[1m}[0m[2m:[0m [2msprefa_engine_rs::driver[0m[2m:[0m close [3mtime.busy[0m[2m=[0m9.66ms [3mtime.idle[0m[2m=[0m709ns
[2m2026-08-24T17:47:39.566122Z[0m [32m INFO[0m [1mtick[0m[1m{[0m[3mtick[0m[2m=[0m2 [3marrivals[0m[2m=[0m1[1m}[0m[2m:[0m[1mapply_arrivals[0m[1m{[0m[3marrivals[0m[2m=[0m1 [3mgroups[0m[2m=[0m1[1m}[0m[2m:[0m [2msprefa_engine_rs::incremental[0m[2m:[0m close [3mtime.busy[0m[2m=[0m43.0µs [3mtime.idle[0m[2m=[0m417ns
[2m2026-08-24T17:47:39.573356Z[0m [32m INFO[0m [1mtick[0m[1m{[0m[3mtick[0m[2m=[0m2 [3marrivals[0m[2m=[0m1[1m}[0m[2m:[0m [2msprefa_engine_rs::driver[0m[2m:[0m close [3mtime.busy[0m[2m=[0m8.17ms [3mtime.idle[0m[2m=[0m1.12µs
[2m2026-08-24T17:47:39.574531Z[0m [32m INFO[0m [1mtick[0m[1m{[0m[3mtick[0m[2m=[0m3 [3marrivals[0m[2m=[0m1[1m}[0m[2m:[0m[1mapply_arrivals[0m[1m{[0m[3marrivals[0m[2m=[0m1 [3mgroups[0m[2m=[0m1[1m}[0m[2m:[0m [2msprefa_engine_rs::incremental[0m[2m:[0m close [3mtime.busy[0m[2m=[0m184µs [3mtime.idle[0m[2m=[0m375ns
[2m2026-08-24T17:47:39.587248Z[0m [32m INFO[0m [1mtick[0m[1m{[0m[3mtick[0m[2m=[0m3 [3marrivals[0m[2m=[0m1[1m}[0m[2m:[0m [2msprefa_engine_rs::driver[0m[2m:[0m close [3mtime.busy[0m[2m=[0m13.8ms [3mtime.idle[0m[2m=[0m667ns
[2m2026-08-24T17:47:39.588555Z[0m [32m INFO[0m [1mtick[0m[1m{[0m[3mtick[0m[2m=[0m4 [3marrivals[0m[2m=[0m1[1m}[0m[2m:[0m[1mapply_arrivals[0m[1m{[0m[3marrivals[0m[2m=[0m1 [3mgroups[0m[2m=[0m1[1m}[0m[2m:[0m [2msprefa_engine_rs::incremental[0m[2m:[0m close [3mtime.busy[0m[2m=[0m165µs [3mtime.idle[0m[2m=[0m542ns
[2m2026-08-24T17:47:39.598173Z[0m [32m INFO[0m [1mtick[0m[1m{[0m[3mtick[0m[2m=[0m4 [3marrivals[0m[2m=[0m1[1m}[0m[2m:[0m [2msprefa_engine_rs::driver[0m[2m:[0m close [3mtime.busy[0m[2m=[0m10.8ms [3mtime.idle[0m[2m=[0m1.00µs
[2m2026-08-24T17:47:39.599315Z[0m [32m INFO[0m [1mtick[0m[1m{[0m[3mtick[0m[2m=[0m5 [3marrivals[0m[2m=[0m1[1m}[0m[2m:[0m[1mapply_arrivals[0m[1m{[0m[3marrivals[0m[2m=[0m1 [3mgroups[0m[2m=[0m1[1m}[0m[2m:[0m [2msprefa_engine_rs::incremental[0m[2m:[0m close [3mtime.busy[0m[2m=[0m52.7µs [3mtime.idle[0m[2m=[0m500ns
[2m2026-08-24T17:47:39.615180Z[0m [32m INFO[0m [1mtick[0m[1m{[0m[3mtick[0m[2m=[0m5 [3marrivals[0m[2m=[0m1[1m}[0m[2m:[0m [2msprefa_engine_rs::driver[0m[2m:[0m close [3mtime.busy[0m[2m=[0m16.9ms [3mtime.idle[0m[2m=[0m584ns
[2m2026-08-24T17:47:39.616754Z[0m [32m INFO[0m [1mtick[0m[1m{[0m[3mtick[0m[2m=[0m6 [3marrivals[0m[2m=[0m1[1m}[0m[2m:[0m[1mapply_arrivals[0m[1m{[0m[3marrivals[0m[2m=[0m1 [3mgroups[0m[2m=[0m1[1m}[0m[2m:[0m [2msprefa_engine_rs::incremental[0m[2m:[0m close [3mtime.busy[0m[2m=[0m80.2µs [3mtime.idle[0m[2m=[0m1.08µs
[2m2026-08-24T17:47:39.623535Z[0m [32m INFO[0m [1mtick[0m[1m{[0m[3mtick[0m[2m=[0m6 [3marrivals[0m[2m=[0m1[1m}[0m[2m:[0m [2msprefa_engine_rs::driver[0m[2m:[0m close [3mtime.busy[0m[2m=[0m8.19ms [3mtime.idle[0m[2m=[0m500ns
[2m2026-08-24T17:47:39.624526Z[0m [32m INFO[0m [1mtick[0m[1m{[0m[3mtick[0m[2m=[0m7 [3marrivals[0m[2m=[0m1[1m}[0m[2m:[0m[1mapply_arrivals[0m[1m{[0m[3marrivals[0m[2m=[0m1 [3mgroups[0m[2m=[0m1[1m}[0m[2m:[0m [2msprefa_engine_rs::incremental[0m[2m:[0m close [3mtime.busy[0m[2m=[0m59.3µs [3mtime.idle[0m[2m=[0m374ns
[2m2026-08-24T17:47:39.627302Z[0m [32m INFO[0m [1mtick[0m[1m{[0m[3mtick[0m[2m=[0m7 [3marrivals[0m[2m=[0m1[1m}[0m[2m:[0m [2msprefa_engine_rs::driver[0m[2m:[0m close [3mtime.busy[0m[2m=[0m3.71ms [3mtime.idle[0m[2m=[0m666ns
[2m2026-08-24T17:47:39.628354Z[0m [32m INFO[0m [1mtick[0m[1m{[0m[3mtick[0m[2m=[0m8 [3marrivals[0m[2m=[0m1[1m}[0m[2m:[0m[1mapply_arrivals[0m[1m{[0m[3marrivals[0m[2m=[0m1 [3mgroups[0m[2m=[0m1[1m}[0m[2m:[0m [2msprefa_engine_rs::incremental[0m[2m:[0m close [3mtime.busy[0m[2m=[0m62.0µs [3mtime.idle[0m[2m=[0m500ns
[2m2026-08-24T17:47:39.630642Z[0m [32m INFO[0m [1mtick[0m[1m{[0m[3mtick[0m[2m=[0m8 [3marrivals[0m[2m=[0m1[1m}[0m[2m:[0m [2msprefa_engine_rs::driver[0m[2m:[0m close [3mtime.busy[0m[2m=[0m3.31ms [3mtime.idle[0m[2m=[0m625ns
[2m2026-08-24T17:47:39.631588Z[0m [32m INFO[0m [1mtick[0m[1m{[0m[3mtick[0m[2m=[0m9 [3marrivals[0m[2m=[0m1[1m}[0m[2m:[0m[1mapply_arrivals[0m[1m{[0m[3marrivals[0m[2m=[0m1 [3mgroups[0m[2m=[0m1[1m}[0m[2m:[0m [2msprefa_engine_rs::incremental[0m[2m:[0m close [3mtime.busy[0m[2m=[0m69.0µs [3mtime.idle[0m[2m=[0m166ns
[2m2026-08-24T17:47:39.634116Z[0m [32m INFO[0m [1mtick[0m[1m{[0m[3mtick[0m[2m=[0m9 [3marrivals[0m[2m=[0m1[1m}[0m[2m:[0m [2msprefa_engine_rs::driver[0m[2m:[0m close [3mtime.busy[0m[2m=[0m3.45ms [3mtime.idle[0m[2m=[0m208ns
[2m2026-08-24T17:47:39.635079Z[0m [32m INFO[0m [1mtick[0m[1m{[0m[3mtick[0m[2m=[0m10 [3marrivals[0m[2m=[0m1[1m}[0m[2m:[0m[1mapply_arrivals[0m[1m{[0m[3marrivals[0m[2m=[0m1 [3mgroups[0m[2m=[0m1[1m}[0m[2m:[0m [2msprefa_engine_rs::incremental[0m[2m:[0m close [3mtime.busy[0m[2m=[0m44.2µs [3mtime.idle[0m[2m=[0m209ns
[2m2026-08-24T17:47:39.636617Z[0m [32m INFO[0m [1mtick[0m[1m{[0m[3mtick[0m[2m=[0m10 [3marrivals[0m[2m=[0m1[1m}[0m[2m:[0m [2msprefa_engine_rs::driver[0m[2m:[0m close [3mtime.busy[0m[2m=[0m2.46ms [3mtime.idle[0m[2m=[0m2.33µs
[2m2026-08-24T17:47:39.637563Z[0m [32m INFO[0m [1mtick[0m[1m{[0m[3mtick[0m[2m=[0m11 [3marrivals[0m[2m=[0m1[1m}[0m[2m:[0m[1mapply_arrivals[0m[1m{[0m[3marrivals[0m[2m=[0m1 [3mgroups[0m[2m=[0m1[1m}[0m[2m:[0m [2msprefa_engine_rs::incremental[0m[2m:[0m close [3mtime.busy[0m[2m=[0m74.2µs [3mtime.idle[0m[2m=[0m166ns
[2m2026-08-24T17:47:39.646140Z[0m [32m INFO[0m [1mtick[0m[1m{[0m[3mtick[0m[2m=[0m11 [3marrivals[0m[2m=[0m1[1m}[0m[2m:[0m [2msprefa_engine_rs::driver[0m[2m:[0m close [3mtime.busy[0m[2m=[0m9.50ms [3mtime.idle[0m[2m=[0m1.00µs
[2m2026-08-24T17:47:39.647915Z[0m [32m INFO[0m [1mtick[0m[1m{[0m[3mtick[0m[2m=[0m12 [3marrivals[0m[2m=[0m1[1m}[0m[2m:[0m[1mapply_arrivals[0m[1m{[0m[3marrivals[0m[2m=[0m1 [3mgroups[0m[2m=[0m1[1m}[0m[2m:[0m [2msprefa_engine_rs::incremental[0m[2m:[0m close [3mtime.busy[0m[2m=[0m120µs [3mtime.idle[0m[2m=[0m459ns
[2m2026-08-24T17:47:39.655450Z[0m [32m INFO[0m [1mtick[0m[1m{[0m[3mtick[0m[2m=[0m12 [3marrivals[0m[2m=[0m1[1m}[0m[2m:[0m [2msprefa_engine_rs::driver[0m[2m:[0m close [3mtime.busy[0m[2m=[0m8.96ms [3mtime.idle[0m[2m=[0m792ns
[2m2026-08-24T17:47:39.657174Z[0m [32m INFO[0m [1mtick[0m[1m{[0m[3mtick[0m[2m=[0m13 [3marrivals[0m[2m=[0m0[1m}[0m[2m:[0m [2msprefa_engine_rs::driver[0m[2m:[0m close [3mtime.busy[0m[2m=[0m1.59ms [3mtime.idle[0m[2m=[0m291ns
[2m2026-08-24T17:47:39.657198Z[0m [32m INFO[0m [2msprefa_engine_rs::sql[0m[2m:[0m seam tally [3mstatements[0m[2m=[0m10147 [3minert[0m[2m=[0m4266 [3minert_pct[0m[2m=[0m42 [3mrows_out[0m[2m=[0m834 [3mrows_changed[0m[2m=[0m2162 [3mms[0m[2m=[0m83

== DL_TRACE_SUMMARY ==
  us_total     us_sql    us_rust    pct    calls  rows_out   changed  verb             relation
     93229      93132         96  44.3%     1743         0         0  ddl              -
      9836       9359        477   4.7%       28        28        28  probe            -
      7110       7078         32   3.4%      344         0        25  boot             -
      5313       5313          0   2.5%     1093         0         0  unlabelled       -
      2524       2467         57   1.2%       36         0         0  level_insert     notification_seen
      1907       1904          2   0.9%       13         0         0  clear            prepare
      1913       1898         14   0.9%        6         3        13  level_insert     gql_pull
      1866       1861          5   0.9%       27         0         0  clear            promote
      1453       1405         47   0.7%       55         3         3  level_insert     pull_request_seen
      1431       1390         40   0.7%       48         7         9  level_insert     pr_batch_member
      1347       1249         97   0.6%      187         0        71  recount          __host_demand_http__post
      1146       1107         38   0.5%       49         0         0  level_insert     discovered_repo
      1028       1008         20   0.5%       24         7        21  level_insert     __host_demand_http__get
      1035       1004         31   0.5%       42        11        19  level_insert     __host_demand_http__post
      1043        986         56   0.5%       73         0         0  recount          notification_seen
       977        926         51   0.5%       94         0        70  recount          __host_demand_http__get
       946        919         26   0.4%       31         0         3  recount          gql_pull
       885        875         10   0.4%        5         4         4  level_insert     page_response
       889        840         49   0.4%       90        28        67  aggregate        pr_post_body
       857        831         26   0.4%       24         2         7  level_insert     repo_event_seen
       897        818         79   0.4%      140         0         0  level_insert     branch_pattern_list
       834        743         91   0.4%      140         0         0  level_insert     link_part_list
       659        640         19   0.3%       10         4         4  level_insert     page_arrival
       588        585          3   0.3%       13         0         0  clear            merge
       588        581          6   0.3%        6         0         0  level_insert     gql_status_context
       649        559         90   0.3%      169         0        22  recount          pr_batch_arrival
       561        555          5   0.3%        6         0         0  level_insert     gql_comment
       560        554          5   0.3%        6         0         0  level_insert     gql_review
       558        552          6   0.3%        6         0         0  level_insert     gql_check_run
       583        545         37   0.3%       73         0        11  recount          repo_event_seen
       549        539          9   0.3%        8         5         5  level_insert     poll_state
       545        538          6   0.3%        4         1         1  level_insert     period_candidate
       589        533         56   0.3%       84         0        13  recount          pull_request_seen
       556        510         46   0.3%       95         0        42  recount          page_response
       537        505         32   0.3%       70        24        57  aggregate        pr_batch
       522        503         19   0.2%       10         0         0  level_insert     pr_status_check_seen
       522        501         20   0.2%       13         3         3  level_insert     pr_batch_arrival
       555        495         59   0.3%      114         0        59  recount          pr_query
       505        490         15   0.2%       16         0         0  level_insert     checkout_task
       501        488         12   0.2%       20         0         0  level_insert     watched_global
       486        476         10   0.2%        8         4         4  level_insert     due
       490        473         16   0.2%       14         0         0  level_insert     over_budget
       487        473         14   0.2%       12         2         2  level_insert     page_prev_etag
       497        468         29   0.2%       54         0         6  recount          change_candidate
       478        462         16   0.2%       24        18        20  level_insert     pr_selection
       474        461         12   0.2%       16         0         0  level_insert     lane_proof
       480        460         20   0.2%        4         4         0  publish          gql_pull
       625        458        167   0.3%        9        16         0  publish          __host_demand_http__post
       456        452          4   0.2%       14         0         0  snapshot_pre     -
       485        445         39   0.2%       80         0         0  recount          discovered_repo
       454        433         20   0.2%        4         4         0  publish          pull_request_seen
       490        431         58   0.2%      112         0        47  recount          poll_state
       449        429         19   0.2%       25         4         6  level_insert     change_candidate
       445        429         15   0.2%       24         0         0  level_insert     candidate_branch
       470        428         42   0.2%       85         0        20  recount          page_arrival
       454        425         28   0.2%       54         0         0  recount          link_part_list
       465        417         47   0.2%       85         0        25  recount          pr_batch_response
       426        401         25   0.2%       31         0         0  recount          gql_status_context
       411        397         14   0.2%        4         3         0  publish          pull_request
       433        393         39   0.2%       88        23        51  aggregate        rate_pool
       407        390         16   0.2%       31         0         0  recount          gql_check_run
       406        389         16   0.2%       31         0         0  recount          gql_comment
       376        370          6   0.2%        5         1         1  level_insert     dirty_pr
       380        364         16   0.2%       31         0         0  recount          gql_review
       347        343          4   0.2%        6         0         0  level_insert     gql_label
       365        342         22   0.2%       46         0        30  recount          pr_selection
       349        330         19   0.2%       30         7        16  aggregate        request_headers
       336        326         10   0.2%       15         2         6  level_insert     __host_demand_env__var
       390        322         68   0.2%      112         0        38  recount          page_prev_etag
       350        315         34   0.2%       66         0        39  recount          rest_response
       388        306         81   0.2%       30         0        44  stage            rate_pool
       316        303         13   0.2%       15         2         5  level_insert     __host_demand_toml__json
       335        302         32   0.2%       66         0        24  recount          pr_post_field
       310        301          9   0.1%       10         6         6  level_insert     pr_due
       304        301          3   0.1%        2         1         1  level_insert     watched_repo_seen
       315        299         15   0.1%       20         0         3  recount          open_pr
       327        299         27   0.2%       56         0         5  recount          dirty_pr
       315        299         16   0.2%       31         0         0  recount          gql_label
       330        296         34   0.2%       73         0         0  recount          candidate_branch
       441        290        150   0.2%       38         0        14  recount          call_candidate
       307        284         22   0.1%       42         0         9  recount          pr_batch_member
       284        271         12   0.1%        6         0         0  level_insert     gql_requested_reviewer
       283        271         12   0.1%       20         0         0  recount          lane_proof
       264        259          4   0.1%        3         3         3  level_insert     pr_batch_response
       265        257          7   0.1%       10         0         0  level_insert     pr_comment_seen
       290        254         36   0.1%        6        10         0  publish          __host_demand_http__get
       323        254         69   0.2%       27         0        47  stage            pr_post_body
       256        253          2   0.1%       13        13         0  read_staged      -
       256        252          4   0.1%        6         1         2  level_insert     gql_merge_commit
       256        251          4   0.1%        6         1         1  level_insert     gql_pull_closed_at
       287        249         37   0.1%       84         0        29  recount          poll_state_tag
       279        247         32   0.1%       57         0         0  recount          pr_review_seen
       273        246         27   0.1%       57         0         0  recount          pr_comment_seen
       262        245         16   0.1%       21         3         3  level_insert     request_header
       255        241         13   0.1%        5         5         0  publish          page_response
       249        241          7   0.1%        5         1         1  level_insert     config_doc
       265        237         27   0.1%       57         0         0  recount          pr_status_check_seen
       244        236          8   0.1%       11         1         1  level_insert     pr_merge_commit_seen
       255        236         19   0.1%       42         0        30  recount          pr_batch_alias
       287        234         52   0.1%       21         0        41  stage            pr_batch
       241        231         10   0.1%        3         2         0  publish          open_pr
       231        226          5   0.1%        6         1         1  level_insert     gql_pull_merged_at
       234        225          8   0.1%        9         6         6  level_insert     rest_response
       228        220          8   0.1%        6         1         1  level_insert     token_seen
       252        218         34   0.1%       74         0         0  recount          over_budget
       241        217         23   0.1%       42         0         8  recount          header_etag
       228        215         13   0.1%       31         0        24  recount          request_header
       228        213         15   0.1%       31         0         0  recount          gql_merge_commit
       266        211         55   0.1%       15         0        42  stage            pr_batch_alias
       218        203         14   0.1%       31         0         0  recount          gql_requested_reviewer
       265        202         63   0.1%       18         0        24  stage            __host_demand_http__post
       221        200         20   0.1%        6        20         0  publish          pr_batch_alias
       205        197          8   0.1%       10         0         0  level_insert     pr_review_seen
       242        197         44   0.1%        6        20         0  publish          pr_selection
       244        197         47   0.1%       15         0        42  stage            pr_selection
       208        194         13   0.1%       31         0         0  recount          gql_pull_closed_at
       254        192         62   0.1%        8        19         0  publish          pr_post_body
       205        191         13   0.1%       20         9        10  level_insert     pr_query
       196        190          5   0.1%        8         2         4  level_insert     recent_event
       216        190         26   0.1%        2         2         0  publish          __host_response_http__post
       193        189          3   0.1%        4         1         6  edge_project     repo_config
       210        189         20   0.1%       20         3         8  aggregate        graphql_headers
       235        189         45   0.1%        8        14         0  publish          pr_post_field
       213        187         26   0.1%        5         5         0  publish          __host_response_http__get
       189        184          5   0.1%       10         0         0  level_insert     pr_label_seen
       228        182         46   0.1%       19         0        25  stage            pr_post_field
       200        181         19   0.1%       47         0         9  recount          pr_due
       219        181         37   0.1%       10         5         5  arrive           __host_response_http__get
       194        181         13   0.1%       31         0         0  recount          gql_pull_merged_at
       185        179          6   0.1%       10         0         0  level_insert     pr_requested_reviewer_seen
       186        179          7   0.1%       10         4        12  level_insert     __host_demand_dl__tick_cost
       189        178         11   0.1%        5         0         0  level_insert     endpoint_cooling
       210        176         33   0.1%        4         0         5  stage            pull_request
       185        170         14   0.1%       16        18        19  level_insert     pr_batch_alias
       182        168         14   0.1%        8         9         0  publish          poll_state
       171        166          4   0.1%        2         1         0  publish          watched_repo_seen
       170        165          4   0.1%        2         1         0  publish          watched_repo
       174        165          9   0.1%       12         0         0  level_insert     rate_warm
       178        165         13   0.1%       28         0         8  recount          due
       222        164         58   0.1%       12         0        14  stage            call_log
       225        162         62   0.1%       10         0        10  stage            __host_response_http__get
       176        162         14   0.1%        5         8         0  publish          pr_batch_member
       171        156         14   0.1%        5         5         0  publish          page_arrival
       160        153          6   0.1%        4         2         0  publish          recent_event
       184        153         30   0.1%       14         0        20  stage            pr_query
       169        153         16   0.1%       38         0         8  recount          header_rate_remaining
       200        152         48   0.1%        6        15         0  publish          pr_batch
       157        151          6   0.1%        7         7         7  level_insert     call_candidate
       154        150          3   0.1%        7         4         4  level_insert     page_fetch
       205        150         55   0.1%       12         0        14  stage            call_candidate
       159        149         10   0.1%        8         7         0  publish          poll_state_etag
       170        147         22   0.1%       57         0         0  recount          pr_label_seen
       281        147        134   0.1%       26        38         4  intern           -
       178        145         32   0.1%       74         0         0  recount          rate_warm
       182        145         36   0.1%       11         0        14  stage            rest_response
       151        145          6   0.1%        3         3         0  publish          repo_event_seen
       167        144         23   0.1%       57         0         0  recount          pr_merge_commit_seen
       193        144         49   0.1%        8         0         8  stage            page_response
       159        143         15   0.1%       38         0         8  recount          header_rate_reset
       166        143         22   0.1%       57         0         0  recount          pr_requested_reviewer_seen
       156        140         15   0.1%       42         0         0  recount          header_link
       146        139          7   0.1%       12         0         0  level_insert     not_an_org
       179        139         40   0.1%       12         0        15  stage            poll_state
       142        139          3   0.1%        2         1         0  publish          repo_config
       178        137         40   0.1%        6         0         6  stage            gql_pull
       172        136         35   0.1%       10         0        16  stage            pr_batch_member
       178        136         41   0.1%        6         0         6  stage            pull_request_seen
       143        136          7   0.1%        4         2         0  publish          repo_event
       168        135         32   0.1%       10         5         6  arrive           __host_response_clock__tick
       171        135         35   0.1%        9         0        15  stage            __host_demand_http__get
       146        134         11   0.1%       28         0         3  recount          gql_rate_remaining
       155        134         21   0.1%       42         0         0  recount          header_modified
       146        134         12   0.1%       15         0         0  level_insert     branch_seen
       148        133         15   0.1%       10         7         0  publish          call_log
       141        133          8   0.1%        4         6         0  publish          change_candidate
       140        130          9   0.1%       18         0         3  recount          open_pr_head
       153        130         23   0.1%        7         9         0  publish          call_candidate
       169        130         39   0.1%        8         0         8  stage            page_arrival
       137        128          8   0.1%        5         5         5  level_insert     current_clock
       131        128          3   0.1%        5         0         0  level_insert     measured
       141        127         13   0.1%       38         0         3  recount          dirty_repo
       133        126          6   0.1%        8         1         1  level_insert     open_pr
       158        121         36   0.1%        7        12         0  publish          pr_query
       153        120         33   0.1%       10         0        13  stage            rate_state
       124        119          4   0.1%        1         2         1  publish          __host_demand_env__var
       122        118          3   0.1%       14         0         0  advance_tick     -
       156        118         37   0.1%        6         0         6  stage            pr_batch_arrival
       129        117         11   0.1%       28         0         3  recount          gql_rate_reset
       132        117         15   0.1%       38         0         0  recount          endpoint_hit
       121        117          4   0.1%        6         1         2  level_insert     watched_endpoint
       129        115         14   0.1%       38         0         0  recount          header_poll_interval
       132        115         17   0.1%        4         2         2  arrive           __host_response_http__post
       119        112          6   0.1%       10        11        11  level_insert     pr_post_field
       117        112          4   0.1%        3         3         0  publish          request_header
       129        112         17   0.1%       10        16         0  publish          rate_pool
       117        110          7   0.1%        5         4         0  publish          change_log
       120        109         11   0.1%       10         4         6  level_insert     header_etag
       111        108          2   0.1%        1         1         0  publish          gql_merge_commit
       147        108         38   0.1%        6         0         6  stage            pr_batch_response
       146        108         38   0.1%       10         0        10  stage            __host_response_clock__tick
       110        107          3   0.1%        5         0         0  level_insert     endpoint_hit
       112        105          6   0.1%        5         5         0  publish          header_etag
       108        104          3   0.1%        1         1         0  publish          __host_response_env__var
       114        104         10   0.1%        4         4         0  publish          __host_demand_dl__tick_cost
       138        103         34   0.1%        4         0         4  stage            __host_response_http__post
       104        101          3   0.0%        2         1         0  publish          watched_endpoint
       104         99          5   0.0%        3         2         0  publish          open_pr_head
       121         98         22   0.1%        8         0        11  stage            poll_state_etag
       116         98         18   0.1%       38         0         0  recount          endpoint_miss
       101         97          3   0.0%        1         2         1  publish          __host_demand_toml__json
       105         97          7   0.1%        5         4         0  publish          page_fetch
       119         96         22   0.1%        9         0         9  stage            due
       104         95          8   0.0%       14         0         0  retention        call_log
       119         95         24   0.1%        9         0         9  stage            page_fetch
       101         94          6   0.0%        4         0         0  edge_project     org_config
       102         93          8   0.0%       16         3         7  aggregate        endpoint_period
        94         91          2   0.0%        2         1         0  publish          graphql_header
       113         91         22   0.1%        8         0         8  stage            __host_demand_dl__tick_cost
       108         91         17   0.1%        6         0         6  stage            recent_event
        98         90          7   0.0%        5         4         0  publish          due
       111         89         21   0.1%        8         0        11  stage            poll_state_polled
        91         88          2   0.0%        2         1         0  publish          pr_merge_commit
       102         88         14   0.0%       12         0         0  edge_project     gh_username
        91         87          3   0.0%        2         1         0  publish          pr_transition
       111         87         23   0.1%       10         0        10  stage            current_clock
        98         86         12   0.0%        5         5         1  publish          __host_response_clock__tick
        88         86          1   0.0%        1         1         0  publish          gql_pull_closed_at
       107         86         21   0.1%        9         0        12  stage            request_headers
        87         85          2   0.0%        2         1         0  publish          poll_endpoint
       101         85         16   0.0%        3         0         3  stage            open_pr
       108         85         23   0.1%        4         4         0  publish          pr_batch_arrival
       102         85         17   0.0%        7         0        13  stage            pr_due
        86         84          1   0.0%        1         1         0  publish          gql_pull_merged_at
        95         84         10   0.0%        9         8         0  publish          rate_state
       104         83         20   0.0%        8         0         8  stage            page_ordinal
       103         83         20   0.0%        8         0         8  stage            header_rate_remaining
       114         82         31   0.1%        7         0         6  edge_project     repo_checkout
       100         82         17   0.0%        8         0         8  stage            header_rate_reset
        88         82          6   0.0%        3         5         0  publish          request_headers
       104         82         21   0.0%        8         0         8  stage            header_etag
       102         81         21   0.0%        4         4         0  publish          pr_batch_response
        95         78         17   0.0%        6         9         0  publish          rest_response
        78         74          3   0.0%        4         3         0  publish          page_prev_etag
        78         73          4   0.0%        4         3         0  publish          poll_state_tag
        77         73          4   0.0%        1         1         1  publish          __host_response_toml__json
        87         73         14   0.0%        3         0         3  stage            watched_repo_seen
        88         72         15   0.0%        6         0         6  stage            gql_rate_remaining
        88         71         16   0.0%        6         0         8  stage            change_log
        85         71         14   0.0%        6         0         6  stage            gql_rate_reset
        74         71          3   0.0%        2         2         0  publish          graphql_headers
        82         71         11   0.0%        8         4         0  publish          page_ordinal
        73         70          2   0.0%        2         1         0  publish          repo
        76         70          5   0.0%        4         4         0  publish          gql_rate_remaining
        80         70         10   0.0%        8         7         0  publish          poll_state_polled
        75         70          5   0.0%       10         0         0  level_insert     header_link
        84         68         15   0.0%        6         0         8  stage            change_candidate
        70         67          3   0.0%        4         1         0  edge_project     global_setting
        70         67          3   0.0%        5         4         4  level_insert     header_rate_reset
        80         67         13   0.0%        4         0         5  stage            last_body
        69         66          2   0.0%        5         4         4  level_insert     header_rate_remaining
        82         65         17   0.0%        6         0         6  stage            poll_state_tag
        67         64          3   0.0%        2         1         0  publish          global_setting
        67         64          3   0.0%        1         1         1  publish          config_present
        70         64          6   0.0%        5         5         0  publish          header_rate_remaining
        65         64          1   0.0%        1         1         1  level_insert     config_present
        73         62         10   0.0%        2         0         2  stage            chosen_config
        66         62          3   0.0%        8         2         2  level_insert     poll_state_tag
        73         62         10   0.0%        8         3         6  aggregate        best_config_rank
        77         62         15   0.0%        4         0         4  stage            repo_event_seen
        64         62          2   0.0%        3         3         3  level_insert     gql_rate_remaining
        66         61          5   0.0%        5         5         0  publish          header_rate_reset
        65         61          4   0.0%        8         3         6  aggregate        best_token_rank
        66         61          4   0.0%        4         4         0  publish          gql_rate_reset
        65         61          4   0.0%        4         3         0  publish          poll_state_changed
        66         60          6   0.0%        2         1         2  arrive           __host_response_env__var
        72         60         12   0.0%        5         0         8  stage            request_header
        61         60          1   0.0%        1         1         0  publish          pr_merge_commit_seen
        78         59         19   0.0%        2         0         2  stage            watched_repo
        64         58          5   0.0%       10         0         0  level_insert     header_modified
        69         58         11   0.0%        5         0         6  stage            graphql_headers
        65         58          7   0.0%        4         3         0  publish          last_body
        71         57         13   0.0%        4         0         4  stage            repo_event
        62         56          5   0.0%        2         1         2  arrive           __host_response_toml__json
        58         56          2   0.0%        3         3         2  edge_project     chosen_config
        59         54          4   0.0%       14         0         0  retention        change_log
        56         54          2   0.0%        1         1         0  publish          dirty_pr
        62         54          7   0.0%        4         8         0  publish          pr_due
        64         54         10   0.0%        5         0         5  stage            page_prev_etag
        56         53          2   0.0%        4         1         2  level_insert     graphql_header
        57         53          3   0.0%        2         2         0  publish          api_tier
        65         52         12   0.0%        5         0         6  stage            endpoint_period
        54         52          2   0.0%        3         3         3  level_insert     gql_rate_reset
        57         52          5   0.0%        2         2         2  level_insert     api_tier
        59         51          7   0.0%        2         0         2  stage            pr_transition
        64         51         13   0.0%        4         0         5  stage            best_token_rank
        59         51          7   0.0%        3         0         3  stage            open_pr_head
        58         50          8   0.0%        3         0         6  stage            api_tier
        59         49          9   0.0%        3         0         3  stage            watched_endpoint
        58         49          9   0.0%        2         0         2  stage            global_setting
        53         49          4   0.0%        2         1         1  publish          chosen_config
        55         49          6   0.0%        2         0         2  stage            gql_merge_commit
        66         48         17   0.0%        6         5         0  edge_lookup      rate_state
        56         48          8   0.0%        3         0         3  stage            graphql_header
        57         48          9   0.0%        2         0         2  stage            repo_config
        50         48          2   0.0%        2         2         0  publish          endpoint_period
        59         47         12   0.0%        2         0         2  stage            config_doc
        54         46          8   0.0%        4         0         4  stage            dirty_repo
        52         46          6   0.0%       12         4         6  edge_project     page_ordinal
        48         46          2   0.0%        4         1         1  level_insert     open_pr_head
        78         45         32   0.0%        2         0         2  edge_write       pull_request
        56         45         11   0.0%        2         0         2  stage            __host_response_toml__json
        56         44         11   0.0%        4         0         5  stage            best_config_rank
        51         43          7   0.0%        3         0         3  stage            poll_endpoint
        45         43          1   0.0%        2         1         1  level_insert     poll_endpoint
        45         43          2   0.0%        2         1         0  publish          period_candidate
        47         43          4   0.0%       14         0         0  retention        engine_tick_cost
        51         43          8   0.0%        4         0         5  stage            poll_state_changed
        45         43          2   0.0%        2         1         0  publish          api_token
        55         43         12   0.0%        3         2         3  edge_lookup      pull_request
        49         42          6   0.0%        2         0         2  stage            pr_merge_commit
        47         42          5   0.0%        7         7         6  edge_project     call_log
        49         42          7   0.0%        2         0         2  stage            __host_response_env__var
        45         42          2   0.0%        5         0         0  level_insert     header_poll_interval
        45         41          4   0.0%        3         3         0  publish          dirty_repo
        48         41          7   0.0%        2         0         2  stage            dirty_pr
        47         40          6   0.0%        2         0         2  stage            gql_pull_closed_at
        42         40          1   0.0%        1         1         0  publish          token_seen
        42         40          1   0.0%        3         2         2  level_insert     dirty_repo
        45         40          5   0.0%        2         0         2  stage            pr_merge_commit_seen
        45         39          5   0.0%        2         0         4  stage            __host_demand_toml__json
        42         39          2   0.0%        1         1         1  publish          config_doc
        44         39          5   0.0%        2         0         2  stage            gql_pull_merged_at
        41         39          2   0.0%        2         1         0  publish          seq_repo_ordinal_2
        45         38          6   0.0%        3         0         3  stage            period_candidate
        56         38         18   0.0%        6         0         7  edge_write       call_log
        45         38          7   0.0%        3         0         3  stage            repo
        44         35          8   0.0%        2         0         4  stage            __host_demand_env__var
        40         34          5   0.0%        1         0         1  edge_write       global_setting
        37         34          3   0.0%        5         0         0  level_insert     endpoint_miss
        39         34          5   0.0%        2         0         2  stage            repo_ordinal
        39         33          6   0.0%        5         5         1  publish          current_clock
        33         31          2   0.0%        1         0         1  edge_write       repo_ordinal
        42         31         10   0.0%        4         3         4  read_staged      pull_request_seen
        36         30          5   0.0%        2         0         2  stage            config_present
        34         30          4   0.0%        2         0         2  stage            pr_ever_synced
       123         30         93   0.1%        2         0         2  stage            seq_repo_ordinal_2
        36         29          7   0.0%        4         3         4  edge_project     pull_request
        46         29         16   0.0%        4         0         4  edge_write       page_ordinal
        31         29          2   0.0%        2         1         0  publish          pr_ever_synced
        30         28          1   0.0%        2         1         1  level_insert     repo
        45         28         16   0.0%        5         0         5  edge_write       rate_state
        35         28          7   0.0%        1         0         1  edge_write       watched_repo
        33         28          5   0.0%        2         0         2  stage            token_seen
        32         28          4   0.0%        2         0         2  stage            api_token
        35         27          7   0.0%        4         0         1  edge_lookup      page_ordinal
        43         27         16   0.0%        4         0         4  edge_write       poll_state_etag
        34         26          7   0.0%        2         0         2  edge_write       repo_event
        33         24          9   0.0%        6         7         0  edge_project     rate_state
        26         24          2   0.0%        2         1         0  publish          repo_ordinal
        25         24          1   0.0%        2         2         2  edge_project     api_token
        24         23          1   0.0%        1         2         0  publish          best_token_rank
        27         23          3   0.0%        2         0         3  edge_lookup      repo_event
        25         21          3   0.0%        5         4         3  edge_project     poll_state_etag
        27         21          5   0.0%        1         0         1  edge_write       repo_config
        24         21          3   0.0%        8         0         5  edge_project     page_queued
        26         20          6   0.0%        3         0         4  edge_write       change_log
        22         20          2   0.0%        4         4         4  edge_project     change_log
        22         20          1   0.0%        1         1         0  edge_project     watched_repo
        27         19          8   0.0%        4         0         4  edge_write       poll_state_polled
        20         19          1   0.0%        2         1         2  edge_project     seq_repo_ordinal_2
        24         19          4   0.0%        2         0         2  edge_write       last_body
        21         19          2   0.0%        1         0         1  edge_write       pr_merge_commit
        30         18         11   0.0%        1         0         3  edge_lookup      repo_config
        19         17          2   0.0%        3         1         3  edge_project     pr_transition
        20         16          3   0.0%        2         0         2  edge_write       poll_state_changed
        18         16          2   0.0%        4         3         4  edge_project     pr_ever_synced
        16         16          0   0.0%        1         1         1  edge_project     pr_merge_commit
        18         15          2   0.0%        5         2         2  edge_project     last_body
        18         15          2   0.0%        5         0         5  edge_project     poll_state_modified
        17         15          2   0.0%        1         0         1  edge_lookup      pr_merge_commit
        17         15          2   0.0%        2         0         2  edge_write       seq_repo_ordinal_2
        17         15          1   0.0%        3         2         4  edge_project     repo_event
        17         15          1   0.0%        1         1         1  read_staged      watched_repo
        15         14          1   0.0%        1         2         1  publish          best_config_rank
        17         14          3   0.0%        1         0         1  edge_write       chosen_config
        24         13         10   0.0%        1         0         1  edge_write       pr_ever_synced
        14         11          2   0.0%        1         0         0  edge_lookup      global_setting
        13         11          1   0.0%        5         2         5  edge_project     poll_state_changed
        12         11          1   0.0%        2         1         2  edge_project     repo_ordinal
        14         11          3   0.0%        1         0         0  edge_lookup      watched_repo
        12         10          2   0.0%        5         4         5  edge_project     poll_state_polled
        11          9          2   0.0%        5         0         5  edge_project     poll_state_period
        16          9          7   0.0%        4         3         2  edge_lookup      poll_state_etag
        10          8          1   0.0%        1         0         1  edge_write       api_token
         9          7          2   0.0%        1         0         1  edge_write       pr_transition
        12          7          4   0.0%        3         2         2  edge_lookup      chosen_config
        12          7          5   0.0%        4         3         4  edge_lookup      poll_state_polled
         9          6          3   0.0%        2         1         1  edge_lookup      last_body
         9          5          3   0.0%        3         2         3  edge_lookup      pr_ever_synced
         7          4          2   0.0%        2         1         2  edge_lookup      poll_state_changed
         7          4          2   0.0%        2         1         2  edge_lookup      api_token
         5          4          1   0.0%        1         0         1  edge_lookup      repo_ordinal
         5          3          1   0.0%        1         0         1  edge_lookup      seq_repo_ordinal_2
        20          0         20   0.0%        0         0         0  arrive_diff      -
        31          0         31   0.0%        0         0         0  arrive_encode    -
         0          0          0   0.0%        0         0         0  decode           -
       888          0        888   0.4%        0         0         0  ticklog          -
    193136                        91.8%                               TOTAL sqlite     
      3013                         1.4%                               TOTAL rust in scopes 
     14148                         6.7%                               TOTAL rust unscoped 
    210298                       100.0%                               TOTAL wall       
