[2m2026-08-24T17:47:39.955587Z[0m [32m INFO[0m [1mtick[0m[1m{[0m[3mtick[0m[2m=[0m0 [3marrivals[0m[2m=[0m2[1m}[0m[2m:[0m[1mapply_arrivals[0m[1m{[0m[3marrivals[0m[2m=[0m2 [3mgroups[0m[2m=[0m2[1m}[0m[2m:[0m [2msprefa_engine_rs::incremental[0m[2m:[0m close [3mtime.busy[0m[2m=[0m235µs [3mtime.idle[0m[2m=[0m1.12µs
[2m2026-08-24T17:47:39.959704Z[0m [32m INFO[0m [1mtick[0m[1m{[0m[3mtick[0m[2m=[0m0 [3marrivals[0m[2m=[0m2[1m}[0m[2m:[0m [2msprefa_engine_rs::driver[0m[2m:[0m close [3mtime.busy[0m[2m=[0m6.45ms [3mtime.idle[0m[2m=[0m3.75µs
[2m2026-08-24T17:47:39.960725Z[0m [32m INFO[0m [1mtick[0m[1m{[0m[3mtick[0m[2m=[0m1 [3marrivals[0m[2m=[0m1[1m}[0m[2m:[0m[1mapply_arrivals[0m[1m{[0m[3marrivals[0m[2m=[0m1 [3mgroups[0m[2m=[0m1[1m}[0m[2m:[0m [2msprefa_engine_rs::incremental[0m[2m:[0m close [3mtime.busy[0m[2m=[0m103µs [3mtime.idle[0m[2m=[0m458ns
[2m2026-08-24T17:47:39.969133Z[0m [32m INFO[0m [1mtick[0m[1m{[0m[3mtick[0m[2m=[0m1 [3marrivals[0m[2m=[0m1[1m}[0m[2m:[0m [2msprefa_engine_rs::driver[0m[2m:[0m close [3mtime.busy[0m[2m=[0m9.35ms [3mtime.idle[0m[2m=[0m1.04µs
[2m2026-08-24T17:47:39.970071Z[0m [32m INFO[0m [1mtick[0m[1m{[0m[3mtick[0m[2m=[0m2 [3marrivals[0m[2m=[0m1[1m}[0m[2m:[0m[1mapply_arrivals[0m[1m{[0m[3marrivals[0m[2m=[0m1 [3mgroups[0m[2m=[0m1[1m}[0m[2m:[0m [2msprefa_engine_rs::incremental[0m[2m:[0m close [3mtime.busy[0m[2m=[0m50.2µs [3mtime.idle[0m[2m=[0m418ns
[2m2026-08-24T17:47:39.976670Z[0m [32m INFO[0m [1mtick[0m[1m{[0m[3mtick[0m[2m=[0m2 [3marrivals[0m[2m=[0m1[1m}[0m[2m:[0m [2msprefa_engine_rs::driver[0m[2m:[0m close [3mtime.busy[0m[2m=[0m7.50ms [3mtime.idle[0m[2m=[0m750ns
[2m2026-08-24T17:47:39.978167Z[0m [32m INFO[0m [1mtick[0m[1m{[0m[3mtick[0m[2m=[0m3 [3marrivals[0m[2m=[0m1[1m}[0m[2m:[0m[1mapply_arrivals[0m[1m{[0m[3marrivals[0m[2m=[0m1 [3mgroups[0m[2m=[0m1[1m}[0m[2m:[0m [2msprefa_engine_rs::incremental[0m[2m:[0m close [3mtime.busy[0m[2m=[0m256µs [3mtime.idle[0m[2m=[0m1.21µs
[2m2026-08-24T17:47:39.991634Z[0m [32m INFO[0m [1mtick[0m[1m{[0m[3mtick[0m[2m=[0m3 [3marrivals[0m[2m=[0m1[1m}[0m[2m:[0m [2msprefa_engine_rs::driver[0m[2m:[0m close [3mtime.busy[0m[2m=[0m14.9ms [3mtime.idle[0m[2m=[0m709ns
[2m2026-08-24T17:47:39.993116Z[0m [32m INFO[0m [1mtick[0m[1m{[0m[3mtick[0m[2m=[0m4 [3marrivals[0m[2m=[0m1[1m}[0m[2m:[0m[1mapply_arrivals[0m[1m{[0m[3marrivals[0m[2m=[0m1 [3mgroups[0m[2m=[0m1[1m}[0m[2m:[0m [2msprefa_engine_rs::incremental[0m[2m:[0m close [3mtime.busy[0m[2m=[0m202µs [3mtime.idle[0m[2m=[0m750ns
[2m2026-08-24T17:47:40.003288Z[0m [32m INFO[0m [1mtick[0m[1m{[0m[3mtick[0m[2m=[0m4 [3marrivals[0m[2m=[0m1[1m}[0m[2m:[0m [2msprefa_engine_rs::driver[0m[2m:[0m close [3mtime.busy[0m[2m=[0m11.5ms [3mtime.idle[0m[2m=[0m791ns
[2m2026-08-24T17:47:40.004344Z[0m [32m INFO[0m [1mtick[0m[1m{[0m[3mtick[0m[2m=[0m5 [3marrivals[0m[2m=[0m1[1m}[0m[2m:[0m[1mapply_arrivals[0m[1m{[0m[3marrivals[0m[2m=[0m1 [3mgroups[0m[2m=[0m1[1m}[0m[2m:[0m [2msprefa_engine_rs::incremental[0m[2m:[0m close [3mtime.busy[0m[2m=[0m48.9µs [3mtime.idle[0m[2m=[0m417ns
[2m2026-08-24T17:47:40.020057Z[0m [32m INFO[0m [1mtick[0m[1m{[0m[3mtick[0m[2m=[0m5 [3marrivals[0m[2m=[0m1[1m}[0m[2m:[0m [2msprefa_engine_rs::driver[0m[2m:[0m close [3mtime.busy[0m[2m=[0m16.7ms [3mtime.idle[0m[2m=[0m1.12µs
[2m2026-08-24T17:47:40.021628Z[0m [32m INFO[0m [1mtick[0m[1m{[0m[3mtick[0m[2m=[0m6 [3marrivals[0m[2m=[0m1[1m}[0m[2m:[0m[1mapply_arrivals[0m[1m{[0m[3marrivals[0m[2m=[0m1 [3mgroups[0m[2m=[0m1[1m}[0m[2m:[0m [2msprefa_engine_rs::incremental[0m[2m:[0m close [3mtime.busy[0m[2m=[0m75.4µs [3mtime.idle[0m[2m=[0m3.92µs
[2m2026-08-24T17:47:40.028993Z[0m [32m INFO[0m [1mtick[0m[1m{[0m[3mtick[0m[2m=[0m6 [3marrivals[0m[2m=[0m1[1m}[0m[2m:[0m [2msprefa_engine_rs::driver[0m[2m:[0m close [3mtime.busy[0m[2m=[0m8.73ms [3mtime.idle[0m[2m=[0m667ns
[2m2026-08-24T17:47:40.030166Z[0m [32m INFO[0m [1mtick[0m[1m{[0m[3mtick[0m[2m=[0m7 [3marrivals[0m[2m=[0m1[1m}[0m[2m:[0m[1mapply_arrivals[0m[1m{[0m[3marrivals[0m[2m=[0m1 [3mgroups[0m[2m=[0m1[1m}[0m[2m:[0m [2msprefa_engine_rs::incremental[0m[2m:[0m close [3mtime.busy[0m[2m=[0m70.9µs [3mtime.idle[0m[2m=[0m417ns
[2m2026-08-24T17:47:40.033397Z[0m [32m INFO[0m [1mtick[0m[1m{[0m[3mtick[0m[2m=[0m7 [3marrivals[0m[2m=[0m1[1m}[0m[2m:[0m [2msprefa_engine_rs::driver[0m[2m:[0m close [3mtime.busy[0m[2m=[0m4.32ms [3mtime.idle[0m[2m=[0m500ns
[2m2026-08-24T17:47:40.034528Z[0m [32m INFO[0m [1mtick[0m[1m{[0m[3mtick[0m[2m=[0m8 [3marrivals[0m[2m=[0m1[1m}[0m[2m:[0m[1mapply_arrivals[0m[1m{[0m[3marrivals[0m[2m=[0m1 [3mgroups[0m[2m=[0m1[1m}[0m[2m:[0m [2msprefa_engine_rs::incremental[0m[2m:[0m close [3mtime.busy[0m[2m=[0m62.8µs [3mtime.idle[0m[2m=[0m666ns
[2m2026-08-24T17:47:40.036691Z[0m [32m INFO[0m [1mtick[0m[1m{[0m[3mtick[0m[2m=[0m8 [3marrivals[0m[2m=[0m1[1m}[0m[2m:[0m [2msprefa_engine_rs::driver[0m[2m:[0m close [3mtime.busy[0m[2m=[0m3.26ms [3mtime.idle[0m[2m=[0m626ns
[2m2026-08-24T17:47:40.037653Z[0m [32m INFO[0m [1mtick[0m[1m{[0m[3mtick[0m[2m=[0m9 [3marrivals[0m[2m=[0m1[1m}[0m[2m:[0m[1mapply_arrivals[0m[1m{[0m[3marrivals[0m[2m=[0m1 [3mgroups[0m[2m=[0m1[1m}[0m[2m:[0m [2msprefa_engine_rs::incremental[0m[2m:[0m close [3mtime.busy[0m[2m=[0m61.8µs [3mtime.idle[0m[2m=[0m250ns
[2m2026-08-24T17:47:40.039897Z[0m [32m INFO[0m [1mtick[0m[1m{[0m[3mtick[0m[2m=[0m9 [3marrivals[0m[2m=[0m1[1m}[0m[2m:[0m [2msprefa_engine_rs::driver[0m[2m:[0m close [3mtime.busy[0m[2m=[0m3.18ms [3mtime.idle[0m[2m=[0m333ns
[2m2026-08-24T17:47:40.040748Z[0m [32m INFO[0m [1mtick[0m[1m{[0m[3mtick[0m[2m=[0m10 [3marrivals[0m[2m=[0m1[1m}[0m[2m:[0m[1mapply_arrivals[0m[1m{[0m[3marrivals[0m[2m=[0m1 [3mgroups[0m[2m=[0m1[1m}[0m[2m:[0m [2msprefa_engine_rs::incremental[0m[2m:[0m close [3mtime.busy[0m[2m=[0m39.0µs [3mtime.idle[0m[2m=[0m166ns
[2m2026-08-24T17:47:40.042179Z[0m [32m INFO[0m [1mtick[0m[1m{[0m[3mtick[0m[2m=[0m10 [3marrivals[0m[2m=[0m1[1m}[0m[2m:[0m [2msprefa_engine_rs::driver[0m[2m:[0m close [3mtime.busy[0m[2m=[0m2.25ms [3mtime.idle[0m[2m=[0m333ns
[2m2026-08-24T17:47:40.043330Z[0m [32m INFO[0m [1mtick[0m[1m{[0m[3mtick[0m[2m=[0m11 [3marrivals[0m[2m=[0m1[1m}[0m[2m:[0m[1mapply_arrivals[0m[1m{[0m[3marrivals[0m[2m=[0m1 [3mgroups[0m[2m=[0m1[1m}[0m[2m:[0m [2msprefa_engine_rs::incremental[0m[2m:[0m close [3mtime.busy[0m[2m=[0m85.6µs [3mtime.idle[0m[2m=[0m375ns
[2m2026-08-24T17:47:40.051385Z[0m [32m INFO[0m [1mtick[0m[1m{[0m[3mtick[0m[2m=[0m11 [3marrivals[0m[2m=[0m1[1m}[0m[2m:[0m [2msprefa_engine_rs::driver[0m[2m:[0m close [3mtime.busy[0m[2m=[0m9.18ms [3mtime.idle[0m[2m=[0m375ns
[2m2026-08-24T17:47:40.053135Z[0m [32m INFO[0m [1mtick[0m[1m{[0m[3mtick[0m[2m=[0m12 [3marrivals[0m[2m=[0m1[1m}[0m[2m:[0m[1mapply_arrivals[0m[1m{[0m[3marrivals[0m[2m=[0m1 [3mgroups[0m[2m=[0m1[1m}[0m[2m:[0m [2msprefa_engine_rs::incremental[0m[2m:[0m close [3mtime.busy[0m[2m=[0m101µs [3mtime.idle[0m[2m=[0m416ns
[2m2026-08-24T17:47:40.059869Z[0m [32m INFO[0m [1mtick[0m[1m{[0m[3mtick[0m[2m=[0m12 [3marrivals[0m[2m=[0m1[1m}[0m[2m:[0m [2msprefa_engine_rs::driver[0m[2m:[0m close [3mtime.busy[0m[2m=[0m8.16ms [3mtime.idle[0m[2m=[0m167ns
[2m2026-08-24T17:47:40.061399Z[0m [32m INFO[0m [1mtick[0m[1m{[0m[3mtick[0m[2m=[0m13 [3marrivals[0m[2m=[0m0[1m}[0m[2m:[0m [2msprefa_engine_rs::driver[0m[2m:[0m close [3mtime.busy[0m[2m=[0m1.43ms [3mtime.idle[0m[2m=[0m250ns
[2m2026-08-24T17:47:40.061424Z[0m [32m INFO[0m [2msprefa_engine_rs::sql[0m[2m:[0m seam tally [3mstatements[0m[2m=[0m10147 [3minert[0m[2m=[0m4266 [3minert_pct[0m[2m=[0m42 [3mrows_out[0m[2m=[0m834 [3mrows_changed[0m[2m=[0m2162 [3mms[0m[2m=[0m83

== DL_TRACE_SUMMARY ==
  us_total     us_sql    us_rust    pct    calls  rows_out   changed  verb             relation
    101757     101654        102  46.6%     1743         0         0  ddl              -
     10370       9891        478   4.8%       28        28        28  probe            -
      6698       6668         30   3.1%      344         0        25  boot             -
      5130       5130          0   2.4%     1093         0         0  unlabelled       -
      2626       2570         55   1.2%       36         0         0  level_insert     notification_seen
      1984       1971         12   0.9%        6         3        13  level_insert     gql_pull
      1799       1794          4   0.8%       27         0         0  clear            promote
      1792       1789          2   0.8%       13         0         0  clear            prepare
      1420       1379         40   0.7%       55         3         3  level_insert     pull_request_seen
      1414       1376         38   0.6%       48         7         9  level_insert     pr_batch_member
      1298       1196        102   0.6%      187         0        71  recount          __host_demand_http__post
      1229       1189         40   0.6%       49         0         0  level_insert     discovered_repo
      1054       1013         40   0.5%       42        11        19  level_insert     __host_demand_http__post
      1008        978         29   0.5%       31         0         3  recount          gql_pull
       979        959         20   0.4%       24         7        21  level_insert     __host_demand_http__get
       983        933         49   0.5%       94         0        70  recount          __host_demand_http__get
       924        864         59   0.4%       73         0         0  recount          notification_seen
       916        863         53   0.4%       90        28        67  aggregate        pr_post_body
       837        828          9   0.4%        5         4         4  level_insert     page_response
       838        817         20   0.4%       24         2         7  level_insert     repo_event_seen
       875        792         82   0.4%      140         0         0  level_insert     branch_pattern_list
       788        713         75   0.4%      140         0         0  level_insert     link_part_list
       655        635         19   0.3%       10         4         4  level_insert     page_arrival
       623        617          6   0.3%        6         0         0  level_insert     gql_status_context
       604        599          5   0.3%        6         0         0  level_insert     gql_comment
       595        587          7   0.3%        6         0         0  level_insert     gql_review
       587        579          7   0.3%        4         1         1  level_insert     period_candidate
       575        572          3   0.3%       13         0         0  clear            merge
       566        558          7   0.3%        6         0         0  level_insert     gql_check_run
       591        555         36   0.3%       70        24        57  aggregate        pr_batch
       549        533         15   0.3%        8         5         5  level_insert     poll_state
       541        526         15   0.2%       13         3         3  level_insert     pr_batch_arrival
       604        523         81   0.3%      169         0        22  recount          pr_batch_arrival
       556        511         45   0.3%       84         0        13  recount          pull_request_seen
       544        507         37   0.2%       73         0        11  recount          repo_event_seen
       524        497         26   0.2%       54         0         6  recount          change_candidate
       508        495         13   0.2%       16         0         0  level_insert     lane_proof
       507        493         13   0.2%       16         0         0  level_insert     checkout_task
       552        490         62   0.3%       95         0        42  recount          page_response
       509        484         25   0.2%       24        18        20  level_insert     pr_selection
       488        474         13   0.2%       14         0         0  level_insert     over_budget
       490        473         16   0.2%       25         4         6  level_insert     change_candidate
       519        464         55   0.2%      112         0        47  recount          poll_state
       476        459         17   0.2%       24         0         0  level_insert     candidate_branch
       461        452          9   0.2%       12         2         2  level_insert     page_prev_etag
       464        449         14   0.2%       20         0         0  level_insert     watched_global
       468        449         19   0.2%        4         4         0  publish          gql_pull
       447        434         13   0.2%        8         4         4  level_insert     due
       452        433         18   0.2%       31         0         0  recount          gql_comment
       461        432         28   0.2%       54         0         0  recount          link_part_list
       438        431          7   0.2%        5         1         1  level_insert     dirty_pr
       446        429         16   0.2%        4         4         0  publish          pull_request_seen
       450        428         22   0.2%       31         0         0  recount          gql_status_context
       432        427          4   0.2%       14         0         0  snapshot_pre     -
       476        423         53   0.2%       85         0        20  recount          page_arrival
       472        421         50   0.2%      114         0        59  recount          pr_query
       430        413         17   0.2%        4         3         0  publish          pull_request
       436        411         25   0.2%       46         0        30  recount          pr_selection
       411        401          9   0.2%       10         0         0  level_insert     pr_status_check_seen
       432        400         31   0.2%       80         0         0  recount          discovered_repo
       414        394         20   0.2%       31         0         0  recount          gql_check_run
       562        392        169   0.3%        9        16         0  publish          __host_demand_http__post
       424        380         43   0.2%       88        23        51  aggregate        rate_pool
       398        377         20   0.2%       31         0         0  recount          gql_review
       423        369         54   0.2%      112         0        38  recount          page_prev_etag
       368        363          4   0.2%        6         0         0  level_insert     gql_label
       405        362         43   0.2%       85         0        25  recount          pr_batch_response
       420        336         83   0.2%       30         0        44  stage            rate_pool
       336        328          8   0.2%        3         3         3  level_insert     pr_batch_response
       340        325         15   0.2%       30         7        16  aggregate        request_headers
       333        323          9   0.2%       15         2         5  level_insert     __host_demand_toml__json
       330        321          9   0.2%       10         6         6  level_insert     pr_due
       318        315          3   0.1%        2         1         1  level_insert     watched_repo_seen
       323        310         12   0.1%       15         2         6  level_insert     __host_demand_env__var
       314        284         30   0.1%       66         0        39  recount          rest_response
       414        278        136   0.2%       38         0        14  recount          call_candidate
       291        277         14   0.1%       31         0         0  recount          gql_label
       303        274         29   0.1%       56         0         5  recount          dirty_pr
       305        274         30   0.1%       66         0        24  recount          pr_post_field
       277        273          4   0.1%        6         0         0  level_insert     gql_requested_reviewer
       309        272         36   0.1%       73         0         0  recount          candidate_branch
       291        269         22   0.1%       42         0         9  recount          pr_batch_member
       273        266          6   0.1%        6         1         1  level_insert     gql_pull_merged_at
       334        266         68   0.2%       27         0        47  stage            pr_post_body
       267        259          7   0.1%        9         6         6  level_insert     rest_response
       264        259          4   0.1%        6         1         2  level_insert     gql_merge_commit
       256        249          7   0.1%       10         0         0  level_insert     pr_comment_seen
       263        247         15   0.1%       21         3         3  level_insert     request_header
       276        246         29   0.1%       57         0         0  recount          pr_comment_seen
       288        246         42   0.1%        6        10         0  publish          __host_demand_http__get
       250        245          5   0.1%        6         1         1  level_insert     gql_pull_closed_at
       257        242         15   0.1%       31         0        24  recount          request_header
       252        239         13   0.1%        5         5         0  publish          page_response
       277        238         39   0.1%       84         0        29  recount          poll_state_tag
       279        238         41   0.1%       10         5         5  arrive           __host_response_http__get
       262        236         25   0.1%       57         0         0  recount          pr_status_check_seen
       233        231          2   0.1%       13        13         0  read_staged      -
       251        229         21   0.1%        6        20         0  publish          pr_batch_alias
       249        229         19   0.1%       42         0        30  recount          pr_batch_alias
       237        228          8   0.1%        3         2         0  publish          open_pr
       229        223          5   0.1%        5         0         0  level_insert     endpoint_cooling
       228        221          6   0.1%       11         1         1  level_insert     pr_merge_commit_seen
       241        221         19   0.1%       20         9        10  level_insert     pr_query
       269        218         51   0.1%        6        20         0  publish          pr_selection
       276        216         60   0.1%       21         0        41  stage            pr_batch
       272        216         56   0.1%       15         0        42  stage            pr_batch_alias
       232        216         15   0.1%       31         0         0  recount          gql_requested_reviewer
       283        215         68   0.1%        8        19         0  publish          pr_post_body
       277        213         64   0.1%       18         0        24  stage            __host_demand_http__post
       224        212         11   0.1%       20         0         3  recount          open_pr
       219        209          9   0.1%       20         0         0  recount          lane_proof
       231        205         26   0.1%        2         2         0  publish          __host_response_http__post
       210        204          5   0.1%        8         2         4  level_insert     recent_event
       209        203          5   0.1%        5         1         1  level_insert     config_doc
       217        202         14   0.1%       31         0         0  recount          gql_merge_commit
       205        200          5   0.1%        6         1         1  level_insert     token_seen
       253        198         55   0.1%       19         0        25  stage            pr_post_field
       199        195          4   0.1%        4         1         6  edge_project     repo_config
       246        195         51   0.1%        8        14         0  publish          pr_post_field
       240        195         45   0.1%       15         0        42  stage            pr_selection
       207        194         12   0.1%       16        18        19  level_insert     pr_batch_alias
       208        194         14   0.1%       31         0         0  recount          gql_pull_merged_at
       210        194         16   0.1%       31         0         0  recount          gql_pull_closed_at
       196        190          5   0.1%       10         0         0  level_insert     pr_review_seen
       214        190         23   0.1%        5         5         0  publish          __host_response_http__get
       224        190         33   0.1%       74         0         0  recount          over_budget
       214        190         23   0.1%       42         0         8  recount          header_etag
       199        190          9   0.1%       20         3         8  aggregate        graphql_headers
       220        187         32   0.1%       57         0         0  recount          pr_review_seen
       193        187          6   0.1%       10         0         0  level_insert     pr_label_seen
       190        183          6   0.1%       10         0         0  level_insert     pr_requested_reviewer_seen
       197        178         19   0.1%       47         0         9  recount          pr_due
       175        168          6   0.1%        3         3         0  publish          repo_event_seen
       182        168         13   0.1%       28         0         8  recount          due
       179        167         12   0.1%        5         8         0  publish          pr_batch_member
       189        166         23   0.1%       57         0         0  recount          pr_merge_commit_seen
       171        165          6   0.1%       10         4        12  level_insert     __host_demand_dl__tick_cost
       170        163          6   0.1%        7         7         7  level_insert     call_candidate
       242        163         79   0.1%       10         0        10  stage            __host_response_http__get
       183        160         23   0.1%       57         0         0  recount          pr_label_seen
       170        159         11   0.1%       12         0         0  level_insert     rate_warm
       163        156          7   0.1%        4         2         0  publish          repo_event
       159        155          3   0.1%        7         4         4  level_insert     page_fetch
       167        154         12   0.1%        8         7         0  publish          poll_state_etag
       160        154          6   0.1%        4         2         0  publish          recent_event
       206        153         52   0.1%       12         0        14  stage            call_candidate
       167        153         13   0.1%        8         9         0  publish          poll_state
       185        152         32   0.1%       14         0        20  stage            pr_query
       155        151          3   0.1%        2         1         0  publish          watched_repo_seen
       158        150          8   0.1%       12         0         0  level_insert     not_an_org
       172        149         22   0.1%       57         0         0  recount          pr_requested_reviewer_seen
       202        149         52   0.1%       12         0        14  stage            call_log
       153        149          4   0.1%        2         1         0  publish          watched_repo
       192        148         43   0.1%        8         0         8  stage            page_response
       152        148          3   0.1%        5         0         0  level_insert     measured
       162        147         15   0.1%        5         5         0  publish          page_arrival
       198        147         51   0.1%        6        15         0  publish          pr_batch
       270        143        126   0.1%       26        38         4  intern           -
       180        142         38   0.1%       11         0        14  stage            rest_response
       162        142         19   0.1%        7         9         0  publish          call_candidate
       154        142         12   0.1%       28         0         3  recount          gql_rate_reset
       153        141         12   0.1%       28         0         3  recount          gql_rate_remaining
       189        140         48   0.1%        6         0         6  stage            gql_pull
       180        140         40   0.1%       10         0        16  stage            pr_batch_member
       145        137          7   0.1%        5         5         5  level_insert     current_clock
       144        137          6   0.1%        8         1         1  level_insert     open_pr
       148        134         14   0.1%       10         7         0  publish          call_log
       172        134         38   0.1%        7        12         0  publish          pr_query
       149        134         15   0.1%       42         0         0  recount          header_link
       151        132         18   0.1%       38         0         8  recount          header_rate_reset
       139        132          7   0.1%        5         4         0  publish          change_log
       144        132         12   0.1%       10         4         6  level_insert     header_etag
       175        131         43   0.1%        6         0         6  stage            pull_request_seen
       147        131         16   0.1%       38         0         8  recount          header_rate_remaining
       165        130         34   0.1%       74         0         0  recount          rate_warm
       147        129         17   0.1%       42         0         0  recount          header_modified
       168        129         39   0.1%        6         0         6  stage            pr_batch_arrival
       171        128         42   0.1%        8         0         8  stage            page_arrival
       142        127         15   0.1%        4         2         2  arrive           __host_response_http__post
       135        126          8   0.1%        4         6         0  publish          change_candidate
       127        124          2   0.1%       14         0         0  advance_tick     -
       128        124          3   0.1%        2         1         0  publish          repo_config
       163        123         39   0.1%       12         0        15  stage            poll_state
       140        121         19   0.1%       38         0         0  recount          endpoint_hit
       152        120         31   0.1%       10         5         6  arrive           __host_response_clock__tick
       158        117         40   0.1%        6         0         6  stage            pr_batch_response
       123        117          5   0.1%       10        11        11  level_insert     pr_post_field
       124        117          7   0.1%       15         0         0  level_insert     branch_seen
       151        116         35   0.1%       10         0        10  stage            __host_response_clock__tick
       132        115         17   0.1%       10        16         0  publish          rate_pool
       147        113         33   0.1%        9         0        15  stage            __host_demand_http__get
       125        111         13   0.1%       38         0         3  recount          dirty_repo
       119        110          9   0.1%        4         4         0  publish          __host_demand_dl__tick_cost
       144        109         34   0.1%        4         0         4  stage            __host_response_http__post
       132        108         23   0.1%        8         0        11  stage            poll_state_etag
       111        108          3   0.1%        1         1         0  publish          __host_response_env__var
       117        107          9   0.1%        8         7         0  publish          poll_state_polled
       115        107          8   0.1%       18         0         3  recount          open_pr_head
       115        107          7   0.1%        5         5         0  publish          header_etag
       120        105         14   0.1%       38         0         0  recount          header_poll_interval
       134        104         29   0.1%       10         0        13  stage            rate_state
       108        104          4   0.0%        6         1         2  level_insert     watched_endpoint
       132        103         28   0.1%        4         0         5  stage            pull_request
       106        103          3   0.0%        2         1         0  publish          watched_endpoint
       110        103          7   0.1%        4         4         0  publish          gql_rate_reset
       104        102          2   0.0%        1         1         0  publish          gql_merge_commit
       106        101          4   0.0%        1         2         1  publish          __host_demand_env__var
       115         99         15   0.1%       38         0         0  recount          endpoint_miss
       100         97          3   0.0%        5         0         0  level_insert     endpoint_hit
       114         96         17   0.1%        3         0         3  stage            open_pr
       101         96          5   0.0%        3         2         0  publish          open_pr_head
       104         95          8   0.0%       12         0         0  edge_project     gh_username
        98         93          4   0.0%        3         3         0  publish          request_header
       117         92         25   0.1%        9         0         9  stage            page_fetch
        97         91          5   0.0%        4         3         0  publish          poll_state_tag
       100         91          8   0.0%       16         3         7  aggregate        endpoint_period
       120         90         29   0.1%       10         0        10  stage            current_clock
        94         90          3   0.0%        4         0         0  edge_project     org_config
        98         90          7   0.0%        5         4         0  publish          page_fetch
       110         90         19   0.1%        8         0         8  stage            header_etag
        97         90          7   0.0%       14         0         0  retention        call_log
        92         89          3   0.0%        1         2         1  publish          __host_demand_toml__json
       112         88         23   0.1%        9         0         9  stage            due
       103         86         17   0.0%        6         9         0  publish          rest_response
       107         86         20   0.0%        9         0        12  stage            request_headers
       108         85         22   0.0%        8         0         8  stage            __host_demand_dl__tick_cost
        92         85          7   0.0%        5         4         0  publish          due
       101         85         16   0.0%        6         0         8  stage            change_log
        86         85          1   0.0%        1         1         0  publish          gql_pull_closed_at
       103         85         18   0.0%        8         0        11  stage            poll_state_polled
        93         84          8   0.0%        2         0         2  stage            config_present
        86         83          2   0.0%        2         1         0  publish          graphql_header
        84         83          1   0.0%        1         1         0  publish          gql_pull_merged_at
       103         83         19   0.0%        4         4         0  publish          pr_batch_response
        89         83          6   0.0%       10         0         0  level_insert     header_modified
        97         82         14   0.0%        4         4         0  publish          gql_rate_remaining
        91         82          8   0.0%        3         5         0  publish          request_headers
       101         81         19   0.0%        8         0         8  stage            page_ordinal
        83         80          2   0.0%        2         1         0  publish          poll_endpoint
       100         79         20   0.0%        8         0         8  stage            header_rate_remaining
        95         78         17   0.0%        7         0        13  stage            pr_due
        80         77          2   0.0%        2         1         0  publish          pr_transition
       100         77         22   0.0%        4         4         0  publish          pr_batch_arrival
        80         77          3   0.0%        5         4         4  level_insert     header_rate_reset
        87         76         10   0.0%        9         8         0  publish          rate_state
        93         76         17   0.0%        6         0         6  stage            recent_event
        79         75          3   0.0%        4         3         0  publish          page_prev_etag
        97         75         21   0.0%        8         0         8  stage            header_rate_reset
        77         73          4   0.0%        1         1         1  publish          __host_response_toml__json
        95         73         21   0.0%        7         0         6  edge_project     repo_checkout
        80         72          8   0.0%        5         5         1  publish          __host_response_clock__tick
        78         72          5   0.0%        5         5         0  publish          header_rate_reset
        75         72          2   0.0%        3         3         3  level_insert     gql_rate_reset
        79         72          7   0.0%       10         0         0  level_insert     header_link
        88         72         16   0.0%        6         0         6  stage            gql_rate_remaining
        86         71         15   0.0%        3         0         3  stage            watched_repo_seen
        78         70          7   0.0%        8         4         0  publish          page_ordinal
        84         70         14   0.0%        4         0         4  stage            repo_event
        73         70          3   0.0%        8         2         2  level_insert     poll_state_tag
        84         69         15   0.0%        4         0         4  stage            repo_event_seen
        78         68         10   0.0%        5         5         0  publish          header_rate_remaining
        69         66          2   0.0%        5         4         4  level_insert     header_rate_remaining
        78         66         12   0.0%        6         0         6  stage            poll_state_tag
        82         65         16   0.0%        6         0         8  stage            change_candidate
        79         64         14   0.0%        6         0         6  stage            gql_rate_reset
        76         63         12   0.0%        4         0         5  stage            last_body
        65         62          2   0.0%        3         3         3  level_insert     gql_rate_remaining
        65         62          3   0.0%        2         2         0  publish          graphql_headers
        64         61          3   0.0%        4         1         0  edge_project     global_setting
        65         60          5   0.0%        2         0         2  stage            dirty_pr
        72         60         11   0.0%        5         0         8  stage            request_header
        68         59          8   0.0%        2         0         2  stage            gql_pull_merged_at
        62         59          3   0.0%        2         1         0  publish          global_setting
        61         59          2   0.0%        2         1         0  publish          repo
        65         58          6   0.0%       12         4         6  edge_project     page_ordinal
        67         58          8   0.0%        3         0         3  stage            open_pr_head
        60         57          3   0.0%        2         2         0  publish          api_tier
        68         57         11   0.0%        8         3         6  aggregate        best_config_rank
        68         57         11   0.0%        5         0         6  stage            graphql_headers
        64         56          7   0.0%        3         0         3  stage            graphql_header
        67         55         11   0.0%        5         0         6  stage            endpoint_period
        58         55          2   0.0%        2         1         0  publish          pr_merge_commit
        57         54          2   0.0%        4         1         2  level_insert     graphql_header
        61         54          6   0.0%        4         3         0  publish          last_body
        58         53          4   0.0%        8         3         6  aggregate        best_token_rank
        58         53          4   0.0%       14         0         0  retention        change_log
        54         53          1   0.0%        3         3         2  edge_project     chosen_config
        55         52          2   0.0%        4         1         1  level_insert     open_pr_head
        54         52          2   0.0%        3         2         2  level_insert     dirty_repo
        55         51          4   0.0%        4         3         0  publish          poll_state_changed
        56         51          5   0.0%        2         1         2  arrive           __host_response_env__var
        52         50          2   0.0%        2         2         0  publish          endpoint_period
        51         50          1   0.0%        2         2         2  level_insert     api_tier
        50         50          0   0.0%        1         1         1  level_insert     config_present
        54         49          5   0.0%        2         1         2  arrive           __host_response_toml__json
        58         48          9   0.0%        5         0         5  stage            page_prev_etag
        55         48          6   0.0%        2         0         2  stage            pr_merge_commit_seen
        56         48          7   0.0%        3         0         6  stage            api_tier
        58         48         10   0.0%        2         0         2  stage            __host_response_toml__json
        57         48          9   0.0%        2         0         2  stage            watched_repo
        56         47          8   0.0%        3         0         3  stage            watched_endpoint
        55         47          7   0.0%        4         8         0  publish          pr_due
        48         47          1   0.0%        1         1         0  publish          pr_merge_commit_seen
        48         47          1   0.0%        1         1         1  publish          config_present
        54         46          8   0.0%        4         0         4  stage            dirty_repo
        49         46          3   0.0%       14         0         0  retention        engine_tick_cost
        47         46          1   0.0%        1         1         0  publish          dirty_pr
        49         45          4   0.0%        3         3         0  publish          dirty_repo
        51         45          6   0.0%        2         0         2  stage            gql_merge_commit
        57         44         12   0.0%        4         0         5  stage            best_config_rank
        47         44          2   0.0%        2         1         0  publish          seq_repo_ordinal_2
        47         44          2   0.0%        5         0         0  level_insert     header_poll_interval
        52         44          8   0.0%        4         0         5  stage            poll_state_changed
        52         43          8   0.0%        2         0         2  stage            global_setting
        45         43          2   0.0%        2         1         0  publish          period_candidate
        58         42         16   0.0%        2         0         2  edge_write       pull_request
        46         42          4   0.0%        2         1         1  publish          chosen_config
        51         42          9   0.0%        4         0         5  stage            best_token_rank
        43         41          1   0.0%        2         1         0  publish          api_token
        48         41          7   0.0%        2         0         2  stage            pr_transition
        49         41          8   0.0%        2         0         2  stage            repo_ordinal
        50         41          9   0.0%        2         0         2  stage            repo_config
        42         40          1   0.0%        1         1         0  publish          token_seen
        46         40          6   0.0%        5         0         0  level_insert     endpoint_miss
        42         39          2   0.0%        1         1         1  publish          config_doc
        44         39          4   0.0%        7         7         6  edge_project     call_log
        46         39          7   0.0%        2         0         2  stage            config_doc
        44         37          6   0.0%        3         0         3  stage            poll_endpoint
        46         37          8   0.0%        2         0         4  stage            __host_demand_env__var
        47         37          9   0.0%        2         0         2  stage            chosen_config
        43         37          6   0.0%        2         0         2  stage            __host_response_env__var
        43         36          6   0.0%        2         0         2  stage            gql_pull_closed_at
        43         36          6   0.0%        3         0         3  stage            repo
        95         36         59   0.0%        2         0         2  stage            seq_repo_ordinal_2
        41         35          6   0.0%        2         0         4  stage            __host_demand_toml__json
        41         35          6   0.0%        3         0         3  stage            period_candidate
        35         34          1   0.0%        2         1         1  level_insert     poll_endpoint
        39         33          6   0.0%        1         0         1  edge_write       watched_repo
        49         32         17   0.0%        6         0         7  edge_write       call_log
        47         31         15   0.0%        5         0         5  edge_write       rate_state
        36         31          5   0.0%        2         0         2  stage            pr_merge_commit
        32         30          2   0.0%        2         1         0  publish          pr_ever_synced
        38         30          7   0.0%        4         0         1  edge_lookup      page_ordinal
        32         29          3   0.0%        8         0         5  edge_project     page_queued
        39         29          9   0.0%        3         2         3  edge_lookup      pull_request
        35         28          6   0.0%        4         3         4  read_staged      pull_request_seen
        32         28          4   0.0%        2         0         2  stage            pr_ever_synced
        30         28          2   0.0%        2         1         0  publish          repo_ordinal
        37         27         10   0.0%        4         0         4  edge_write       page_ordinal
        28         27          1   0.0%        2         1         1  level_insert     repo
        32         27          4   0.0%        2         0         2  stage            token_seen
        31         27          4   0.0%        4         3         4  edge_project     pull_request
        32         26          5   0.0%        5         5         1  publish          current_clock
        36         26         10   0.0%        2         0         2  edge_write       repo_event
        30         26          4   0.0%        2         0         2  stage            api_token
        38         25         12   0.0%        4         0         4  edge_write       poll_state_etag
        27         24          2   0.0%        5         4         3  edge_project     poll_state_etag
        28         23          4   0.0%        6         7         0  edge_project     rate_state
        37         22         15   0.0%        6         5         0  edge_lookup      rate_state
        23         22          1   0.0%        2         2         2  edge_project     api_token
        23         20          2   0.0%        4         4         4  edge_project     change_log
        28         20          8   0.0%        4         0         4  edge_write       poll_state_polled
        21         20          1   0.0%        2         1         2  edge_project     seq_repo_ordinal_2
        26         20          6   0.0%        1         0         1  edge_write       global_setting
        22         19          3   0.0%        2         0         2  edge_write       poll_state_changed
        21         18          2   0.0%        5         0         5  edge_project     poll_state_modified
        21         18          2   0.0%        2         0         2  edge_write       seq_repo_ordinal_2
        22         18          3   0.0%        2         0         3  edge_lookup      repo_event
        22         17          4   0.0%        2         0         2  edge_write       last_body
        22         16          5   0.0%        3         0         4  edge_write       change_log
        22         16          5   0.0%        1         0         1  edge_write       repo_config
        16         15          1   0.0%        1         1         0  edge_project     watched_repo
        19         15          3   0.0%        1         1         1  read_staged      watched_repo
        16         15          0   0.0%        1         1         1  edge_project     pr_merge_commit
        26         14         11   0.0%        1         0         3  edge_lookup      repo_config
        16         14          2   0.0%        5         2         2  edge_project     last_body
        17         14          3   0.0%        1         0         1  edge_write       chosen_config
        16         13          2   0.0%        3         1         3  edge_project     pr_transition
        15         13          1   0.0%        1         0         1  edge_write       repo_ordinal
        15         13          1   0.0%        1         2         1  publish          best_config_rank
        15         13          1   0.0%        3         2         4  edge_project     repo_event
        14         13          1   0.0%        1         2         0  publish          best_token_rank
        14         12          1   0.0%        1         0         1  edge_lookup      pr_merge_commit
        13         12          0   0.0%        2         1         2  edge_project     repo_ordinal
        14         11          2   0.0%        5         2         5  edge_project     poll_state_changed
        13         11          2   0.0%        1         0         1  edge_write       pr_merge_commit
        14         11          2   0.0%        1         0         0  edge_lookup      global_setting
        12         10          2   0.0%        4         3         4  edge_project     pr_ever_synced
        12         10          2   0.0%        5         4         5  edge_project     poll_state_polled
        13         10          3   0.0%        2         1         1  edge_lookup      last_body
        12          9          2   0.0%        1         0         0  edge_lookup      watched_repo
        12          9          2   0.0%        5         0         5  edge_project     poll_state_period
        16          9          7   0.0%        4         3         2  edge_lookup      poll_state_etag
        10          8          1   0.0%        1         0         1  edge_write       api_token
        11          7          4   0.0%        3         2         2  edge_lookup      chosen_config
         8          7          1   0.0%        1         0         1  edge_lookup      repo_ordinal
        12          7          5   0.0%        4         3         4  edge_lookup      poll_state_polled
         9          7          2   0.0%        1         0         1  edge_write       pr_transition
         7          6          1   0.0%        1         0         1  edge_write       pr_ever_synced
         9          5          3   0.0%        3         2         3  edge_lookup      pr_ever_synced
         7          4          2   0.0%        2         1         2  edge_lookup      poll_state_changed
         6          4          2   0.0%        2         1         2  edge_lookup      api_token
         5          4          1   0.0%        1         0         1  edge_lookup      seq_repo_ordinal_2
        21          0         21   0.0%        0         0         0  arrive_diff      -
        31          0         31   0.0%        0         0         0  arrive_encode    -
         0          0          0   0.0%        0         0         0  decode           -
       897          0        897   0.4%        0         0         0  ticklog          -
    201230                        92.2%                               TOTAL sqlite     
      3060                         1.4%                               TOTAL rust in scopes 
     13913                         6.4%                               TOTAL rust unscoped 
    218205                       100.0%                               TOTAL wall       
