[2m2026-08-24T17:47:40.160288Z[0m [32m INFO[0m [1mtick[0m[1m{[0m[3mtick[0m[2m=[0m0 [3marrivals[0m[2m=[0m64[1m}[0m[2m:[0m[1mapply_arrivals[0m[1m{[0m[3marrivals[0m[2m=[0m64 [3mgroups[0m[2m=[0m64[1m}[0m[2m:[0m [2msprefa_engine_rs::incremental[0m[2m:[0m close [3mtime.busy[0m[2m=[0m3.22ms [3mtime.idle[0m[2m=[0m1.54µs
[2m2026-08-24T17:47:40.171583Z[0m [32m INFO[0m [1mtick[0m[1m{[0m[3mtick[0m[2m=[0m0 [3marrivals[0m[2m=[0m64[1m}[0m[2m:[0m [2msprefa_engine_rs::driver[0m[2m:[0m close [3mtime.busy[0m[2m=[0m16.2ms [3mtime.idle[0m[2m=[0m4.17µs
[2m2026-08-24T17:47:40.175088Z[0m [32m INFO[0m [1mtick[0m[1m{[0m[3mtick[0m[2m=[0m1 [3marrivals[0m[2m=[0m64[1m}[0m[2m:[0m[1mapply_arrivals[0m[1m{[0m[3marrivals[0m[2m=[0m64 [3mgroups[0m[2m=[0m64[1m}[0m[2m:[0m [2msprefa_engine_rs::incremental[0m[2m:[0m close [3mtime.busy[0m[2m=[0m1.70ms [3mtime.idle[0m[2m=[0m916ns
[2m2026-08-24T17:47:40.180603Z[0m [32m INFO[0m [1mtick[0m[1m{[0m[3mtick[0m[2m=[0m1 [3marrivals[0m[2m=[0m64[1m}[0m[2m:[0m [2msprefa_engine_rs::driver[0m[2m:[0m close [3mtime.busy[0m[2m=[0m8.94ms [3mtime.idle[0m[2m=[0m791ns
[2m2026-08-24T17:47:40.184449Z[0m [32m INFO[0m [1mtick[0m[1m{[0m[3mtick[0m[2m=[0m2 [3marrivals[0m[2m=[0m64[1m}[0m[2m:[0m[1mapply_arrivals[0m[1m{[0m[3marrivals[0m[2m=[0m64 [3mgroups[0m[2m=[0m64[1m}[0m[2m:[0m [2msprefa_engine_rs::incremental[0m[2m:[0m close [3mtime.busy[0m[2m=[0m1.95ms [3mtime.idle[0m[2m=[0m1.17µs
[2m2026-08-24T17:47:40.189513Z[0m [32m INFO[0m [1mtick[0m[1m{[0m[3mtick[0m[2m=[0m2 [3marrivals[0m[2m=[0m64[1m}[0m[2m:[0m [2msprefa_engine_rs::driver[0m[2m:[0m close [3mtime.busy[0m[2m=[0m8.83ms [3mtime.idle[0m[2m=[0m959ns
[2m2026-08-24T17:47:40.189581Z[0m [32m INFO[0m [2msprefa_engine_rs::sql[0m[2m:[0m seam tally [3mstatements[0m[2m=[0m4496 [3minert[0m[2m=[0m0 [3minert_pct[0m[2m=[0m0 [3mrows_out[0m[2m=[0m963 [3mrows_changed[0m[2m=[0m1922 [3mms[0m[2m=[0m19

== DL_TRACE_SUMMARY ==
  us_total     us_sql    us_rust    pct    calls  rows_out   changed  verb             relation
     50715      50629         86  58.5%     1345         0         0  ddl              -
      7032       7032          0   8.1%      838         0         0  unlabelled       -
      2252       2131        120   2.6%        3         3         2  probe            -
      2111       2110          0   2.4%        2         0         0  clear            prepare
      1174       1173          1   1.4%        3         3         0  retraction_guard -
       691        685          6   0.8%      128         0         0  boot             -
       331        331          0   0.4%        3         0         0  clear            promote
       271        157        114   0.3%        6       192       384  intern           -
       118        109          8   0.1%        3         3         3  publish          source_18
       109         97         12   0.1%        3         3         3  publish          heavy_0
        85         80          4   0.1%        3         3         3  publish          source_40
        91         68         23   0.1%        6         0         6  stage            source_0
        82         67         15   0.1%        3         3         3  arrive           source_0
        70         66          3   0.1%        3         3         3  level_insert     heavy_7
        73         62         10   0.1%        6         0         6  stage            source_44
        65         62          3   0.1%        3         3         3  publish          source_19
        72         61         10   0.1%        6         0         6  stage            heavy_10
        65         61          3   0.1%        3         3         3  publish          source_41
        71         60         10   0.1%        6         0         6  stage            source_2
        70         59         11   0.1%        6         0         6  stage            heavy_0
        68         59          9   0.1%        6         0         6  stage            source_53
        66         58          8   0.1%        6         0         6  stage            heavy_12
        73         57         15   0.1%        6         0         6  stage            heavy_7
        67         57          9   0.1%        6         0         6  stage            source_39
        66         57          9   0.1%        6         0         6  stage            heavy_44
        66         57          8   0.1%        6         0         6  stage            heavy_33
        68         57         10   0.1%        6         0         6  stage            source_31
        66         57          9   0.1%        6         0         6  stage            source_32
        66         56          9   0.1%        6         0         6  stage            source_52
        59         56          2   0.1%        3         3         3  level_insert     heavy_0
        65         56          9   0.1%        6         0         6  stage            source_19
        74         56         18   0.1%        6         0         6  stage            source_48
        65         56          9   0.1%        6         0         6  stage            source_40
        68         55         13   0.1%        6         0         6  stage            source_1
        64         55          9   0.1%        6         0         6  stage            source_20
        64         55          9   0.1%        6         0         6  stage            source_27
        64         55          9   0.1%        6         0         6  stage            source_29
        64         55          9   0.1%        6         0         6  stage            source_35
        64         54          9   0.1%        6         0         6  stage            source_60
        68         54         14   0.1%        6         0         6  stage            heavy_52
        67         54         12   0.1%        6         0         6  stage            source_36
        62         54          8   0.1%        6         0         6  stage            heavy_34
        63         54          9   0.1%        6         0         6  stage            source_23
        63         54          9   0.1%        6         0         6  stage            source_24
        66         54         12   0.1%        6         0         6  stage            source_61
        63         54          9   0.1%        6         0         6  stage            source_63
        68         53         14   0.1%        6         0         6  stage            source_14
        64         53         10   0.1%        6         0         6  stage            source_6
        63         53          9   0.1%        6         0         6  stage            source_37
        62         53          8   0.1%        6         0         6  stage            heavy_36
        57         53          3   0.1%        3         3         3  publish          source_23
        63         53          9   0.1%        6         0         6  stage            source_16
        62         53          9   0.1%        6         0         6  stage            source_34
        62         53          9   0.1%        6         0         6  stage            source_50
        62         53          9   0.1%        6         0         6  stage            source_57
        62         53          9   0.1%        6         0         6  stage            source_58
        62         53          9   0.1%        6         0         6  stage            source_59
        61         52          8   0.1%        6         0         6  stage            heavy_6
        62         52          9   0.1%        6         0         6  stage            source_46
        62         52          9   0.1%        6         0         6  stage            source_45
        56         52          3   0.1%        3         3         3  publish          heavy_1
        61         52          8   0.1%        6         0         6  stage            heavy_58
        54         52          1   0.1%        3         3         3  level_insert     heavy_2
        55         52          3   0.1%        3         3         3  publish          source_43
        61         52          8   0.1%        6         0         6  stage            heavy_16
        63         52         11   0.1%        6         0         6  stage            source_3
        67         52         14   0.1%        6         0         6  stage            source_10
        61         52          9   0.1%        6         0         6  stage            source_15
        53         51          1   0.1%        3         3         3  level_insert     heavy_8
        60         51          8   0.1%        6         0         6  stage            heavy_45
        60         51          8   0.1%        6         0         6  stage            heavy_23
        61         51          9   0.1%        6         0         6  stage            source_25
        57         51          5   0.1%        3         3         3  publish          source_59
        61         51          9   0.1%        6         0         6  stage            source_22
        61         51          9   0.1%        6         0         6  stage            source_4
        61         51          9   0.1%        6         0         6  stage            source_9
        61         51          9   0.1%        6         0         6  stage            source_13
        59         51          8   0.1%        6         0         6  stage            heavy_47
        54         51          3   0.1%        3         3         3  arrive           source_15
        61         51         10   0.1%        6         0         6  stage            heavy_9
        59         51          8   0.1%        6         0         6  stage            heavy_28
        62         51         10   0.1%        6         0         6  stage            heavy_37
        60         51          9   0.1%        6         0         6  stage            source_42
        62         50         11   0.1%        6         0         6  stage            heavy_8
        59         50          9   0.1%        6         0         6  stage            source_33
        53         50          3   0.1%        3         3         3  publish          source_25
        59         50          8   0.1%        6         0         6  stage            heavy_22
        60         50          9   0.1%        6         0         6  stage            source_49
        59         50          8   0.1%        6         0         6  stage            heavy_59
        51         50          1   0.1%        3         3         3  level_insert     heavy_14
        60         50          9   0.1%        6         0         6  stage            source_5
        59         50          9   0.1%        6         0         6  stage            source_18
        59         50          9   0.1%        6         0         6  stage            source_26
        59         50          9   0.1%        6         0         6  stage            source_41
        58         50          8   0.1%        6         0         6  stage            heavy_21
        53         50          3   0.1%        3         3         3  publish          source_38
        59         50          8   0.1%        6         0         6  stage            heavy_25
        61         50         10   0.1%        6         0         6  stage            source_8
        61         50         10   0.1%        6         0         6  stage            source_7
        59         50          9   0.1%        6         0         6  stage            source_43
        59         50          9   0.1%        6         0         6  stage            heavy_4
        59         50          9   0.1%        6         0         6  stage            source_54
        59         50          9   0.1%        6         0         6  stage            source_12
        59         50          9   0.1%        6         0         6  stage            source_21
        58         50          8   0.1%        6         0         6  stage            heavy_5
        61         50         10   0.1%        6         0         6  stage            source_28
        53         50          3   0.1%        3         3         3  publish          source_27
        52         50          2   0.1%        3         3         3  publish          source_37
        53         49          3   0.1%        3         3         3  publish          source_42
        52         49          3   0.1%        3         3         3  publish          source_26
        59         49          9   0.1%        6         0         6  stage            source_30
        52         49          3   0.1%        3         3         3  publish          source_35
        53         49          3   0.1%        3         3         3  publish          source_3
        52         49          2   0.1%        3         3         3  publish          source_32
        58         49          9   0.1%        6         0         6  stage            source_51
        53         49          3   0.1%        3         3         3  publish          source_2
        58         49          8   0.1%        6         0         6  stage            heavy_18
        52         49          2   0.1%        3         3         3  publish          source_15
        57         49          8   0.1%        6         0         6  stage            heavy_32
        58         49          9   0.1%        6         0         6  stage            source_38
        60         49         11   0.1%        6         0         6  stage            source_17
        59         49          9   0.1%        6         0         6  stage            source_11
        58         49          9   0.1%        6         0         6  stage            source_55
        57         48          8   0.1%        6         0         6  stage            heavy_35
        58         48         10   0.1%        6         0         6  stage            source_62
        57         48          8   0.1%        6         0         6  stage            heavy_15
        61         48         12   0.1%        6         0         6  stage            source_56
        56         48          8   0.1%        6         0         6  stage            heavy_57
        56         48          8   0.1%        6         0         6  stage            heavy_63
        58         48          9   0.1%        6         0         6  stage            heavy_38
        57         48          9   0.1%        6         0         6  stage            heavy_3
        56         48          8   0.1%        6         0         6  stage            heavy_62
        51         48          3   0.1%        3         3         3  publish          source_34
        56         48          8   0.1%        6         0         6  stage            heavy_26
        56         48          8   0.1%        6         0         6  stage            heavy_42
        57         48          9   0.1%        6         0         6  stage            source_47
        57         48          8   0.1%        6         0         6  stage            heavy_48
        49         48          1   0.1%        3         3         3  level_insert     heavy_43
        51         48          3   0.1%        3         3         3  publish          source_36
        50         48          2   0.1%        3         3         3  publish          heavy_39
        49         47          1   0.1%        3         3         3  level_insert     heavy_62
        50         47          3   0.1%        3         3         3  arrive           source_24
        50         47          2   0.1%        3         3         3  publish          source_21
        50         47          3   0.1%        3         3         3  publish          source_24
        48         47          1   0.1%        3         3         3  level_insert     heavy_4
        50         47          2   0.1%        3         3         3  publish          heavy_25
        48         47          1   0.1%        3         3         3  level_insert     heavy_47
        50         47          3   0.1%        3         3         3  publish          source_22
        50         47          3   0.1%        3         3         3  publish          source_28
        48         47          1   0.1%        3         3         3  level_insert     heavy_9
        49         46          2   0.1%        3         3         3  publish          source_9
        61         46         14   0.1%        6         0         6  stage            heavy_17
        55         46          8   0.1%        6         0         6  stage            heavy_41
        51         46          4   0.1%        3         3         3  publish          source_0
        56         46          9   0.1%        6         0         6  stage            heavy_24
        48         46          1   0.1%        3         3         3  level_insert     heavy_10
        49         46          3   0.1%        3         3         3  publish          source_58
        55         46          8   0.1%        6         0         6  stage            heavy_30
        55         46          8   0.1%        6         0         6  stage            heavy_11
        54         46          8   0.1%        6         0         6  stage            heavy_27
        54         46          8   0.1%        6         0         6  stage            heavy_40
        49         46          3   0.1%        3         3         3  publish          source_14
        55         46          9   0.1%        6         0         6  stage            heavy_1
        49         46          3   0.1%        3         3         3  publish          source_44
        55         46          8   0.1%        6         0         6  stage            heavy_14
        54         46          8   0.1%        6         0         6  stage            heavy_51
        47         46          1   0.1%        3         3         3  level_insert     heavy_40
        47         46          1   0.1%        3         3         3  level_insert     heavy_33
        54         46          8   0.1%        6         0         6  stage            heavy_54
        54         46          8   0.1%        6         0         6  stage            heavy_39
        54         46          8   0.1%        6         0         6  stage            heavy_53
        54         46          8   0.1%        6         0         6  stage            heavy_60
        54         46          8   0.1%        6         0         6  stage            heavy_31
        46         45          0   0.1%        3         3         3  level_insert     heavy_31
        54         45          8   0.1%        6         0         6  stage            heavy_61
        54         45          8   0.1%        6         0         6  stage            heavy_56
        54         45          8   0.1%        6         0         6  stage            heavy_55
        50         45          4   0.1%        3         3         3  arrive           source_2
        53         45          8   0.1%        6         0         6  stage            heavy_46
        46         45          0   0.1%        3         3         3  level_insert     heavy_44
        48         45          3   0.1%        3         3         3  publish          source_4
        46         45          1   0.1%        3         3         3  level_insert     heavy_17
        48         45          3   0.1%        3         3         3  publish          source_20
        55         45         10   0.1%        6         0         6  stage            heavy_29
        53         45          8   0.1%        6         0         6  stage            heavy_19
        46         45          1   0.1%        3         3         3  level_insert     heavy_27
        53         45          8   0.1%        6         0         6  stage            heavy_20
        46         44          1   0.1%        3         3         3  level_insert     heavy_28
        47         44          2   0.1%        3         3         3  publish          source_30
        53         44          8   0.1%        6         0         6  stage            heavy_13
        47         44          2   0.1%        3         3         3  publish          heavy_14
        46         44          1   0.1%        3         3         3  level_insert     heavy_16
        53         44          8   0.1%        6         0         6  stage            heavy_49
        47         44          3   0.1%        3         3         3  publish          source_17
        47         44          2   0.1%        3         3         3  publish          heavy_51
        45         44          1   0.1%        3         3         3  level_insert     heavy_34
        47         44          3   0.1%        3         3         3  publish          source_31
        47         44          2   0.1%        3         3         3  publish          source_50
        45         44          1   0.1%        3         3         3  level_insert     heavy_59
        47         44          3   0.1%        3         3         3  publish          heavy_11
        46         44          2   0.1%        3         3         3  publish          heavy_26
        45         44          1   0.1%        3         3         3  level_insert     heavy_52
        45         44          1   0.1%        3         3         3  level_insert     heavy_61
        47         44          3   0.1%        3         3         3  publish          source_13
        47         44          2   0.1%        3         3         3  publish          source_45
        53         44          9   0.1%        6         0         6  stage            heavy_2
        47         44          3   0.1%        3         3         3  publish          source_33
        46         43          3   0.1%        3         3         3  publish          source_46
        46         43          2   0.1%        3         3         3  publish          source_63
        46         43          2   0.1%        3         3         3  publish          source_29
        54         43         10   0.1%        6         0         6  stage            heavy_43
        47         43          3   0.1%        3         3         3  publish          source_10
        44         43          1   0.1%        3         3         3  level_insert     heavy_56
        46         43          3   0.1%        3         3         3  publish          source_39
        51         43          8   0.1%        6         0         6  stage            heavy_50
        44         43          0   0.1%        3         3         3  level_insert     heavy_63
        46         43          3   0.1%        3         3         3  publish          heavy_3
        46         43          2   0.1%        3         3         3  publish          heavy_40
        46         43          2   0.1%        3         3         3  publish          heavy_15
        44         43          1   0.1%        3         3         3  level_insert     heavy_15
        46         43          3   0.1%        3         3         3  publish          heavy_8
        46         43          3   0.1%        3         3         3  publish          heavy_24
        46         43          2   0.1%        3         3         3  publish          source_62
        46         43          3   0.1%        3         3         3  publish          heavy_2
        46         43          3   0.1%        3         3         3  publish          source_5
        44         43          1   0.1%        3         3         3  level_insert     heavy_58
        44         43          1   0.1%        3         3         3  level_insert     heavy_12
        46         43          3   0.1%        3         3         3  publish          source_1
        47         42          4   0.1%        3         3         3  arrive           source_3
        43         42          1   0.1%        3         3         3  level_insert     heavy_53
        45         42          2   0.1%        3         3         3  publish          heavy_45
        44         42          1   0.1%        3         3         3  level_insert     heavy_1
        45         42          2   0.1%        3         3         3  publish          source_60
        45         42          3   0.1%        3         3         3  publish          source_47
        46         42          3   0.1%        3         3         3  publish          source_11
        45         42          2   0.1%        3         3         3  publish          heavy_34
        43         42          1   0.1%        3         3         3  level_insert     heavy_19
        43         42          1   0.1%        3         3         3  level_insert     heavy_11
        45         42          2   0.1%        3         3         3  publish          heavy_28
        45         42          2   0.1%        3         3         3  publish          source_48
        45         42          3   0.1%        3         3         3  publish          source_51
        45         42          3   0.1%        3         3         3  publish          source_49
        48         42          6   0.1%        3         3         3  publish          heavy_53
        45         42          3   0.1%        3         3         3  publish          heavy_10
        47         42          5   0.1%        3         3         3  level_insert     heavy_13
        45         42          3   0.1%        3         3         3  publish          source_7
        44         42          2   0.1%        3         3         3  publish          source_52
        43         42          1   0.1%        3         3         3  level_insert     heavy_39
        45         42          2   0.1%        3         3         3  publish          source_53
        45         42          3   0.1%        3         3         3  arrive           source_43
        44         42          2   0.1%        3         3         3  publish          source_54
        45         42          3   0.1%        3         3         3  publish          source_57
        45         42          3   0.1%        3         3         3  publish          source_61
        45         42          3   0.1%        3         3         3  publish          source_12
        43         42          1   0.0%        3         3         3  level_insert     heavy_30
        43         42          1   0.1%        3         3         3  level_insert     heavy_22
        44         42          2   0.1%        3         3         3  publish          heavy_50
        44         41          2   0.1%        3         3         3  publish          source_56
        44         41          2   0.1%        3         3         3  publish          heavy_35
        45         41          3   0.1%        3         3         3  publish          source_55
        42         41          0   0.0%        3         3         3  level_insert     heavy_36
        42         41          1   0.0%        3         3         3  level_insert     heavy_60
        44         41          2   0.1%        3         3         3  publish          heavy_46
        43         41          1   0.0%        3         3         3  level_insert     heavy_32
        42         41          1   0.0%        3         3         3  level_insert     heavy_54
        43         41          1   0.0%        3         3         3  level_insert     heavy_6
        42         41          1   0.0%        3         3         3  level_insert     heavy_29
        45         41          3   0.1%        3         3         3  arrive           source_57
        44         41          2   0.1%        3         3         3  publish          source_16
        42         41          1   0.0%        3         3         3  level_insert     heavy_38
        44         41          3   0.1%        3         3         3  publish          source_8
        42         41          1   0.0%        3         3         3  level_insert     heavy_26
        44         41          3   0.1%        3         3         3  publish          source_6
        42         41          1   0.0%        3         3         3  level_insert     heavy_57
        42         41          1   0.0%        3         3         3  level_insert     heavy_3
        44         41          3   0.1%        3         3         3  publish          heavy_59
        42         41          1   0.0%        3         3         3  level_insert     heavy_50
        43         41          2   0.1%        3         3         3  publish          heavy_22
        43         41          2   0.1%        3         3         3  publish          heavy_55
        42         41          1   0.0%        3         3         3  level_insert     heavy_41
        42         41          1   0.0%        3         3         3  level_insert     heavy_35
        43         41          1   0.0%        3         3         3  level_insert     heavy_51
        42         41          1   0.0%        3         3         3  level_insert     heavy_37
        41         40          1   0.0%        3         3         3  level_insert     heavy_46
        44         40          3   0.1%        3         3         3  arrive           source_39
        41         40          1   0.0%        3         3         3  level_insert     heavy_24
        44         40          3   0.1%        3         3         3  publish          heavy_9
        41         40          1   0.0%        3         3         3  level_insert     heavy_42
        43         40          2   0.1%        3         3         3  publish          heavy_27
        45         40          4   0.1%        3         3         3  arrive           source_1
        41         40          1   0.0%        3         3         3  level_insert     heavy_20
        41         40          1   0.0%        3         3         3  level_insert     heavy_18
        41         40          1   0.0%        3         3         3  level_insert     heavy_45
        43         40          3   0.0%        3         3         3  publish          heavy_13
        43         40          3   0.0%        3         3         3  publish          heavy_4
        43         40          3   0.1%        3         3         3  arrive           source_42
        42         40          2   0.0%        3         3         3  publish          heavy_29
        42         39          2   0.0%        3         3         3  publish          heavy_47
        41         39          1   0.0%        3         3         3  level_insert     heavy_49
        40         39          1   0.0%        3         3         3  level_insert     heavy_55
        42         39          2   0.0%        3         3         3  publish          heavy_60
        42         39          2   0.0%        3         3         3  publish          heavy_19
        42         39          3   0.0%        3         3         3  publish          heavy_30
        42         39          2   0.0%        3         3         3  publish          heavy_38
        42         39          2   0.0%        3         3         3  publish          heavy_12
        42         39          3   0.0%        3         3         3  publish          heavy_20
        42         39          3   0.0%        3         3         3  arrive           source_29
        40         39          1   0.0%        3         3         3  level_insert     heavy_21
        46         39          7   0.1%        3         3         3  publish          heavy_62
        42         39          2   0.0%        3         3         3  publish          heavy_41
        41         39          2   0.0%        3         3         3  publish          heavy_23
        40         39          1   0.0%        3         3         3  level_insert     heavy_25
        42         39          3   0.0%        3         3         3  publish          heavy_5
        46         39          7   0.1%        3         3         3  publish          heavy_18
        40         39          1   0.0%        3         3         3  level_insert     heavy_48
        41         38          3   0.0%        3         3         3  publish          heavy_16
        39         38          1   0.0%        3         3         3  level_insert     heavy_23
        41         38          2   0.0%        3         3         3  publish          heavy_21
        40         38          1   0.0%        3         3         3  level_insert     heavy_5
        41         38          2   0.0%        3         3         3  publish          heavy_48
        41         38          3   0.0%        3         3         3  publish          heavy_6
        41         38          2   0.0%        3         3         3  publish          heavy_54
        41         38          3   0.0%        3         3         3  publish          heavy_52
        41         38          2   0.0%        3         3         3  publish          heavy_61
        40         38          2   0.0%        3         3         3  publish          heavy_36
        41         38          2   0.0%        3         3         3  publish          heavy_63
        40         38          2   0.0%        3         3         3  publish          heavy_43
        40         38          2   0.0%        3         3         3  publish          heavy_49
        41         38          3   0.0%        3         3         3  arrive           source_19
        40         38          2   0.0%        3         3         3  publish          heavy_31
        40         38          2   0.0%        3         3         3  publish          heavy_57
        40         37          2   0.0%        3         3         3  publish          heavy_42
        41         37          3   0.0%        3         3         3  arrive           source_48
        40         37          3   0.0%        3         3         3  publish          heavy_56
        40         37          2   0.0%        3         3         3  publish          heavy_33
        40         37          2   0.0%        3         3         3  publish          heavy_17
        59         37         21   0.1%        3         3         3  publish          heavy_7
        40         37          3   0.0%        3         3         3  arrive           source_26
        46         37          8   0.1%        3         3         3  arrive           source_56
        40         37          3   0.0%        3         3         3  arrive           source_17
        39         37          2   0.0%        3         3         3  publish          heavy_32
        40         37          3   0.0%        3         3         3  arrive           source_23
        39         36          2   0.0%        3         3         3  publish          heavy_58
        40         36          3   0.0%        3         3         3  arrive           source_60
        39         36          2   0.0%        3         3         3  publish          heavy_37
        39         36          2   0.0%        3         3         3  publish          heavy_44
        39         36          3   0.0%        3         3         3  arrive           source_11
        40         36          3   0.0%        3         3         3  arrive           source_40
        39         36          3   0.0%        3         3         3  arrive           source_8
        39         35          3   0.0%        3         3         3  arrive           source_58
        39         35          3   0.0%        3         3         3  arrive           source_16
        39         35          3   0.0%        3         3         3  arrive           source_37
        38         35          3   0.0%        3         3         3  arrive           source_38
        39         35          3   0.0%        3         3         3  arrive           source_6
        39         35          3   0.0%        3         3         3  arrive           source_4
        39         35          3   0.0%        3         3         3  arrive           source_62
        38         35          3   0.0%        3         3         3  arrive           source_63
        38         35          3   0.0%        3         3         3  arrive           source_32
        39         35          4   0.0%        3         3         3  arrive           source_5
        40         35          5   0.0%        3         3         3  arrive           source_14
        39         35          3   0.0%        3         3         3  arrive           source_20
        38         35          3   0.0%        3         3         3  arrive           source_47
        38         35          3   0.0%        3         3         3  arrive           source_50
        38         35          3   0.0%        3         3         3  arrive           source_45
        38         35          3   0.0%        3         3         3  arrive           source_51
        38         35          3   0.0%        3         3         3  arrive           source_54
        38         35          3   0.0%        3         3         3  arrive           source_12
        38         34          3   0.0%        3         3         3  arrive           source_31
        38         34          3   0.0%        3         3         3  arrive           source_46
        38         34          3   0.0%        3         3         3  arrive           source_36
        41         34          6   0.0%        3         3         3  arrive           source_28
        37         34          3   0.0%        3         3         3  arrive           source_49
        37         34          3   0.0%        3         3         3  arrive           source_41
        37         34          3   0.0%        3         3         3  arrive           source_53
        37         34          3   0.0%        3         3         3  arrive           source_61
        37         34          3   0.0%        3         3         3  arrive           source_55
        37         34          3   0.0%        3         3         3  arrive           source_22
        37         34          3   0.0%        3         3         3  arrive           source_9
        37         34          3   0.0%        3         3         3  arrive           source_30
        37         34          3   0.0%        3         3         3  arrive           source_25
        37         33          3   0.0%        3         3         3  arrive           source_35
        38         33          4   0.0%        3         3         3  arrive           source_7
        37         33          3   0.0%        3         3         3  arrive           source_27
        37         33          3   0.0%        3         3         3  arrive           source_21
        36         33          3   0.0%        3         3         3  arrive           source_18
        41         33          8   0.0%        3         3         3  arrive           source_34
        36         33          3   0.0%        3         3         3  arrive           source_33
        36         33          3   0.0%        3         3         3  arrive           source_13
        36         33          3   0.0%        3         3         3  arrive           source_59
        35         32          3   0.0%        3         3         3  arrive           source_52
        36         32          4   0.0%        3         3         3  arrive           source_10
        36         32          3   0.0%        3         3         3  arrive           source_44
        78          0         78   0.1%        0         0         0  arrive_diff      -
        63          0         63   0.1%        0         0         0  arrive_encode    -
         0          0          0   0.0%        0         0         0  decode           -
       122          0        122   0.1%        0         0         0  ticklog          -
     81672                        94.3%                               TOTAL sqlite     
         0                         0.0%                               TOTAL rust in scopes 
      4947                         5.7%                               TOTAL rust unscoped 
     86620                       100.0%                               TOTAL wall       
