[2m2026-08-24T17:47:39.759604Z[0m [32m INFO[0m [1mtick[0m[1m{[0m[3mtick[0m[2m=[0m0 [3marrivals[0m[2m=[0m64[1m}[0m[2m:[0m[1mapply_arrivals[0m[1m{[0m[3marrivals[0m[2m=[0m64 [3mgroups[0m[2m=[0m64[1m}[0m[2m:[0m [2msprefa_engine_rs::incremental[0m[2m:[0m close [3mtime.busy[0m[2m=[0m3.54ms [3mtime.idle[0m[2m=[0m1.33µs
[2m2026-08-24T17:47:39.770990Z[0m [32m INFO[0m [1mtick[0m[1m{[0m[3mtick[0m[2m=[0m0 [3marrivals[0m[2m=[0m64[1m}[0m[2m:[0m [2msprefa_engine_rs::driver[0m[2m:[0m close [3mtime.busy[0m[2m=[0m16.6ms [3mtime.idle[0m[2m=[0m4.79µs
[2m2026-08-24T17:47:39.774596Z[0m [32m INFO[0m [1mtick[0m[1m{[0m[3mtick[0m[2m=[0m1 [3marrivals[0m[2m=[0m64[1m}[0m[2m:[0m[1mapply_arrivals[0m[1m{[0m[3marrivals[0m[2m=[0m64 [3mgroups[0m[2m=[0m64[1m}[0m[2m:[0m [2msprefa_engine_rs::incremental[0m[2m:[0m close [3mtime.busy[0m[2m=[0m1.85ms [3mtime.idle[0m[2m=[0m832ns
[2m2026-08-24T17:47:39.779500Z[0m [32m INFO[0m [1mtick[0m[1m{[0m[3mtick[0m[2m=[0m1 [3marrivals[0m[2m=[0m64[1m}[0m[2m:[0m [2msprefa_engine_rs::driver[0m[2m:[0m close [3mtime.busy[0m[2m=[0m8.43ms [3mtime.idle[0m[2m=[0m875ns
[2m2026-08-24T17:47:39.783275Z[0m [32m INFO[0m [1mtick[0m[1m{[0m[3mtick[0m[2m=[0m2 [3marrivals[0m[2m=[0m64[1m}[0m[2m:[0m[1mapply_arrivals[0m[1m{[0m[3marrivals[0m[2m=[0m64 [3mgroups[0m[2m=[0m64[1m}[0m[2m:[0m [2msprefa_engine_rs::incremental[0m[2m:[0m close [3mtime.busy[0m[2m=[0m2.16ms [3mtime.idle[0m[2m=[0m583ns
[2m2026-08-24T17:47:39.788560Z[0m [32m INFO[0m [1mtick[0m[1m{[0m[3mtick[0m[2m=[0m2 [3marrivals[0m[2m=[0m64[1m}[0m[2m:[0m [2msprefa_engine_rs::driver[0m[2m:[0m close [3mtime.busy[0m[2m=[0m8.99ms [3mtime.idle[0m[2m=[0m501ns
[2m2026-08-24T17:47:39.788618Z[0m [32m INFO[0m [2msprefa_engine_rs::sql[0m[2m:[0m seam tally [3mstatements[0m[2m=[0m4496 [3minert[0m[2m=[0m0 [3minert_pct[0m[2m=[0m0 [3mrows_out[0m[2m=[0m963 [3mrows_changed[0m[2m=[0m1922 [3mms[0m[2m=[0m20

== DL_TRACE_SUMMARY ==
  us_total     us_sql    us_rust    pct    calls  rows_out   changed  verb             relation
     50710      50629         80  58.5%     1345         0         0  ddl              -
      6324       6324          0   7.3%      838         0         0  unlabelled       -
      2230       2123        106   2.6%        3         3         2  probe            -
      1832       1831          0   2.1%        2         0         0  clear            prepare
      1190       1189          1   1.4%        3         3         0  retraction_guard -
       660        653          6   0.8%      128         0         0  boot             -
       333        332          0   0.4%        3         0         0  clear            promote
       263        160        102   0.3%        6       192       384  intern           -
       132        125          7   0.2%        3         3         3  publish          heavy_23
        98         87         10   0.1%        3         3         3  publish          heavy_0
        84         72         11   0.1%        3         3         3  arrive           source_0
        83         72         10   0.1%        6         0         6  stage            source_12
        78         68          9   0.1%        6         0         6  stage            source_61
        69         68          1   0.1%        3         3         3  level_insert     heavy_22
        78         67         10   0.1%        6         0         6  stage            source_47
        76         66         10   0.1%        6         0         6  stage            source_45
        76         66          9   0.1%        6         0         6  stage            source_26
        77         65         11   0.1%        6         0         6  stage            source_63
        93         65         27   0.1%        6         0         6  stage            source_52
        88         65         23   0.1%        6         0         6  stage            source_0
        75         65         10   0.1%        6         0         6  stage            source_18
        74         64          9   0.1%        6         0         6  stage            heavy_35
        74         64         10   0.1%        6         0         6  stage            source_9
        74         64          9   0.1%        6         0         6  stage            source_35
        74         63         10   0.1%        6         0         6  stage            source_59
        74         63         10   0.1%        6         0         6  stage            source_33
        73         63         10   0.1%        6         0         6  stage            source_44
        72         63          9   0.1%        6         0         6  stage            heavy_4
        71         61         10   0.1%        6         0         6  stage            source_15
        71         61          9   0.1%        6         0         6  stage            source_41
        64         61          2   0.1%        3         3         3  level_insert     heavy_0
        72         61         11   0.1%        6         0         6  stage            source_8
        70         61          9   0.1%        6         0         6  stage            heavy_50
        69         61          8   0.1%        6         0         6  stage            heavy_48
        69         60          8   0.1%        6         0         6  stage            heavy_44
        78         60         18   0.1%        6         0         6  stage            source_11
        71         60         11   0.1%        6         0         6  stage            source_60
        68         59          8   0.1%        6         0         6  stage            heavy_34
        69         59         10   0.1%        6         0         6  stage            source_20
        69         59          9   0.1%        6         0         6  stage            source_27
        69         59          9   0.1%        6         0         6  stage            source_58
        73         59         13   0.1%        6         0         6  stage            source_56
        69         59         10   0.1%        6         0         6  stage            source_55
        69         59         10   0.1%        6         0         6  stage            source_23
        68         59          9   0.1%        6         0         6  stage            source_43
        69         58         10   0.1%        6         0         6  stage            source_62
        73         58         14   0.1%        6         0         6  stage            source_3
        70         58         11   0.1%        6         0         6  stage            source_53
        68         58          9   0.1%        6         0         6  stage            source_37
        66         58          8   0.1%        6         0         6  stage            heavy_38
        68         58         10   0.1%        6         0         6  stage            source_54
        67         57          9   0.1%        6         0         6  stage            source_34
        59         57          1   0.1%        3         3         3  level_insert     heavy_34
        66         57          8   0.1%        6         0         6  stage            heavy_45
        66         57          8   0.1%        6         0         6  stage            heavy_62
        69         57         11   0.1%        6         0         6  stage            source_48
        67         57          9   0.1%        6         0         6  stage            source_31
        58         57          1   0.1%        3         3         3  level_insert     heavy_35
        67         57         10   0.1%        6         0         6  stage            source_21
        73         57         16   0.1%        6         0         6  stage            source_1
        66         57          9   0.1%        6         0         6  stage            source_19
        66         56          9   0.1%        6         0         6  stage            source_51
        65         56          9   0.1%        6         0         6  stage            source_24
        65         56          9   0.1%        6         0         6  stage            heavy_12
        57         56          1   0.1%        3         3         3  level_insert     heavy_41
        67         56         10   0.1%        6         0         6  stage            source_2
        57         56          1   0.1%        3         3         3  level_insert     heavy_51
        70         55         14   0.1%        6         0         6  stage            heavy_0
        65         55          9   0.1%        6         0         6  stage            source_39
        64         55          8   0.1%        6         0         6  stage            heavy_42
        56         55          1   0.1%        3         3         3  level_insert     heavy_36
        66         55         11   0.1%        6         0         6  stage            source_57
        60         55          4   0.1%        3         3         3  arrive           source_1
        65         55          9   0.1%        6         0         6  stage            source_32
        65         55         10   0.1%        6         0         6  stage            source_22
        56         55          1   0.1%        3         3         3  level_insert     heavy_2
        65         55         10   0.1%        6         0         6  stage            source_25
        65         55         10   0.1%        6         0         6  stage            source_30
        67         54         12   0.1%        6         0         6  stage            source_13
        63         54          8   0.1%        6         0         6  stage            heavy_14
        56         54          1   0.1%        3         3         3  level_insert     heavy_1
        63         54          8   0.1%        6         0         6  stage            heavy_13
        63         54          9   0.1%        6         0         6  stage            heavy_59
        55         54          1   0.1%        3         3         3  level_insert     heavy_42
        63         54          8   0.1%        6         0         6  stage            heavy_39
        66         54         12   0.1%        6         0         6  stage            source_17
        63         54          9   0.1%        6         0         6  stage            heavy_30
        64         54         10   0.1%        6         0         6  stage            source_46
        63         54          9   0.1%        6         0         6  stage            heavy_23
        65         54         11   0.1%        6         0         6  stage            source_7
        63         54          8   0.1%        6         0         6  stage            heavy_22
        64         54         10   0.1%        6         0         6  stage            source_29
        64         54         10   0.1%        6         0         6  stage            heavy_1
        63         54          8   0.1%        6         0         6  stage            heavy_36
        56         54          2   0.1%        3         3         3  publish          heavy_48
        63         54          9   0.1%        6         0         6  stage            heavy_46
        62         53          8   0.1%        6         0         6  stage            heavy_27
        62         53          8   0.1%        6         0         6  stage            heavy_28
        65         53         11   0.1%        6         0         6  stage            source_28
        64         53         11   0.1%        6         0         6  stage            source_40
        63         53          9   0.1%        6         0         6  stage            source_5
        63         53         10   0.1%        6         0         6  stage            source_6
        62         53          8   0.1%        6         0         6  stage            heavy_37
        54         53          1   0.1%        3         3         3  level_insert     heavy_39
        54         53          1   0.1%        3         3         3  level_insert     heavy_14
        62         53          8   0.1%        6         0         6  stage            heavy_43
        61         53          8   0.1%        6         0         6  stage            heavy_26
        54         53          1   0.1%        3         3         3  level_insert     heavy_38
        63         53          9   0.1%        6         0         6  stage            source_38
        62         53          9   0.1%        6         0         6  stage            heavy_7
        62         52          9   0.1%        6         0         6  stage            heavy_25
        63         52         10   0.1%        6         0         6  stage            source_50
        62         52          9   0.1%        6         0         6  stage            heavy_54
        63         52         10   0.1%        6         0         6  stage            source_14
        62         52          9   0.1%        6         0         6  stage            heavy_11
        65         52         13   0.1%        6         0         6  stage            heavy_10
        64         52         11   0.1%        6         0         6  stage            source_10
        67         52         14   0.1%        6         0         6  stage            source_36
        62         52         10   0.1%        6         0         6  stage            heavy_5
        69         52         17   0.1%        6         0         6  stage            heavy_52
        60         52          8   0.1%        6         0         6  stage            heavy_15
        61         52          9   0.1%        6         0         6  stage            heavy_3
        53         51          1   0.1%        3         3         3  level_insert     heavy_49
        61         51         10   0.1%        6         0         6  stage            source_49
        61         51          9   0.1%        6         0         6  stage            source_16
        60         51          8   0.1%        6         0         6  stage            heavy_32
        61         51         10   0.1%        6         0         6  stage            source_4
        61         51          9   0.1%        6         0         6  stage            heavy_41
        52         51          1   0.1%        3         3         3  level_insert     heavy_47
        54         51          3   0.1%        3         3         3  arrive           source_25
        61         51          9   0.1%        6         0         6  stage            heavy_19
        59         50          8   0.1%        6         0         6  stage            heavy_47
        60         50          9   0.1%        6         0         6  stage            source_42
        59         50          8   0.1%        6         0         6  stage            heavy_40
        51         50          1   0.1%        3         3         3  level_insert     heavy_37
        54         50          3   0.1%        3         3         3  arrive           source_63
        54         50          3   0.1%        3         3         3  publish          heavy_1
        53         50          2   0.1%        3         3         3  publish          heavy_3
        53         50          2   0.1%        3         3         3  publish          source_21
        51         50          1   0.1%        3         3         3  level_insert     heavy_32
        51         50          1   0.1%        3         3         3  level_insert     heavy_33
        51         50          1   0.1%        3         3         3  level_insert     heavy_11
        59         50          9   0.1%        6         0         6  stage            heavy_9
        51         50          1   0.1%        3         3         3  level_insert     heavy_48
        58         49          8   0.1%        6         0         6  stage            heavy_49
        51         49          1   0.1%        3         3         3  level_insert     heavy_26
        51         49          1   0.1%        3         3         3  level_insert     heavy_31
        50         49          1   0.1%        3         3         3  level_insert     heavy_59
        58         49          9   0.1%        6         0         6  stage            heavy_53
        52         49          3   0.1%        3         3         3  publish          heavy_24
        50         49          1   0.1%        3         3         3  level_insert     heavy_5
        52         49          3   0.1%        3         3         3  publish          source_23
        58         49          9   0.1%        6         0         6  stage            heavy_29
        57         49          8   0.1%        6         0         6  stage            heavy_31
        51         49          2   0.1%        3         3         3  publish          source_32
        51         49          2   0.1%        3         3         3  publish          source_48
        58         49          9   0.1%        6         0         6  stage            heavy_16
        57         49          8   0.1%        6         0         6  stage            heavy_24
        50         49          1   0.1%        3         3         3  level_insert     heavy_12
        50         48          1   0.1%        3         3         3  level_insert     heavy_40
        50         48          1   0.1%        3         3         3  level_insert     heavy_20
        51         48          2   0.1%        3         3         3  publish          heavy_51
        57         48          8   0.1%        6         0         6  stage            heavy_63
        50         48          1   0.1%        3         3         3  level_insert     heavy_3
        49         48          1   0.1%        3         3         3  level_insert     heavy_50
        49         48          1   0.1%        3         3         3  level_insert     heavy_43
        57         48          8   0.1%        6         0         6  stage            heavy_55
        57         48          9   0.1%        6         0         6  stage            heavy_6
        51         48          2   0.1%        3         3         3  publish          source_24
        51         48          2   0.1%        3         3         3  publish          source_27
        49         48          1   0.1%        3         3         3  level_insert     heavy_17
        51         48          3   0.1%        3         3         3  publish          source_1
        50         48          2   0.1%        3         3         3  publish          source_54
        59         48         11   0.1%        6         0         6  stage            heavy_51
        57         48          9   0.1%        6         0         6  stage            heavy_8
        51         48          3   0.1%        3         3         3  arrive           source_59
        53         47          5   0.1%        3         3         3  arrive           source_53
        49         47          1   0.1%        3         3         3  level_insert     heavy_4
        48         47          1   0.1%        3         3         3  level_insert     heavy_56
        60         47         12   0.1%        6         0         6  stage            heavy_18
        57         47          9   0.1%        6         0         6  stage            heavy_60
        56         47          9   0.1%        6         0         6  stage            heavy_20
        56         47          8   0.1%        6         0         6  stage            heavy_21
        48         47          1   0.1%        3         3         3  level_insert     heavy_15
        50         47          3   0.1%        3         3         3  publish          source_10
        57         47         10   0.1%        6         0         6  stage            heavy_61
        48         47          0   0.1%        3         3         3  level_insert     heavy_19
        56         47          9   0.1%        6         0         6  stage            heavy_57
        48         47          1   0.1%        3         3         3  level_insert     heavy_6
        55         46          8   0.1%        6         0         6  stage            heavy_33
        48         46          1   0.1%        3         3         3  level_insert     heavy_55
        56         46          9   0.1%        6         0         6  stage            heavy_2
        47         46          1   0.1%        3         3         3  level_insert     heavy_44
        47         46          1   0.1%        3         3         3  level_insert     heavy_61
        55         46          9   0.1%        6         0         6  stage            heavy_58
        49         46          3   0.1%        3         3         3  arrive           source_8
        50         46          3   0.1%        3         3         3  arrive           source_57
        47         46          1   0.1%        3         3         3  level_insert     heavy_9
        50         46          4   0.1%        3         3         3  publish          source_0
        62         46         16   0.1%        6         0         6  stage            heavy_17
        47         46          1   0.1%        3         3         3  level_insert     heavy_13
        48         46          2   0.1%        3         3         3  level_insert     heavy_7
        47         45          1   0.1%        3         3         3  level_insert     heavy_60
        46         45          1   0.1%        3         3         3  level_insert     heavy_8
        46         45          1   0.1%        3         3         3  level_insert     heavy_18
        49         45          3   0.1%        3         3         3  arrive           source_61
        48         45          2   0.1%        3         3         3  publish          heavy_63
        47         45          1   0.1%        3         3         3  level_insert     heavy_58
        63         45         17   0.1%        6         0         6  stage            heavy_56
        48         45          2   0.1%        3         3         3  publish          source_7
        47         45          1   0.1%        3         3         3  level_insert     heavy_53
        48         45          2   0.1%        3         3         3  publish          source_40
        48         45          2   0.1%        3         3         3  publish          heavy_25
        46         45          1   0.1%        3         3         3  level_insert     heavy_24
        46         45          1   0.1%        3         3         3  level_insert     heavy_16
        46         45          1   0.1%        3         3         3  level_insert     heavy_25
        47         45          2   0.1%        3         3         3  publish          source_2
        48         45          3   0.1%        3         3         3  publish          source_51
        48         45          2   0.1%        3         3         3  publish          source_6
        48         44          3   0.1%        3         3         3  arrive           source_55
        46         44          1   0.1%        3         3         3  level_insert     heavy_62
        45         44          1   0.1%        3         3         3  level_insert     heavy_63
        48         44          3   0.1%        3         3         3  arrive           source_32
        47         44          3   0.1%        3         3         3  publish          heavy_8
        48         44          3   0.1%        3         3         3  arrive           source_36
        47         44          2   0.1%        3         3         3  publish          heavy_53
        45         44          1   0.1%        3         3         3  level_insert     heavy_52
        47         44          2   0.1%        3         3         3  publish          source_29
        45         44          1   0.1%        3         3         3  level_insert     heavy_30
        45         44          1   0.1%        3         3         3  level_insert     heavy_10
        51         44          6   0.1%        3         3         3  publish          source_13
        47         44          3   0.1%        3         3         3  publish          heavy_10
        47         44          2   0.1%        3         3         3  publish          source_59
        46         44          2   0.1%        3         3         3  publish          source_16
        45         44          1   0.1%        3         3         3  level_insert     heavy_57
        46         44          2   0.1%        3         3         3  publish          source_56
        45         43          1   0.1%        3         3         3  level_insert     heavy_21
        46         43          2   0.1%        3         3         3  publish          source_58
        46         43          2   0.1%        3         3         3  publish          heavy_12
        46         43          2   0.1%        3         3         3  publish          heavy_29
        45         43          1   0.1%        3         3         3  level_insert     heavy_27
        46         43          2   0.1%        3         3         3  publish          source_34
        46         43          2   0.1%        3         3         3  publish          source_43
        46         43          2   0.1%        3         3         3  publish          heavy_6
        46         43          2   0.1%        3         3         3  publish          heavy_22
        46         43          2   0.1%        3         3         3  publish          source_44
        48         43          4   0.1%        3         3         3  arrive           source_2
        45         43          1   0.1%        3         3         3  level_insert     heavy_45
        44         43          1   0.1%        3         3         3  level_insert     heavy_23
        46         43          3   0.1%        3         3         3  arrive           source_58
        46         43          3   0.1%        3         3         3  publish          heavy_2
        46         43          2   0.1%        3         3         3  publish          source_53
        44         43          1   0.1%        3         3         3  level_insert     heavy_28
        46         43          3   0.1%        3         3         3  publish          heavy_20
        45         43          2   0.1%        3         3         3  publish          source_26
        45         43          2   0.1%        3         3         3  publish          source_50
        46         43          3   0.1%        3         3         3  publish          source_17
        45         43          2   0.1%        3         3         3  publish          heavy_39
        45         42          3   0.1%        3         3         3  publish          source_22
        46         42          3   0.1%        3         3         3  arrive           source_24
        49         42          7   0.1%        3         3         3  publish          source_62
        46         42          3   0.1%        3         3         3  arrive           source_18
        45         42          2   0.1%        3         3         3  publish          heavy_35
        45         42          2   0.1%        3         3         3  publish          source_25
        45         42          3   0.1%        3         3         3  arrive           source_49
        45         42          2   0.1%        3         3         3  publish          heavy_9
        45         42          2   0.1%        3         3         3  publish          source_57
        45         42          3   0.1%        3         3         3  publish          source_36
        47         42          4   0.1%        3         3         3  arrive           source_52
        46         42          3   0.1%        3         3         3  arrive           source_43
        45         42          2   0.1%        3         3         3  publish          source_11
        43         41          1   0.0%        3         3         3  level_insert     heavy_46
        44         41          2   0.1%        3         3         3  publish          heavy_44
        44         41          2   0.1%        3         3         3  publish          source_30
        45         41          3   0.1%        3         3         3  arrive           source_51
        44         41          2   0.1%        3         3         3  publish          source_19
        43         41          1   0.1%        3         3         3  level_insert     heavy_54
        44         41          2   0.1%        3         3         3  publish          source_47
        44         41          2   0.1%        3         3         3  publish          source_31
        46         41          4   0.1%        3         3         3  arrive           source_3
        42         41          1   0.0%        3         3         3  level_insert     heavy_29
        45         41          3   0.1%        3         3         3  publish          heavy_11
        61         41         19   0.1%        3         3         3  publish          heavy_7
        44         41          2   0.1%        3         3         3  publish          source_37
        44         41          2   0.1%        3         3         3  publish          heavy_13
        44         41          2   0.1%        3         3         3  publish          source_28
        44         41          2   0.1%        3         3         3  publish          source_9
        44         41          2   0.1%        3         3         3  publish          source_4
        44         41          2   0.1%        3         3         3  publish          source_60
        44         41          2   0.1%        3         3         3  publish          heavy_50
        44         41          3   0.1%        3         3         3  publish          source_3
        44         41          2   0.1%        3         3         3  publish          source_61
        43         41          2   0.1%        3         3         3  publish          heavy_31
        44         41          2   0.1%        3         3         3  publish          source_33
        44         41          2   0.1%        3         3         3  publish          source_5
        43         41          2   0.1%        3         3         3  publish          heavy_49
        43         41          2   0.1%        3         3         3  publish          heavy_42
        44         41          3   0.1%        3         3         3  publish          source_38
        44         41          2   0.1%        3         3         3  publish          source_42
        44         41          3   0.1%        3         3         3  arrive           source_62
        43         41          2   0.1%        3         3         3  publish          source_12
        44         41          3   0.1%        3         3         3  publish          source_14
        44         41          3   0.1%        3         3         3  arrive           source_12
        43         41          2   0.1%        3         3         3  publish          heavy_16
        43         41          2   0.1%        3         3         3  publish          source_18
        52         41         11   0.1%        3         3         3  arrive           source_56
        44         41          3   0.1%        3         3         3  publish          source_15
        43         41          2   0.1%        3         3         3  publish          source_35
        43         40          2   0.1%        3         3         3  publish          source_20
        43         40          2   0.1%        3         3         3  publish          heavy_17
        44         40          3   0.1%        3         3         3  arrive           source_21
        43         40          2   0.1%        3         3         3  publish          source_52
        43         40          2   0.1%        3         3         3  publish          source_8
        45         40          4   0.1%        3         3         3  publish          heavy_21
        43         40          2   0.1%        3         3         3  publish          source_39
        43         40          2   0.1%        3         3         3  publish          source_41
        43         40          2   0.1%        3         3         3  publish          heavy_57
        43         40          3   0.1%        3         3         3  publish          source_55
        43         40          2   0.1%        3         3         3  publish          source_45
        43         40          3   0.1%        3         3         3  arrive           source_16
        43         40          2   0.1%        3         3         3  publish          heavy_27
        43         40          2   0.0%        3         3         3  publish          heavy_26
        44         40          3   0.1%        3         3         3  arrive           source_10
        43         40          3   0.1%        3         3         3  arrive           source_11
        43         40          2   0.1%        3         3         3  publish          heavy_18
        43         40          3   0.1%        3         3         3  publish          source_46
        43         40          2   0.0%        3         3         3  publish          heavy_14
        44         40          4   0.1%        3         3         3  arrive           source_40
        44         40          4   0.1%        3         3         3  arrive           source_54
        43         40          3   0.1%        3         3         3  arrive           source_42
        42         40          2   0.0%        3         3         3  publish          heavy_15
        43         40          3   0.1%        3         3         3  publish          heavy_30
        42         40          2   0.0%        3         3         3  publish          heavy_45
        42         40          2   0.0%        3         3         3  publish          heavy_47
        42         40          2   0.0%        3         3         3  publish          heavy_55
        43         40          3   0.1%        3         3         3  arrive           source_41
        42         40          2   0.0%        3         3         3  publish          source_49
        42         39          2   0.0%        3         3         3  publish          heavy_32
        41         39          2   0.0%        3         3         3  publish          heavy_40
        44         39          5   0.1%        3         3         3  arrive           source_30
        41         39          2   0.0%        3         3         3  publish          heavy_19
        41         38          2   0.0%        3         3         3  publish          heavy_34
        42         38          3   0.0%        3         3         3  arrive           source_6
        43         38          4   0.1%        3         3         3  arrive           source_7
        41         38          2   0.0%        3         3         3  publish          heavy_28
        41         38          2   0.0%        3         3         3  publish          heavy_60
        41         38          2   0.0%        3         3         3  publish          source_63
        42         38          3   0.0%        3         3         3  arrive           source_31
        41         38          2   0.0%        3         3         3  publish          heavy_61
        41         38          2   0.0%        3         3         3  publish          heavy_36
        41         38          3   0.0%        3         3         3  arrive           source_35
        41         38          2   0.0%        3         3         3  publish          heavy_59
        41         38          2   0.0%        3         3         3  publish          heavy_58
        41         38          3   0.0%        3         3         3  arrive           source_48
        42         38          4   0.0%        3         3         3  publish          heavy_41
        41         38          3   0.0%        3         3         3  arrive           source_44
        42         38          3   0.0%        3         3         3  arrive           source_60
        41         38          3   0.0%        3         3         3  arrive           source_13
        42         38          4   0.0%        3         3         3  publish          heavy_37
        41         38          3   0.0%        3         3         3  publish          heavy_56
        40         38          2   0.0%        3         3         3  publish          heavy_62
        41         38          3   0.0%        3         3         3  arrive           source_22
        41         37          3   0.0%        3         3         3  arrive           source_46
        40         37          2   0.0%        3         3         3  publish          heavy_54
        40         37          2   0.0%        3         3         3  publish          heavy_52
        43         37          5   0.0%        3         3         3  arrive           source_14
        41         37          3   0.0%        3         3         3  arrive           source_4
        40         37          2   0.0%        3         3         3  publish          heavy_43
        40         37          2   0.0%        3         3         3  publish          heavy_46
        41         37          3   0.0%        3         3         3  arrive           source_27
        41         37          3   0.0%        3         3         3  arrive           source_15
        41         37          3   0.0%        3         3         3  arrive           source_39
        40         37          3   0.0%        3         3         3  arrive           source_37
        40         37          3   0.0%        3         3         3  publish          heavy_5
        40         37          3   0.0%        3         3         3  arrive           source_26
        44         37          7   0.1%        3         3         3  publish          heavy_4
        40         37          3   0.0%        3         3         3  arrive           source_29
        39         36          2   0.0%        3         3         3  publish          heavy_33
        40         36          3   0.0%        3         3         3  arrive           source_45
        40         36          3   0.0%        3         3         3  arrive           source_34
        40         36          3   0.0%        3         3         3  arrive           source_9
        39         36          2   0.0%        3         3         3  publish          heavy_38
        43         36          6   0.0%        3         3         3  arrive           source_28
        40         36          3   0.0%        3         3         3  arrive           source_5
        39         36          3   0.0%        3         3         3  arrive           source_20
        39         36          3   0.0%        3         3         3  arrive           source_19
        39         35          3   0.0%        3         3         3  arrive           source_33
        39         35          3   0.0%        3         3         3  arrive           source_17
        40         35          5   0.0%        3         3         3  arrive           source_38
        38         34          3   0.0%        3         3         3  arrive           source_23
        37         34          3   0.0%        3         3         3  arrive           source_50
        37         33          3   0.0%        3         3         3  arrive           source_47
        82          0         82   0.1%        0         0         0  arrive_diff      -
        68          0         68   0.1%        0         0         0  arrive_encode    -
         0          0          0   0.0%        0         0         0  decode           -
       117          0        117   0.1%        0         0         0  ticklog          -
     81632                        94.2%                               TOTAL sqlite     
         0                         0.0%                               TOTAL rust in scopes 
      5024                         5.8%                               TOTAL rust unscoped 
     86656                       100.0%                               TOTAL wall       
