[2m2026-08-24T17:47:40.278439Z[0m [32m INFO[0m [1mtick[0m[1m{[0m[3mtick[0m[2m=[0m0 [3marrivals[0m[2m=[0m64[1m}[0m[2m:[0m[1mapply_arrivals[0m[1m{[0m[3marrivals[0m[2m=[0m64 [3mgroups[0m[2m=[0m64[1m}[0m[2m:[0m [2msprefa_engine_rs::incremental[0m[2m:[0m close [3mtime.busy[0m[2m=[0m4.04ms [3mtime.idle[0m[2m=[0m958ns
[2m2026-08-24T17:47:40.289960Z[0m [32m INFO[0m [1mtick[0m[1m{[0m[3mtick[0m[2m=[0m0 [3marrivals[0m[2m=[0m64[1m}[0m[2m:[0m [2msprefa_engine_rs::driver[0m[2m:[0m close [3mtime.busy[0m[2m=[0m17.0ms [3mtime.idle[0m[2m=[0m3.83µs
[2m2026-08-24T17:47:40.293849Z[0m [32m INFO[0m [1mtick[0m[1m{[0m[3mtick[0m[2m=[0m1 [3marrivals[0m[2m=[0m64[1m}[0m[2m:[0m[1mapply_arrivals[0m[1m{[0m[3marrivals[0m[2m=[0m64 [3mgroups[0m[2m=[0m64[1m}[0m[2m:[0m [2msprefa_engine_rs::incremental[0m[2m:[0m close [3mtime.busy[0m[2m=[0m1.93ms [3mtime.idle[0m[2m=[0m1.33µs
[2m2026-08-24T17:47:40.298997Z[0m [32m INFO[0m [1mtick[0m[1m{[0m[3mtick[0m[2m=[0m1 [3marrivals[0m[2m=[0m64[1m}[0m[2m:[0m [2msprefa_engine_rs::driver[0m[2m:[0m close [3mtime.busy[0m[2m=[0m8.95ms [3mtime.idle[0m[2m=[0m792ns
[2m2026-08-24T17:47:40.302031Z[0m [32m INFO[0m [1mtick[0m[1m{[0m[3mtick[0m[2m=[0m2 [3marrivals[0m[2m=[0m64[1m}[0m[2m:[0m[1mapply_arrivals[0m[1m{[0m[3marrivals[0m[2m=[0m64 [3mgroups[0m[2m=[0m64[1m}[0m[2m:[0m [2msprefa_engine_rs::incremental[0m[2m:[0m close [3mtime.busy[0m[2m=[0m1.64ms [3mtime.idle[0m[2m=[0m374ns
[2m2026-08-24T17:47:40.308108Z[0m [32m INFO[0m [1mtick[0m[1m{[0m[3mtick[0m[2m=[0m2 [3marrivals[0m[2m=[0m64[1m}[0m[2m:[0m [2msprefa_engine_rs::driver[0m[2m:[0m close [3mtime.busy[0m[2m=[0m9.04ms [3mtime.idle[0m[2m=[0m625ns
[2m2026-08-24T17:47:40.308202Z[0m [32m INFO[0m [2msprefa_engine_rs::sql[0m[2m:[0m seam tally [3mstatements[0m[2m=[0m4496 [3minert[0m[2m=[0m0 [3minert_pct[0m[2m=[0m0 [3mrows_out[0m[2m=[0m963 [3mrows_changed[0m[2m=[0m1922 [3mms[0m[2m=[0m20

== DL_TRACE_SUMMARY ==
  us_total     us_sql    us_rust    pct    calls  rows_out   changed  verb             relation
     50261      50185         75  57.7%     1345         0         0  ddl              -
      7285       7285          0   8.4%      838         0         0  unlabelled       -
      2030       1946         83   2.3%        3         3         2  probe            -
      1881       1880          0   2.2%        2         0         0  clear            prepare
      1096       1094          1   1.3%        3         3         0  retraction_guard -
       616        611          5   0.7%      128         0         0  boot             -
       385        381          4   0.4%        3         0         0  clear            promote
       226        136         90   0.3%        6       192       384  intern           -
       109        102          7   0.1%        3         3         3  publish          source_11
        95         89          5   0.1%        3         3         3  publish          source_57
        92         82          9   0.1%        3         3         3  publish          heavy_0
        96         81         14   0.1%        6         0         6  stage            heavy_13
        97         81         15   0.1%        6         0         6  stage            source_45
        85         81          4   0.1%        3         3         3  level_insert     heavy_14
        83         78          4   0.1%        3         3         3  publish          source_38
        88         76         11   0.1%        3         3         3  publish          source_56
        85         75          9   0.1%        6         0         6  stage            source_16
        88         75         13   0.1%        6         0         6  stage            source_19
        82         74          8   0.1%        3         3         3  arrive           source_6
        82         71         10   0.1%        6         0         6  stage            source_14
        84         70         13   0.1%        6         0         6  stage            heavy_14
        73         70          3   0.1%        3         3         3  arrive           source_15
        72         70          2   0.1%        3         3         3  level_insert     heavy_0
        80         69         10   0.1%        6         0         6  stage            source_55
        81         69         12   0.1%        6         0         6  stage            source_17
        79         68         10   0.1%        6         0         6  stage            source_57
        77         67          9   0.1%        6         0         6  stage            source_62
        83         67         15   0.1%        6         0         6  stage            source_6
        76         66          9   0.1%        6         0         6  stage            source_15
        70         66          4   0.1%        3         3         3  publish          source_49
        76         66          9   0.1%        6         0         6  stage            source_11
        76         66         10   0.1%        6         0         6  stage            source_9
        67         65          2   0.1%        3         3         3  level_insert     heavy_13
        70         64          5   0.1%        3         3         3  publish          source_48
        80         64         16   0.1%        6         0         6  stage            source_56
        68         64          4   0.1%        3         3         3  publish          source_12
        71         62          9   0.1%        6         0         6  stage            source_53
        74         62         12   0.1%        6         0         6  stage            source_46
        76         62         14   0.1%        6         0         6  stage            heavy_37
        74         62         12   0.1%        6         0         6  stage            source_8
        71         61          9   0.1%        6         0         6  stage            source_63
        78         61         17   0.1%        6         0         6  stage            source_12
        73         60         12   0.1%        6         0         6  stage            source_1
        70         60          9   0.1%        6         0         6  stage            source_13
        69         60          9   0.1%        6         0         6  stage            heavy_22
        71         60         11   0.1%        6         0         6  stage            heavy_15
        70         60          9   0.1%        6         0         6  stage            heavy_12
        69         59          9   0.1%        6         0         6  stage            source_21
        69         59          9   0.1%        6         0         6  stage            source_59
        70         59         10   0.1%        6         0         6  stage            source_61
        70         59         10   0.1%        6         0         6  stage            source_47
        69         59          9   0.1%        6         0         6  stage            source_37
        69         59          9   0.1%        6         0         6  stage            source_58
        68         59          8   0.1%        6         0         6  stage            source_24
        79         59         20   0.1%        6         0         6  stage            source_0
        68         59          9   0.1%        6         0         6  stage            source_41
        69         59         10   0.1%        6         0         6  stage            source_30
        62         58          4   0.1%        3         3         3  publish          source_39
        68         58         10   0.1%        6         0         6  stage            source_49
        59         58          1   0.1%        3         3         3  level_insert     heavy_27
        67         58          9   0.1%        6         0         6  stage            source_18
        69         57         11   0.1%        6         0         6  stage            source_10
        67         57          9   0.1%        3         3         3  arrive           source_0
        67         57         10   0.1%        6         0         6  stage            source_60
        67         57         10   0.1%        6         0         6  stage            source_48
        66         56          9   0.1%        6         0         6  stage            source_39
        66         56          9   0.1%        6         0         6  stage            source_35
        66         56          9   0.1%        6         0         6  stage            heavy_1
        68         56         12   0.1%        6         0         6  stage            heavy_0
        65         56          9   0.1%        6         0         6  stage            source_42
        65         56          9   0.1%        6         0         6  stage            source_20
        65         56          9   0.1%        6         0         6  stage            source_23
        60         56          4   0.1%        3         3         3  publish          source_58
        59         55          3   0.1%        3         3         3  publish          source_5
        65         55          9   0.1%        6         0         6  stage            source_29
        63         55          8   0.1%        6         0         6  stage            heavy_24
        65         55          9   0.1%        6         0         6  stage            source_50
        65         55          9   0.1%        6         0         6  stage            heavy_38
        65         55          9   0.1%        6         0         6  stage            source_25
        65         55         10   0.1%        6         0         6  stage            source_2
        64         55          9   0.1%        6         0         6  stage            source_22
        58         55          3   0.1%        3         3         3  publish          source_54
        67         55         11   0.1%        6         0         6  stage            source_28
        64         55          9   0.1%        6         0         6  stage            source_34
        63         55          8   0.1%        6         0         6  stage            heavy_23
        68         55         12   0.1%        6         0         6  stage            heavy_9
        63         55          8   0.1%        6         0         6  stage            heavy_18
        56         55          1   0.1%        3         3         3  level_insert     heavy_15
        57         54          3   0.1%        3         3         3  publish          source_33
        64         54          9   0.1%        6         0         6  stage            source_51
        64         54          9   0.1%        6         0         6  stage            source_32
        64         54         10   0.1%        6         0         6  stage            source_54
        63         54          9   0.1%        6         0         6  stage            source_43
        59         54          4   0.1%        3         3         3  arrive           source_46
        63         54          9   0.1%        6         0         6  stage            source_33
        63         54          9   0.1%        6         0         6  stage            heavy_10
        63         53          9   0.1%        6         0         6  stage            source_52
        62         53          8   0.1%        6         0         6  stage            heavy_50
        55         53          1   0.1%        3         3         3  level_insert     heavy_1
        61         53          8   0.1%        6         0         6  stage            heavy_26
        65         53         12   0.1%        6         0         6  stage            source_7
        61         53          8   0.1%        6         0         6  stage            heavy_25
        62         53          9   0.1%        6         0         6  stage            source_5
        61         53          8   0.1%        6         0         6  stage            heavy_21
        56         53          3   0.1%        3         3         3  publish          source_13
        62         53          9   0.1%        6         0         6  stage            heavy_39
        64         53         11   0.1%        6         0         6  stage            heavy_41
        56         53          3   0.1%        3         3         3  publish          heavy_1
        71         52         18   0.1%        6         0         6  stage            heavy_17
        62         52          9   0.1%        6         0         6  stage            source_44
        64         52         11   0.1%        6         0         6  stage            heavy_5
        65         52         12   0.1%        6         0         6  stage            source_36
        62         52          9   0.1%        6         0         6  stage            source_40
        61         52          9   0.1%        6         0         6  stage            heavy_63
        61         52          9   0.1%        6         0         6  stage            source_26
        55         52          3   0.1%        3         3         3  publish          source_8
        55         52          3   0.1%        3         3         3  publish          source_51
        55         52          3   0.1%        3         3         3  publish          source_40
        61         52          9   0.1%        6         0         6  stage            source_4
        54         52          2   0.1%        3         3         3  publish          source_29
        61         52          9   0.1%        6         0         6  stage            source_31
        63         51         11   0.1%        3         3         3  arrive           source_56
        60         51          8   0.1%        6         0         6  stage            heavy_40
        54         51          3   0.1%        3         3         3  publish          source_42
        61         51          9   0.1%        6         0         6  stage            heavy_8
        60         51          9   0.1%        6         0         6  stage            heavy_11
        54         51          3   0.1%        3         3         3  publish          source_19
        59         51          8   0.1%        6         0         6  stage            heavy_51
        54         51          2   0.1%        3         3         3  publish          source_28
        61         51         10   0.1%        6         0         6  stage            heavy_16
        59         51          8   0.1%        6         0         6  stage            heavy_20
        53         51          2   0.1%        3         3         3  publish          source_32
        68         51         17   0.1%        6         0         6  stage            heavy_42
        59         50          8   0.1%        6         0         6  stage            heavy_19
        60         50          9   0.1%        6         0         6  stage            heavy_7
        53         50          3   0.1%        3         3         3  level_insert     heavy_37
        52         50          1   0.1%        3         3         3  level_insert     heavy_18
        60         50          9   0.1%        6         0         6  stage            source_27
        51         50          1   0.1%        3         3         3  level_insert     heavy_57
        65         50         14   0.1%        6         0         6  stage            source_3
        58         50          8   0.1%        6         0         6  stage            heavy_61
        59         50          9   0.1%        6         0         6  stage            source_38
        58         50          8   0.1%        6         0         6  stage            heavy_60
        58         49          8   0.1%        6         0         6  stage            heavy_33
        59         49          9   0.1%        6         0         6  stage            heavy_2
        58         49          8   0.1%        6         0         6  stage            heavy_62
        51         49          1   0.1%        3         3         3  level_insert     heavy_16
        65         49         16   0.1%        6         0         6  stage            heavy_52
        52         49          3   0.1%        3         3         3  publish          source_25
        52         49          3   0.1%        3         3         3  publish          source_35
        52         49          2   0.1%        3         3         3  publish          source_43
        57         49          8   0.1%        6         0         6  stage            heavy_58
        53         49          4   0.1%        3         3         3  arrive           source_57
        52         49          3   0.1%        3         3         3  publish          source_14
        50         49          1   0.1%        3         3         3  level_insert     heavy_35
        52         49          3   0.1%        3         3         3  publish          source_20
        57         49          8   0.1%        6         0         6  stage            heavy_59
        57         48          8   0.1%        6         0         6  stage            heavy_28
        58         48         10   0.1%        6         0         6  stage            heavy_4
        50         48          1   0.1%        3         3         3  level_insert     heavy_8
        49         48          1   0.1%        3         3         3  level_insert     heavy_24
        51         48          3   0.1%        3         3         3  publish          source_26
        57         48          8   0.1%        6         0         6  stage            heavy_54
        53         48          4   0.1%        3         3         3  arrive           source_2
        57         48          8   0.1%        6         0         6  stage            heavy_44
        51         48          3   0.1%        3         3         3  arrive           source_62
        49         48          1   0.1%        3         3         3  level_insert     heavy_63
        57         48          8   0.1%        6         0         6  stage            heavy_27
        49         48          1   0.1%        3         3         3  level_insert     heavy_10
        50         48          1   0.1%        3         3         3  level_insert     heavy_2
        51         48          2   0.1%        3         3         3  publish          source_16
        51         48          2   0.1%        3         3         3  publish          source_27
        57         48          9   0.1%        6         0         6  stage            heavy_6
        51         48          3   0.1%        3         3         3  publish          source_59
        49         48          1   0.1%        3         3         3  level_insert     heavy_26
        56         48          8   0.1%        6         0         6  stage            heavy_45
        57         48          8   0.1%        6         0         6  stage            heavy_57
        49         48          1   0.1%        3         3         3  level_insert     heavy_17
        51         48          3   0.1%        3         3         3  publish          source_36
        51         48          3   0.1%        3         3         3  arrive           source_23
        51         47          4   0.1%        3         3         3  publish          source_34
        50         47          3   0.1%        3         3         3  publish          source_37
        49         47          2   0.1%        3         3         3  level_insert     heavy_41
        51         47          3   0.1%        3         3         3  publish          source_3
        56         47          8   0.1%        6         0         6  stage            heavy_56
        49         47          1   0.1%        3         3         3  level_insert     heavy_12
        51         47          3   0.1%        3         3         3  publish          source_4
        48         47          1   0.1%        3         3         3  level_insert     heavy_20
        50         47          3   0.1%        3         3         3  publish          source_50
        55         47          8   0.1%        6         0         6  stage            heavy_31
        51         47          3   0.1%        3         3         3  arrive           source_47
        56         47          9   0.1%        6         0         6  stage            heavy_48
        48         47          1   0.1%        3         3         3  level_insert     heavy_6
        56         47          9   0.1%        6         0         6  stage            heavy_3
        55         47          8   0.1%        6         0         6  stage            heavy_30
        50         47          3   0.1%        3         3         3  arrive           source_12
        48         47          1   0.1%        3         3         3  level_insert     heavy_62
        49         47          2   0.1%        3         3         3  publish          source_18
        56         47          8   0.1%        6         0         6  stage            heavy_46
        55         47          8   0.1%        6         0         6  stage            heavy_43
        55         46          8   0.1%        6         0         6  stage            heavy_47
        55         46          8   0.1%        6         0         6  stage            heavy_36
        50         46          3   0.1%        3         3         3  publish          source_61
        47         46          1   0.1%        3         3         3  level_insert     heavy_19
        48         46          1   0.1%        3         3         3  level_insert     heavy_9
        48         46          1   0.1%        3         3         3  level_insert     heavy_28
        54         46          7   0.1%        3         3         3  publish          source_7
        48         46          1   0.1%        3         3         3  level_insert     heavy_22
        50         46          3   0.1%        3         3         3  publish          source_55
        55         46          8   0.1%        6         0         6  stage            heavy_35
        48         46          1   0.1%        3         3         3  level_insert     heavy_11
        49         46          2   0.1%        3         3         3  publish          source_52
        49         46          2   0.1%        3         3         3  publish          source_30
        53         46          7   0.1%        3         3         3  arrive           source_10
        54         46          8   0.1%        6         0         6  stage            heavy_34
        49         46          3   0.1%        3         3         3  arrive           source_20
        54         46          8   0.1%        6         0         6  stage            heavy_53
        55         46          9   0.1%        6         0         6  stage            heavy_49
        49         46          3   0.1%        3         3         3  publish          source_23
        54         45          8   0.1%        6         0         6  stage            heavy_29
        47         45          1   0.1%        3         3         3  level_insert     heavy_43
        48         45          3   0.1%        3         3         3  publish          source_22
        48         45          2   0.1%        3         3         3  publish          source_24
        54         45          8   0.1%        6         0         6  stage            heavy_32
        46         45          0   0.1%        3         3         3  level_insert     heavy_56
        46         45          1   0.1%        3         3         3  level_insert     heavy_23
        54         45          8   0.1%        6         0         6  stage            heavy_55
        46         45          1   0.1%        3         3         3  level_insert     heavy_38
        48         45          2   0.1%        3         3         3  publish          source_31
        46         45          1   0.1%        3         3         3  level_insert     heavy_40
        46         45          1   0.1%        3         3         3  level_insert     heavy_25
        48         45          3   0.1%        3         3         3  publish          source_53
        48         45          3   0.1%        3         3         3  publish          source_6
        46         45          1   0.1%        3         3         3  level_insert     heavy_46
        48         45          3   0.1%        3         3         3  publish          source_44
        47         45          2   0.1%        3         3         3  publish          heavy_24
        48         45          3   0.1%        3         3         3  publish          source_21
        48         44          3   0.1%        3         3         3  arrive           source_13
        47         44          2   0.1%        3         3         3  publish          heavy_31
        46         44          1   0.1%        3         3         3  level_insert     heavy_59
        45         44          1   0.1%        3         3         3  level_insert     heavy_21
        45         44          1   0.1%        3         3         3  level_insert     heavy_53
        46         44          1   0.1%        3         3         3  level_insert     heavy_7
        47         44          2   0.1%        3         3         3  publish          source_9
        50         44          6   0.1%        3         3         3  arrive           source_21
        45         44          1   0.1%        3         3         3  level_insert     heavy_3
        46         44          1   0.1%        3         3         3  level_insert     heavy_4
        45         44          1   0.1%        3         3         3  level_insert     heavy_55
        45         44          1   0.1%        3         3         3  level_insert     heavy_61
        45         44          1   0.1%        3         3         3  level_insert     heavy_60
        48         44          3   0.1%        3         3         3  publish          source_0
        45         44          1   0.1%        3         3         3  level_insert     heavy_31
        45         44          1   0.1%        3         3         3  level_insert     heavy_48
        46         44          2   0.1%        3         3         3  publish          heavy_14
        47         44          3   0.1%        3         3         3  publish          source_45
        45         43          1   0.1%        3         3         3  level_insert     heavy_54
        46         43          2   0.1%        3         3         3  publish          source_15
        47         43          3   0.1%        3         3         3  publish          heavy_10
        45         43          1   0.1%        3         3         3  level_insert     heavy_32
        46         43          2   0.1%        3         3         3  publish          heavy_18
        45         43          1   0.1%        3         3         3  level_insert     heavy_58
        47         43          3   0.1%        3         3         3  arrive           source_63
        44         43          0   0.1%        3         3         3  level_insert     heavy_44
        46         43          3   0.1%        3         3         3  publish          source_60
        44         43          1   0.1%        3         3         3  level_insert     heavy_42
        46         43          2   0.1%        3         3         3  publish          heavy_15
        46         43          3   0.1%        3         3         3  publish          source_17
        46         43          3   0.1%        3         3         3  publish          source_2
        46         43          2   0.1%        3         3         3  publish          source_47
        46         43          3   0.1%        3         3         3  publish          source_41
        46         43          3   0.1%        3         3         3  arrive           source_19
        46         43          2   0.1%        3         3         3  publish          source_46
        44         43          1   0.1%        3         3         3  level_insert     heavy_5
        45         43          2   0.1%        3         3         3  publish          source_1
        46         42          3   0.1%        3         3         3  arrive           source_61
        43         42          1   0.1%        3         3         3  level_insert     heavy_30
        46         42          3   0.1%        3         3         3  arrive           source_60
        43         42          1   0.1%        3         3         3  level_insert     heavy_36
        43         42          1   0.1%        3         3         3  level_insert     heavy_52
        44         42          1   0.1%        3         3         3  level_insert     heavy_39
        45         42          3   0.1%        3         3         3  arrive           source_59
        44         42          2   0.1%        3         3         3  publish          heavy_38
        42         42          0   0.0%        3         3         3  level_insert     heavy_50
        45         42          3   0.1%        3         3         3  arrive           source_11
        43         42          1   0.0%        3         3         3  level_insert     heavy_34
        44         42          2   0.1%        3         3         3  publish          heavy_19
        43         41          1   0.0%        3         3         3  level_insert     heavy_29
        44         41          2   0.1%        3         3         3  publish          heavy_28
        44         41          3   0.1%        3         3         3  publish          source_62
        42         41          1   0.0%        3         3         3  level_insert     heavy_49
        45         41          3   0.1%        3         3         3  arrive           source_38
        42         41          1   0.0%        3         3         3  level_insert     heavy_45
        47         41          5   0.1%        3         3         3  arrive           source_7
        42         41          1   0.0%        3         3         3  level_insert     heavy_33
        44         41          3   0.1%        3         3         3  publish          source_10
        43         41          2   0.1%        3         3         3  publish          heavy_35
        44         41          2   0.1%        3         3         3  publish          source_63
        43         41          2   0.1%        3         3         3  publish          heavy_4
        43         41          2   0.1%        3         3         3  publish          heavy_17
        43         41          2   0.1%        3         3         3  publish          heavy_21
        42         41          1   0.0%        3         3         3  level_insert     heavy_51
        44         41          3   0.1%        3         3         3  publish          heavy_11
        44         40          3   0.1%        3         3         3  arrive           source_52
        41         40          1   0.0%        3         3         3  level_insert     heavy_47
        43         40          2   0.0%        3         3         3  publish          heavy_13
        44         40          3   0.1%        3         3         3  arrive           source_58
        43         40          2   0.0%        3         3         3  publish          heavy_2
        42         40          2   0.0%        3         3         3  publish          heavy_55
        43         40          3   0.1%        3         3         3  arrive           source_17
        44         40          3   0.1%        3         3         3  arrive           source_48
        42         40          2   0.0%        3         3         3  publish          heavy_26
        42         40          2   0.0%        3         3         3  publish          heavy_12
        43         40          3   0.0%        3         3         3  publish          heavy_20
        42         40          2   0.0%        3         3         3  publish          heavy_16
        43         39          3   0.0%        3         3         3  arrive           source_39
        43         39          3   0.1%        3         3         3  arrive           source_37
        42         39          2   0.0%        3         3         3  publish          heavy_49
        42         39          2   0.0%        3         3         3  publish          heavy_44
        42         39          2   0.0%        3         3         3  publish          heavy_23
        42         39          3   0.0%        3         3         3  arrive           source_18
        42         39          2   0.0%        3         3         3  publish          heavy_57
        41         39          2   0.0%        3         3         3  publish          heavy_63
        41         39          2   0.0%        3         3         3  publish          heavy_34
        42         39          2   0.0%        3         3         3  publish          heavy_30
        41         39          2   0.0%        3         3         3  publish          heavy_3
        41         39          2   0.0%        3         3         3  publish          heavy_58
        41         39          2   0.0%        3         3         3  publish          heavy_39
        42         39          2   0.0%        3         3         3  publish          heavy_43
        41         39          2   0.0%        3         3         3  publish          heavy_25
        42         39          3   0.0%        3         3         3  arrive           source_26
        44         38          5   0.1%        3         3         3  arrive           source_14
        41         38          2   0.0%        3         3         3  publish          heavy_32
        42         38          3   0.0%        3         3         3  publish          heavy_5
        42         38          3   0.0%        3         3         3  arrive           source_16
        59         38         20   0.1%        3         3         3  publish          heavy_7
        41         38          2   0.0%        3         3         3  publish          heavy_8
        42         38          3   0.0%        3         3         3  arrive           source_53
        40         38          2   0.0%        3         3         3  publish          heavy_29
        42         38          3   0.0%        3         3         3  arrive           source_27
        41         38          2   0.0%        3         3         3  publish          heavy_47
        41         38          2   0.0%        3         3         3  publish          heavy_22
        41         38          2   0.0%        3         3         3  publish          heavy_9
        41         38          3   0.0%        3         3         3  arrive           source_31
        41         38          2   0.0%        3         3         3  publish          heavy_6
        41         38          3   0.0%        3         3         3  publish          heavy_62
        40         38          2   0.0%        3         3         3  publish          heavy_50
        41         38          2   0.0%        3         3         3  publish          heavy_60
        41         38          3   0.0%        3         3         3  arrive           source_8
        41         38          3   0.0%        3         3         3  arrive           source_50
        41         38          3   0.0%        3         3         3  arrive           source_22
        40         37          2   0.0%        3         3         3  publish          heavy_52
        41         37          3   0.0%        3         3         3  arrive           source_9
        40         37          2   0.0%        3         3         3  publish          heavy_61
        41         37          3   0.0%        3         3         3  arrive           source_30
        40         37          2   0.0%        3         3         3  publish          heavy_36
        41         37          3   0.0%        3         3         3  arrive           source_49
        40         37          3   0.0%        3         3         3  publish          heavy_56
        44         37          6   0.1%        3         3         3  arrive           source_28
        40         37          2   0.0%        3         3         3  publish          heavy_45
        40         37          2   0.0%        3         3         3  publish          heavy_51
        40         37          2   0.0%        3         3         3  publish          heavy_33
        40         37          2   0.0%        3         3         3  publish          heavy_42
        41         37          3   0.0%        3         3         3  arrive           source_54
        41         37          3   0.0%        3         3         3  arrive           source_36
        40         37          2   0.0%        3         3         3  publish          heavy_48
        41         37          3   0.0%        3         3         3  arrive           source_29
        40         37          2   0.0%        3         3         3  publish          heavy_53
        40         37          2   0.0%        3         3         3  publish          heavy_59
        39         37          2   0.0%        3         3         3  publish          heavy_41
        41         37          4   0.0%        3         3         3  arrive           source_3
        39         37          2   0.0%        3         3         3  publish          heavy_54
        40         37          3   0.0%        3         3         3  arrive           source_24
        39         36          2   0.0%        3         3         3  publish          heavy_40
        41         36          4   0.0%        3         3         3  arrive           source_1
        39         36          2   0.0%        3         3         3  publish          heavy_27
        41         36          4   0.0%        3         3         3  arrive           source_55
        39         36          2   0.0%        3         3         3  publish          heavy_46
        39         36          2   0.0%        3         3         3  publish          heavy_37
        40         36          4   0.0%        3         3         3  arrive           source_45
        40         36          3   0.0%        3         3         3  arrive           source_40
        39         36          3   0.0%        3         3         3  arrive           source_44
        39         36          3   0.0%        3         3         3  arrive           source_41
        39         35          3   0.0%        3         3         3  arrive           source_32
        39         35          3   0.0%        3         3         3  arrive           source_5
        38         35          3   0.0%        3         3         3  arrive           source_35
        38         35          3   0.0%        3         3         3  arrive           source_33
        39         35          4   0.0%        3         3         3  arrive           source_43
        38         34          3   0.0%        3         3         3  arrive           source_4
        38         34          3   0.0%        3         3         3  arrive           source_51
        37         34          3   0.0%        3         3         3  arrive           source_34
        37         34          3   0.0%        3         3         3  arrive           source_42
        36         33          3   0.0%        3         3         3  arrive           source_25
        83          0         83   0.1%        0         0         0  arrive_diff      -
        66          0         66   0.1%        0         0         0  arrive_encode    -
         0          0          0   0.0%        0         0         0  decode           -
       123          0        123   0.1%        0         0         0  ticklog          -
     82158                        94.2%                               TOTAL sqlite     
         0                         0.0%                               TOTAL rust in scopes 
      5022                         5.8%                               TOTAL rust unscoped 
     87180                       100.0%                               TOTAL wall       
