INPUT|sprefa-engine-rs|0f2fb9996c0c8b20d2c7f6526c9c614413ce6bcb2e3f65ae44f1dc4fa0915e41
STATUS|sprefa-engine-rs|ok|compile_dl6 emit_rust program through drive_tick_transacted and GenProgram::run_tick; exact input edges and before/after sets match shared BFS outside clocks; count inside clocks|child-process peak RSS from time; in-memory rusqlite store|DL_MEMCAP_MB requested but unenforced for this adapter
CSV,sprefa-engine-rs,160002,326667,18096,2136.740,1056.267,88,503.2,N/A,N/A,0
        3.29 real         3.18 user         0.10 sys
           527663104  maximum resident set size
                   0  average shared memory size
                   0  average unshared data size
                   0  average unshared stack size
               33614  page reclaims
                   0  page faults
                   0  swaps
                   0  block input operations
                   0  block output operations
                   0  messages sent
                   0  messages received
                   0  signals received
                   0  voluntary context switches
                  38  involuntary context switches
         56285235512  instructions retired
         11291096382  cycles elapsed
           224334272  peak memory footprint
EXIT_STATUS|0
