[2m2026-08-24T17:41:40.282558Z[0m [32m INFO[0m [1mtick[0m[1m{[0m[3mtick[0m[2m=[0m0 [3marrivals[0m[2m=[0m2[1m}[0m[2m:[0m[1mapply_arrivals[0m[1m{[0m[3marrivals[0m[2m=[0m2 [3mgroups[0m[2m=[0m2[1m}[0m[2m:[0m [2msprefa_engine_rs::incremental[0m[2m:[0m close [3mtime.busy[0m[2m=[0m226µs [3mtime.idle[0m[2m=[0m875ns
[2m2026-08-24T17:41:40.289166Z[0m [32m INFO[0m [1mtick[0m[1m{[0m[3mtick[0m[2m=[0m0 [3marrivals[0m[2m=[0m2[1m}[0m[2m:[0m [2msprefa_engine_rs::driver[0m[2m:[0m close [3mtime.busy[0m[2m=[0m8.85ms [3mtime.idle[0m[2m=[0m3.50µs
[2m2026-08-24T17:41:40.290280Z[0m [32m INFO[0m [1mtick[0m[1m{[0m[3mtick[0m[2m=[0m1 [3marrivals[0m[2m=[0m1[1m}[0m[2m:[0m[1mapply_arrivals[0m[1m{[0m[3marrivals[0m[2m=[0m1 [3mgroups[0m[2m=[0m1[1m}[0m[2m:[0m [2msprefa_engine_rs::incremental[0m[2m:[0m close [3mtime.busy[0m[2m=[0m99.3µs [3mtime.idle[0m[2m=[0m708ns
[2m2026-08-24T17:41:40.298772Z[0m [32m INFO[0m [1mtick[0m[1m{[0m[3mtick[0m[2m=[0m1 [3marrivals[0m[2m=[0m1[1m}[0m[2m:[0m [2msprefa_engine_rs::driver[0m[2m:[0m close [3mtime.busy[0m[2m=[0m9.54ms [3mtime.idle[0m[2m=[0m501ns
[2m2026-08-24T17:41:40.300190Z[0m [32m INFO[0m [1mtick[0m[1m{[0m[3mtick[0m[2m=[0m2 [3marrivals[0m[2m=[0m1[1m}[0m[2m:[0m[1mapply_arrivals[0m[1m{[0m[3marrivals[0m[2m=[0m1 [3mgroups[0m[2m=[0m1[1m}[0m[2m:[0m [2msprefa_engine_rs::incremental[0m[2m:[0m close [3mtime.busy[0m[2m=[0m65.9µs [3mtime.idle[0m[2m=[0m709ns
[2m2026-08-24T17:41:40.307539Z[0m [32m INFO[0m [1mtick[0m[1m{[0m[3mtick[0m[2m=[0m2 [3marrivals[0m[2m=[0m1[1m}[0m[2m:[0m [2msprefa_engine_rs::driver[0m[2m:[0m close [3mtime.busy[0m[2m=[0m8.41ms [3mtime.idle[0m[2m=[0m791ns
[2m2026-08-24T17:41:40.308638Z[0m [32m INFO[0m [1mtick[0m[1m{[0m[3mtick[0m[2m=[0m3 [3marrivals[0m[2m=[0m1[1m}[0m[2m:[0m[1mapply_arrivals[0m[1m{[0m[3marrivals[0m[2m=[0m1 [3mgroups[0m[2m=[0m1[1m}[0m[2m:[0m [2msprefa_engine_rs::incremental[0m[2m:[0m close [3mtime.busy[0m[2m=[0m169µs [3mtime.idle[0m[2m=[0m251ns
[2m2026-08-24T17:41:40.321738Z[0m [32m INFO[0m [1mtick[0m[1m{[0m[3mtick[0m[2m=[0m3 [3marrivals[0m[2m=[0m1[1m}[0m[2m:[0m [2msprefa_engine_rs::driver[0m[2m:[0m close [3mtime.busy[0m[2m=[0m14.2ms [3mtime.idle[0m[2m=[0m1.17µs
[2m2026-08-24T17:41:40.323200Z[0m [32m INFO[0m [1mtick[0m[1m{[0m[3mtick[0m[2m=[0m4 [3marrivals[0m[2m=[0m1[1m}[0m[2m:[0m[1mapply_arrivals[0m[1m{[0m[3marrivals[0m[2m=[0m1 [3mgroups[0m[2m=[0m1[1m}[0m[2m:[0m [2msprefa_engine_rs::incremental[0m[2m:[0m close [3mtime.busy[0m[2m=[0m194µs [3mtime.idle[0m[2m=[0m749ns
[2m2026-08-24T17:41:40.332668Z[0m [32m INFO[0m [1mtick[0m[1m{[0m[3mtick[0m[2m=[0m4 [3marrivals[0m[2m=[0m1[1m}[0m[2m:[0m [2msprefa_engine_rs::driver[0m[2m:[0m close [3mtime.busy[0m[2m=[0m10.8ms [3mtime.idle[0m[2m=[0m1.21µs
[2m2026-08-24T17:41:40.333750Z[0m [32m INFO[0m [1mtick[0m[1m{[0m[3mtick[0m[2m=[0m5 [3marrivals[0m[2m=[0m1[1m}[0m[2m:[0m[1mapply_arrivals[0m[1m{[0m[3marrivals[0m[2m=[0m1 [3mgroups[0m[2m=[0m1[1m}[0m[2m:[0m [2msprefa_engine_rs::incremental[0m[2m:[0m close [3mtime.busy[0m[2m=[0m47.6µs [3mtime.idle[0m[2m=[0m291ns
[2m2026-08-24T17:41:40.349557Z[0m [32m INFO[0m [1mtick[0m[1m{[0m[3mtick[0m[2m=[0m5 [3marrivals[0m[2m=[0m1[1m}[0m[2m:[0m [2msprefa_engine_rs::driver[0m[2m:[0m close [3mtime.busy[0m[2m=[0m16.8ms [3mtime.idle[0m[2m=[0m584ns
[2m2026-08-24T17:41:40.350833Z[0m [32m INFO[0m [1mtick[0m[1m{[0m[3mtick[0m[2m=[0m6 [3marrivals[0m[2m=[0m1[1m}[0m[2m:[0m[1mapply_arrivals[0m[1m{[0m[3marrivals[0m[2m=[0m1 [3mgroups[0m[2m=[0m1[1m}[0m[2m:[0m [2msprefa_engine_rs::incremental[0m[2m:[0m close [3mtime.busy[0m[2m=[0m69.6µs [3mtime.idle[0m[2m=[0m250ns
[2m2026-08-24T17:41:40.358079Z[0m [32m INFO[0m [1mtick[0m[1m{[0m[3mtick[0m[2m=[0m6 [3marrivals[0m[2m=[0m1[1m}[0m[2m:[0m [2msprefa_engine_rs::driver[0m[2m:[0m close [3mtime.busy[0m[2m=[0m8.36ms [3mtime.idle[0m[2m=[0m499ns
[2m2026-08-24T17:41:40.359159Z[0m [32m INFO[0m [1mtick[0m[1m{[0m[3mtick[0m[2m=[0m7 [3marrivals[0m[2m=[0m1[1m}[0m[2m:[0m[1mapply_arrivals[0m[1m{[0m[3marrivals[0m[2m=[0m1 [3mgroups[0m[2m=[0m1[1m}[0m[2m:[0m [2msprefa_engine_rs::incremental[0m[2m:[0m close [3mtime.busy[0m[2m=[0m71.4µs [3mtime.idle[0m[2m=[0m333ns
[2m2026-08-24T17:41:40.362001Z[0m [32m INFO[0m [1mtick[0m[1m{[0m[3mtick[0m[2m=[0m7 [3marrivals[0m[2m=[0m1[1m}[0m[2m:[0m [2msprefa_engine_rs::driver[0m[2m:[0m close [3mtime.busy[0m[2m=[0m3.86ms [3mtime.idle[0m[2m=[0m375ns
[2m2026-08-24T17:41:40.362852Z[0m [32m INFO[0m [1mtick[0m[1m{[0m[3mtick[0m[2m=[0m8 [3marrivals[0m[2m=[0m1[1m}[0m[2m:[0m[1mapply_arrivals[0m[1m{[0m[3marrivals[0m[2m=[0m1 [3mgroups[0m[2m=[0m1[1m}[0m[2m:[0m [2msprefa_engine_rs::incremental[0m[2m:[0m close [3mtime.busy[0m[2m=[0m46.7µs [3mtime.idle[0m[2m=[0m208ns
[2m2026-08-24T17:41:40.364838Z[0m [32m INFO[0m [1mtick[0m[1m{[0m[3mtick[0m[2m=[0m8 [3marrivals[0m[2m=[0m1[1m}[0m[2m:[0m [2msprefa_engine_rs::driver[0m[2m:[0m close [3mtime.busy[0m[2m=[0m2.82ms [3mtime.idle[0m[2m=[0m209ns
[2m2026-08-24T17:41:40.365893Z[0m [32m INFO[0m [1mtick[0m[1m{[0m[3mtick[0m[2m=[0m9 [3marrivals[0m[2m=[0m1[1m}[0m[2m:[0m[1mapply_arrivals[0m[1m{[0m[3marrivals[0m[2m=[0m1 [3mgroups[0m[2m=[0m1[1m}[0m[2m:[0m [2msprefa_engine_rs::incremental[0m[2m:[0m close [3mtime.busy[0m[2m=[0m82.1µs [3mtime.idle[0m[2m=[0m957ns
[2m2026-08-24T17:41:40.368384Z[0m [32m INFO[0m [1mtick[0m[1m{[0m[3mtick[0m[2m=[0m9 [3marrivals[0m[2m=[0m1[1m}[0m[2m:[0m [2msprefa_engine_rs::driver[0m[2m:[0m close [3mtime.busy[0m[2m=[0m3.52ms [3mtime.idle[0m[2m=[0m250ns
[2m2026-08-24T17:41:40.369344Z[0m [32m INFO[0m [1mtick[0m[1m{[0m[3mtick[0m[2m=[0m10 [3marrivals[0m[2m=[0m1[1m}[0m[2m:[0m[1mapply_arrivals[0m[1m{[0m[3marrivals[0m[2m=[0m1 [3mgroups[0m[2m=[0m1[1m}[0m[2m:[0m [2msprefa_engine_rs::incremental[0m[2m:[0m close [3mtime.busy[0m[2m=[0m45.3µs [3mtime.idle[0m[2m=[0m250ns
[2m2026-08-24T17:41:40.370856Z[0m [32m INFO[0m [1mtick[0m[1m{[0m[3mtick[0m[2m=[0m10 [3marrivals[0m[2m=[0m1[1m}[0m[2m:[0m [2msprefa_engine_rs::driver[0m[2m:[0m close [3mtime.busy[0m[2m=[0m2.43ms [3mtime.idle[0m[2m=[0m291ns
[2m2026-08-24T17:41:40.371807Z[0m [32m INFO[0m [1mtick[0m[1m{[0m[3mtick[0m[2m=[0m11 [3marrivals[0m[2m=[0m1[1m}[0m[2m:[0m[1mapply_arrivals[0m[1m{[0m[3marrivals[0m[2m=[0m1 [3mgroups[0m[2m=[0m1[1m}[0m[2m:[0m [2msprefa_engine_rs::incremental[0m[2m:[0m close [3mtime.busy[0m[2m=[0m77.3µs [3mtime.idle[0m[2m=[0m625ns
[2m2026-08-24T17:41:40.379846Z[0m [32m INFO[0m [1mtick[0m[1m{[0m[3mtick[0m[2m=[0m11 [3marrivals[0m[2m=[0m1[1m}[0m[2m:[0m [2msprefa_engine_rs::driver[0m[2m:[0m close [3mtime.busy[0m[2m=[0m8.97ms [3mtime.idle[0m[2m=[0m417ns
[2m2026-08-24T17:41:40.381350Z[0m [32m INFO[0m [1mtick[0m[1m{[0m[3mtick[0m[2m=[0m12 [3marrivals[0m[2m=[0m1[1m}[0m[2m:[0m[1mapply_arrivals[0m[1m{[0m[3marrivals[0m[2m=[0m1 [3mgroups[0m[2m=[0m1[1m}[0m[2m:[0m [2msprefa_engine_rs::incremental[0m[2m:[0m close [3mtime.busy[0m[2m=[0m88.9µs [3mtime.idle[0m[2m=[0m292ns
[2m2026-08-24T17:41:40.388155Z[0m [32m INFO[0m [1mtick[0m[1m{[0m[3mtick[0m[2m=[0m12 [3marrivals[0m[2m=[0m1[1m}[0m[2m:[0m [2msprefa_engine_rs::driver[0m[2m:[0m close [3mtime.busy[0m[2m=[0m7.98ms [3mtime.idle[0m[2m=[0m667ns
[2m2026-08-24T17:41:40.389843Z[0m [32m INFO[0m [1mtick[0m[1m{[0m[3mtick[0m[2m=[0m13 [3marrivals[0m[2m=[0m0[1m}[0m[2m:[0m [2msprefa_engine_rs::driver[0m[2m:[0m close [3mtime.busy[0m[2m=[0m1.57ms [3mtime.idle[0m[2m=[0m334ns
[2m2026-08-24T17:41:40.389863Z[0m [32m INFO[0m [2msprefa_engine_rs::sql[0m[2m:[0m seam tally [3mstatements[0m[2m=[0m10147 [3minert[0m[2m=[0m4266 [3minert_pct[0m[2m=[0m42 [3mrows_out[0m[2m=[0m834 [3mrows_changed[0m[2m=[0m2162 [3mms[0m[2m=[0m82

== DL_TRACE_SUMMARY ==
  us_total     us_sql    us_rust    pct    calls  rows_out   changed  verb             relation
    100274     100158        115  46.0%     1743         0         0  ddl              -
      9656       9146        509   4.4%       28        28        28  probe            -
      6805       6772         32   3.1%      344         0        25  boot             -
      5655       5655          0   2.6%     1093         0         0  unlabelled       -
      2606       2548         58   1.2%       36         0         0  level_insert     notification_seen
      1903       1891         11   0.9%        6         3        13  level_insert     gql_pull
      1765       1759          6   0.8%       27         0         0  clear            promote
      1599       1594          4   0.7%       13         0         0  clear            prepare
      1422       1384         37   0.7%       48         7         9  level_insert     pr_batch_member
      1317       1273         43   0.6%       55         3         3  level_insert     pull_request_seen
      1308       1210         97   0.6%      187         0        71  recount          __host_demand_http__post
      1144       1112         32   0.5%       49         0         0  level_insert     discovered_repo
      1039       1007         31   0.5%       42        11        19  level_insert     __host_demand_http__post
      1087       1004         83   0.5%      140         0         0  level_insert     branch_pattern_list
      1015        990         25   0.5%       31         0         3  recount          gql_pull
       993        971         21   0.5%       24         7        21  level_insert     __host_demand_http__get
       974        922         51   0.4%       73         0         0  recount          notification_seen
       921        872         48   0.4%       94         0        70  recount          __host_demand_http__get
       870        848         21   0.4%       24         2         7  level_insert     repo_event_seen
       854        844         10   0.4%        5         4         4  level_insert     page_response
       882        839         43   0.4%       90        28        67  aggregate        pr_post_body
       812        727         84   0.4%      140         0         0  level_insert     link_part_list
       689        672         16   0.3%       10         4         4  level_insert     page_arrival
       612        600         11   0.3%        8         5         5  level_insert     poll_state
       602        596          6   0.3%        6         0         0  level_insert     gql_status_context
       594        586          8   0.3%        4         1         1  level_insert     period_candidate
       582        575          6   0.3%        6         0         0  level_insert     gql_comment
       599        564         34   0.3%       70        24        57  aggregate        pr_batch
       557        550          6   0.3%        6         0         0  level_insert     gql_check_run
       553        539         14   0.3%       16         0         0  level_insert     checkout_task
       537        532          5   0.2%        6         0         0  level_insert     gql_review
       531        527          3   0.2%       13         0         0  clear            merge
       577        526         50   0.3%       84         0        13  recount          pull_request_seen
       566        526         39   0.3%       73         0        11  recount          repo_event_seen
       531        515         16   0.2%       13         3         3  level_insert     pr_batch_arrival
       547        499         48   0.3%       95         0        42  recount          page_response
       575        493         82   0.3%      169         0        22  recount          pr_batch_arrival
       502        484         18   0.2%       25         4         6  level_insert     change_candidate
       501        482         19   0.2%       31         0         0  recount          gql_comment
       495        475         19   0.2%       24        18        20  level_insert     pr_selection
       484        474          9   0.2%       12         2         2  level_insert     page_prev_etag
       484        470         13   0.2%       14         0         0  level_insert     over_budget
       492        465         26   0.2%       54         0         6  recount          change_candidate
       473        462         11   0.2%       20         0         0  level_insert     watched_global
       471        449         22   0.2%       31         0         0  recount          gql_check_run
       506        448         57   0.2%      112         0        47  recount          poll_state
       458        447         10   0.2%        8         4         4  level_insert     due
       461        443         18   0.2%       24         0         0  level_insert     candidate_branch
       440        435          5   0.2%       14         0         0  snapshot_pre     -
       440        429         11   0.2%       16         0         0  level_insert     lane_proof
       442        423         19   0.2%        4         4         0  publish          gql_pull
       447        419         28   0.2%       54         0         0  recount          link_part_list
       435        417         17   0.2%        4         4         0  publish          pull_request_seen
       434        415         18   0.2%       31         0         0  recount          gql_status_context
       452        406         46   0.2%       85         0        20  recount          page_arrival
       462        405         56   0.2%      114         0        59  recount          pr_query
       418        403         15   0.2%        4         3         0  publish          pull_request
       560        401        158   0.3%        9        16         0  publish          __host_demand_http__post
       423        389         33   0.2%       80         0         0  recount          discovered_repo
       393        386          7   0.2%        5         1         1  level_insert     dirty_pr
       391        381          9   0.2%       10         0         0  level_insert     pr_status_check_seen
       395        377         18   0.2%       31         0         0  recount          gql_review
       417        374         42   0.2%       88        23        51  aggregate        rate_pool
       379        369         10   0.2%       15         2         6  level_insert     __host_demand_env__var
       405        362         42   0.2%       85         0        25  recount          pr_batch_response
       357        352          4   0.2%        6         0         0  level_insert     gql_label
       369        345         23   0.2%       46         0        30  recount          pr_selection
       356        339         17   0.2%       30         7        16  aggregate        request_headers
       355        339         16   0.2%       20         0         3  recount          open_pr
       339        336          3   0.2%        2         1         1  level_insert     watched_repo_seen
       392        336         55   0.2%      112         0        38  recount          page_prev_etag
       335        324         10   0.2%       15         2         5  level_insert     __host_demand_toml__json
       326        316         10   0.1%       10         6         6  level_insert     pr_due
       341        307         34   0.2%       66         0        39  recount          rest_response
       307        291         15   0.1%       31         0         0  recount          gql_label
       322        289         33   0.1%       73         0         0  recount          candidate_branch
       376        286         90   0.2%       30         0        44  stage            rate_pool
       307        280         26   0.1%       56         0         5  recount          dirty_pr
       299        278         21   0.1%       31         0         0  recount          gql_merge_commit
       298        275         22   0.1%       42         0         9  recount          pr_batch_member
       267        263          3   0.1%        3         3         3  level_insert     pr_batch_response
       441        262        178   0.2%       38         0        14  recount          call_candidate
       265        261          4   0.1%        6         0         0  level_insert     gql_requested_reviewer
       271        257         14   0.1%       21         3         3  level_insert     request_header
       322        254         67   0.1%       27         0        47  stage            pr_post_body
       252        248          4   0.1%        6         1         2  level_insert     gql_merge_commit
       277        247         30   0.1%       66         0        24  recount          pr_post_field
       265        245         20   0.1%       42         0         8  recount          header_etag
       263        241         21   0.1%       42         0        30  recount          pr_batch_alias
       244        239          4   0.1%        6         1         1  level_insert     gql_pull_closed_at
       246        238          7   0.1%       10         0         0  level_insert     pr_comment_seen
       239        235          3   0.1%       13        13         0  read_staged      -
       250        235         15   0.1%       31         0        24  recount          request_header
       247        232         14   0.1%        5         5         0  publish          page_response
       237        232          5   0.1%        5         1         1  level_insert     config_doc
       268        231         37   0.1%       84         0        29  recount          poll_state_tag
       234        229          4   0.1%        6         1         1  level_insert     gql_pull_merged_at
       237        228          8   0.1%        9         6         6  level_insert     rest_response
       264        225         39   0.1%       57         0         0  recount          pr_comment_seen
       252        224         28   0.1%       57         0         0  recount          pr_status_check_seen
       229        224          5   0.1%        6         1         1  level_insert     token_seen
       261        223         38   0.1%        6        10         0  publish          __host_demand_http__get
       233        222         10   0.1%       20         0         0  recount          lane_proof
       238        222         16   0.1%       31         0         0  recount          gql_requested_reviewer
       283        221         62   0.1%       21         0        41  stage            pr_batch
       256        220         36   0.1%       74         0         0  recount          over_budget
       241        217         23   0.1%        6        20         0  publish          pr_batch_alias
       214        206          8   0.1%       11         1         1  level_insert     pr_merge_commit_seen
       260        206         54   0.1%       15         0        42  stage            pr_batch_alias
       209        201          7   0.1%        3         2         0  publish          open_pr
       214        200         14   0.1%       31         0         0  recount          gql_pull_closed_at
       205        198          7   0.1%        8         2         4  level_insert     recent_event
       208        197         10   0.1%       20         3         8  aggregate        graphql_headers
       258        194         64   0.1%       18         0        24  stage            __host_demand_http__post
       241        194         46   0.1%        6        20         0  publish          pr_selection
       218        193         25   0.1%        5         5         0  publish          __host_response_http__get
       244        192         52   0.1%       12         0        14  stage            call_candidate
       196        190          5   0.1%        5         0         0  level_insert     endpoint_cooling
       238        190         47   0.1%        8        14         0  publish          pr_post_field
       254        190         64   0.1%        8        19         0  publish          pr_post_body
       196        189          6   0.1%       10         0         0  level_insert     pr_label_seen
       193        189          4   0.1%        4         1         6  edge_project     repo_config
       203        189         14   0.1%       16        18        19  level_insert     pr_batch_alias
       202        188         13   0.1%       20         9        10  level_insert     pr_query
       194        187          6   0.1%       10         0         0  level_insert     pr_review_seen
       200        185         14   0.1%       31         0         0  recount          gql_pull_merged_at
       221        185         35   0.1%       10         5         5  arrive           __host_response_http__get
       203        182         20   0.1%       47         0         9  recount          pr_due
       228        182         46   0.1%       15         0        42  stage            pr_selection
       200        179         20   0.1%       38         0         8  recount          header_rate_remaining
       185        178          7   0.1%       10         4        12  level_insert     __host_demand_dl__tick_cost
       230        178         52   0.1%       19         0        25  stage            pr_post_field
       180        174          5   0.1%       10         0         0  level_insert     pr_requested_reviewer_seen
       199        172         26   0.1%       57         0         0  recount          pr_review_seen
       173        171          2   0.1%        1         1         1  level_insert     config_present
       184        169         15   0.1%       28         0         8  recount          due
       195        167         27   0.1%        2         2         0  publish          __host_response_http__post
       174        165          8   0.1%       12         0         0  level_insert     rate_warm
       169        165          4   0.1%        2         1         0  publish          watched_repo_seen
       226        164         61   0.1%       10         0        10  stage            __host_response_http__get
       175        163         11   0.1%        5         8         0  publish          pr_batch_member
       167        163          4   0.1%        7         4         4  level_insert     page_fetch
       169        162          7   0.1%        7         7         7  level_insert     call_candidate
       204        162         42   0.1%       10         0        16  stage            pr_batch_member
       185        161         23   0.1%       57         0         0  recount          pr_label_seen
       167        158          9   0.1%        5         5         5  level_insert     current_clock
       162        157          4   0.1%        2         1         0  publish          watched_repo
       163        156          7   0.1%        4         2         0  publish          recent_event
       275        156        118   0.1%       26        38         4  intern           -
       187        155         32   0.1%       74         0         0  recount          rate_warm
       168        152         15   0.1%        8         9         0  publish          poll_state
       169        152         16   0.1%       38         0         8  recount          header_rate_reset
       210        151         58   0.1%        6         0         6  stage            pr_batch_response
       157        149          7   0.1%        3         3         0  publish          repo_event_seen
       157        149          7   0.1%        4         2         0  publish          repo_event
       186        147         39   0.1%       11         0        14  stage            rest_response
       192        145         47   0.1%        6        15         0  publish          pr_batch
       160        144         15   0.1%       42         0         0  recount          header_link
       160        143         16   0.1%        5         5         0  publish          page_arrival
       192        143         49   0.1%       12         0        14  stage            call_log
       150        142          8   0.1%       12         0         0  level_insert     not_an_org
       185        141         44   0.1%       12         0        15  stage            poll_state
       186        140         46   0.1%        8         0         8  stage            page_response
       163        139         23   0.1%       57         0         0  recount          pr_merge_commit_seen
       159        138         20   0.1%        7         9         0  publish          call_candidate
       162        138         23   0.1%       57         0         0  recount          pr_requested_reviewer_seen
       140        136          3   0.1%        5         0         0  level_insert     measured
       176        136         40   0.1%        6         0         6  stage            pull_request_seen
       153        135         18   0.1%       42         0         0  recount          header_modified
       146        135         11   0.1%        8         7         0  publish          poll_state_etag
       143        133         10   0.1%       18         0         3  recount          open_pr_head
       136        133          3   0.1%       14         0         0  advance_tick     -
       167        132         34   0.1%       14         0        20  stage            pr_query
       173        132         41   0.1%        6         0         6  stage            gql_pull
       143        131         12   0.1%       28         0         3  recount          gql_rate_remaining
       146        130         15   0.1%       10         7         0  publish          call_log
       138        129          9   0.1%       15         0         0  level_insert     branch_seen
       167        127         40   0.1%        7        12         0  publish          pr_query
       131        127          3   0.1%        2         1         0  publish          repo_config
       159        127         32   0.1%       10         5         6  arrive           __host_response_clock__tick
       135        126          8   0.1%        4         6         0  publish          change_candidate
       135        122         12   0.1%       28         0         3  recount          gql_rate_reset
       130        122          7   0.1%        5         4         0  publish          change_log
       152        119         33   0.1%        9         0        15  stage            __host_demand_http__get
       134        119         15   0.1%        4         2         2  arrive           __host_response_http__post
       156        117         39   0.1%        6         0         6  stage            pr_batch_arrival
       121        116          4   0.1%        6         1         2  level_insert     watched_endpoint
       119        116          2   0.1%        1         1         0  publish          gql_merge_commit
       156        116         39   0.1%        8         0         8  stage            page_arrival
       131        115         16   0.1%       38         0         0  recount          header_poll_interval
       120        114          6   0.1%       10        11        11  level_insert     pr_post_field
       128        114         13   0.1%       38         0         3  recount          dirty_repo
       120        113          6   0.1%        8         1         1  level_insert     open_pr
       129        113         16   0.1%       38         0         0  recount          endpoint_hit
       120        112          7   0.1%       10         4         6  level_insert     header_etag
       130        112         18   0.1%       10        16         0  publish          rate_pool
       156        109         46   0.1%        9         0         9  stage            due
       111        108          3   0.1%        5         0         0  level_insert     endpoint_hit
       111        106          5   0.1%        1         2         1  publish          __host_demand_env__var
       134        106         28   0.1%        4         0         5  stage            pull_request
       142        105         36   0.1%       10         0        10  stage            __host_response_clock__tick
       108        105          3   0.0%        1         1         0  publish          __host_response_env__var
       133        102         30   0.1%       10         0        13  stage            rate_state
       105        102          3   0.0%        2         1         0  publish          watched_endpoint
       112        102         10   0.1%        4         4         0  publish          __host_demand_dl__tick_cost
       117        101         15   0.1%       38         0         0  recount          endpoint_miss
       133         99         33   0.1%        4         0         4  stage            __host_response_http__post
       123         97         26   0.1%        9         0         9  stage            page_fetch
       101         96          4   0.0%        3         3         0  publish          request_header
       100         96          3   0.0%        4         0         0  edge_project     org_config
       116         96         20   0.1%        8         0         8  stage            __host_demand_dl__tick_cost
       103         95          7   0.0%        5         5         0  publish          header_etag
       122         95         27   0.1%       10         0        10  stage            current_clock
        96         93          3   0.0%        1         2         1  publish          __host_demand_toml__json
        97         92          5   0.0%        3         2         0  publish          open_pr_head
        94         92          2   0.0%        1         1         0  publish          gql_pull_closed_at
        98         90          8   0.0%        5         4         0  publish          page_fetch
       111         90         21   0.1%        9         0        12  stage            request_headers
       114         90         24   0.1%        8         0        11  stage            poll_state_etag
        97         89          8   0.0%       16         3         7  aggregate        endpoint_period
        96         88          7   0.0%        5         4         0  publish          due
        96         86          9   0.0%       12         0         0  edge_project     gh_username
        88         86          1   0.0%        1         1         0  publish          gql_pull_merged_at
        89         86          2   0.0%        2         1         0  publish          graphql_header
        92         84          7   0.0%       14         0         0  retention        call_log
        87         84          3   0.0%        2         1         0  publish          pr_transition
        86         84          2   0.0%        2         1         0  publish          poll_endpoint
       105         84         21   0.0%        7         0        13  stage            pr_due
       104         83         20   0.0%        8         0         8  stage            page_ordinal
       101         83         18   0.0%        6         9         0  publish          rest_response
        93         82         11   0.0%        9         8         0  publish          rate_state
        88         82          6   0.0%        3         5         0  publish          request_headers
        86         81          4   0.0%        8         2         2  level_insert     poll_state_tag
       109         79         30   0.1%        7         0         6  edge_project     repo_checkout
        95         79         16   0.0%        3         0         3  stage            open_pr
        99         78         20   0.0%        8         0         8  stage            header_rate_remaining
        98         78         19   0.0%        8         0         8  stage            header_etag
        96         78         18   0.0%        6         0         8  stage            change_candidate
        95         77         17   0.0%        6         0         6  stage            recent_event
        96         77         19   0.0%        8         0        11  stage            poll_state_polled
        95         76         18   0.0%        8         0         8  stage            header_rate_reset
        99         76         23   0.0%        4         4         0  publish          pr_batch_arrival
        83         74          8   0.0%        8         7         0  publish          poll_state_polled
        79         74          4   0.0%        4         3         0  publish          page_prev_etag
        79         74          4   0.0%        4         3         0  publish          poll_state_tag
        83         74          8   0.0%        5         5         1  publish          __host_response_clock__tick
        77         74          3   0.0%        5         4         4  level_insert     header_rate_reset
        94         73         20   0.0%        4         4         0  publish          pr_batch_response
        80         73          7   0.0%        8         4         0  publish          page_ordinal
        75         70          4   0.0%        1         1         1  publish          __host_response_toml__json
        86         70         15   0.0%        3         0         3  stage            watched_repo_seen
        75         69          5   0.0%       10         0         0  level_insert     header_link
        85         68         16   0.0%        6         0         6  stage            gql_rate_remaining
        85         68         17   0.0%        6         0         8  stage            change_log
        71         68          3   0.0%        4         1         0  edge_project     global_setting
        73         65          7   0.0%        5         5         0  publish          header_rate_remaining
        69         65          3   0.0%        2         2         0  publish          graphql_headers
        79         65         14   0.0%        6         0         6  stage            poll_state_tag
        67         64          3   0.0%        2         1         0  publish          pr_merge_commit
        79         64         15   0.0%        4         0         4  stage            repo_event_seen
        78         63         14   0.0%        6         0         6  stage            gql_rate_reset
        68         63          5   0.0%        5         5         0  publish          header_rate_reset
        69         63          6   0.0%        4         4         0  publish          gql_rate_remaining
        65         62          2   0.0%        5         4         4  level_insert     header_rate_remaining
        64         62          2   0.0%        2         1         0  publish          repo
        75         61         14   0.0%        8         3         6  aggregate        best_config_rank
        64         61          3   0.0%        2         1         0  publish          global_setting
        66         61          5   0.0%        8         3         6  aggregate        best_token_rank
        73         60         12   0.0%        5         0         8  stage            request_header
        65         59          5   0.0%       10         0         0  level_insert     header_modified
        75         59         15   0.0%        4         0         4  stage            repo_event
        60         58          2   0.0%        2         2         2  level_insert     api_tier
        65         57          7   0.0%        4         3         0  publish          last_body
        71         57         14   0.0%        4         0         5  stage            last_body
        59         57          2   0.0%        3         3         2  edge_project     chosen_config
        61         57          4   0.0%       14         0         0  retention        change_log
        59         56          2   0.0%        3         3         3  level_insert     gql_rate_remaining
        58         56          2   0.0%        4         1         2  level_insert     graphql_header
        68         55         12   0.0%        5         0         6  stage            endpoint_period
        60         55          5   0.0%        4         4         0  publish          gql_rate_reset
        59         54          5   0.0%        4         3         0  publish          poll_state_changed
        65         54         11   0.0%        5         0         6  stage            graphql_headers
        56         54          2   0.0%        3         3         3  level_insert     gql_rate_reset
        55         53          1   0.0%        1         1         0  publish          pr_merge_commit_seen
        63         52         10   0.0%        5         0         5  stage            page_prev_etag
        55         52          3   0.0%        2         2         0  publish          api_tier
        58         51          7   0.0%       12         4         6  edge_project     page_ordinal
        61         50         10   0.0%        2         0         2  stage            watched_repo
        59         50          8   0.0%        3         0         3  stage            open_pr_head
        55         50          5   0.0%        2         1         2  arrive           __host_response_toml__json
        59         50          9   0.0%        3         0         3  stage            watched_endpoint
        58         49          8   0.0%        3         0         6  stage            api_tier
        56         48          7   0.0%        4         8         0  publish          pr_due
        52         47          4   0.0%        2         1         1  publish          chosen_config
        52         47          4   0.0%        2         1         2  arrive           __host_response_env__var
        57         47          9   0.0%        2         0         2  stage            global_setting
        58         47         11   0.0%        4         0         5  stage            best_config_rank
        54         46          7   0.0%        3         0         3  stage            graphql_header
        49         46          2   0.0%        2         2         0  publish          endpoint_period
        55         45          9   0.0%        2         0         2  stage            repo_config
        55         45         10   0.0%        4         0         5  stage            best_token_rank
        52         45          7   0.0%        3         0         3  stage            poll_endpoint
        52         44          8   0.0%        2         0         2  stage            config_present
        45         43          1   0.0%        2         1         1  level_insert     poll_endpoint
        53         43         10   0.0%        2         0         2  stage            __host_response_toml__json
        49         43          6   0.0%        2         0         2  stage            gql_merge_commit
        53         43          9   0.0%        2         0         4  stage            __host_demand_env__var
        52         43          9   0.0%        4         0         5  stage            poll_state_changed
        45         43          2   0.0%        4         1         1  level_insert     open_pr_head
        45         43          2   0.0%        2         1         0  publish          seq_repo_ordinal_2
        46         42          4   0.0%       14         0         0  retention        engine_tick_cost
        44         42          2   0.0%        2         1         0  publish          api_token
        44         42          1   0.0%        1         1         0  publish          token_seen
        43         41          2   0.0%        2         1         0  publish          period_candidate
        43         41          1   0.0%        3         2         2  level_insert     dirty_repo
        50         41          9   0.0%        4         0         4  stage            dirty_repo
        43         40          3   0.0%        1         1         1  publish          config_doc
        45         40          4   0.0%        2         0         2  stage            dirty_pr
        47         40          7   0.0%        2         0         4  stage            __host_demand_toml__json
        49         40          9   0.0%        2         0         2  stage            chosen_config
        58         40         18   0.0%        2         0         2  edge_write       pull_request
        41         39          1   0.0%        1         1         0  publish          dirty_pr
        40         39          1   0.0%        1         1         1  publish          config_present
        45         38          6   0.0%        3         0         3  stage            repo
        43         38          4   0.0%        3         3         0  publish          dirty_repo
        46         38          8   0.0%        2         0         2  stage            config_doc
        44         37          6   0.0%        3         0         3  stage            period_candidate
        44         37          6   0.0%        2         0         2  stage            __host_response_env__var
        40         37          2   0.0%        5         0         0  level_insert     header_poll_interval
        40         37          3   0.0%        5         0         0  level_insert     endpoint_miss
        43         37          6   0.0%        2         0         2  stage            gql_pull_closed_at
        41         35          5   0.0%        2         0         2  stage            gql_pull_merged_at
        41         34          6   0.0%        2         0         2  stage            pr_transition
        39         34          5   0.0%        7         7         6  edge_project     call_log
        51         33         18   0.0%        6         0         7  edge_write       call_log
        37         31          5   0.0%        2         0         2  stage            pr_merge_commit
        35         30          5   0.0%        2         0         2  stage            pr_merge_commit_seen
        36         30          5   0.0%        5         5         1  publish          current_clock
       112         30         81   0.1%        2         0         2  stage            seq_repo_ordinal_2
        35         30          5   0.0%        2         0         2  stage            repo_ordinal
        35         30          5   0.0%        2         0         2  stage            token_seen
        31         30          1   0.0%        2         1         1  level_insert     repo
        41         30         11   0.0%        3         2         3  edge_lookup      pull_request
        36         29          7   0.0%        1         0         1  edge_write       watched_repo
        33         29          4   0.0%        2         0         2  stage            api_token
        35         29          6   0.0%        4         3         4  read_staged      pull_request_seen
        31         29          2   0.0%        2         1         0  publish          repo_ordinal
        34         29          4   0.0%        4         3         4  edge_project     pull_request
        27         25          2   0.0%        2         1         0  publish          pr_ever_synced
        29         25          4   0.0%        2         0         2  stage            pr_ever_synced
        39         24         14   0.0%        5         0         5  edge_write       rate_state
        34         24         10   0.0%        4         0         4  edge_write       page_ordinal
        38         24         13   0.0%        4         0         4  edge_write       poll_state_etag
        27         24          3   0.0%        5         4         3  edge_project     poll_state_etag
        25         24          1   0.0%        2         2         2  edge_project     api_token
        27         24          3   0.0%        8         0         5  edge_project     page_queued
        28         23          5   0.0%        6         7         0  edge_project     rate_state
        34         22         12   0.0%        6         5         0  edge_lookup      rate_state
        29         21          7   0.0%        2         0         2  edge_write       repo_event
        28         21          6   0.0%        1         0         1  edge_write       global_setting
        23         21          2   0.0%        1         1         0  edge_project     watched_repo
        22         21          1   0.0%        2         1         2  edge_project     seq_repo_ordinal_2
        28         21          7   0.0%        4         0         1  edge_lookup      page_ordinal
        27         19          8   0.0%        4         0         4  edge_write       poll_state_polled
        24         19          5   0.0%        2         0         2  edge_write       last_body
        25         19          5   0.0%        1         0         1  edge_write       repo_config
        21         19          2   0.0%        4         4         4  edge_project     change_log
        22         19          2   0.0%        5         0         5  edge_project     poll_state_modified
        21         17          4   0.0%        2         0         3  edge_lookup      repo_event
        21         17          3   0.0%        2         0         2  edge_write       poll_state_changed
        23         17          6   0.0%        3         0         4  edge_write       change_log
        18         16          2   0.0%        1         0         1  edge_write       pr_merge_commit
        18         16          2   0.0%        2         0         2  edge_write       seq_repo_ordinal_2
        31         15         16   0.0%        1         0         3  edge_lookup      repo_config
        17         14          2   0.0%        5         2         2  edge_project     last_body
        16         14          2   0.0%        3         2         4  edge_project     repo_event
        17         14          2   0.0%        1         0         1  edge_write       chosen_config
        15         13          2   0.0%        3         1         3  edge_project     pr_transition
        15         13          1   0.0%        1         2         1  publish          best_config_rank
        15         13          1   0.0%        1         2         0  publish          best_token_rank
        15         13          1   0.0%        1         1         1  read_staged      watched_repo
        14         12          1   0.0%        1         0         1  edge_lookup      pr_merge_commit
        14         12          2   0.0%        4         3         4  edge_project     pr_ever_synced
        14         12          2   0.0%        5         2         5  edge_project     poll_state_changed
        13         12          1   0.0%        2         1         2  edge_project     repo_ordinal
        12         11          0   0.0%        1         1         1  edge_project     pr_merge_commit
        19         11          7   0.0%        4         3         2  edge_lookup      poll_state_etag
        14         10          3   0.0%        1         0         0  edge_lookup      watched_repo
        13         10          2   0.0%        5         4         5  edge_project     poll_state_polled
        12         10          1   0.0%        1         0         1  edge_write       pr_ever_synced
        13         10          3   0.0%        1         0         0  edge_lookup      global_setting
        12         10          2   0.0%        5         0         5  edge_project     poll_state_period
        11          9          1   0.0%        1         0         1  edge_write       repo_ordinal
        10          9          1   0.0%        1         0         1  edge_write       api_token
        12          8          4   0.0%        3         2         2  edge_lookup      chosen_config
        13          7          5   0.0%        4         3         4  edge_lookup      poll_state_polled
        11          7          4   0.0%        3         2         3  edge_lookup      pr_ever_synced
        10          6          3   0.0%        2         1         1  edge_lookup      last_body
         8          6          2   0.0%        1         0         1  edge_write       pr_transition
        10          5          4   0.0%        2         1         2  edge_lookup      poll_state_changed
         7          4          2   0.0%        2         1         2  edge_lookup      api_token
         5          4          1   0.0%        1         0         1  edge_lookup      repo_ordinal
         5          3          1   0.0%        1         0         1  edge_lookup      seq_repo_ordinal_2
        14          0         14   0.0%        0         0         0  arrive_diff      -
        31          0         31   0.0%        0         0         0  arrive_encode    -
         0          0          0   0.0%        0         0         0  decode           -
       902          0        902   0.4%        0         0         0  ticklog          -
    198883                        91.2%                               TOTAL sqlite     
      2639                         1.2%                               TOTAL rust in scopes 
     16556                         7.6%                               TOTAL rust unscoped 
    218080                       100.0%                               TOTAL wall       
