[2m2026-08-24T17:33:33.183517Z[0m [32m INFO[0m [1mtick[0m[1m{[0m[3mtick[0m[2m=[0m0 [3marrivals[0m[2m=[0m2[1m}[0m[2m:[0m[1mapply_arrivals[0m[1m{[0m[3marrivals[0m[2m=[0m2 [3mgroups[0m[2m=[0m2[1m}[0m[2m:[0m [2msprefa_engine_rs::incremental[0m[2m:[0m close [3mtime.busy[0m[2m=[0m310µs [3mtime.idle[0m[2m=[0m1.29µs
[2m2026-08-24T17:33:33.187626Z[0m [32m INFO[0m [1mtick[0m[1m{[0m[3mtick[0m[2m=[0m0 [3marrivals[0m[2m=[0m2[1m}[0m[2m:[0m [2msprefa_engine_rs::driver[0m[2m:[0m close [3mtime.busy[0m[2m=[0m6.66ms [3mtime.idle[0m[2m=[0m2.42µs
[2m2026-08-24T17:33:33.188659Z[0m [32m INFO[0m [1mtick[0m[1m{[0m[3mtick[0m[2m=[0m1 [3marrivals[0m[2m=[0m1[1m}[0m[2m:[0m[1mapply_arrivals[0m[1m{[0m[3marrivals[0m[2m=[0m1 [3mgroups[0m[2m=[0m1[1m}[0m[2m:[0m [2msprefa_engine_rs::incremental[0m[2m:[0m close [3mtime.busy[0m[2m=[0m95.4µs [3mtime.idle[0m[2m=[0m626ns
[2m2026-08-24T17:33:33.196565Z[0m [32m INFO[0m [1mtick[0m[1m{[0m[3mtick[0m[2m=[0m1 [3marrivals[0m[2m=[0m1[1m}[0m[2m:[0m [2msprefa_engine_rs::driver[0m[2m:[0m close [3mtime.busy[0m[2m=[0m8.87ms [3mtime.idle[0m[2m=[0m625ns
[2m2026-08-24T17:33:33.197469Z[0m [32m INFO[0m [1mtick[0m[1m{[0m[3mtick[0m[2m=[0m2 [3marrivals[0m[2m=[0m1[1m}[0m[2m:[0m[1mapply_arrivals[0m[1m{[0m[3marrivals[0m[2m=[0m1 [3mgroups[0m[2m=[0m1[1m}[0m[2m:[0m [2msprefa_engine_rs::incremental[0m[2m:[0m close [3mtime.busy[0m[2m=[0m41.0µs [3mtime.idle[0m[2m=[0m375ns
[2m2026-08-24T17:33:33.204736Z[0m [32m INFO[0m [1mtick[0m[1m{[0m[3mtick[0m[2m=[0m2 [3marrivals[0m[2m=[0m1[1m}[0m[2m:[0m [2msprefa_engine_rs::driver[0m[2m:[0m close [3mtime.busy[0m[2m=[0m8.14ms [3mtime.idle[0m[2m=[0m916ns
[2m2026-08-24T17:33:33.205885Z[0m [32m INFO[0m [1mtick[0m[1m{[0m[3mtick[0m[2m=[0m3 [3marrivals[0m[2m=[0m1[1m}[0m[2m:[0m[1mapply_arrivals[0m[1m{[0m[3marrivals[0m[2m=[0m1 [3mgroups[0m[2m=[0m1[1m}[0m[2m:[0m [2msprefa_engine_rs::incremental[0m[2m:[0m close [3mtime.busy[0m[2m=[0m185µs [3mtime.idle[0m[2m=[0m375ns
[2m2026-08-24T17:33:33.218492Z[0m [32m INFO[0m [1mtick[0m[1m{[0m[3mtick[0m[2m=[0m3 [3marrivals[0m[2m=[0m1[1m}[0m[2m:[0m [2msprefa_engine_rs::driver[0m[2m:[0m close [3mtime.busy[0m[2m=[0m13.7ms [3mtime.idle[0m[2m=[0m875ns
[2m2026-08-24T17:33:33.220129Z[0m [32m INFO[0m [1mtick[0m[1m{[0m[3mtick[0m[2m=[0m4 [3marrivals[0m[2m=[0m1[1m}[0m[2m:[0m[1mapply_arrivals[0m[1m{[0m[3marrivals[0m[2m=[0m1 [3mgroups[0m[2m=[0m1[1m}[0m[2m:[0m [2msprefa_engine_rs::incremental[0m[2m:[0m close [3mtime.busy[0m[2m=[0m261µs [3mtime.idle[0m[2m=[0m1.58µs
[2m2026-08-24T17:33:33.230571Z[0m [32m INFO[0m [1mtick[0m[1m{[0m[3mtick[0m[2m=[0m4 [3marrivals[0m[2m=[0m1[1m}[0m[2m:[0m [2msprefa_engine_rs::driver[0m[2m:[0m close [3mtime.busy[0m[2m=[0m11.9ms [3mtime.idle[0m[2m=[0m1.08µs
[2m2026-08-24T17:33:33.231666Z[0m [32m INFO[0m [1mtick[0m[1m{[0m[3mtick[0m[2m=[0m5 [3marrivals[0m[2m=[0m1[1m}[0m[2m:[0m[1mapply_arrivals[0m[1m{[0m[3marrivals[0m[2m=[0m1 [3mgroups[0m[2m=[0m1[1m}[0m[2m:[0m [2msprefa_engine_rs::incremental[0m[2m:[0m close [3mtime.busy[0m[2m=[0m50.2µs [3mtime.idle[0m[2m=[0m417ns
[2m2026-08-24T17:33:33.247111Z[0m [32m INFO[0m [1mtick[0m[1m{[0m[3mtick[0m[2m=[0m5 [3marrivals[0m[2m=[0m1[1m}[0m[2m:[0m [2msprefa_engine_rs::driver[0m[2m:[0m close [3mtime.busy[0m[2m=[0m16.4ms [3mtime.idle[0m[2m=[0m1.38µs
[2m2026-08-24T17:33:33.248471Z[0m [32m INFO[0m [1mtick[0m[1m{[0m[3mtick[0m[2m=[0m6 [3marrivals[0m[2m=[0m1[1m}[0m[2m:[0m[1mapply_arrivals[0m[1m{[0m[3marrivals[0m[2m=[0m1 [3mgroups[0m[2m=[0m1[1m}[0m[2m:[0m [2msprefa_engine_rs::incremental[0m[2m:[0m close [3mtime.busy[0m[2m=[0m76.1µs [3mtime.idle[0m[2m=[0m584ns
[2m2026-08-24T17:33:33.255410Z[0m [32m INFO[0m [1mtick[0m[1m{[0m[3mtick[0m[2m=[0m6 [3marrivals[0m[2m=[0m1[1m}[0m[2m:[0m [2msprefa_engine_rs::driver[0m[2m:[0m close [3mtime.busy[0m[2m=[0m8.11ms [3mtime.idle[0m[2m=[0m1.17µs
[2m2026-08-24T17:33:33.256641Z[0m [32m INFO[0m [1mtick[0m[1m{[0m[3mtick[0m[2m=[0m7 [3marrivals[0m[2m=[0m1[1m}[0m[2m:[0m[1mapply_arrivals[0m[1m{[0m[3marrivals[0m[2m=[0m1 [3mgroups[0m[2m=[0m1[1m}[0m[2m:[0m [2msprefa_engine_rs::incremental[0m[2m:[0m close [3mtime.busy[0m[2m=[0m84.4µs [3mtime.idle[0m[2m=[0m1.29µs
[2m2026-08-24T17:33:33.259783Z[0m [32m INFO[0m [1mtick[0m[1m{[0m[3mtick[0m[2m=[0m7 [3marrivals[0m[2m=[0m1[1m}[0m[2m:[0m [2msprefa_engine_rs::driver[0m[2m:[0m close [3mtime.busy[0m[2m=[0m4.31ms [3mtime.idle[0m[2m=[0m541ns
[2m2026-08-24T17:33:33.260690Z[0m [32m INFO[0m [1mtick[0m[1m{[0m[3mtick[0m[2m=[0m8 [3marrivals[0m[2m=[0m1[1m}[0m[2m:[0m[1mapply_arrivals[0m[1m{[0m[3marrivals[0m[2m=[0m1 [3mgroups[0m[2m=[0m1[1m}[0m[2m:[0m [2msprefa_engine_rs::incremental[0m[2m:[0m close [3mtime.busy[0m[2m=[0m56.5µs [3mtime.idle[0m[2m=[0m250ns
[2m2026-08-24T17:33:33.262739Z[0m [32m INFO[0m [1mtick[0m[1m{[0m[3mtick[0m[2m=[0m8 [3marrivals[0m[2m=[0m1[1m}[0m[2m:[0m [2msprefa_engine_rs::driver[0m[2m:[0m close [3mtime.busy[0m[2m=[0m2.92ms [3mtime.idle[0m[2m=[0m416ns
[2m2026-08-24T17:33:33.263625Z[0m [32m INFO[0m [1mtick[0m[1m{[0m[3mtick[0m[2m=[0m9 [3marrivals[0m[2m=[0m1[1m}[0m[2m:[0m[1mapply_arrivals[0m[1m{[0m[3marrivals[0m[2m=[0m1 [3mgroups[0m[2m=[0m1[1m}[0m[2m:[0m [2msprefa_engine_rs::incremental[0m[2m:[0m close [3mtime.busy[0m[2m=[0m60.3µs [3mtime.idle[0m[2m=[0m250ns
[2m2026-08-24T17:33:33.265899Z[0m [32m INFO[0m [1mtick[0m[1m{[0m[3mtick[0m[2m=[0m9 [3marrivals[0m[2m=[0m1[1m}[0m[2m:[0m [2msprefa_engine_rs::driver[0m[2m:[0m close [3mtime.busy[0m[2m=[0m3.14ms [3mtime.idle[0m[2m=[0m333ns
[2m2026-08-24T17:33:33.266818Z[0m [32m INFO[0m [1mtick[0m[1m{[0m[3mtick[0m[2m=[0m10 [3marrivals[0m[2m=[0m1[1m}[0m[2m:[0m[1mapply_arrivals[0m[1m{[0m[3marrivals[0m[2m=[0m1 [3mgroups[0m[2m=[0m1[1m}[0m[2m:[0m [2msprefa_engine_rs::incremental[0m[2m:[0m close [3mtime.busy[0m[2m=[0m45.7µs [3mtime.idle[0m[2m=[0m208ns
[2m2026-08-24T17:33:33.268328Z[0m [32m INFO[0m [1mtick[0m[1m{[0m[3mtick[0m[2m=[0m10 [3marrivals[0m[2m=[0m1[1m}[0m[2m:[0m [2msprefa_engine_rs::driver[0m[2m:[0m close [3mtime.busy[0m[2m=[0m2.39ms [3mtime.idle[0m[2m=[0m292ns
[2m2026-08-24T17:33:33.269207Z[0m [32m INFO[0m [1mtick[0m[1m{[0m[3mtick[0m[2m=[0m11 [3marrivals[0m[2m=[0m1[1m}[0m[2m:[0m[1mapply_arrivals[0m[1m{[0m[3marrivals[0m[2m=[0m1 [3mgroups[0m[2m=[0m1[1m}[0m[2m:[0m [2msprefa_engine_rs::incremental[0m[2m:[0m close [3mtime.busy[0m[2m=[0m71.8µs [3mtime.idle[0m[2m=[0m207ns
[2m2026-08-24T17:33:33.278082Z[0m [32m INFO[0m [1mtick[0m[1m{[0m[3mtick[0m[2m=[0m11 [3marrivals[0m[2m=[0m1[1m}[0m[2m:[0m [2msprefa_engine_rs::driver[0m[2m:[0m close [3mtime.busy[0m[2m=[0m9.73ms [3mtime.idle[0m[2m=[0m374ns
[2m2026-08-24T17:33:33.279888Z[0m [32m INFO[0m [1mtick[0m[1m{[0m[3mtick[0m[2m=[0m12 [3marrivals[0m[2m=[0m1[1m}[0m[2m:[0m[1mapply_arrivals[0m[1m{[0m[3marrivals[0m[2m=[0m1 [3mgroups[0m[2m=[0m1[1m}[0m[2m:[0m [2msprefa_engine_rs::incremental[0m[2m:[0m close [3mtime.busy[0m[2m=[0m101µs [3mtime.idle[0m[2m=[0m500ns
[2m2026-08-24T17:33:33.286740Z[0m [32m INFO[0m [1mtick[0m[1m{[0m[3mtick[0m[2m=[0m12 [3marrivals[0m[2m=[0m1[1m}[0m[2m:[0m [2msprefa_engine_rs::driver[0m[2m:[0m close [3mtime.busy[0m[2m=[0m8.29ms [3mtime.idle[0m[2m=[0m625ns
[2m2026-08-24T17:33:33.292127Z[0m [32m INFO[0m [1mtick[0m[1m{[0m[3mtick[0m[2m=[0m13 [3marrivals[0m[2m=[0m0[1m}[0m[2m:[0m [2msprefa_engine_rs::driver[0m[2m:[0m close [3mtime.busy[0m[2m=[0m5.25ms [3mtime.idle[0m[2m=[0m2.08µs
[2m2026-08-24T17:33:33.292265Z[0m [32m INFO[0m [2msprefa_engine_rs::sql[0m[2m:[0m seam tally [3mstatements[0m[2m=[0m10147 [3minert[0m[2m=[0m4266 [3minert_pct[0m[2m=[0m42 [3mrows_out[0m[2m=[0m834 [3mrows_changed[0m[2m=[0m2162 [3mms[0m[2m=[0m83

== DL_TRACE_SUMMARY ==
  us_total     us_sql    us_rust    pct    calls  rows_out   changed  verb             relation
     93600      93499        101  43.9%     1743         0         0  ddl              -
     10605       9952        653   5.0%       28        28        28  probe            -
      6400       6400          0   3.0%     1093         0         0  unlabelled       -
      6389       6361         28   3.0%      344         0        25  boot             -
      2444       2387         56   1.1%       36         0         0  level_insert     notification_seen
      2129       2124          5   1.0%       13         0         0  clear            prepare
      2075       2060         14   1.0%        6         3        13  level_insert     gql_pull
      1978       1970          8   0.9%       27         0         0  clear            promote
      1430       1391         38   0.7%       48         7         9  level_insert     pr_batch_member
      1311       1268         43   0.6%       55         3         3  level_insert     pull_request_seen
      1261       1165         96   0.6%      187         0        71  recount          __host_demand_http__post
      1090       1062         28   0.5%       24         7        21  level_insert     __host_demand_http__get
      1092       1060         32   0.5%       49         0         0  level_insert     discovered_repo
      1012        980         31   0.5%       42        11        19  level_insert     __host_demand_http__post
      1023        971         51   0.5%       73         0         0  recount          notification_seen
      1021        920        101   0.5%      140         0         0  level_insert     branch_pattern_list
       939        912         26   0.4%       31         0         3  recount          gql_pull
       943        892         50   0.4%       94         0        70  recount          __host_demand_http__get
       902        854         47   0.4%       90        28        67  aggregate        pr_post_body
       931        837         94   0.4%      140         0         0  level_insert     link_part_list
       804        783         21   0.4%       24         2         7  level_insert     repo_event_seen
       760        751          8   0.4%        5         4         4  level_insert     page_response
       649        631         18   0.3%       10         4         4  level_insert     page_arrival
       640        629         10   0.3%        8         5         5  level_insert     poll_state
       624        617          7   0.3%        6         0         0  level_insert     gql_status_context
       614        596         17   0.3%       14         0         0  level_insert     over_budget
       594        588          6   0.3%        6         0         0  level_insert     gql_comment
       645        586         58   0.3%       88        23        51  aggregate        rate_pool
       584        577          6   0.3%        6         0         0  level_insert     gql_review
       579        572          6   0.3%        6         0         0  level_insert     gql_check_run
       570        563          6   0.3%       14         0         0  snapshot_pre     -
       565        561          3   0.3%       13         0         0  clear            merge
       563        556          6   0.3%        4         1         1  level_insert     period_candidate
       563        545         17   0.3%       16         0         0  level_insert     lane_proof
       562        523         39   0.3%       73         0        11  recount          repo_event_seen
       570        522         47   0.3%       84         0        13  recount          pull_request_seen
       554        521         33   0.3%       70        24        57  aggregate        pr_batch
       523        507         15   0.2%       13         3         3  level_insert     pr_batch_arrival
       571        491         80   0.3%      169         0        22  recount          pr_batch_arrival
       529        479         50   0.2%       95         0        42  recount          page_response
       482        473          9   0.2%       12         2         2  level_insert     page_prev_etag
       487        468         18   0.2%       24        18        20  level_insert     pr_selection
       478        467         11   0.2%        8         4         4  level_insert     due
       490        464         25   0.2%       54         0         6  recount          change_candidate
       473        459         14   0.2%       16         0         0  level_insert     checkout_task
       518        457         61   0.2%      112         0        47  recount          poll_state
       471        453         17   0.2%        4         4         0  publish          pull_request_seen
       467        448         19   0.2%       24         0         0  level_insert     candidate_branch
       449        432         17   0.2%       25         4         6  level_insert     change_candidate
       435        424         11   0.2%       20         0         0  level_insert     watched_global
       469        424         45   0.2%       85         0        20  recount          page_arrival
       442        422         20   0.2%        4         4         0  publish          gql_pull
       450        421         29   0.2%       54         0         0  recount          link_part_list
       462        410         52   0.2%      114         0        59  recount          pr_query
       427        410         17   0.2%        4         3         0  publish          pull_request
       415        409          5   0.2%        6         0         0  level_insert     gql_label
       423        405         17   0.2%       31         0         0  recount          gql_status_context
       434        399         34   0.2%       80         0         0  recount          discovered_repo
       412        395         17   0.2%       31         0         0  recount          gql_comment
       399        392          7   0.2%        5         1         1  level_insert     dirty_pr
       551        391        160   0.3%        9        16         0  publish          __host_demand_http__post
       435        390         44   0.2%       85         0        25  recount          pr_batch_response
       399        380         18   0.2%       31         0         0  recount          gql_check_run
       388        378          9   0.2%       10         0         0  level_insert     pr_status_check_seen
       391        373         18   0.2%       31         0         0  recount          gql_review
       406        361         45   0.2%       56         0         5  recount          dirty_pr
       361        337         24   0.2%       46         0        30  recount          pr_selection
       385        330         54   0.2%      112         0        38  recount          page_prev_etag
       331        320         11   0.2%       10         6         6  level_insert     pr_due
       332        316         15   0.2%       30         7        16  aggregate        request_headers
       319        309         10   0.1%       15         2         6  level_insert     __host_demand_env__var
       387        303         83   0.2%       30         0        44  stage            rate_pool
       340        303         36   0.2%       73         0         0  recount          candidate_branch
       307        302          4   0.1%        3         3         3  level_insert     pr_batch_response
       305        302          3   0.1%        2         1         1  level_insert     watched_repo_seen
       333        299         33   0.2%       66         0        39  recount          rest_response
       304        292         12   0.1%       15         2         5  level_insert     __host_demand_toml__json
       347        290         57   0.2%       74         0         0  recount          over_budget
       308        288         19   0.1%       20         0         0  recount          lane_proof
       304        285         19   0.1%       20         0         3  recount          open_pr
       287        282          4   0.1%        6         0         0  level_insert     gql_requested_reviewer
       305        281         23   0.1%       42         0         9  recount          pr_batch_member
       297        270         26   0.1%        5         5         0  publish          page_response
       273        268          5   0.1%        6         1         1  level_insert     gql_pull_closed_at
       272        267          5   0.1%       14         0         0  advance_tick     -
       451        265        185   0.2%       38         0        14  recount          call_candidate
       299        261         38   0.1%       84         0        29  recount          poll_state_tag
       333        259         74   0.2%       27         0        47  stage            pr_post_body
       289        257         31   0.1%       66         0        24  recount          pr_post_field
       262        257          4   0.1%        6         1         2  level_insert     gql_merge_commit
       257        254          3   0.1%       13        13         0  read_staged      -
       260        246         13   0.1%       31         0         0  recount          gql_label
       245        239          6   0.1%        6         1         1  level_insert     gql_pull_merged_at
       254        239         15   0.1%       31         0        24  recount          request_header
       250        236         14   0.1%       12         0         0  level_insert     rate_warm
       254        234         19   0.1%       42         0        30  recount          pr_batch_alias
       242        234          7   0.1%       10         0         0  level_insert     pr_comment_seen
       292        232         59   0.1%        6        10         0  publish          __host_demand_http__get
       243        229         13   0.1%       21         3         3  level_insert     request_header
       279        222         56   0.1%       21         0        41  stage            pr_batch
       251        221         29   0.1%       57         0         0  recount          pr_comment_seen
       240        219         20   0.1%       42         0         8  recount          header_etag
       242        214         28   0.1%       57         0         0  recount          pr_status_check_seen
       236        213         22   0.1%        6        20         0  publish          pr_batch_alias
       220        212          8   0.1%        9         6         6  level_insert     rest_response
       215        210          4   0.1%        5         1         1  level_insert     config_doc
       225        210         15   0.1%       31         0         0  recount          gql_requested_reviewer
       216        208          8   0.1%        3         2         0  publish          open_pr
       212        205          6   0.1%        8         2         4  level_insert     recent_event
       213        205          8   0.1%       11         1         1  level_insert     pr_merge_commit_seen
       213        203          9   0.1%        4         2         0  publish          recent_event
       209        203          6   0.1%        6         1         1  level_insert     token_seen
       251        199         51   0.1%       15         0        42  stage            pr_batch_alias
       264        195         69   0.1%       74         0         0  recount          rate_warm
       232        195         37   0.1%       10         5         5  arrive           __host_response_http__get
       210        194         15   0.1%       31         0         0  recount          gql_merge_commit
       260        194         66   0.1%        8        19         0  publish          pr_post_body
       258        194         63   0.1%       18         0        24  stage            __host_demand_http__post
       242        193         49   0.1%        6        20         0  publish          pr_selection
       206        190         15   0.1%       20         9        10  level_insert     pr_query
       209        185         24   0.1%        5         5         0  publish          __host_response_http__get
       197        185         11   0.1%       20         3         8  aggregate        graphql_headers
       189        185          4   0.1%        4         1         6  edge_project     repo_config
       230        184         45   0.1%       15         0        42  stage            pr_selection
       190        184          6   0.1%       10         0         0  level_insert     pr_label_seen
       231        184         47   0.1%        8        14         0  publish          pr_post_field
       234        183         51   0.1%       19         0        25  stage            pr_post_field
       196        182         13   0.1%       31         0         0  recount          gql_pull_merged_at
       196        182         14   0.1%       31         0         0  recount          gql_pull_closed_at
       184        178          6   0.1%       10         0         0  level_insert     pr_review_seen
       344        177        166   0.2%       26        38         4  intern           -
       189        174         14   0.1%       28         0         8  recount          due
       193        173         19   0.1%       47         0         9  recount          pr_due
       187        173         13   0.1%       16        18        19  level_insert     pr_batch_alias
       200        173         26   0.1%       57         0         0  recount          pr_review_seen
       191        171         20   0.1%        4         2         2  arrive           __host_response_http__post
       180        171          9   0.1%       12         0         0  level_insert     not_an_org
       176        171          5   0.1%       10         0         0  level_insert     pr_requested_reviewer_seen
       198        169         28   0.1%        2         2         0  publish          __host_response_http__post
       176        164         12   0.1%        5         8         0  publish          pr_batch_member
       168        164          4   0.1%        5         0         0  level_insert     endpoint_cooling
       170        162          8   0.1%       10         4        12  level_insert     __host_demand_dl__tick_cost
       219        161         58   0.1%       10         0        10  stage            __host_response_http__get
       165        160          4   0.1%        2         1         0  publish          watched_repo
       177        160         17   0.1%        8         9         0  publish          poll_state
       168        159          8   0.1%        4         2         0  publish          repo_event
       162        158          4   0.1%        2         1         0  publish          watched_repo_seen
       162        155          6   0.1%        7         7         7  level_insert     call_candidate
       204        154         49   0.1%       12         0        14  stage            call_log
       201        153         47   0.1%        6        15         0  publish          pr_batch
       177        153         23   0.1%       57         0         0  recount          pr_label_seen
       157        151          6   0.1%       10        11        11  level_insert     pr_post_field
       187        151         36   0.1%       11         0        14  stage            rest_response
       158        150          7   0.1%        3         3         0  publish          repo_event_seen
       198        149         49   0.1%       12         0        14  stage            call_candidate
       192        147         44   0.1%        6         0         6  stage            gql_pull
       163        146         17   0.1%       38         0         8  recount          header_rate_remaining
       159        145         13   0.1%       38         0         3  recount          dirty_repo
       159        145         14   0.1%       18         0         3  recount          open_pr_head
       161        144         16   0.1%       42         0         0  recount          header_link
       186        143         43   0.1%        6         0         6  stage            pull_request_seen
       159        143         15   0.1%       38         0         8  recount          header_rate_reset
       160        142         18   0.1%       10         7         0  publish          call_log
       156        140         16   0.1%        5         5         0  publish          page_arrival
       165        139         25   0.1%       57         0         0  recount          pr_merge_commit_seen
       148        139          8   0.1%        8         1         1  level_insert     open_pr
       173        138         34   0.1%       14         0        20  stage            pr_query
       179        138         40   0.1%       10         5         6  arrive           __host_response_clock__tick
       177        138         39   0.1%        9         0        15  stage            __host_demand_http__get
       141        137          3   0.1%        7         4         4  level_insert     page_fetch
       156        137         18   0.1%       42         0         0  recount          header_modified
       159        134         25   0.1%       57         0         0  recount          pr_requested_reviewer_seen
       153        132         20   0.1%        7         9         0  publish          call_candidate
       143        131         11   0.1%        8         7         0  publish          poll_state_etag
       143        130         12   0.1%       28         0         3  recount          gql_rate_remaining
       169        128         40   0.1%       12         0        15  stage            poll_state
       135        126          9   0.1%        5         5         5  level_insert     current_clock
       163        125         37   0.1%       10         0        16  stage            pr_batch_member
       164        124         40   0.1%        7        12         0  publish          pr_query
       163        123         40   0.1%        6         0         6  stage            pr_batch_arrival
       136        123         13   0.1%       28         0         3  recount          gql_rate_reset
       164        123         41   0.1%        8         0         8  stage            page_response
       126        121          4   0.1%        5         0         0  level_insert     measured
       129        121          8   0.1%       15         0         0  level_insert     branch_seen
       130        121          8   0.1%        4         6         0  publish          change_candidate
       123        119          3   0.1%        2         1         0  publish          repo_config
       138        119         18   0.1%       10        16         0  publish          rate_pool
       152        116         35   0.1%        4         0         4  stage            __host_response_http__post
       153        115         37   0.1%        6         0         6  stage            pr_batch_response
       144        115         28   0.1%        4         0         5  stage            pull_request
       153        115         38   0.1%        8         0         8  stage            page_arrival
       129        113         16   0.1%       38         0         0  recount          endpoint_hit
       145        113         31   0.1%       10         0        13  stage            rate_state
       120        113          7   0.1%        5         4         0  publish          change_log
       128        113         15   0.1%       38         0         0  recount          header_poll_interval
       116        111          4   0.1%        6         1         2  level_insert     watched_endpoint
       123        111         12   0.1%        4         4         0  publish          __host_demand_dl__tick_cost
       166        110         55   0.1%       10         0        10  stage            __host_response_clock__tick
       118        110          7   0.1%       10         4         6  level_insert     header_etag
       112        109          2   0.1%        1         1         0  publish          gql_merge_commit
       109        106          3   0.1%        2         1         0  publish          watched_endpoint
       109        105          4   0.1%        1         2         1  publish          __host_demand_env__var
       117        101         15   0.1%       38         0         0  recount          endpoint_miss
       120        100         20   0.1%        8         0        11  stage            poll_state_polled
       102         99          2   0.0%        1         1         0  publish          __host_response_env__var
       105         98          7   0.0%        5         5         0  publish          header_etag
       121         97         23   0.1%        8         0        11  stage            poll_state_etag
       102         97          5   0.0%        3         3         0  publish          request_header
       100         96          4   0.0%        2         1         0  publish          pr_transition
       100         94          5   0.0%        3         2         0  publish          open_pr_head
       105         94         10   0.0%       14         0         0  retention        call_log
        97         94          3   0.0%        4         0         0  edge_project     org_config
        95         91          3   0.0%        1         2         1  publish          __host_demand_toml__json
        99         91          8   0.0%        5         4         0  publish          due
        99         91          7   0.0%        5         4         0  publish          page_fetch
       116         91         25   0.1%        7         0        13  stage            pr_due
       102         90         11   0.0%        9         8         0  publish          rate_state
        92         90          2   0.0%        1         1         0  publish          gql_pull_closed_at
       113         90         23   0.1%        9         0         9  stage            page_fetch
       113         89         24   0.1%       10         0        10  stage            current_clock
        91         88          2   0.0%        5         0         0  level_insert     endpoint_hit
       110         88         21   0.1%        9         0        12  stage            request_headers
        90         87          2   0.0%        2         1         0  publish          poll_endpoint
        90         87          2   0.0%        2         1         0  publish          graphql_header
        87         86          1   0.0%        1         1         0  publish          gql_pull_merged_at
       104         85         18   0.0%        6         9         0  publish          rest_response
        93         85          7   0.0%       16         3         7  aggregate        endpoint_period
        94         84          9   0.0%       12         0         0  edge_project     gh_username
       104         83         21   0.0%        9         0         9  stage            due
       101         82         18   0.0%        8         0         8  stage            __host_demand_dl__tick_cost
        99         82         17   0.0%        6         0         8  stage            change_log
        87         81          6   0.0%        3         5         0  publish          request_headers
        89         81          8   0.0%       12         4         6  edge_project     page_ordinal
        96         81         15   0.0%        3         0         3  stage            open_pr
        98         80         18   0.0%        6         0         6  stage            recent_event
       103         80         23   0.0%        4         4         0  publish          pr_batch_arrival
        82         78          3   0.0%        2         2         0  publish          api_tier
        95         78         16   0.0%        6         0         6  stage            gql_rate_remaining
        82         78          4   0.0%        4         3         0  publish          page_prev_etag
        97         77         20   0.0%        8         0         8  stage            header_rate_remaining
        82         77          5   0.0%        4         3         0  publish          poll_state_tag
        94         76         17   0.0%        8         0         8  stage            header_rate_reset
        97         76         21   0.0%        4         4         0  publish          pr_batch_response
        91         76         15   0.0%        6         0         6  stage            gql_rate_reset
        95         76         19   0.0%        8         0         8  stage            page_ordinal
        93         75         18   0.0%        8         0         8  stage            header_etag
        84         75          9   0.0%        5         5         1  publish          __host_response_clock__tick
        78         73          5   0.0%        2         1         0  publish          pr_merge_commit
        81         72          8   0.0%        8         7         0  publish          poll_state_polled
        98         72         26   0.0%        7         0         6  edge_project     repo_checkout
        78         71          7   0.0%        8         4         0  publish          page_ordinal
        75         70          4   0.0%        1         1         1  publish          __host_response_toml__json
        74         70          4   0.0%        8         2         2  level_insert     poll_state_tag
        85         69         15   0.0%        4         0         5  stage            last_body
        84         69         14   0.0%        3         0         3  stage            watched_repo_seen
        81         67         13   0.0%        6         0         6  stage            poll_state_tag
        68         66          2   0.0%        5         4         4  level_insert     header_rate_reset
        68         65          2   0.0%        3         3         3  level_insert     gql_rate_reset
        73         65          7   0.0%        5         5         0  publish          header_rate_remaining
        68         65          3   0.0%        2         2         0  publish          graphql_headers
        74         65          9   0.0%       10         0         0  level_insert     header_link
        68         64          3   0.0%        4         1         0  edge_project     global_setting
        83         64         18   0.0%        4         0         4  stage            repo_event
        82         64         18   0.0%        6         0         8  stage            change_candidate
        70         64          6   0.0%        4         4         0  publish          gql_rate_remaining
        65         63          2   0.0%        2         1         0  publish          repo
        78         62         15   0.0%        4         0         4  stage            repo_event_seen
        68         62          5   0.0%        2         1         2  arrive           __host_response_toml__json
        68         62          5   0.0%       14         0         0  retention        change_log
        65         62          3   0.0%        3         3         3  level_insert     gql_rate_remaining
        75         61         13   0.0%        5         0         6  stage            endpoint_period
        65         60          5   0.0%        5         5         0  publish          header_rate_reset
        62         59          3   0.0%        2         1         0  publish          global_setting
        71         59         12   0.0%        5         0         8  stage            request_header
        62         59          3   0.0%        4         1         1  level_insert     open_pr_head
        62         59          3   0.0%        5         4         4  level_insert     header_rate_remaining
        66         58          7   0.0%        4         3         0  publish          last_body
        64         58          5   0.0%       10         0         0  level_insert     header_modified
        67         58          9   0.0%        8         3         6  aggregate        best_config_rank
        62         57          5   0.0%        4         4         0  publish          gql_rate_reset
        61         56          5   0.0%        4         3         0  publish          poll_state_changed
        57         55          1   0.0%        3         3         2  edge_project     chosen_config
        63         55          8   0.0%        3         0         3  stage            open_pr_head
        59         55          4   0.0%        3         3         0  publish          dirty_repo
        56         55          1   0.0%        1         1         0  publish          pr_merge_commit_seen
        58         54          3   0.0%        8         3         6  aggregate        best_token_rank
        55         53          2   0.0%        1         1         0  publish          dirty_pr
        65         53         11   0.0%        5         0         6  stage            graphql_headers
        61         53          8   0.0%        4         8         0  publish          pr_due
        52         50          1   0.0%        2         2         2  level_insert     api_tier
        60         50         10   0.0%        5         0         5  stage            page_prev_etag
        58         50          8   0.0%        3         0         3  stage            watched_endpoint
        50         49          0   0.0%        1         1         1  level_insert     config_present
        52         49          2   0.0%        4         1         2  level_insert     graphql_header
        52         49          2   0.0%        2         2         0  publish          endpoint_period
        58         49          9   0.0%        4         0         5  stage            poll_state_changed
        59         49          9   0.0%        2         0         2  stage            watched_repo
        53         48          4   0.0%       14         0         0  retention        engine_tick_cost
        52         48          4   0.0%        2         1         1  publish          chosen_config
        55         47          7   0.0%        3         0         6  stage            api_tier
        57         46         10   0.0%        2         0         2  stage            __host_response_toml__json
        50         46          4   0.0%        8         0         5  edge_project     page_queued
        52         46          6   0.0%        2         0         2  stage            gql_merge_commit
        51         46          5   0.0%        2         1         2  arrive           __host_response_env__var
        48         46          2   0.0%        2         1         0  publish          seq_repo_ordinal_2
        64         45         19   0.0%        6         0         7  edge_write       call_log
        54         45          9   0.0%        4         0         5  stage            best_config_rank
        50         44          5   0.0%        2         0         2  stage            repo_ordinal
        52         44          7   0.0%        3         0         3  stage            graphql_header
        46         43          2   0.0%        2         1         0  publish          period_candidate
        51         42          8   0.0%        2         0         2  stage            repo_config
        47         42          4   0.0%        2         0         2  stage            dirty_pr
        50         41          8   0.0%        2         0         2  stage            chosen_config
        44         41          3   0.0%        1         1         1  publish          config_doc
        43         41          1   0.0%        2         1         0  publish          api_token
        49         40          8   0.0%        4         0         4  stage            dirty_repo
        47         40          6   0.0%        3         0         3  stage            poll_endpoint
        41         40          1   0.0%        1         1         1  publish          config_present
        57         40         17   0.0%        2         0         2  edge_write       pull_request
        49         40          9   0.0%        4         0         5  stage            best_token_rank
        41         39          1   0.0%        3         2         2  level_insert     dirty_repo
        41         39          1   0.0%        1         1         0  publish          token_seen
        46         39          6   0.0%        3         0         3  stage            repo
        48         39          9   0.0%        2         0         2  stage            global_setting
        45         39          6   0.0%        2         0         2  stage            gql_pull_closed_at
        46         38          7   0.0%        2         0         2  stage            config_doc
        41         38          2   0.0%        5         0         0  level_insert     header_poll_interval
        55         38         17   0.0%        2         0         4  stage            __host_demand_env__var
        44         37          6   0.0%        2         0         2  stage            pr_transition
        43         37          6   0.0%        2         0         4  stage            __host_demand_toml__json
        42         37          5   0.0%        2         0         2  stage            pr_merge_commit_seen
       137         36        101   0.1%        2         0         2  stage            seq_repo_ordinal_2
        38         36          2   0.0%        2         1         1  level_insert     poll_endpoint
        41         36          5   0.0%        2         0         2  stage            gql_pull_merged_at
        41         36          5   0.0%        7         7         6  edge_project     call_log
        41         35          6   0.0%        3         0         3  stage            period_candidate
        45         35         10   0.0%        3         2         3  edge_lookup      pull_request
        40         34          5   0.0%        2         0         2  stage            pr_merge_commit
        41         34          6   0.0%        2         0         2  stage            __host_response_env__var
        41         33          7   0.0%        6         7         0  edge_project     rate_state
        36         33          3   0.0%        5         0         0  level_insert     endpoint_miss
        38         33          5   0.0%        2         0         2  stage            pr_ever_synced
        49         32         17   0.0%        5         0         5  edge_write       rate_state
        35         32          2   0.0%        2         1         0  publish          repo_ordinal
        45         32         13   0.0%        4         0         4  edge_write       poll_state_etag
        38         31          6   0.0%        2         0         2  edge_write       last_body
        36         31          4   0.0%        4         3         4  edge_project     pull_request
        35         31          4   0.0%        2         0         2  stage            token_seen
        47         30         17   0.0%        6         5         0  edge_lookup      rate_state
        36         30          5   0.0%        5         5         1  publish          current_clock
        36         29          6   0.0%        1         0         1  edge_write       watched_repo
        32         28          4   0.0%        5         2         2  edge_project     last_body
        32         28          3   0.0%        5         4         3  edge_project     poll_state_etag
        30         28          2   0.0%        2         1         0  publish          pr_ever_synced
        32         28          3   0.0%        2         0         2  stage            api_token
        34         27          6   0.0%        4         3         4  read_staged      pull_request_seen
        31         27          4   0.0%        2         0         2  stage            config_present
        34         26          7   0.0%        2         0         2  edge_write       repo_event
        27         26          1   0.0%        2         1         1  level_insert     repo
        36         26         10   0.0%        4         0         4  edge_write       page_ordinal
        29         25          4   0.0%        2         0         3  edge_lookup      repo_event
        31         22          8   0.0%        4         0         4  edge_write       poll_state_polled
        23         22          1   0.0%        2         2         2  edge_project     api_token
        28         22          6   0.0%        3         0         4  edge_write       change_log
        22         21          1   0.0%        2         1         2  edge_project     seq_repo_ordinal_2
        28         20          7   0.0%        4         0         1  edge_lookup      page_ordinal
        26         20          5   0.0%        1         0         1  edge_write       global_setting
        22         20          2   0.0%        4         4         4  edge_project     change_log
        22         19          3   0.0%        5         0         5  edge_project     poll_state_modified
        21         17          3   0.0%        2         0         2  edge_write       poll_state_changed
        23         17          5   0.0%        1         0         1  edge_write       repo_config
        18         16          2   0.0%        5         2         5  edge_project     poll_state_changed
        18         15          2   0.0%        3         1         3  edge_project     pr_transition
        17         15          1   0.0%        1         1         0  edge_project     watched_repo
        18         15          2   0.0%        1         0         1  edge_write       pr_merge_commit
        17         15          2   0.0%        2         0         2  edge_write       seq_repo_ordinal_2
        15         14          0   0.0%        1         1         1  edge_project     pr_merge_commit
        17         14          2   0.0%        3         2         4  edge_project     repo_event
        16         14          1   0.0%        1         0         1  edge_lookup      pr_merge_commit
        16         14          1   0.0%        1         1         1  read_staged      watched_repo
        28         14         13   0.0%        1         0         3  edge_lookup      repo_config
        15         13          1   0.0%        1         2         1  publish          best_config_rank
        16         13          3   0.0%        1         0         1  edge_write       chosen_config
        14         12          1   0.0%        1         2         0  publish          best_token_rank
        13         12          1   0.0%        2         1         2  edge_project     repo_ordinal
        14         11          2   0.0%        4         3         4  edge_project     pr_ever_synced
        21         11          9   0.0%        2         1         1  edge_lookup      last_body
        13         11          2   0.0%        5         4         5  edge_project     poll_state_polled
        14         11          2   0.0%        1         0         0  edge_lookup      global_setting
        20         11          9   0.0%        4         3         2  edge_lookup      poll_state_etag
        13         10          2   0.0%        5         0         5  edge_project     poll_state_period
        11          9          1   0.0%        1         0         1  edge_write       repo_ordinal
        11          9          1   0.0%        1         0         1  edge_write       pr_ever_synced
        12          9          2   0.0%        1         0         0  edge_lookup      watched_repo
        14          8          5   0.0%        4         3         4  edge_lookup      poll_state_polled
        11          7          4   0.0%        3         2         2  edge_lookup      chosen_config
         9          7          1   0.0%        1         0         1  edge_write       api_token
         8          6          1   0.0%        1         0         1  edge_write       pr_transition
        10          6          3   0.0%        3         2         3  edge_lookup      pr_ever_synced
         8          6          2   0.0%        2         1         2  edge_lookup      poll_state_changed
         6          4          2   0.0%        2         1         2  edge_lookup      api_token
         5          4          1   0.0%        1         0         1  edge_lookup      repo_ordinal
         5          4          1   0.0%        1         0         1  edge_lookup      seq_repo_ordinal_2
        27          0         27   0.0%        0         0         0  arrive_diff      -
        34          0         34   0.0%        0         0         0  arrive_encode    -
         0          0          0   0.0%        0         0         0  decode           -
       934          0        934   0.4%        0         0         0  ticklog          -
    194735                        91.3%                               TOTAL sqlite     
      2321                         1.1%                               TOTAL rust in scopes 
     16225                         7.6%                               TOTAL rust unscoped 
    213281                       100.0%                               TOTAL wall       
