[2m2026-08-24T18:20:40.012022Z[0m [32m INFO[0m [1mtick[0m[1m{[0m[3mtick[0m[2m=[0m0 [3marrivals[0m[2m=[0m2[1m}[0m[2m:[0m[1mapply_arrivals[0m[1m{[0m[3marrivals[0m[2m=[0m2 [3mgroups[0m[2m=[0m2[1m}[0m[2m:[0m [2msprefa_engine_rs::incremental[0m[2m:[0m close [3mtime.busy[0m[2m=[0m294µs [3mtime.idle[0m[2m=[0m1.50µs
[2m2026-08-24T18:20:40.016226Z[0m [32m INFO[0m [1mtick[0m[1m{[0m[3mtick[0m[2m=[0m0 [3marrivals[0m[2m=[0m2[1m}[0m[2m:[0m [2msprefa_engine_rs::driver[0m[2m:[0m close [3mtime.busy[0m[2m=[0m6.98ms [3mtime.idle[0m[2m=[0m3.62µs
[2m2026-08-24T18:20:40.017258Z[0m [32m INFO[0m [1mtick[0m[1m{[0m[3mtick[0m[2m=[0m1 [3marrivals[0m[2m=[0m1[1m}[0m[2m:[0m[1mapply_arrivals[0m[1m{[0m[3marrivals[0m[2m=[0m1 [3mgroups[0m[2m=[0m1[1m}[0m[2m:[0m [2msprefa_engine_rs::incremental[0m[2m:[0m close [3mtime.busy[0m[2m=[0m117µs [3mtime.idle[0m[2m=[0m1.75µs
[2m2026-08-24T18:20:40.025443Z[0m [32m INFO[0m [1mtick[0m[1m{[0m[3mtick[0m[2m=[0m1 [3marrivals[0m[2m=[0m1[1m}[0m[2m:[0m [2msprefa_engine_rs::driver[0m[2m:[0m close [3mtime.busy[0m[2m=[0m9.15ms [3mtime.idle[0m[2m=[0m624ns
[2m2026-08-24T18:20:40.026316Z[0m [32m INFO[0m [1mtick[0m[1m{[0m[3mtick[0m[2m=[0m2 [3marrivals[0m[2m=[0m1[1m}[0m[2m:[0m[1mapply_arrivals[0m[1m{[0m[3marrivals[0m[2m=[0m1 [3mgroups[0m[2m=[0m1[1m}[0m[2m:[0m [2msprefa_engine_rs::incremental[0m[2m:[0m close [3mtime.busy[0m[2m=[0m40.7µs [3mtime.idle[0m[2m=[0m292ns
[2m2026-08-24T18:20:40.033744Z[0m [32m INFO[0m [1mtick[0m[1m{[0m[3mtick[0m[2m=[0m2 [3marrivals[0m[2m=[0m1[1m}[0m[2m:[0m [2msprefa_engine_rs::driver[0m[2m:[0m close [3mtime.busy[0m[2m=[0m8.27ms [3mtime.idle[0m[2m=[0m833ns
[2m2026-08-24T18:20:40.035114Z[0m [32m INFO[0m [1mtick[0m[1m{[0m[3mtick[0m[2m=[0m3 [3marrivals[0m[2m=[0m1[1m}[0m[2m:[0m[1mapply_arrivals[0m[1m{[0m[3marrivals[0m[2m=[0m1 [3mgroups[0m[2m=[0m1[1m}[0m[2m:[0m [2msprefa_engine_rs::incremental[0m[2m:[0m close [3mtime.busy[0m[2m=[0m192µs [3mtime.idle[0m[2m=[0m584ns
[2m2026-08-24T18:20:40.047949Z[0m [32m INFO[0m [1mtick[0m[1m{[0m[3mtick[0m[2m=[0m3 [3marrivals[0m[2m=[0m1[1m}[0m[2m:[0m [2msprefa_engine_rs::driver[0m[2m:[0m close [3mtime.busy[0m[2m=[0m14.1ms [3mtime.idle[0m[2m=[0m1.12µs
[2m2026-08-24T18:20:40.049460Z[0m [32m INFO[0m [1mtick[0m[1m{[0m[3mtick[0m[2m=[0m4 [3marrivals[0m[2m=[0m1[1m}[0m[2m:[0m[1mapply_arrivals[0m[1m{[0m[3marrivals[0m[2m=[0m1 [3mgroups[0m[2m=[0m1[1m}[0m[2m:[0m [2msprefa_engine_rs::incremental[0m[2m:[0m close [3mtime.busy[0m[2m=[0m203µs [3mtime.idle[0m[2m=[0m542ns
[2m2026-08-24T18:20:40.059464Z[0m [32m INFO[0m [1mtick[0m[1m{[0m[3mtick[0m[2m=[0m4 [3marrivals[0m[2m=[0m1[1m}[0m[2m:[0m [2msprefa_engine_rs::driver[0m[2m:[0m close [3mtime.busy[0m[2m=[0m11.3ms [3mtime.idle[0m[2m=[0m958ns
[2m2026-08-24T18:20:40.060698Z[0m [32m INFO[0m [1mtick[0m[1m{[0m[3mtick[0m[2m=[0m5 [3marrivals[0m[2m=[0m1[1m}[0m[2m:[0m[1mapply_arrivals[0m[1m{[0m[3marrivals[0m[2m=[0m1 [3mgroups[0m[2m=[0m1[1m}[0m[2m:[0m [2msprefa_engine_rs::incremental[0m[2m:[0m close [3mtime.busy[0m[2m=[0m63.4µs [3mtime.idle[0m[2m=[0m458ns
[2m2026-08-24T18:20:40.076085Z[0m [32m INFO[0m [1mtick[0m[1m{[0m[3mtick[0m[2m=[0m5 [3marrivals[0m[2m=[0m1[1m}[0m[2m:[0m [2msprefa_engine_rs::driver[0m[2m:[0m close [3mtime.busy[0m[2m=[0m16.5ms [3mtime.idle[0m[2m=[0m1.08µs
[2m2026-08-24T18:20:40.077383Z[0m [32m INFO[0m [1mtick[0m[1m{[0m[3mtick[0m[2m=[0m6 [3marrivals[0m[2m=[0m1[1m}[0m[2m:[0m[1mapply_arrivals[0m[1m{[0m[3marrivals[0m[2m=[0m1 [3mgroups[0m[2m=[0m1[1m}[0m[2m:[0m [2msprefa_engine_rs::incremental[0m[2m:[0m close [3mtime.busy[0m[2m=[0m72.5µs [3mtime.idle[0m[2m=[0m584ns
[2m2026-08-24T18:20:40.084409Z[0m [32m INFO[0m [1mtick[0m[1m{[0m[3mtick[0m[2m=[0m6 [3marrivals[0m[2m=[0m1[1m}[0m[2m:[0m [2msprefa_engine_rs::driver[0m[2m:[0m close [3mtime.busy[0m[2m=[0m8.15ms [3mtime.idle[0m[2m=[0m667ns
[2m2026-08-24T18:20:40.085431Z[0m [32m INFO[0m [1mtick[0m[1m{[0m[3mtick[0m[2m=[0m7 [3marrivals[0m[2m=[0m1[1m}[0m[2m:[0m[1mapply_arrivals[0m[1m{[0m[3marrivals[0m[2m=[0m1 [3mgroups[0m[2m=[0m1[1m}[0m[2m:[0m [2msprefa_engine_rs::incremental[0m[2m:[0m close [3mtime.busy[0m[2m=[0m64.9µs [3mtime.idle[0m[2m=[0m458ns
[2m2026-08-24T18:20:40.087902Z[0m [32m INFO[0m [1mtick[0m[1m{[0m[3mtick[0m[2m=[0m7 [3marrivals[0m[2m=[0m1[1m}[0m[2m:[0m [2msprefa_engine_rs::driver[0m[2m:[0m close [3mtime.busy[0m[2m=[0m3.43ms [3mtime.idle[0m[2m=[0m500ns
[2m2026-08-24T18:20:40.088950Z[0m [32m INFO[0m [1mtick[0m[1m{[0m[3mtick[0m[2m=[0m8 [3marrivals[0m[2m=[0m1[1m}[0m[2m:[0m[1mapply_arrivals[0m[1m{[0m[3marrivals[0m[2m=[0m1 [3mgroups[0m[2m=[0m1[1m}[0m[2m:[0m [2msprefa_engine_rs::incremental[0m[2m:[0m close [3mtime.busy[0m[2m=[0m67.3µs [3mtime.idle[0m[2m=[0m1.17µs
[2m2026-08-24T18:20:40.091241Z[0m [32m INFO[0m [1mtick[0m[1m{[0m[3mtick[0m[2m=[0m8 [3marrivals[0m[2m=[0m1[1m}[0m[2m:[0m [2msprefa_engine_rs::driver[0m[2m:[0m close [3mtime.busy[0m[2m=[0m3.32ms [3mtime.idle[0m[2m=[0m459ns
[2m2026-08-24T18:20:40.092248Z[0m [32m INFO[0m [1mtick[0m[1m{[0m[3mtick[0m[2m=[0m9 [3marrivals[0m[2m=[0m1[1m}[0m[2m:[0m[1mapply_arrivals[0m[1m{[0m[3marrivals[0m[2m=[0m1 [3mgroups[0m[2m=[0m1[1m}[0m[2m:[0m [2msprefa_engine_rs::incremental[0m[2m:[0m close [3mtime.busy[0m[2m=[0m64.4µs [3mtime.idle[0m[2m=[0m334ns
[2m2026-08-24T18:20:40.094621Z[0m [32m INFO[0m [1mtick[0m[1m{[0m[3mtick[0m[2m=[0m9 [3marrivals[0m[2m=[0m1[1m}[0m[2m:[0m [2msprefa_engine_rs::driver[0m[2m:[0m close [3mtime.busy[0m[2m=[0m3.35ms [3mtime.idle[0m[2m=[0m749ns
[2m2026-08-24T18:20:40.095565Z[0m [32m INFO[0m [1mtick[0m[1m{[0m[3mtick[0m[2m=[0m10 [3marrivals[0m[2m=[0m1[1m}[0m[2m:[0m[1mapply_arrivals[0m[1m{[0m[3marrivals[0m[2m=[0m1 [3mgroups[0m[2m=[0m1[1m}[0m[2m:[0m [2msprefa_engine_rs::incremental[0m[2m:[0m close [3mtime.busy[0m[2m=[0m43.5µs [3mtime.idle[0m[2m=[0m291ns
[2m2026-08-24T18:20:40.097254Z[0m [32m INFO[0m [1mtick[0m[1m{[0m[3mtick[0m[2m=[0m10 [3marrivals[0m[2m=[0m1[1m}[0m[2m:[0m [2msprefa_engine_rs::driver[0m[2m:[0m close [3mtime.busy[0m[2m=[0m2.59ms [3mtime.idle[0m[2m=[0m458ns
[2m2026-08-24T18:20:40.098251Z[0m [32m INFO[0m [1mtick[0m[1m{[0m[3mtick[0m[2m=[0m11 [3marrivals[0m[2m=[0m1[1m}[0m[2m:[0m[1mapply_arrivals[0m[1m{[0m[3marrivals[0m[2m=[0m1 [3mgroups[0m[2m=[0m1[1m}[0m[2m:[0m [2msprefa_engine_rs::incremental[0m[2m:[0m close [3mtime.busy[0m[2m=[0m70.4µs [3mtime.idle[0m[2m=[0m334ns
[2m2026-08-24T18:20:40.106381Z[0m [32m INFO[0m [1mtick[0m[1m{[0m[3mtick[0m[2m=[0m11 [3marrivals[0m[2m=[0m1[1m}[0m[2m:[0m [2msprefa_engine_rs::driver[0m[2m:[0m close [3mtime.busy[0m[2m=[0m9.10ms [3mtime.idle[0m[2m=[0m708ns
[2m2026-08-24T18:20:40.107944Z[0m [32m INFO[0m [1mtick[0m[1m{[0m[3mtick[0m[2m=[0m12 [3marrivals[0m[2m=[0m1[1m}[0m[2m:[0m[1mapply_arrivals[0m[1m{[0m[3marrivals[0m[2m=[0m1 [3mgroups[0m[2m=[0m1[1m}[0m[2m:[0m [2msprefa_engine_rs::incremental[0m[2m:[0m close [3mtime.busy[0m[2m=[0m90.2µs [3mtime.idle[0m[2m=[0m375ns
[2m2026-08-24T18:20:40.114614Z[0m [32m INFO[0m [1mtick[0m[1m{[0m[3mtick[0m[2m=[0m12 [3marrivals[0m[2m=[0m1[1m}[0m[2m:[0m [2msprefa_engine_rs::driver[0m[2m:[0m close [3mtime.busy[0m[2m=[0m7.89ms [3mtime.idle[0m[2m=[0m834ns
[2m2026-08-24T18:20:40.116270Z[0m [32m INFO[0m [1mtick[0m[1m{[0m[3mtick[0m[2m=[0m13 [3marrivals[0m[2m=[0m0[1m}[0m[2m:[0m [2msprefa_engine_rs::driver[0m[2m:[0m close [3mtime.busy[0m[2m=[0m1.54ms [3mtime.idle[0m[2m=[0m375ns
[2m2026-08-24T18:20:40.116303Z[0m [32m INFO[0m [2msprefa_engine_rs::sql[0m[2m:[0m seam tally [3mstatements[0m[2m=[0m10147 [3minert[0m[2m=[0m4266 [3minert_pct[0m[2m=[0m42 [3mrows_out[0m[2m=[0m834 [3mrows_changed[0m[2m=[0m2162 [3mms[0m[2m=[0m82

== DL_TRACE_SUMMARY ==
  us_total     us_sql    us_rust    pct    calls  rows_out   changed  verb             relation
     93787      93691         96  44.8%     1743         0         0  ddl              -
     10331       9776        554   4.9%       28        28        28  probe            -
      6416       6387         28   3.1%      344         0        25  boot             -
      5052       5052          0   2.4%     1093         0         0  unlabelled       -
      2510       2448         62   1.2%       36         0         0  level_insert     notification_seen
      1988       1974         13   1.0%        6         3        13  level_insert     gql_pull
      1820       1815          5   0.9%       27         0         0  clear            promote
      1606       1603          2   0.8%       13         0         0  clear            prepare
      1405       1369         36   0.7%       48         7         9  level_insert     pr_batch_member
      1316       1273         43   0.6%       55         3         3  level_insert     pull_request_seen
      1255       1154        101   0.6%      187         0        71  recount          __host_demand_http__post
      1124       1095         28   0.5%       24         7        21  level_insert     __host_demand_http__get
      1114       1081         33   0.5%       49         0         0  level_insert     discovered_repo
      1045       1012         32   0.5%       42        11        19  level_insert     __host_demand_http__post
      1007        956         51   0.5%       73         0         0  recount          notification_seen
       928        903         24   0.4%       31         0         3  recount          gql_pull
       950        901         49   0.5%       94         0        70  recount          __host_demand_http__get
       894        846         47   0.4%       90        28        67  aggregate        pr_post_body
       808        786         22   0.4%       24         2         7  level_insert     repo_event_seen
       866        784         81   0.4%      140         0         0  level_insert     branch_pattern_list
       792        782          9   0.4%        5         4         4  level_insert     page_response
       804        724         79   0.4%      140         0         0  level_insert     link_part_list
       681        659         21   0.3%       10         4         4  level_insert     page_arrival
       636        628          8   0.3%        6         0         0  level_insert     gql_status_context
       614        604         10   0.3%        6         0         0  level_insert     gql_review
       580        569         10   0.3%        6         0         0  level_insert     gql_comment
       564        557          7   0.3%        6         0         0  level_insert     gql_check_run
       566        555         11   0.3%        8         5         5  level_insert     poll_state
       588        548         39   0.3%       73         0        11  recount          repo_event_seen
       537        534          3   0.3%       13         0         0  clear            merge
       538        530          7   0.3%        4         1         1  level_insert     period_candidate
       559        520         38   0.3%       70        24        57  aggregate        pr_batch
       542        520         22   0.3%       25         4         6  level_insert     change_candidate
       564        515         49   0.3%       95         0        42  recount          page_response
       557        513         44   0.3%       84         0        13  recount          pull_request_seen
       527        510         16   0.3%       13         3         3  level_insert     pr_batch_arrival
       565        485         80   0.3%      169         0        22  recount          pr_batch_arrival
       507        481         26   0.2%       54         0         6  recount          change_candidate
       491        478         12   0.2%       14         0         0  level_insert     over_budget
       490        471         18   0.2%       24        18        20  level_insert     pr_selection
       478        468          9   0.2%        8         4         4  level_insert     due
       470        461          8   0.2%       12         2         2  level_insert     page_prev_etag
       472        458         13   0.2%       16         0         0  level_insert     checkout_task
       475        456         18   0.2%       24         0         0  level_insert     candidate_branch
       500        443         57   0.2%      112         0        47  recount          poll_state
       447        435         11   0.2%       16         0         0  level_insert     lane_proof
       450        430         20   0.2%        4         4         0  publish          gql_pull
       457        428         28   0.2%       54         0         0  recount          link_part_list
       432        427          5   0.2%       14         0         0  snapshot_pre     -
       439        426         12   0.2%       20         0         0  level_insert     watched_global
       465        420         44   0.2%       85         0        20  recount          page_arrival
       431        413         17   0.2%        4         4         0  publish          pull_request_seen
       577        413        164   0.3%        9        16         0  publish          __host_demand_http__post
       429        411         18   0.2%       31         0         0  recount          gql_status_context
       458        406         52   0.2%      114         0        59  recount          pr_query
       418        404         14   0.2%        4         3         0  publish          pull_request
       435        400         34   0.2%       80         0         0  recount          discovered_repo
       408        389         18   0.2%       31         0         0  recount          gql_comment
       403        385         18   0.2%       31         0         0  recount          gql_review
       399        382         16   0.2%       31         0         0  recount          gql_check_run
       424        380         43   0.2%       85         0        25  recount          pr_batch_response
       392        379         13   0.2%       10         0         0  level_insert     pr_status_check_seen
       385        378          7   0.2%        5         1         1  level_insert     dirty_pr
       414        372         41   0.2%       88        23        51  aggregate        rate_pool
       359        354          5   0.2%        6         0         0  level_insert     gql_label
       369        344         24   0.2%       46         0        30  recount          pr_selection
       377        324         53   0.2%      112         0        38  recount          page_prev_etag
       331        319         11   0.2%       15         2         6  level_insert     __host_demand_env__var
       338        319         18   0.2%       30         7        16  aggregate        request_headers
       322        311         10   0.2%       10         6         6  level_insert     pr_due
       333        308         25   0.2%       42         0         9  recount          pr_batch_member
       309        305          3   0.1%        2         1         1  level_insert     watched_repo_seen
       303        300          3   0.1%        3         3         3  level_insert     pr_batch_response
       325        296         28   0.2%       56         0         5  recount          dirty_pr
       301        291          9   0.1%       15         2         5  level_insert     __host_demand_toml__json
       378        289         89   0.2%       30         0        44  stage            rate_pool
       321        287         33   0.2%       66         0        39  recount          rest_response
       315        282         32   0.2%       73         0         0  recount          candidate_branch
       280        276          4   0.1%        6         0         0  level_insert     gql_requested_reviewer
       293        262         30   0.1%       66         0        24  recount          pr_post_field
       320        254         66   0.2%       27         0        47  stage            pr_post_body
       274        252         21   0.1%       42         0        30  recount          pr_batch_alias
       398        252        145   0.2%       38         0        14  recount          call_candidate
       253        245          8   0.1%       10         0         0  level_insert     pr_comment_seen
       255        245         10   0.1%       20         0         0  recount          lane_proof
       248        244          4   0.1%        6         1         2  level_insert     gql_merge_commit
       303        244         59   0.1%       21         0        41  stage            pr_batch
       256        242         14   0.1%       31         0         0  recount          gql_label
       247        241          5   0.1%        6         1         1  level_insert     gql_pull_closed_at
       277        240         37   0.1%       84         0        29  recount          poll_state_tag
       254        240         14   0.1%       20         9        10  level_insert     pr_query
       252        239         12   0.1%       20         0         3  recount          open_pr
       252        238         14   0.1%       21         3         3  level_insert     request_header
       239        236          2   0.1%       13        13         0  read_staged      -
       245        235          9   0.1%        6         1         1  level_insert     gql_pull_merged_at
       291        234         57   0.1%        6        10         0  publish          __host_demand_http__get
       242        234          8   0.1%        3         2         0  publish          open_pr
       260        230         29   0.1%       57         0         0  recount          pr_comment_seen
       244        229         15   0.1%        5         5         0  publish          page_response
       231        223          7   0.1%        9         6         6  level_insert     rest_response
       244        222         21   0.1%       42         0         8  recount          header_etag
       255        218         36   0.1%       74         0         0  recount          over_budget
       232        218         14   0.1%       31         0        24  recount          request_header
       226        218          7   0.1%        6         1         1  level_insert     token_seen
       233        217         16   0.1%       31         0         0  recount          gql_requested_reviewer
       221        216          5   0.1%        5         1         1  level_insert     config_doc
       235        214         21   0.1%        6        20         0  publish          pr_batch_alias
       218        211          6   0.1%       11         1         1  level_insert     pr_merge_commit_seen
       242        209         33   0.1%        9         0        12  stage            request_headers
       221        206         14   0.1%       31         0         0  recount          gql_merge_commit
       228        203         25   0.1%       57         0         0  recount          pr_status_check_seen
       240        202         37   0.1%        5         5         0  publish          __host_response_http__get
       208        202          6   0.1%        8         2         4  level_insert     recent_event
       254        199         55   0.1%       15         0        42  stage            pr_batch_alias
       261        197         63   0.1%       18         0        24  stage            __host_demand_http__post
       239        192         47   0.1%        8        14         0  publish          pr_post_field
       226        190         36   0.1%       10         5         5  arrive           __host_response_http__get
       202        190         12   0.1%       20         3         8  aggregate        graphql_headers
       201        189         11   0.1%       10         0         0  level_insert     pr_label_seen
       203        188         14   0.1%       28         0         8  recount          due
       202        188         13   0.1%       31         0         0  recount          gql_pull_merged_at
       235        188         47   0.1%        6        20         0  publish          pr_selection
       193        188          4   0.1%        4         1         6  edge_project     repo_config
       237        188         49   0.1%       19         0        25  stage            pr_post_field
       211        187         23   0.1%       47         0         9  recount          pr_due
       232        187         44   0.1%       15         0        42  stage            pr_selection
       200        186         14   0.1%       31         0         0  recount          gql_pull_closed_at
       249        185         64   0.1%        8        19         0  publish          pr_post_body
       186        180          5   0.1%       10         0         0  level_insert     pr_review_seen
       202        175         27   0.1%        2         2         0  publish          __host_response_http__post
       217        173         44   0.1%        6         0         6  stage            pull_request_seen
       200        172         27   0.1%       57         0         0  recount          pr_review_seen
       183        171         12   0.1%       16        18        19  level_insert     pr_batch_alias
       174        169          5   0.1%       10         0         0  level_insert     pr_requested_reviewer_seen
       190        169         21   0.1%        7         9         0  publish          call_candidate
       172        168          4   0.1%        5         0         0  level_insert     endpoint_cooling
       181        168         13   0.1%       10         4        12  level_insert     __host_demand_dl__tick_cost
       177        167         10   0.1%       12         0         0  level_insert     rate_warm
       189        162         26   0.1%       57         0         0  recount          pr_label_seen
       166        162          4   0.1%        2         1         0  publish          watched_repo
       322        159        163   0.2%       26        38         4  intern           -
       163        158          4   0.1%        2         1         0  publish          watched_repo_seen
       214        157         57   0.1%       10         0        10  stage            __host_response_http__get
       170        155         14   0.1%        8         9         0  publish          poll_state
       166        154         12   0.1%        5         8         0  publish          pr_batch_member
       161        154          7   0.1%        7         7         7  level_insert     call_candidate
       159        152          7   0.1%        4         2         0  publish          recent_event
       159        151          7   0.1%       12         0         0  level_insert     not_an_org
       203        151         52   0.1%       12         0        14  stage            call_candidate
       167        151         16   0.1%       42         0         0  recount          header_link
       183        150         32   0.1%       74         0         0  recount          rate_warm
       165        150         15   0.1%       10         7         0  publish          call_log
       190        149         40   0.1%       11         0        14  stage            rest_response
       201        148         52   0.1%       12         0        14  stage            call_log
       194        147         47   0.1%        6        15         0  publish          pr_batch
       157        146         11   0.1%        8         7         0  publish          poll_state_etag
       153        145          7   0.1%        3         3         0  publish          repo_event_seen
       183        145         38   0.1%        9         0        15  stage            __host_demand_http__get
       151        144          7   0.1%        4         2         0  publish          repo_event
       160        143         16   0.1%       38         0         8  recount          header_rate_remaining
       183        143         40   0.1%        8         0         8  stage            page_arrival
       188        143         44   0.1%        6         0         6  stage            gql_pull
       166        141         24   0.1%       57         0         0  recount          pr_merge_commit_seen
       154        141         13   0.1%       28         0         3  recount          gql_rate_remaining
       174        140         33   0.1%       14         0        20  stage            pr_query
       182        140         41   0.1%       10         5         6  arrive           __host_response_clock__tick
       144        139          4   0.1%        7         4         4  level_insert     page_fetch
       179        137         41   0.1%       12         0        15  stage            poll_state
       155        137         18   0.1%       42         0         0  recount          header_modified
       152        136         15   0.1%       38         0         8  recount          header_rate_reset
       147        136         11   0.1%        5         5         5  level_insert     current_clock
       152        136         15   0.1%        5         5         0  publish          page_arrival
       157        132         24   0.1%       57         0         0  recount          pr_requested_reviewer_seen
       172        130         42   0.1%        8         0         8  stage            page_response
       168        129         39   0.1%        7        12         0  publish          pr_query
       140        127         13   0.1%       28         0         3  recount          gql_rate_reset
       128        125          3   0.1%       14         0         0  advance_tick     -
       135        125         10   0.1%        5         0         0  level_insert     measured
       141        124         16   0.1%        4         2         2  arrive           __host_response_http__post
       132        123          8   0.1%       18         0         3  recount          open_pr_head
       160        123         36   0.1%       10         0        16  stage            pr_batch_member
       130        122          8   0.1%        4         6         0  publish          change_candidate
       132        122         10   0.1%       15         0         0  level_insert     branch_seen
       131        122          9   0.1%       10         4         6  level_insert     header_etag
       162        121         40   0.1%        6         0         6  stage            pr_batch_arrival
       128        120          7   0.1%        5         4         0  publish          change_log
       175        120         55   0.1%       10         0        10  stage            __host_response_clock__tick
       133        119         13   0.1%       38         0         3  recount          dirty_repo
       122        119          3   0.1%        2         1         0  publish          repo_config
       148        117         30   0.1%        4         0         5  stage            pull_request
       132        116         16   0.1%       38         0         0  recount          endpoint_hit
       132        116         16   0.1%       38         0         0  recount          header_poll_interval
       130        115         15   0.1%        4         0         4  stage            repo_event
       121        114          6   0.1%       10        11        11  level_insert     pr_post_field
       121        114          7   0.1%        8         1         1  level_insert     open_pr
       119        112          6   0.1%        2         1         0  publish          watched_endpoint
       148        111         37   0.1%        6         0         6  stage            pr_batch_response
       142        111         31   0.1%       10         0        13  stage            rate_state
       123        110         12   0.1%        4         4         0  publish          __host_demand_dl__tick_cost
       107        105          2   0.1%        1         1         0  publish          gql_merge_commit
       122        105         17   0.1%       10        16         0  publish          rate_pool
       108        104          4   0.1%        6         1         2  level_insert     watched_endpoint
       110        104          5   0.1%        1         2         1  publish          __host_demand_env__var
       109        104          5   0.1%        3         2         0  publish          open_pr_head
       137        103         33   0.1%        4         0         4  stage            __host_response_http__post
       105        100          4   0.1%        3         3         0  publish          request_header
       115         99         15   0.1%       38         0         0  recount          endpoint_miss
       102         98          3   0.0%        1         1         0  publish          __host_response_env__var
       104         96          7   0.0%        5         5         0  publish          header_etag
        99         95          3   0.0%        1         2         1  publish          __host_demand_toml__json
       101         94          6   0.0%        2         1         0  publish          graphql_header
       100         92          7   0.0%        5         4         0  publish          due
        96         92          3   0.0%        4         0         0  edge_project     org_config
       117         91         25   0.1%        8         0         8  stage            page_ordinal
       113         91         22   0.1%        9         0         9  stage            due
       100         91          9   0.0%       12         0         0  edge_project     gh_username
       118         90         28   0.1%        9         0         9  stage            page_fetch
       117         90         27   0.1%        8         0        11  stage            poll_state_etag
        92         89          2   0.0%        5         0         0  level_insert     endpoint_hit
        98         89          8   0.0%        5         4         0  publish          page_fetch
       108         89         19   0.1%        6         0         6  stage            recent_event
        90         88          2   0.0%        1         1         0  publish          gql_pull_closed_at
       107         87         19   0.1%        8         0         8  stage            __host_demand_dl__tick_cost
       111         87         24   0.1%       10         0        10  stage            current_clock
       105         87         18   0.1%        6         9         0  publish          rest_response
       108         87         21   0.1%        7         0        13  stage            pr_due
        92         85          6   0.0%        3         5         0  publish          request_headers
        89         85          3   0.0%        2         1         0  publish          poll_endpoint
        92         85          7   0.0%       14         0         0  retention        call_log
        86         84          1   0.0%        1         1         0  publish          gql_pull_merged_at
       102         82         19   0.0%        8         0         8  stage            header_etag
        91         82          8   0.0%       16         3         7  aggregate        endpoint_period
        84         81          2   0.0%        2         1         0  publish          pr_transition
       101         80         20   0.0%        8         0         8  stage            header_rate_remaining
       101         80         20   0.0%        6         0         8  stage            change_candidate
        94         79         14   0.0%        3         0         3  stage            open_pr
        97         79         17   0.0%        8         0         8  stage            header_rate_reset
        90         79         11   0.0%        9         8         0  publish          rate_state
        83         78          4   0.0%        4         3         0  publish          poll_state_tag
        87         78          9   0.0%        5         5         1  publish          __host_response_clock__tick
        99         77         21   0.0%        4         4         0  publish          pr_batch_response
       103         76         26   0.0%        4         4         0  publish          pr_batch_arrival
        81         76          4   0.0%        4         3         0  publish          page_prev_etag
        81         75          5   0.0%        1         1         1  publish          __host_response_toml__json
        83         75          8   0.0%        8         7         0  publish          poll_state_polled
        82         75          7   0.0%        5         5         0  publish          header_rate_remaining
        82         74          7   0.0%        8         4         0  publish          page_ordinal
        89         73         15   0.0%        3         0         3  stage            watched_repo_seen
        76         72          3   0.0%        8         2         2  level_insert     poll_state_tag
        89         71         17   0.0%        6         0         6  stage            gql_rate_remaining
        90         71         19   0.0%        8         0        11  stage            poll_state_polled
        93         70         22   0.0%        7         0         6  edge_project     repo_checkout
        87         69         17   0.0%        6         0         8  stage            change_log
        83         69         14   0.0%        8         3         6  aggregate        best_config_rank
        81         68         13   0.0%        6         0         6  stage            poll_state_tag
        72         68          3   0.0%        4         1         0  edge_project     global_setting
        73         68          5   0.0%        8         3         6  aggregate        best_token_rank
        70         67          2   0.0%        3         3         3  level_insert     gql_rate_remaining
        70         67          3   0.0%        5         4         4  level_insert     header_rate_reset
        68         66          2   0.0%        2         1         0  publish          repo
        71         66          5   0.0%       10         0         0  level_insert     header_link
        81         66         15   0.0%        6         0         6  stage            gql_rate_reset
        70         65          4   0.0%        2         2         0  publish          graphql_headers
        80         64         15   0.0%        4         0         4  stage            repo_event_seen
        66         63          2   0.0%        5         4         4  level_insert     header_rate_remaining
        68         62          5   0.0%        3         3         3  level_insert     gql_rate_reset
        67         62          5   0.0%        5         5         0  publish          header_rate_reset
        75         62         13   0.0%        5         0         8  stage            request_header
        67         61          5   0.0%        4         4         0  publish          gql_rate_remaining
        64         61          3   0.0%        2         1         0  publish          global_setting
        66         60          5   0.0%       10         0         0  level_insert     header_modified
        63         60          3   0.0%        2         1         0  publish          pr_merge_commit
        64         59          5   0.0%        4         4         0  publish          gql_rate_reset
        59         57          1   0.0%        1         1         0  publish          pr_merge_commit_seen
        60         57          2   0.0%        3         3         2  edge_project     chosen_config
        72         57         14   0.0%        4         0         5  stage            last_body
        68         57         11   0.0%        5         0         6  stage            graphql_headers
        64         56          7   0.0%        4         3         0  publish          last_body
        61         56          4   0.0%       14         0         0  retention        change_log
        61         56          5   0.0%        2         1         2  arrive           __host_response_toml__json
        68         54         13   0.0%        5         0         6  stage            endpoint_period
        63         54          8   0.0%       12         4         6  edge_project     page_ordinal
        58         54          4   0.0%        4         3         0  publish          poll_state_changed
        64         53         10   0.0%        4         0         5  stage            best_config_rank
        53         52          0   0.0%        1         1         1  level_insert     config_present
        60         52          7   0.0%        2         1         2  arrive           __host_response_env__var
        60         52          8   0.0%        3         0         3  stage            open_pr_head
        55         51          3   0.0%        4         1         2  level_insert     graphql_header
        59         51          8   0.0%        4         8         0  publish          pr_due
        59         51          8   0.0%        3         0         6  stage            api_tier
        60         50          9   0.0%        4         0         5  stage            best_token_rank
        53         50          3   0.0%        2         2         0  publish          api_tier
        52         50          2   0.0%        2         2         2  level_insert     api_tier
        59         49          9   0.0%        5         0         5  stage            page_prev_etag
        58         49          9   0.0%        2         0         2  stage            global_setting
        50         48          2   0.0%        4         1         1  level_insert     open_pr_head
        57         48          9   0.0%        2         0         2  stage            __host_response_toml__json
        54         47          6   0.0%        2         0         2  stage            gql_merge_commit
        50         47          2   0.0%        2         2         0  publish          endpoint_period
        51         47          4   0.0%        2         1         1  publish          chosen_config
        59         46         12   0.0%        4         0         4  edge_write       page_ordinal
        51         46          4   0.0%        2         0         2  stage            dirty_pr
        56         46          9   0.0%        2         0         2  stage            repo_config
        54         46          8   0.0%        3         0         3  stage            graphql_header
        54         45          9   0.0%        4         0         5  stage            poll_state_changed
        47         45          2   0.0%        1         1         0  publish          dirty_pr
        46         44          2   0.0%        2         1         0  publish          seq_repo_ordinal_2
        53         44          9   0.0%        2         0         2  stage            watched_repo
        52         44          8   0.0%        2         0         2  stage            __host_response_env__var
        52         44          8   0.0%        4         0         4  stage            dirty_repo
        52         43          8   0.0%        3         0         3  stage            watched_endpoint
        45         43          1   0.0%        1         1         1  publish          config_present
        44         43          1   0.0%        1         1         0  publish          token_seen
        45         43          2   0.0%        2         1         0  publish          period_candidate
        46         41          4   0.0%       14         0         0  retention        engine_tick_cost
        58         41         17   0.0%        2         0         2  edge_write       pull_request
        44         41          3   0.0%        1         1         1  publish          config_doc
        43         41          2   0.0%        5         0         0  level_insert     header_poll_interval
        49         41          8   0.0%        2         0         2  stage            chosen_config
        42         40          1   0.0%        3         2         2  level_insert     dirty_repo
        58         40         17   0.0%        2         0         4  stage            __host_demand_env__var
        46         40          6   0.0%        3         0         3  stage            repo
        41         39          1   0.0%        2         1         0  publish          api_token
        45         38          6   0.0%        3         0         3  stage            poll_endpoint
        44         38          6   0.0%        2         0         2  stage            gql_pull_closed_at
        44         38          6   0.0%        2         0         2  stage            pr_transition
        42         38          4   0.0%        3         3         0  publish          dirty_repo
        44         37          6   0.0%        2         0         4  stage            __host_demand_toml__json
        42         37          5   0.0%        2         0         2  stage            token_seen
        43         37          5   0.0%        3         0         3  stage            period_candidate
        56         37         19   0.0%        6         0         7  edge_write       call_log
        41         36          5   0.0%        7         7         6  edge_project     call_log
        41         36          5   0.0%        2         0         2  stage            gql_pull_merged_at
        39         36          2   0.0%        5         0         0  level_insert     endpoint_miss
        43         36          7   0.0%        2         0         2  stage            config_doc
        41         35          5   0.0%        2         0         2  stage            repo_ordinal
        36         34          1   0.0%        2         1         1  level_insert     poll_endpoint
       105         33         71   0.1%        2         0         2  stage            seq_repo_ordinal_2
        39         33          5   0.0%        2         0         2  stage            pr_merge_commit
        39         33          5   0.0%        2         0         2  stage            pr_merge_commit_seen
        43         32         10   0.0%        3         2         3  edge_lookup      pull_request
        36         32          4   0.0%        4         3         4  edge_project     pull_request
        35         31          4   0.0%        2         0         2  stage            pr_ever_synced
        37         31          6   0.0%        1         0         1  edge_write       watched_repo
        33         30          2   0.0%        2         1         0  publish          pr_ever_synced
        35         30          4   0.0%        2         0         2  stage            config_present
        36         30          6   0.0%        5         5         1  publish          current_clock
        33         29          4   0.0%        2         0         2  stage            api_token
        30         28          2   0.0%        2         1         0  publish          repo_ordinal
        33         27          6   0.0%        3         0         4  edge_write       change_log
        30         27          3   0.0%        8         0         5  edge_project     page_queued
        43         27         16   0.0%        5         0         5  edge_write       rate_state
        28         27          1   0.0%        2         1         1  level_insert     repo
        33         26          6   0.0%        1         0         1  edge_write       global_setting
        39         26         12   0.0%        6         5         0  edge_lookup      rate_state
        31         24          6   0.0%        4         3         4  read_staged      pull_request_seen
        25         24          1   0.0%        1         1         1  read_staged      watched_repo
        29         24          5   0.0%        6         7         0  edge_project     rate_state
        31         24          7   0.0%        2         0         2  edge_write       repo_event
        25         23          2   0.0%        2         2         2  edge_project     api_token
        26         22          3   0.0%        5         4         3  edge_project     poll_state_etag
        25         22          2   0.0%        5         0         5  edge_project     poll_state_modified
        30         22          8   0.0%        4         0         1  edge_lookup      page_ordinal
        34         21         13   0.0%        4         0         4  edge_write       poll_state_etag
        22         21          1   0.0%        2         1         2  edge_project     seq_repo_ordinal_2
        26         20          5   0.0%        1         0         1  edge_write       repo_config
        23         20          3   0.0%        4         4         4  edge_project     change_log
        21         17          4   0.0%        2         0         3  edge_lookup      repo_event
        22         17          5   0.0%        2         0         2  edge_write       last_body
        26         17          8   0.0%        4         0         4  edge_write       poll_state_polled
        38         16         21   0.0%        1         0         3  edge_lookup      repo_config
        19         16          3   0.0%        5         2         2  edge_project     last_body
        19         16          3   0.0%        1         0         1  edge_write       chosen_config
        18         15          2   0.0%        2         0         2  edge_write       seq_repo_ordinal_2
        23         15          7   0.0%        4         3         2  edge_lookup      poll_state_etag
        16         15          1   0.0%        1         1         0  edge_project     watched_repo
        16         14          1   0.0%        1         2         1  publish          best_config_rank
        16         14          2   0.0%        4         3         4  edge_project     pr_ever_synced
        16         14          2   0.0%        3         1         3  edge_project     pr_transition
        15         14          1   0.0%        1         0         1  edge_lookup      pr_merge_commit
        16         14          1   0.0%        3         2         4  edge_project     repo_event
        16         13          2   0.0%        1         0         1  edge_write       pr_merge_commit
        19         13          6   0.0%        4         3         4  edge_lookup      poll_state_polled
        15         13          1   0.0%        1         1         1  edge_project     pr_merge_commit
        13         12          0   0.0%        2         1         2  edge_project     repo_ordinal
        14         12          2   0.0%        5         4         5  edge_project     poll_state_polled
        14         12          1   0.0%        5         2         5  edge_project     poll_state_changed
        13         12          1   0.0%        1         2         0  publish          best_token_rank
        15         12          3   0.0%        2         0         2  edge_write       poll_state_changed
        15         11          4   0.0%        1         0         0  edge_lookup      global_setting
        15         11          4   0.0%        2         1         1  edge_lookup      last_body
        13         11          2   0.0%        5         0         5  edge_project     poll_state_period
        11          9          1   0.0%        1         0         1  edge_write       api_token
        11          9          2   0.0%        1         0         1  edge_write       repo_ordinal
        11          8          3   0.0%        1         0         0  edge_lookup      watched_repo
        12          8          4   0.0%        3         2         2  edge_lookup      chosen_config
         9          7          1   0.0%        1         0         1  edge_write       pr_ever_synced
         8          6          1   0.0%        1         0         1  edge_write       pr_transition
        10          6          4   0.0%        3         2         3  edge_lookup      pr_ever_synced
         8          6          2   0.0%        2         1         2  edge_lookup      api_token
         7          5          2   0.0%        2         1         2  edge_lookup      poll_state_changed
         7          4          2   0.0%        1         0         1  edge_lookup      seq_repo_ordinal_2
         5          4          1   0.0%        1         0         1  edge_lookup      repo_ordinal
        25          0         25   0.0%        0         0         0  arrive_diff      -
        33          0         33   0.0%        0         0         0  arrive_encode    -
         0          0          0   0.0%        0         0         0  decode           -
       915          0        915   0.4%        0         0         0  ticklog          -
    191510                        91.6%                               TOTAL sqlite     
      3378                         1.6%                               TOTAL rust in scopes 
     14252                         6.8%                               TOTAL rust unscoped 
    209141                       100.0%                               TOTAL wall       
