[2m2026-08-24T18:29:53.213770Z[0m [32m INFO[0m [1mtick[0m[1m{[0m[3mtick[0m[2m=[0m0 [3marrivals[0m[2m=[0m2[1m}[0m[2m:[0m[1mapply_arrivals[0m[1m{[0m[3marrivals[0m[2m=[0m2 [3mgroups[0m[2m=[0m2[1m}[0m[2m:[0m [2msprefa_engine_rs::incremental[0m[2m:[0m close [3mtime.busy[0m[2m=[0m278µs [3mtime.idle[0m[2m=[0m874ns
[2m2026-08-24T18:29:53.219002Z[0m [32m INFO[0m [1mtick[0m[1m{[0m[3mtick[0m[2m=[0m0 [3marrivals[0m[2m=[0m2[1m}[0m[2m:[0m [2msprefa_engine_rs::driver[0m[2m:[0m close [3mtime.busy[0m[2m=[0m7.52ms [3mtime.idle[0m[2m=[0m2.25µs
[2m2026-08-24T18:29:53.219891Z[0m [32m INFO[0m [1mtick[0m[1m{[0m[3mtick[0m[2m=[0m1 [3marrivals[0m[2m=[0m1[1m}[0m[2m:[0m[1mapply_arrivals[0m[1m{[0m[3marrivals[0m[2m=[0m1 [3mgroups[0m[2m=[0m1[1m}[0m[2m:[0m [2msprefa_engine_rs::incremental[0m[2m:[0m close [3mtime.busy[0m[2m=[0m88.1µs [3mtime.idle[0m[2m=[0m417ns
[2m2026-08-24T18:29:53.228419Z[0m [32m INFO[0m [1mtick[0m[1m{[0m[3mtick[0m[2m=[0m1 [3marrivals[0m[2m=[0m1[1m}[0m[2m:[0m [2msprefa_engine_rs::driver[0m[2m:[0m close [3mtime.busy[0m[2m=[0m9.35ms [3mtime.idle[0m[2m=[0m1.29µs
[2m2026-08-24T18:29:53.229367Z[0m [32m INFO[0m [1mtick[0m[1m{[0m[3mtick[0m[2m=[0m2 [3marrivals[0m[2m=[0m1[1m}[0m[2m:[0m[1mapply_arrivals[0m[1m{[0m[3marrivals[0m[2m=[0m1 [3mgroups[0m[2m=[0m1[1m}[0m[2m:[0m [2msprefa_engine_rs::incremental[0m[2m:[0m close [3mtime.busy[0m[2m=[0m52.6µs [3mtime.idle[0m[2m=[0m334ns
[2m2026-08-24T18:29:53.236704Z[0m [32m INFO[0m [1mtick[0m[1m{[0m[3mtick[0m[2m=[0m2 [3marrivals[0m[2m=[0m1[1m}[0m[2m:[0m [2msprefa_engine_rs::driver[0m[2m:[0m close [3mtime.busy[0m[2m=[0m8.24ms [3mtime.idle[0m[2m=[0m1.17µs
[2m2026-08-24T18:29:53.237923Z[0m [32m INFO[0m [1mtick[0m[1m{[0m[3mtick[0m[2m=[0m3 [3marrivals[0m[2m=[0m1[1m}[0m[2m:[0m[1mapply_arrivals[0m[1m{[0m[3marrivals[0m[2m=[0m1 [3mgroups[0m[2m=[0m1[1m}[0m[2m:[0m [2msprefa_engine_rs::incremental[0m[2m:[0m close [3mtime.busy[0m[2m=[0m164µs [3mtime.idle[0m[2m=[0m667ns
[2m2026-08-24T18:29:53.249689Z[0m [32m INFO[0m [1mtick[0m[1m{[0m[3mtick[0m[2m=[0m3 [3marrivals[0m[2m=[0m1[1m}[0m[2m:[0m [2msprefa_engine_rs::driver[0m[2m:[0m close [3mtime.busy[0m[2m=[0m12.9ms [3mtime.idle[0m[2m=[0m584ns
[2m2026-08-24T18:29:53.251042Z[0m [32m INFO[0m [1mtick[0m[1m{[0m[3mtick[0m[2m=[0m4 [3marrivals[0m[2m=[0m1[1m}[0m[2m:[0m[1mapply_arrivals[0m[1m{[0m[3marrivals[0m[2m=[0m1 [3mgroups[0m[2m=[0m1[1m}[0m[2m:[0m [2msprefa_engine_rs::incremental[0m[2m:[0m close [3mtime.busy[0m[2m=[0m178µs [3mtime.idle[0m[2m=[0m459ns
[2m2026-08-24T18:29:53.260054Z[0m [32m INFO[0m [1mtick[0m[1m{[0m[3mtick[0m[2m=[0m4 [3marrivals[0m[2m=[0m1[1m}[0m[2m:[0m [2msprefa_engine_rs::driver[0m[2m:[0m close [3mtime.busy[0m[2m=[0m10.2ms [3mtime.idle[0m[2m=[0m751ns
[2m2026-08-24T18:29:53.261088Z[0m [32m INFO[0m [1mtick[0m[1m{[0m[3mtick[0m[2m=[0m5 [3marrivals[0m[2m=[0m1[1m}[0m[2m:[0m[1mapply_arrivals[0m[1m{[0m[3marrivals[0m[2m=[0m1 [3mgroups[0m[2m=[0m1[1m}[0m[2m:[0m [2msprefa_engine_rs::incremental[0m[2m:[0m close [3mtime.busy[0m[2m=[0m45.6µs [3mtime.idle[0m[2m=[0m333ns
[2m2026-08-24T18:29:53.276399Z[0m [32m INFO[0m [1mtick[0m[1m{[0m[3mtick[0m[2m=[0m5 [3marrivals[0m[2m=[0m1[1m}[0m[2m:[0m [2msprefa_engine_rs::driver[0m[2m:[0m close [3mtime.busy[0m[2m=[0m16.2ms [3mtime.idle[0m[2m=[0m583ns
[2m2026-08-24T18:29:53.277769Z[0m [32m INFO[0m [1mtick[0m[1m{[0m[3mtick[0m[2m=[0m6 [3marrivals[0m[2m=[0m1[1m}[0m[2m:[0m[1mapply_arrivals[0m[1m{[0m[3marrivals[0m[2m=[0m1 [3mgroups[0m[2m=[0m1[1m}[0m[2m:[0m [2msprefa_engine_rs::incremental[0m[2m:[0m close [3mtime.busy[0m[2m=[0m65.5µs [3mtime.idle[0m[2m=[0m458ns
[2m2026-08-24T18:29:53.284413Z[0m [32m INFO[0m [1mtick[0m[1m{[0m[3mtick[0m[2m=[0m6 [3marrivals[0m[2m=[0m1[1m}[0m[2m:[0m [2msprefa_engine_rs::driver[0m[2m:[0m close [3mtime.busy[0m[2m=[0m7.81ms [3mtime.idle[0m[2m=[0m5.54µs
[2m2026-08-24T18:29:53.285730Z[0m [32m INFO[0m [1mtick[0m[1m{[0m[3mtick[0m[2m=[0m7 [3marrivals[0m[2m=[0m1[1m}[0m[2m:[0m[1mapply_arrivals[0m[1m{[0m[3marrivals[0m[2m=[0m1 [3mgroups[0m[2m=[0m1[1m}[0m[2m:[0m [2msprefa_engine_rs::incremental[0m[2m:[0m close [3mtime.busy[0m[2m=[0m68.8µs [3mtime.idle[0m[2m=[0m458ns
[2m2026-08-24T18:29:53.288410Z[0m [32m INFO[0m [1mtick[0m[1m{[0m[3mtick[0m[2m=[0m7 [3marrivals[0m[2m=[0m1[1m}[0m[2m:[0m [2msprefa_engine_rs::driver[0m[2m:[0m close [3mtime.busy[0m[2m=[0m3.93ms [3mtime.idle[0m[2m=[0m541ns
[2m2026-08-24T18:29:53.289257Z[0m [32m INFO[0m [1mtick[0m[1m{[0m[3mtick[0m[2m=[0m8 [3marrivals[0m[2m=[0m1[1m}[0m[2m:[0m[1mapply_arrivals[0m[1m{[0m[3marrivals[0m[2m=[0m1 [3mgroups[0m[2m=[0m1[1m}[0m[2m:[0m [2msprefa_engine_rs::incremental[0m[2m:[0m close [3mtime.busy[0m[2m=[0m46.2µs [3mtime.idle[0m[2m=[0m166ns
[2m2026-08-24T18:29:53.291152Z[0m [32m INFO[0m [1mtick[0m[1m{[0m[3mtick[0m[2m=[0m8 [3marrivals[0m[2m=[0m1[1m}[0m[2m:[0m [2msprefa_engine_rs::driver[0m[2m:[0m close [3mtime.busy[0m[2m=[0m2.72ms [3mtime.idle[0m[2m=[0m209ns
[2m2026-08-24T18:29:53.292000Z[0m [32m INFO[0m [1mtick[0m[1m{[0m[3mtick[0m[2m=[0m9 [3marrivals[0m[2m=[0m1[1m}[0m[2m:[0m[1mapply_arrivals[0m[1m{[0m[3marrivals[0m[2m=[0m1 [3mgroups[0m[2m=[0m1[1m}[0m[2m:[0m [2msprefa_engine_rs::incremental[0m[2m:[0m close [3mtime.busy[0m[2m=[0m52.1µs [3mtime.idle[0m[2m=[0m208ns
[2m2026-08-24T18:29:53.294104Z[0m [32m INFO[0m [1mtick[0m[1m{[0m[3mtick[0m[2m=[0m9 [3marrivals[0m[2m=[0m1[1m}[0m[2m:[0m [2msprefa_engine_rs::driver[0m[2m:[0m close [3mtime.busy[0m[2m=[0m2.93ms [3mtime.idle[0m[2m=[0m209ns
[2m2026-08-24T18:29:53.294949Z[0m [32m INFO[0m [1mtick[0m[1m{[0m[3mtick[0m[2m=[0m10 [3marrivals[0m[2m=[0m1[1m}[0m[2m:[0m[1mapply_arrivals[0m[1m{[0m[3marrivals[0m[2m=[0m1 [3mgroups[0m[2m=[0m1[1m}[0m[2m:[0m [2msprefa_engine_rs::incremental[0m[2m:[0m close [3mtime.busy[0m[2m=[0m36.4µs [3mtime.idle[0m[2m=[0m166ns
[2m2026-08-24T18:29:53.296272Z[0m [32m INFO[0m [1mtick[0m[1m{[0m[3mtick[0m[2m=[0m10 [3marrivals[0m[2m=[0m1[1m}[0m[2m:[0m [2msprefa_engine_rs::driver[0m[2m:[0m close [3mtime.busy[0m[2m=[0m2.13ms [3mtime.idle[0m[2m=[0m166ns
[2m2026-08-24T18:29:53.297091Z[0m [32m INFO[0m [1mtick[0m[1m{[0m[3mtick[0m[2m=[0m11 [3marrivals[0m[2m=[0m1[1m}[0m[2m:[0m[1mapply_arrivals[0m[1m{[0m[3marrivals[0m[2m=[0m1 [3mgroups[0m[2m=[0m1[1m}[0m[2m:[0m [2msprefa_engine_rs::incremental[0m[2m:[0m close [3mtime.busy[0m[2m=[0m60.2µs [3mtime.idle[0m[2m=[0m166ns
[2m2026-08-24T18:29:53.304611Z[0m [32m INFO[0m [1mtick[0m[1m{[0m[3mtick[0m[2m=[0m11 [3marrivals[0m[2m=[0m1[1m}[0m[2m:[0m [2msprefa_engine_rs::driver[0m[2m:[0m close [3mtime.busy[0m[2m=[0m8.32ms [3mtime.idle[0m[2m=[0m375ns
[2m2026-08-24T18:29:53.306062Z[0m [32m INFO[0m [1mtick[0m[1m{[0m[3mtick[0m[2m=[0m12 [3marrivals[0m[2m=[0m1[1m}[0m[2m:[0m[1mapply_arrivals[0m[1m{[0m[3marrivals[0m[2m=[0m1 [3mgroups[0m[2m=[0m1[1m}[0m[2m:[0m [2msprefa_engine_rs::incremental[0m[2m:[0m close [3mtime.busy[0m[2m=[0m87.6µs [3mtime.idle[0m[2m=[0m208ns
[2m2026-08-24T18:29:53.312024Z[0m [32m INFO[0m [1mtick[0m[1m{[0m[3mtick[0m[2m=[0m12 [3marrivals[0m[2m=[0m1[1m}[0m[2m:[0m [2msprefa_engine_rs::driver[0m[2m:[0m close [3mtime.busy[0m[2m=[0m7.10ms [3mtime.idle[0m[2m=[0m250ns
[2m2026-08-24T18:29:53.313511Z[0m [32m INFO[0m [1mtick[0m[1m{[0m[3mtick[0m[2m=[0m13 [3marrivals[0m[2m=[0m0[1m}[0m[2m:[0m [2msprefa_engine_rs::driver[0m[2m:[0m close [3mtime.busy[0m[2m=[0m1.37ms [3mtime.idle[0m[2m=[0m250ns
[2m2026-08-24T18:29:53.313534Z[0m [32m INFO[0m [2msprefa_engine_rs::sql[0m[2m:[0m seam tally [3mstatements[0m[2m=[0m10147 [3minert[0m[2m=[0m4266 [3minert_pct[0m[2m=[0m42 [3mrows_out[0m[2m=[0m834 [3mrows_changed[0m[2m=[0m2162 [3mms[0m[2m=[0m78

== DL_TRACE_SUMMARY ==
  us_total     us_sql    us_rust    pct    calls  rows_out   changed  verb             relation
     88629      88424        205  44.3%     1743         0         0  ddl              -
      9094       8642        451   4.5%       28        28        28  probe            -
      6549       6518         30   3.3%      344         0        25  boot             -
      4172       4172          0   2.1%     1093         0         0  unlabelled       -
      2415       2360         55   1.2%       36         0         0  level_insert     notification_seen
      1870       1859         10   0.9%        6         3        13  level_insert     gql_pull
      1698       1696          2   0.8%       13         0         0  clear            prepare
      1697       1692          5   0.8%       27         0         0  clear            promote
      1503       1411         92   0.8%      187         0        71  recount          __host_demand_http__post
      1322       1287         34   0.7%       48         7         9  level_insert     pr_batch_member
      1285       1244         40   0.6%       55         3         3  level_insert     pull_request_seen
      1033        999         34   0.5%       49         0         0  level_insert     discovered_repo
       975        944         30   0.5%       42        11        19  level_insert     __host_demand_http__post
       921        898         22   0.5%       24         7        21  level_insert     __host_demand_http__get
       948        898         50   0.5%       73         0         0  recount          notification_seen
       917        856         60   0.5%       94         0        70  recount          __host_demand_http__get
       874        851         22   0.4%       31         0         3  recount          gql_pull
       837        801         36   0.4%       90        28        67  aggregate        pr_post_body
       774        755         19   0.4%       24         2         7  level_insert     repo_event_seen
       755        746          8   0.4%        5         4         4  level_insert     page_response
       799        724         74   0.4%      140         0         0  level_insert     branch_pattern_list
       716        636         79   0.4%      140         0         0  level_insert     link_part_list
       655        605         49   0.3%       84         0        13  recount          pull_request_seen
       590        575         15   0.3%       10         4         4  level_insert     page_arrival
       578        570          7   0.3%        6         0         0  level_insert     gql_status_context
       562        554          8   0.3%        4         1         1  level_insert     period_candidate
       570        537         33   0.3%       54         0         6  recount          change_candidate
       542        536          5   0.3%        6         0         0  level_insert     gql_review
       536        530          5   0.3%        6         0         0  level_insert     gql_check_run
       531        526          5   0.3%        6         0         0  level_insert     gql_comment
       564        525         38   0.3%       73         0        11  recount          repo_event_seen
       519        516          2   0.3%       13         0         0  clear            merge
       526        516         10   0.3%        8         5         5  level_insert     poll_state
       566        483         82   0.3%      169         0        22  recount          pr_batch_arrival
       495        481         13   0.2%       13         3         3  level_insert     pr_batch_arrival
       504        472         31   0.3%       70        24        57  aggregate        pr_batch
       512        468         44   0.3%       95         0        42  recount          page_response
       476        459         17   0.2%       24        18        20  level_insert     pr_selection
       465        452         13   0.2%       16         0         0  level_insert     checkout_task
       461        451          9   0.2%       12         2         2  level_insert     page_prev_etag
       448        437         11   0.2%       20         0         0  level_insert     watched_global
       450        429         21   0.2%       31         0         0  recount          gql_status_context
       436        426          9   0.2%        8         4         4  level_insert     due
       449        425         23   0.2%       31         0         0  recount          gql_review
       435        422         13   0.2%       16         0         0  level_insert     lane_proof
       473        420         52   0.2%      112         0        47  recount          poll_state
       449        416         33   0.2%       54         0         0  recount          link_part_list
       427        415         12   0.2%       14         0         0  level_insert     over_budget
       454        413         41   0.2%       85         0        20  recount          page_arrival
       424        409         14   0.2%       24         0         0  level_insert     candidate_branch
       428        406         22   0.2%        4         4         0  publish          gql_pull
       419        405         14   0.2%       25         4         6  level_insert     change_candidate
       415        402         12   0.2%       15         2         5  level_insert     __host_demand_toml__json
       417        400         16   0.2%        4         4         0  publish          pull_request_seen
       408        393         15   0.2%        4         3         0  publish          pull_request
       409        392         16   0.2%       31         0         0  recount          gql_comment
       443        392         51   0.2%      114         0        59  recount          pr_query
       418        380         37   0.2%       80         0         0  recount          discovered_repo
       538        376        162   0.3%        9        16         0  publish          __host_demand_http__post
       379        373          6   0.2%        5         1         1  level_insert     dirty_pr
       383        366         17   0.2%       31         0         0  recount          gql_check_run
       374        365          9   0.2%       10         0         0  level_insert     pr_status_check_seen
       363        359          4   0.2%       14         0         0  snapshot_pre     -
       380        344         36   0.2%       88        23        51  aggregate        rate_pool
       379        340         39   0.2%       85         0        25  recount          pr_batch_response
       338        335          3   0.2%        2         1         1  level_insert     watched_repo_seen
       356        333         22   0.2%       46         0        30  recount          pr_selection
       345        326         18   0.2%       30         7        16  aggregate        request_headers
       329        325          3   0.2%        6         0         0  level_insert     gql_label
       365        316         48   0.2%      112         0        38  recount          page_prev_etag
       304        295          9   0.2%       15         2         6  level_insert     __host_demand_env__var
       304        282         21   0.2%       42         0         9  recount          pr_batch_member
       310        279         31   0.2%       66         0        39  recount          rest_response
       308        278         29   0.2%        5         5         0  publish          page_response
       303        277         25   0.2%       56         0         5  recount          dirty_pr
       303        273         30   0.2%       73         0         0  recount          candidate_branch
       436        272        163   0.2%       38         0        14  recount          call_candidate
       281        271          9   0.1%       10         6         6  level_insert     pr_due
       351        267         83   0.2%       30         0        44  stage            rate_pool
       262        259          3   0.1%        3         3         3  level_insert     pr_batch_response
       268        249         18   0.1%       42         0        30  recount          pr_batch_alias
       861        249        611   0.4%        6        10         0  publish          __host_demand_http__get
       254        249          4   0.1%        6         0         0  level_insert     gql_requested_reviewer
       278        248         29   0.1%       66         0        24  recount          pr_post_field
       306        244         61   0.2%       27         0        47  stage            pr_post_body
       257        243         13   0.1%       31         0         0  recount          gql_label
       245        239          5   0.1%       13        13         0  read_staged      -
       253        239         14   0.1%       31         0        24  recount          request_header
       240        235          4   0.1%        6         1         2  level_insert     gql_merge_commit
       246        235         10   0.1%       10         0         0  level_insert     pr_comment_seen
       242        230         11   0.1%       21         3         3  level_insert     request_header
       237        229          8   0.1%        5         1         1  level_insert     config_doc
       234        226          7   0.1%        6         1         1  level_insert     gql_pull_closed_at
       270        225         44   0.1%       84         0        29  recount          poll_state_tag
       237        225         11   0.1%       20         0         3  recount          open_pr
       279        225         54   0.1%       21         0        41  stage            pr_batch
       246        219         26   0.1%       57         0         0  recount          pr_status_check_seen
       249        218         30   0.1%       57         0         0  recount          pr_comment_seen
       223        218          4   0.1%        6         1         1  level_insert     gql_pull_merged_at
       224        211         12   0.1%       20         0         0  recount          lane_proof
       211        204          7   0.1%        9         6         6  level_insert     rest_response
       209        204          5   0.1%        6         1         1  level_insert     token_seen
       223        202         20   0.1%        6        20         0  publish          pr_batch_alias
       218        202         15   0.1%       31         0         0  recount          gql_requested_reviewer
       214        200         14   0.1%       31         0         0  recount          gql_merge_commit
       207        200          7   0.1%        3         2         0  publish          open_pr
       202        195          6   0.1%        8         2         4  level_insert     recent_event
       201        194          6   0.1%       11         1         1  level_insert     pr_merge_commit_seen
       245        191         54   0.1%       15         0        42  stage            pr_batch_alias
       210        191         19   0.1%       47         0         9  recount          pr_due
       223        189         33   0.1%       74         0         0  recount          over_budget
       237        189         47   0.1%        6        20         0  publish          pr_selection
       240        188         52   0.1%       57         0         0  recount          pr_merge_commit_seen
       204        184         19   0.1%       42         0         8  recount          header_etag
       239        181         57   0.1%       18         0        24  stage            __host_demand_http__post
       208        180         27   0.1%       57         0         0  recount          pr_review_seen
       193        180         12   0.1%       20         9        10  level_insert     pr_query
       190        180          9   0.1%       20         3         8  aggregate        graphql_headers
       225        180         45   0.1%        8        14         0  publish          pr_post_field
       184        178          5   0.1%       10         0         0  level_insert     pr_review_seen
       191        178         13   0.1%       31         0         0  recount          gql_pull_merged_at
       201        178         22   0.1%        5         5         0  publish          __host_response_http__get
       180        176          4   0.1%        4         1         6  edge_project     repo_config
       181        176          5   0.1%       10         0         0  level_insert     pr_label_seen
       234        173         60   0.1%        8        19         0  publish          pr_post_body
       215        173         42   0.1%       15         0        42  stage            pr_selection
       178        173          4   0.1%        2         1         0  publish          watched_repo_seen
       184        171         13   0.1%       31         0         0  recount          gql_pull_closed_at
       181        166         15   0.1%       16        18        19  level_insert     pr_batch_alias
       188        163         25   0.1%        2         2         0  publish          __host_response_http__post
       210        163         47   0.1%       19         0        25  stage            pr_post_field
       187        163         24   0.1%       57         0         0  recount          pr_label_seen
       170        162          8   0.1%       12         0         0  level_insert     rate_warm
       167        161          6   0.1%        5         0         0  level_insert     endpoint_cooling
       167        160          6   0.1%       10         4        12  level_insert     __host_demand_dl__tick_cost
       172        159         12   0.1%        5         4         0  publish          page_fetch
       190        158         31   0.1%       10         5         5  arrive           __host_response_http__get
       161        157          4   0.1%        2         1         0  publish          watched_repo
       162        157          5   0.1%       10         0         0  level_insert     pr_requested_reviewer_seen
       168        155         13   0.1%       28         0         8  recount          due
       158        153          5   0.1%        4         2         0  publish          recent_event
       157        151          6   0.1%        7         7         7  level_insert     call_candidate
       156        149          6   0.1%        3         3         0  publish          repo_event_seen
       162        147         14   0.1%        8         9         0  publish          poll_state
       150        147          3   0.1%        2         1         0  publish          watched_endpoint
       175        146         28   0.1%       57         0         0  recount          pr_requested_reviewer_seen
       195        145         50   0.1%       12         0        14  stage            call_log
       192        144         48   0.1%       12         0        14  stage            call_candidate
       200        143         57   0.1%       10         0        10  stage            __host_response_http__get
       149        142          6   0.1%        4         2         0  publish          repo_event
       177        141         36   0.1%       11         0        14  stage            rest_response
       154        140         13   0.1%        5         8         0  publish          pr_batch_member
       186        140         45   0.1%        6        15         0  publish          pr_batch
       143        139          3   0.1%        7         4         4  level_insert     page_fetch
       174        135         38   0.1%        6         0         6  stage            pull_request_seen
       142        134          7   0.1%       12         0         0  level_insert     not_an_org
       156        131         24   0.1%       42         0         0  recount          header_link
       168        130         37   0.1%       10         5         6  arrive           __host_response_clock__tick
       134        130          3   0.1%        2         1         0  publish          repo_config
       162        129         32   0.1%       74         0         0  recount          rate_warm
       149        129         19   0.1%       42         0         0  recount          header_modified
       169        129         40   0.1%        6         0         6  stage            gql_pull
       289        129        160   0.1%       26        38         4  intern           -
       144        129         14   0.1%        5         5         0  publish          page_arrival
       145        129         16   0.1%       38         0         8  recount          header_rate_remaining
       138        128         10   0.1%        8         7         0  publish          poll_state_etag
       165        127         38   0.1%       12         0        15  stage            poll_state
       157        126         30   0.1%       14         0        20  stage            pr_query
       160        126         34   0.1%       10         0        16  stage            pr_batch_member
       130        126          4   0.1%        5         0         0  level_insert     endpoint_hit
       141        126         14   0.1%       38         0         8  recount          header_rate_reset
       138        124         13   0.1%       38         0         3  recount          dirty_repo
       126        122          3   0.1%        5         0         0  level_insert     measured
       159        122         36   0.1%        8         0         8  stage            page_arrival
       139        121         18   0.1%        7         9         0  publish          call_candidate
       157        120         37   0.1%        7        12         0  publish          pr_query
       131        118         12   0.1%       28         0         3  recount          gql_rate_remaining
       125        116          8   0.1%       18         0         3  recount          open_pr_head
       127        116         11   0.1%       28         0         3  recount          gql_rate_reset
       126        115         10   0.1%        5         5         5  level_insert     current_clock
       155        115         40   0.1%        8         0         8  stage            page_response
       129        115         14   0.1%       10         7         0  publish          call_log
       118        114          3   0.1%        1         1         0  publish          __host_response_env__var
       121        114          7   0.1%       15         0         0  level_insert     branch_seen
       128        113         15   0.1%       38         0         0  recount          endpoint_hit
       122        112          9   0.1%        4         4         0  publish          __host_demand_dl__tick_cost
       125        112         12   0.1%        4         2         2  arrive           __host_response_http__post
       114        110          4   0.1%        6         1         2  level_insert     watched_endpoint
       124        109         15   0.1%       38         0         0  recount          header_poll_interval
       139        108         30   0.1%        9         0        15  stage            __host_demand_http__get
       114        108          6   0.1%        8         1         1  level_insert     open_pr
       148        108         39   0.1%        6         0         6  stage            pr_batch_arrival
       115        107          7   0.1%        4         6         0  publish          change_candidate
       108        105          2   0.1%        1         1         0  publish          gql_merge_commit
       112        105          7   0.1%       10         4         6  level_insert     header_etag
       130        104         25   0.1%        4         0         5  stage            pull_request
       136        104         31   0.1%       10         0        13  stage            rate_state
       110        104          5   0.1%       10        11        11  level_insert     pr_post_field
       120        104         16   0.1%       10        16         0  publish          rate_pool
       138        102         36   0.1%        6         0         6  stage            pr_batch_response
       116        101         14   0.1%       38         0         0  recount          endpoint_miss
       107        100          6   0.1%        5         4         0  publish          change_log
       106        100          5   0.1%        4         3         0  publish          page_prev_etag
       156        100         55   0.1%       10         0        10  stage            __host_response_clock__tick
       126         99         26   0.1%        8         0        11  stage            poll_state_etag
       101         99          2   0.1%       14         0         0  advance_tick     -
       127         98         29   0.1%        4         0         4  stage            __host_response_http__post
       102         97          4   0.1%        3         3         0  publish          request_header
       115         95         19   0.1%        9         0        12  stage            request_headers
        98         94          4   0.0%        1         2         1  publish          __host_demand_env__var
        96         94          2   0.0%        1         1         0  publish          gql_pull_closed_at
        96         93          3   0.0%        2         1         0  publish          poll_endpoint
       100         93          7   0.1%        5         4         0  publish          due
        94         92          2   0.0%        2         1         0  publish          repo
       105         88         16   0.1%        6         0         6  stage            recent_event
        93         88          4   0.0%        3         2         0  publish          open_pr_head
        91         88          2   0.0%        2         1         0  publish          graphql_header
        94         88          6   0.0%        3         5         0  publish          request_headers
        90         87          3   0.0%        4         0         0  edge_project     org_config
       113         87         26   0.1%        9         0         9  stage            page_fetch
        93         86          7   0.0%        5         5         0  publish          header_etag
        87         85          1   0.0%        1         1         0  publish          gql_pull_merged_at
        94         85          9   0.0%       12         0         0  edge_project     gh_username
        92         83          8   0.0%       16         3         7  aggregate        endpoint_period
        90         82          7   0.0%       14         0         0  retention        call_log
       107         82         24   0.1%       10         0        10  stage            current_clock
        85         82          3   0.0%        1         2         1  publish          __host_demand_toml__json
       100         82         17   0.1%        3         0         3  stage            open_pr
       104         82         21   0.1%        9         0         9  stage            due
        98         79         19   0.0%        6         9         0  publish          rest_response
        88         78         10   0.0%        9         8         0  publish          rate_state
        96         78         18   0.0%        8         0         8  stage            __host_demand_dl__tick_cost
        94         77         17   0.0%        3         0         3  stage            watched_repo_seen
        96         77         19   0.0%        8         0        11  stage            poll_state_polled
        79         76          2   0.0%        2         1         0  publish          pr_transition
        78         74          3   0.0%        2         2         0  publish          endpoint_period
        96         74         22   0.0%        4         4         0  publish          pr_batch_arrival
        91         73         17   0.0%        8         0         8  stage            header_etag
        92         73         19   0.0%        8         0         8  stage            page_ordinal
       101         71         29   0.1%        7         0         6  edge_project     repo_checkout
        87         71         16   0.0%        7         0        13  stage            pr_due
        90         70         20   0.0%        4         4         0  publish          pr_batch_response
        85         69         15   0.0%        6         0         8  stage            change_log
        83         68         14   0.0%        6         0         6  stage            gql_rate_remaining
        84         68         15   0.0%        6         0         8  stage            change_candidate
        72         68          3   0.0%        2         1         0  publish          global_setting
        73         68          4   0.0%        4         3         0  publish          poll_state_tag
        76         68          8   0.0%        8         7         0  publish          poll_state_polled
        76         68          8   0.0%        5         5         1  publish          __host_response_clock__tick
        84         68         16   0.0%        8         0         8  stage            header_rate_reset
        82         67         14   0.0%        4         0         4  stage            repo_event_seen
        80         67         13   0.0%        6         0         6  stage            gql_rate_reset
        84         66         18   0.0%        8         0         8  stage            header_rate_remaining
        70         65          4   0.0%        1         1         1  publish          __host_response_toml__json
        70         65          5   0.0%       14         0         0  retention        change_log
        67         64          3   0.0%        2         2         0  publish          graphql_headers
        67         63          3   0.0%        8         2         2  level_insert     poll_state_tag
        66         63          3   0.0%        4         1         0  edge_project     global_setting
        69         62          7   0.0%        8         4         0  publish          page_ordinal
        64         62          1   0.0%        3         3         2  edge_project     chosen_config
        74         62         12   0.0%        6         0         6  stage            poll_state_tag
        66         61          5   0.0%       10         0         0  level_insert     header_link
        73         60         12   0.0%        4         0         5  stage            last_body
        66         60          6   0.0%        5         5         0  publish          header_rate_remaining
        64         58          5   0.0%        5         5         0  publish          header_rate_reset
        61         58          2   0.0%        3         3         3  level_insert     gql_rate_remaining
        72         58         13   0.0%        4         0         4  stage            repo_event
        64         58          6   0.0%       12         4         6  edge_project     page_ordinal
        63         57          5   0.0%        4         4         0  publish          gql_rate_remaining
        75         57         17   0.0%        3         0         3  stage            open_pr_head
        59         57          2   0.0%        5         4         4  level_insert     header_rate_reset
        59         56          2   0.0%        2         1         0  publish          pr_merge_commit
        67         56         11   0.0%        5         0         8  stage            request_header
        62         56          6   0.0%        4         3         0  publish          last_body
        60         55          5   0.0%       10         0         0  level_insert     header_modified
        58         54          4   0.0%        4         3         0  publish          poll_state_changed
        62         53          8   0.0%        8         3         6  aggregate        best_config_rank
        58         53          4   0.0%        8         3         6  aggregate        best_token_rank
        60         52          7   0.0%        3         0         3  stage            graphql_header
        56         52          3   0.0%        2         2         0  publish          api_tier
        54         52          2   0.0%        4         1         1  level_insert     open_pr_head
        56         52          4   0.0%        2         1         2  arrive           __host_response_toml__json
        60         51          8   0.0%        4         8         0  publish          pr_due
        52         51          0   0.0%        1         1         1  level_insert     config_present
        57         51          6   0.0%        5         4         4  level_insert     header_rate_remaining
        56         51          4   0.0%        4         4         0  publish          gql_rate_reset
        63         51         11   0.0%        5         0         6  stage            endpoint_period
        61         50         10   0.0%        5         0         6  stage            graphql_headers
        52         50          2   0.0%        2         2         2  level_insert     api_tier
        52         50          2   0.0%        2         1         0  publish          period_candidate
        60         49         10   0.0%        2         0         2  stage            watched_repo
        51         49          2   0.0%        3         3         3  level_insert     gql_rate_reset
        58         49          8   0.0%        3         0         3  stage            watched_endpoint
        60         49         11   0.0%        5         0         5  stage            page_prev_etag
        51         48          2   0.0%        4         1         2  level_insert     graphql_header
        49         48          1   0.0%        1         1         0  publish          pr_merge_commit_seen
        54         46          8   0.0%        2         0         2  stage            chosen_config
        52         44          8   0.0%        3         0         6  stage            api_tier
        53         44          8   0.0%        4         0         5  stage            poll_state_changed
        52         44          8   0.0%        2         0         4  stage            __host_demand_toml__json
        47         42          4   0.0%        2         1         2  arrive           __host_response_env__var
        46         41          4   0.0%       14         0         0  retention        engine_tick_cost
        43         41          1   0.0%        1         1         0  publish          dirty_pr
        51         41          9   0.0%        4         0         5  stage            best_config_rank
        50         41          8   0.0%        2         0         2  stage            global_setting
        48         41          6   0.0%        3         0         3  stage            poll_endpoint
        49         41          7   0.0%        4         0         4  stage            dirty_repo
        45         41          4   0.0%        2         1         1  publish          chosen_config
        50         40          9   0.0%        2         0         2  stage            __host_response_toml__json
        46         40          5   0.0%        2         0         2  stage            gql_merge_commit
        41         40          1   0.0%        2         1         1  level_insert     poll_endpoint
        49         40          8   0.0%        4         0         5  stage            best_token_rank
        41         39          1   0.0%        2         1         0  publish          api_token
        41         39          1   0.0%        1         1         0  publish          token_seen
        42         39          2   0.0%        1         1         1  publish          config_doc
        40         39          1   0.0%        1         1         1  publish          config_present
        40         38          1   0.0%        2         1         0  publish          seq_repo_ordinal_2
        46         38          8   0.0%        2         0         2  stage            repo_config
        54         37         16   0.0%        2         0         2  edge_write       pull_request
        42         37          4   0.0%        2         0         2  stage            dirty_pr
        38         37          1   0.0%        3         2         2  level_insert     dirty_repo
        38         36          2   0.0%        5         0         0  level_insert     endpoint_miss
        42         36          6   0.0%        3         0         3  stage            repo
        43         35          8   0.0%        2         0         2  stage            config_doc
        40         35          5   0.0%        2         0         2  stage            gql_pull_closed_at
        40         34          6   0.0%        3         0         3  stage            period_candidate
        38         34          4   0.0%        3         3         0  publish          dirty_repo
      1002         33        968   0.5%        2         0         4  stage            __host_demand_env__var
        51         33         17   0.0%        6         0         7  edge_write       call_log
        40         33          6   0.0%        1         0         1  edge_write       watched_repo
        38         33          5   0.0%        5         0         0  level_insert     header_poll_interval
        37         32          5   0.0%        7         7         6  edge_project     call_log
        38         32          5   0.0%        2         0         2  stage            pr_transition
        42         32         10   0.0%        3         2         3  edge_lookup      pull_request
        36         31          4   0.0%        2         0         2  stage            gql_pull_merged_at
        38         31          6   0.0%        2         0         2  stage            __host_response_env__var
        34         29          4   0.0%        2         0         2  stage            pr_merge_commit_seen
        32         28          4   0.0%        2         0         2  stage            pr_merge_commit
        31         27          3   0.0%        2         0         2  stage            api_token
        32         27          4   0.0%        4         3         4  edge_project     pull_request
        31         27          3   0.0%        2         0         2  stage            pr_ever_synced
        32         27          4   0.0%        2         0         2  stage            repo_ordinal
        90         27         63   0.0%        2         0         2  stage            seq_repo_ordinal_2
        27         26          1   0.0%        2         1         1  level_insert     repo
        30         26          4   0.0%        2         0         2  stage            config_present
        31         26          4   0.0%        2         0         2  stage            token_seen
        31         26          5   0.0%        5         5         1  publish          current_clock
        40         25         14   0.0%        5         0         5  edge_write       rate_state
        31         25          6   0.0%        4         3         4  read_staged      pull_request_seen
        28         25          2   0.0%        8         0         5  edge_project     page_queued
        28         24          3   0.0%        5         4         3  edge_project     poll_state_etag
        26         24          1   0.0%        2         1         0  publish          pr_ever_synced
        26         24          1   0.0%        2         1         0  publish          repo_ordinal
        34         24         10   0.0%        4         0         4  edge_write       page_ordinal
        29         24          5   0.0%        6         7         0  edge_project     rate_state
        24         23          0   0.0%        2         2         2  edge_project     api_token
        36         22         14   0.0%        4         0         4  edge_write       poll_state_etag
        23         22          1   0.0%        2         1         2  edge_project     seq_repo_ordinal_2
        28         21          7   0.0%        2         0         2  edge_write       repo_event
        32         21         11   0.0%        6         5         0  edge_lookup      rate_state
        25         21          4   0.0%        2         0         2  edge_write       last_body
        26         20          5   0.0%        1         0         1  edge_write       global_setting
        27         19          7   0.0%        4         0         1  edge_lookup      page_ordinal
        26         18          7   0.0%        4         0         4  edge_write       poll_state_polled
        21         18          2   0.0%        4         4         4  edge_project     change_log
        19         17          1   0.0%        1         1         0  edge_project     watched_repo
        19         17          1   0.0%        1         2         0  publish          best_token_rank
        23         17          5   0.0%        1         0         1  edge_write       repo_config
        23         17          5   0.0%        3         0         4  edge_write       change_log
        20         16          3   0.0%        2         0         3  edge_lookup      repo_event
        19         16          2   0.0%        5         0         5  edge_project     poll_state_modified
        18         16          2   0.0%        2         0         2  edge_write       seq_repo_ordinal_2
        23         13          9   0.0%        1         0         3  edge_lookup      repo_config
        17         13          3   0.0%        1         0         1  edge_write       chosen_config
        16         13          2   0.0%        5         2         2  edge_project     last_body
        15         13          1   0.0%        3         2         4  edge_project     repo_event
        14         13          1   0.0%        3         1         3  edge_project     pr_transition
        13         12          1   0.0%        1         2         1  publish          best_config_rank
        13         12          1   0.0%        1         1         1  read_staged      watched_repo
        13         11          1   0.0%        1         0         1  edge_lookup      pr_merge_commit
        17         11          5   0.0%        2         0         2  edge_write       poll_state_changed
        12         11          0   0.0%        2         1         2  edge_project     repo_ordinal
        13         11          2   0.0%        1         0         1  edge_write       pr_merge_commit
        12         10          1   0.0%        5         2         5  edge_project     poll_state_changed
        13         10          2   0.0%        4         3         4  edge_project     pr_ever_synced
        12         10          1   0.0%        1         0         1  edge_write       api_token
        11         10          0   0.0%        1         1         1  edge_project     pr_merge_commit
        12         10          2   0.0%        5         4         5  edge_project     poll_state_polled
        13         10          3   0.0%        1         0         0  edge_lookup      watched_repo
        11          9          1   0.0%        5         0         5  edge_project     poll_state_period
        10          8          1   0.0%        1         0         1  edge_write       repo_ordinal
        16          8          7   0.0%        4         3         2  edge_lookup      poll_state_etag
        15          8          7   0.0%        3         2         2  edge_lookup      chosen_config
        10          8          2   0.0%        1         0         0  edge_lookup      global_setting
        11          7          3   0.0%        2         1         2  edge_lookup      poll_state_changed
         9          6          3   0.0%        2         1         1  edge_lookup      last_body
        12          6          6   0.0%        4         3         4  edge_lookup      poll_state_polled
         8          6          1   0.0%        1         0         1  edge_write       pr_ever_synced
         7          6          1   0.0%        1         0         1  edge_write       pr_transition
         7          5          2   0.0%        1         0         1  edge_lookup      seq_repo_ordinal_2
         8          5          3   0.0%        3         2         3  edge_lookup      pr_ever_synced
         6          4          2   0.0%        2         1         2  edge_lookup      api_token
         5          3          1   0.0%        1         0         1  edge_lookup      repo_ordinal
        23          0         23   0.0%        0         0         0  arrive_diff      -
        28          0         28   0.0%        0         0         0  arrive_encode    -
         0          0          0   0.0%        0         0         0  decode           -
       883          0        883   0.4%        0         0         0  ticklog          -
    180763                        90.4%                               TOTAL sqlite     
      5387                         2.7%                               TOTAL rust in scopes 
     13758                         6.9%                               TOTAL rust unscoped 
    199909                       100.0%                               TOTAL wall       
