[2m2026-08-24T18:29:53.584378Z[0m [32m INFO[0m [1mtick[0m[1m{[0m[3mtick[0m[2m=[0m0 [3marrivals[0m[2m=[0m2[1m}[0m[2m:[0m[1mapply_arrivals[0m[1m{[0m[3marrivals[0m[2m=[0m2 [3mgroups[0m[2m=[0m2[1m}[0m[2m:[0m [2msprefa_engine_rs::incremental[0m[2m:[0m close [3mtime.busy[0m[2m=[0m244µs [3mtime.idle[0m[2m=[0m1.17µs
[2m2026-08-24T18:29:53.588364Z[0m [32m INFO[0m [1mtick[0m[1m{[0m[3mtick[0m[2m=[0m0 [3marrivals[0m[2m=[0m2[1m}[0m[2m:[0m [2msprefa_engine_rs::driver[0m[2m:[0m close [3mtime.busy[0m[2m=[0m6.25ms [3mtime.idle[0m[2m=[0m2.42µs
[2m2026-08-24T18:29:53.589311Z[0m [32m INFO[0m [1mtick[0m[1m{[0m[3mtick[0m[2m=[0m1 [3marrivals[0m[2m=[0m1[1m}[0m[2m:[0m[1mapply_arrivals[0m[1m{[0m[3marrivals[0m[2m=[0m1 [3mgroups[0m[2m=[0m1[1m}[0m[2m:[0m [2msprefa_engine_rs::incremental[0m[2m:[0m close [3mtime.busy[0m[2m=[0m92.8µs [3mtime.idle[0m[2m=[0m250ns
[2m2026-08-24T18:29:53.600090Z[0m [32m INFO[0m [1mtick[0m[1m{[0m[3mtick[0m[2m=[0m1 [3marrivals[0m[2m=[0m1[1m}[0m[2m:[0m [2msprefa_engine_rs::driver[0m[2m:[0m close [3mtime.busy[0m[2m=[0m11.7ms [3mtime.idle[0m[2m=[0m708ns
[2m2026-08-24T18:29:53.601098Z[0m [32m INFO[0m [1mtick[0m[1m{[0m[3mtick[0m[2m=[0m2 [3marrivals[0m[2m=[0m1[1m}[0m[2m:[0m[1mapply_arrivals[0m[1m{[0m[3marrivals[0m[2m=[0m1 [3mgroups[0m[2m=[0m1[1m}[0m[2m:[0m [2msprefa_engine_rs::incremental[0m[2m:[0m close [3mtime.busy[0m[2m=[0m57.7µs [3mtime.idle[0m[2m=[0m1.25µs
[2m2026-08-24T18:29:53.608143Z[0m [32m INFO[0m [1mtick[0m[1m{[0m[3mtick[0m[2m=[0m2 [3marrivals[0m[2m=[0m1[1m}[0m[2m:[0m [2msprefa_engine_rs::driver[0m[2m:[0m close [3mtime.busy[0m[2m=[0m8.00ms [3mtime.idle[0m[2m=[0m750ns
[2m2026-08-24T18:29:53.609162Z[0m [32m INFO[0m [1mtick[0m[1m{[0m[3mtick[0m[2m=[0m3 [3marrivals[0m[2m=[0m1[1m}[0m[2m:[0m[1mapply_arrivals[0m[1m{[0m[3marrivals[0m[2m=[0m1 [3mgroups[0m[2m=[0m1[1m}[0m[2m:[0m [2msprefa_engine_rs::incremental[0m[2m:[0m close [3mtime.busy[0m[2m=[0m146µs [3mtime.idle[0m[2m=[0m291ns
[2m2026-08-24T18:29:53.621282Z[0m [32m INFO[0m [1mtick[0m[1m{[0m[3mtick[0m[2m=[0m3 [3marrivals[0m[2m=[0m1[1m}[0m[2m:[0m [2msprefa_engine_rs::driver[0m[2m:[0m close [3mtime.busy[0m[2m=[0m13.1ms [3mtime.idle[0m[2m=[0m791ns
[2m2026-08-24T18:29:53.622733Z[0m [32m INFO[0m [1mtick[0m[1m{[0m[3mtick[0m[2m=[0m4 [3marrivals[0m[2m=[0m1[1m}[0m[2m:[0m[1mapply_arrivals[0m[1m{[0m[3marrivals[0m[2m=[0m1 [3mgroups[0m[2m=[0m1[1m}[0m[2m:[0m [2msprefa_engine_rs::incremental[0m[2m:[0m close [3mtime.busy[0m[2m=[0m186µs [3mtime.idle[0m[2m=[0m542ns
[2m2026-08-24T18:29:53.631521Z[0m [32m INFO[0m [1mtick[0m[1m{[0m[3mtick[0m[2m=[0m4 [3marrivals[0m[2m=[0m1[1m}[0m[2m:[0m [2msprefa_engine_rs::driver[0m[2m:[0m close [3mtime.busy[0m[2m=[0m10.1ms [3mtime.idle[0m[2m=[0m500ns
[2m2026-08-24T18:29:53.632538Z[0m [32m INFO[0m [1mtick[0m[1m{[0m[3mtick[0m[2m=[0m5 [3marrivals[0m[2m=[0m1[1m}[0m[2m:[0m[1mapply_arrivals[0m[1m{[0m[3marrivals[0m[2m=[0m1 [3mgroups[0m[2m=[0m1[1m}[0m[2m:[0m [2msprefa_engine_rs::incremental[0m[2m:[0m close [3mtime.busy[0m[2m=[0m45.5µs [3mtime.idle[0m[2m=[0m375ns
[2m2026-08-24T18:29:53.647719Z[0m [32m INFO[0m [1mtick[0m[1m{[0m[3mtick[0m[2m=[0m5 [3marrivals[0m[2m=[0m1[1m}[0m[2m:[0m [2msprefa_engine_rs::driver[0m[2m:[0m close [3mtime.busy[0m[2m=[0m16.1ms [3mtime.idle[0m[2m=[0m959ns
[2m2026-08-24T18:29:53.649237Z[0m [32m INFO[0m [1mtick[0m[1m{[0m[3mtick[0m[2m=[0m6 [3marrivals[0m[2m=[0m1[1m}[0m[2m:[0m[1mapply_arrivals[0m[1m{[0m[3marrivals[0m[2m=[0m1 [3mgroups[0m[2m=[0m1[1m}[0m[2m:[0m [2msprefa_engine_rs::incremental[0m[2m:[0m close [3mtime.busy[0m[2m=[0m61.7µs [3mtime.idle[0m[2m=[0m376ns
[2m2026-08-24T18:29:53.655493Z[0m [32m INFO[0m [1mtick[0m[1m{[0m[3mtick[0m[2m=[0m6 [3marrivals[0m[2m=[0m1[1m}[0m[2m:[0m [2msprefa_engine_rs::driver[0m[2m:[0m close [3mtime.busy[0m[2m=[0m7.55ms [3mtime.idle[0m[2m=[0m1.12µs
[2m2026-08-24T18:29:53.656605Z[0m [32m INFO[0m [1mtick[0m[1m{[0m[3mtick[0m[2m=[0m7 [3marrivals[0m[2m=[0m1[1m}[0m[2m:[0m[1mapply_arrivals[0m[1m{[0m[3marrivals[0m[2m=[0m1 [3mgroups[0m[2m=[0m1[1m}[0m[2m:[0m [2msprefa_engine_rs::incremental[0m[2m:[0m close [3mtime.busy[0m[2m=[0m72.5µs [3mtime.idle[0m[2m=[0m458ns
[2m2026-08-24T18:29:53.659006Z[0m [32m INFO[0m [1mtick[0m[1m{[0m[3mtick[0m[2m=[0m7 [3marrivals[0m[2m=[0m1[1m}[0m[2m:[0m [2msprefa_engine_rs::driver[0m[2m:[0m close [3mtime.busy[0m[2m=[0m3.45ms [3mtime.idle[0m[2m=[0m417ns
[2m2026-08-24T18:29:53.659785Z[0m [32m INFO[0m [1mtick[0m[1m{[0m[3mtick[0m[2m=[0m8 [3marrivals[0m[2m=[0m1[1m}[0m[2m:[0m[1mapply_arrivals[0m[1m{[0m[3marrivals[0m[2m=[0m1 [3mgroups[0m[2m=[0m1[1m}[0m[2m:[0m [2msprefa_engine_rs::incremental[0m[2m:[0m close [3mtime.busy[0m[2m=[0m40.8µs [3mtime.idle[0m[2m=[0m209ns
[2m2026-08-24T18:29:53.661641Z[0m [32m INFO[0m [1mtick[0m[1m{[0m[3mtick[0m[2m=[0m8 [3marrivals[0m[2m=[0m1[1m}[0m[2m:[0m [2msprefa_engine_rs::driver[0m[2m:[0m close [3mtime.busy[0m[2m=[0m2.61ms [3mtime.idle[0m[2m=[0m250ns
[2m2026-08-24T18:29:53.662514Z[0m [32m INFO[0m [1mtick[0m[1m{[0m[3mtick[0m[2m=[0m9 [3marrivals[0m[2m=[0m1[1m}[0m[2m:[0m[1mapply_arrivals[0m[1m{[0m[3marrivals[0m[2m=[0m1 [3mgroups[0m[2m=[0m1[1m}[0m[2m:[0m [2msprefa_engine_rs::incremental[0m[2m:[0m close [3mtime.busy[0m[2m=[0m57.0µs [3mtime.idle[0m[2m=[0m209ns
[2m2026-08-24T18:29:53.664626Z[0m [32m INFO[0m [1mtick[0m[1m{[0m[3mtick[0m[2m=[0m9 [3marrivals[0m[2m=[0m1[1m}[0m[2m:[0m [2msprefa_engine_rs::driver[0m[2m:[0m close [3mtime.busy[0m[2m=[0m2.96ms [3mtime.idle[0m[2m=[0m208ns
[2m2026-08-24T18:29:53.665490Z[0m [32m INFO[0m [1mtick[0m[1m{[0m[3mtick[0m[2m=[0m10 [3marrivals[0m[2m=[0m1[1m}[0m[2m:[0m[1mapply_arrivals[0m[1m{[0m[3marrivals[0m[2m=[0m1 [3mgroups[0m[2m=[0m1[1m}[0m[2m:[0m [2msprefa_engine_rs::incremental[0m[2m:[0m close [3mtime.busy[0m[2m=[0m41.1µs [3mtime.idle[0m[2m=[0m250ns
[2m2026-08-24T18:29:53.666894Z[0m [32m INFO[0m [1mtick[0m[1m{[0m[3mtick[0m[2m=[0m10 [3marrivals[0m[2m=[0m1[1m}[0m[2m:[0m [2msprefa_engine_rs::driver[0m[2m:[0m close [3mtime.busy[0m[2m=[0m2.24ms [3mtime.idle[0m[2m=[0m167ns
[2m2026-08-24T18:29:53.667723Z[0m [32m INFO[0m [1mtick[0m[1m{[0m[3mtick[0m[2m=[0m11 [3marrivals[0m[2m=[0m1[1m}[0m[2m:[0m[1mapply_arrivals[0m[1m{[0m[3marrivals[0m[2m=[0m1 [3mgroups[0m[2m=[0m1[1m}[0m[2m:[0m [2msprefa_engine_rs::incremental[0m[2m:[0m close [3mtime.busy[0m[2m=[0m66.1µs [3mtime.idle[0m[2m=[0m208ns
[2m2026-08-24T18:29:53.675020Z[0m [32m INFO[0m [1mtick[0m[1m{[0m[3mtick[0m[2m=[0m11 [3marrivals[0m[2m=[0m1[1m}[0m[2m:[0m [2msprefa_engine_rs::driver[0m[2m:[0m close [3mtime.busy[0m[2m=[0m8.11ms [3mtime.idle[0m[2m=[0m208ns
[2m2026-08-24T18:29:53.676431Z[0m [32m INFO[0m [1mtick[0m[1m{[0m[3mtick[0m[2m=[0m12 [3marrivals[0m[2m=[0m1[1m}[0m[2m:[0m[1mapply_arrivals[0m[1m{[0m[3marrivals[0m[2m=[0m1 [3mgroups[0m[2m=[0m1[1m}[0m[2m:[0m [2msprefa_engine_rs::incremental[0m[2m:[0m close [3mtime.busy[0m[2m=[0m91.9µs [3mtime.idle[0m[2m=[0m250ns
[2m2026-08-24T18:29:53.682524Z[0m [32m INFO[0m [1mtick[0m[1m{[0m[3mtick[0m[2m=[0m12 [3marrivals[0m[2m=[0m1[1m}[0m[2m:[0m [2msprefa_engine_rs::driver[0m[2m:[0m close [3mtime.busy[0m[2m=[0m7.20ms [3mtime.idle[0m[2m=[0m458ns
[2m2026-08-24T18:29:53.684109Z[0m [32m INFO[0m [1mtick[0m[1m{[0m[3mtick[0m[2m=[0m13 [3marrivals[0m[2m=[0m0[1m}[0m[2m:[0m [2msprefa_engine_rs::driver[0m[2m:[0m close [3mtime.busy[0m[2m=[0m1.47ms [3mtime.idle[0m[2m=[0m208ns
[2m2026-08-24T18:29:53.684128Z[0m [32m INFO[0m [2msprefa_engine_rs::sql[0m[2m:[0m seam tally [3mstatements[0m[2m=[0m10147 [3minert[0m[2m=[0m4266 [3minert_pct[0m[2m=[0m42 [3mrows_out[0m[2m=[0m834 [3mrows_changed[0m[2m=[0m2162 [3mms[0m[2m=[0m80

== DL_TRACE_SUMMARY ==
  us_total     us_sql    us_rust    pct    calls  rows_out   changed  verb             relation
     91493      91362        131  44.0%     1743         0         0  ddl              -
     13067      13014         53   6.3%      344         0        25  boot             -
      9374       8870        504   4.5%       28        28        28  probe            -
      3962       3962          0   1.9%     1093         0         0  unlabelled       -
      2829       2765         63   1.4%       36         0         0  level_insert     notification_seen
      1822       1810         11   0.9%        6         3        13  level_insert     gql_pull
      1659       1654          5   0.8%       27         0         0  clear            promote
      1463       1460          2   0.7%       13         0         0  clear            prepare
      1355       1332         23   0.7%       16         0         0  level_insert     checkout_task
      1347       1308         38   0.6%       48         7         9  level_insert     pr_batch_member
      1243       1203         39   0.6%       55         3         3  level_insert     pull_request_seen
      1256       1157         99   0.6%      187         0        71  recount          __host_demand_http__post
      1026        994         32   0.5%       42        11        19  level_insert     __host_demand_http__post
      1013        982         30   0.5%       49         0         0  level_insert     discovered_repo
       999        978         21   0.5%       24         7        21  level_insert     __host_demand_http__get
       989        975         14   0.5%       20         0         0  level_insert     watched_global
       986        937         48   0.5%       73         0         0  recount          notification_seen
       953        928         24   0.5%       31         0         3  recount          gql_pull
       903        850         53   0.4%       94         0        70  recount          __host_demand_http__get
       800        762         38   0.4%       90        28        67  aggregate        pr_post_body
       779        758         20   0.4%       24         2         7  level_insert     repo_event_seen
       808        733         74   0.4%      140         0         0  level_insert     branch_pattern_list
       715        707          7   0.3%        5         4         4  level_insert     page_response
       750        669         80   0.4%      140         0         0  level_insert     link_part_list
       625        618          6   0.3%        6         0         0  level_insert     gql_comment
       611        605          6   0.3%        6         0         0  level_insert     gql_check_run
       605        598          7   0.3%        4         1         1  level_insert     period_candidate
       609        594         14   0.3%       10         4         4  level_insert     page_arrival
       592        583          9   0.3%        8         5         5  level_insert     poll_state
       586        580          6   0.3%        6         0         0  level_insert     gql_status_context
       573        525         48   0.3%       95         0        42  recount          page_response
       570        525         45   0.3%       73         0        11  recount          repo_event_seen
       526        521          5   0.3%        6         0         0  level_insert     gql_review
       510        507          2   0.2%       13         0         0  clear            merge
       582        501         80   0.3%      169         0        22  recount          pr_batch_arrival
       524        499         25   0.3%       54         0         6  recount          change_candidate
       542        496         45   0.3%       84         0        13  recount          pull_request_seen
       520        490         29   0.3%       70        24        57  aggregate        pr_batch
       496        478         18   0.2%       24        18        20  level_insert     pr_selection
       483        468         14   0.2%       13         3         3  level_insert     pr_batch_arrival
       466        445         21   0.2%       14         0         0  level_insert     over_budget
       459        441         17   0.2%       31         0         0  recount          gql_check_run
       459        441         17   0.2%       31         0         0  recount          gql_comment
       444        434          9   0.2%        8         4         4  level_insert     due
       443        424         18   0.2%       24         0         0  level_insert     candidate_branch
       441        414         26   0.2%       54         0         0  recount          link_part_list
       419        410          8   0.2%       12         2         2  level_insert     page_prev_etag
       465        409         55   0.2%      112         0        47  recount          poll_state
       423        407         16   0.2%       25         4         6  level_insert     change_candidate
       421        401         19   0.2%        4         4         0  publish          pull_request_seen
       408        398         10   0.2%       16         0         0  level_insert     lane_proof
       413        395         17   0.2%       31         0         0  recount          gql_status_context
       410        388         22   0.2%        4         4         0  publish          gql_pull
       406        387         19   0.2%       31         0         0  recount          gql_review
       428        381         46   0.2%       85         0        20  recount          page_arrival
       386        377          8   0.2%       10         0         0  level_insert     pr_status_check_seen
       524        372        151   0.3%        9        16         0  publish          __host_demand_http__post
       371        367          4   0.2%       14         0         0  snapshot_pre     -
       411        363         48   0.2%      114         0        59  recount          pr_query
       394        362         32   0.2%       80         0         0  recount          discovered_repo
       374        360         14   0.2%        4         3         0  publish          pull_request
       373        356         16   0.2%       20         3         8  aggregate        graphql_headers
       358        351          6   0.2%        5         1         1  level_insert     dirty_pr
       354        349          4   0.2%        6         0         0  level_insert     gql_label
       383        347         35   0.2%       88        23        51  aggregate        rate_pool
       344        339          5   0.2%        2         1         1  level_insert     watched_repo_seen
       375        334         40   0.2%       85         0        25  recount          pr_batch_response
       340        317         22   0.2%       46         0        30  recount          pr_selection
       325        316          8   0.2%       10         6         6  level_insert     pr_due
       313        304          9   0.2%       15         2         6  level_insert     __host_demand_env__var
       355        303         51   0.2%      112         0        38  recount          page_prev_etag
       317        302         14   0.2%       30         7        16  aggregate        request_headers
       308        299          9   0.1%       15         2         5  level_insert     __host_demand_toml__json
       313        287         26   0.2%       56         0         5  recount          dirty_pr
       298        276         21   0.1%       42         0         9  recount          pr_batch_member
       356        275         81   0.2%       30         0        44  stage            rate_pool
       306        274         31   0.1%       73         0         0  recount          candidate_branch
       416        271        144   0.2%       38         0        14  recount          call_candidate
       288        258         30   0.1%       66         0        39  recount          rest_response
       272        258         14   0.1%       31         0         0  recount          gql_label
       258        254          3   0.1%        6         0         0  level_insert     gql_requested_reviewer
       310        247         62   0.1%       27         0        47  stage            pr_post_body
       244        239          4   0.1%        6         1         2  level_insert     gql_merge_commit
       268        239         28   0.1%       66         0        24  recount          pr_post_field
       251        238         12   0.1%       21         3         3  level_insert     request_header
       237        233          3   0.1%        3         3         3  level_insert     pr_batch_response
       238        230          7   0.1%       10         0         0  level_insert     pr_comment_seen
       233        228          4   0.1%        6         1         1  level_insert     gql_pull_closed_at
       238        227         10   0.1%       20         0         0  recount          lane_proof
       247        226         20   0.1%       42         0        30  recount          pr_batch_alias
       228        223          4   0.1%        6         1         1  level_insert     gql_pull_merged_at
       257        222         35   0.1%        6        10         0  publish          __host_demand_http__get
       229        220          9   0.1%       12         0         0  level_insert     rate_warm
       232        219         12   0.1%       20         0         3  recount          open_pr
       235        218         17   0.1%        5         5         0  publish          page_response
       224        211         13   0.1%       31         0        24  recount          request_header
       212        210          2   0.1%       13        13         0  read_staged      -
       258        207         51   0.1%       15         0        42  stage            pr_batch_alias
       223        207         15   0.1%       31         0         0  recount          gql_requested_reviewer
       260        206         54   0.1%       21         0        41  stage            pr_batch
       226        205         21   0.1%        6        20         0  publish          pr_batch_alias
       209        204          4   0.1%        5         1         1  level_insert     config_doc
       239        204         35   0.1%       84         0        29  recount          poll_state_tag
       209        203          5   0.1%        8         2         4  level_insert     recent_event
       231        203         27   0.1%       57         0         0  recount          pr_comment_seen
       217        203         14   0.1%       31         0         0  recount          gql_merge_commit
       209        202          7   0.1%        9         6         6  level_insert     rest_response
       226        201         24   0.1%       57         0         0  recount          pr_status_check_seen
       265        199         65   0.1%       18         0        24  stage            __host_demand_http__post
       204        199          5   0.1%        6         1         1  level_insert     token_seen
       204        197          6   0.1%       11         1         1  level_insert     pr_merge_commit_seen
       216        197         19   0.1%       42         0         8  recount          header_etag
       207        189         17   0.1%        3         2         0  publish          open_pr
       199        186         12   0.1%       20         9        10  level_insert     pr_query
       199        186         13   0.1%       31         0         0  recount          gql_pull_merged_at
       229        183         46   0.1%        6        20         0  publish          pr_selection
       196        182         13   0.1%       31         0         0  recount          gql_pull_closed_at
       188        181          6   0.1%       10         0         0  level_insert     pr_label_seen
       184        180          3   0.1%        4         1         6  edge_project     repo_config
       208        175         33   0.1%       74         0         0  recount          over_budget
       219        174         45   0.1%       15         0        42  stage            pr_selection
       196        173         22   0.1%        5         5         0  publish          __host_response_http__get
       234        172         62   0.1%        8        19         0  publish          pr_post_body
       176        170          5   0.1%       10         0         0  level_insert     pr_requested_reviewer_seen
       175        169          5   0.1%       10         0         0  level_insert     pr_review_seen
       215        169         45   0.1%        8        14         0  publish          pr_post_field
       214        167         47   0.1%       19         0        25  stage            pr_post_field
       176        165         11   0.1%       16        18        19  level_insert     pr_batch_alias
       168        164          3   0.1%        5         0         0  level_insert     endpoint_cooling
       170        163          7   0.1%       10         4        12  level_insert     __host_demand_dl__tick_cost
       180        161         19   0.1%       47         0         9  recount          pr_due
       191        159         31   0.1%       57         0         0  recount          pr_review_seen
       169        158         10   0.1%        5         8         0  publish          pr_batch_member
       183        158         25   0.1%        2         2         0  publish          __host_response_http__post
       159        154          4   0.1%        2         1         0  publish          watched_repo
       204        152         52   0.1%       10         0        10  stage            __host_response_http__get
       164        150         13   0.1%       28         0         8  recount          due
       154        150          3   0.1%        2         1         0  publish          watched_repo_seen
       179        150         29   0.1%       10         5         5  arrive           __host_response_http__get
       188        149         38   0.1%       11         0        14  stage            rest_response
       155        148          6   0.1%        4         2         0  publish          repo_event
       154        148          5   0.1%        4         2         0  publish          recent_event
       150        143          6   0.1%        3         3         0  publish          repo_event_seen
       149        143          6   0.1%        7         7         7  level_insert     call_candidate
       161        139         22   0.1%       57         0         0  recount          pr_label_seen
       153        139         14   0.1%        8         9         0  publish          poll_state
       184        139         45   0.1%        6        15         0  publish          pr_batch
       186        138         48   0.1%       12         0        14  stage            call_candidate
       154        138         15   0.1%        5         5         0  publish          page_arrival
       186        138         48   0.1%       12         0        14  stage            call_log
       146        135         10   0.1%        8         7         0  publish          poll_state_etag
       142        134          7   0.1%       12         0         0  level_insert     not_an_org
       146        134         11   0.1%       28         0         3  recount          gql_rate_remaining
       160        131         29   0.1%       74         0         0  recount          rate_warm
       144        130         14   0.1%       38         0         8  recount          header_rate_reset
       135        129          6   0.1%        4         1         2  level_insert     graphql_header
       169        129         40   0.1%        6         0         6  stage            gql_pull
       132        129          3   0.1%        7         4         4  level_insert     page_fetch
       151        128         22   0.1%       57         0         0  recount          pr_merge_commit_seen
       151        128         22   0.1%        7         9         0  publish          call_candidate
       131        127          3   0.1%        2         1         0  publish          repo_config
       146        126         20   0.1%       38         0         8  recount          header_rate_remaining
       161        125         35   0.1%       14         0        20  stage            pr_query
       165        125         39   0.1%        6         0         6  stage            pull_request_seen
       140        125         14   0.1%       42         0         0  recount          header_link
       146        124         22   0.1%       57         0         0  recount          pr_requested_reviewer_seen
       130        123          7   0.1%        5         5         5  level_insert     current_clock
       146        122         23   0.1%        3         0         3  stage            graphql_header
       139        122         17   0.1%       42         0         0  recount          header_modified
       153        121         31   0.1%       10         5         6  arrive           __host_response_clock__tick
       124        121          3   0.1%        5         0         0  level_insert     measured
       135        120         14   0.1%       38         0         3  recount          dirty_repo
       159        119         39   0.1%       12         0        15  stage            poll_state
       224        119        105   0.1%       26        38         4  intern           -
       161        119         41   0.1%       10         0        16  stage            pr_batch_member
       127        119          8   0.1%       15         0         0  level_insert     branch_seen
       155        118         37   0.1%        7        12         0  publish          pr_query
       126        117          8   0.1%       18         0         3  recount          open_pr_head
       148        116         31   0.1%        9         0        15  stage            __host_demand_http__get
       129        115         13   0.1%        4         2         2  arrive           __host_response_http__post
       157        115         42   0.1%        8         0         8  stage            page_response
       129        115         14   0.1%       10         7         0  publish          call_log
       124        115          8   0.1%        4         6         0  publish          change_candidate
       126        115         11   0.1%       28         0         3  recount          gql_rate_reset
       118        112          5   0.1%        1         1         0  publish          __host_response_env__var
       117        112          4   0.1%        6         1         2  level_insert     watched_endpoint
       118        111          7   0.1%        5         4         0  publish          change_log
       147        110         37   0.1%        6         0         6  stage            pr_batch_arrival
       138        109         28   0.1%        4         0         5  stage            pull_request
       111        109          2   0.1%        1         1         0  publish          gql_merge_commit
       144        108         35   0.1%        6         0         6  stage            pr_batch_response
       113        107          5   0.1%        8         1         1  level_insert     open_pr
       129        106         23   0.1%        5         0         6  stage            graphql_headers
       112        106          5   0.1%       10        11        11  level_insert     pr_post_field
       108        105          2   0.1%        2         1         0  publish          graphql_header
       128        105         22   0.1%        8         0         8  stage            page_ordinal
       107        104          3   0.1%       14         0         0  advance_tick     -
       144        104         40   0.1%        8         0         8  stage            page_arrival
       111        104          7   0.1%       10         4         6  level_insert     header_etag
       138        103         34   0.1%       10         0        10  stage            __host_response_clock__tick
       107        103          4   0.1%        1         2         1  publish          __host_demand_env__var
       118        102         15   0.1%       38         0         0  recount          endpoint_hit
       119        102         16   0.1%       10        16         0  publish          rate_pool
       116        101         14   0.1%       38         0         0  recount          header_poll_interval
       110        101          9   0.1%       12         0         0  edge_project     gh_username
       120        100         20   0.1%        9         0        12  stage            request_headers
       111        100         10   0.1%        4         4         0  publish          __host_demand_dl__tick_cost
       134         99         35   0.1%        4         0         4  stage            __host_response_http__post
       141         98         42   0.1%        7         0         6  edge_project     repo_checkout
       129         98         30   0.1%       10         0        13  stage            rate_state
       101         95          5   0.0%        1         1         0  publish          gql_pull_closed_at
       118         95         23   0.1%        8         0        11  stage            poll_state_etag
       100         94          6   0.0%        2         1         0  publish          watched_endpoint
        98         93          4   0.0%        3         3         0  publish          request_header
       116         93         23   0.1%        9         0         9  stage            page_fetch
       107         93         14   0.1%       38         0         0  recount          endpoint_miss
        99         92          7   0.0%        5         5         0  publish          header_etag
        95         91          3   0.0%        1         2         1  publish          __host_demand_toml__json
       115         90         25   0.1%        3         0         3  stage            watched_repo_seen
        92         89          3   0.0%        4         0         0  edge_project     org_config
        93         88          4   0.0%        3         2         0  publish          open_pr_head
        96         88          7   0.0%       16         3         7  aggregate        endpoint_period
       108         88         20   0.1%        8         0         8  stage            header_rate_reset
       106         87         19   0.1%        6         0         6  stage            recent_event
       107         86         21   0.1%        9         0         9  stage            due
        93         86          7   0.0%       14         0         0  retention        call_log
       109         86         23   0.1%       10         0        10  stage            current_clock
        88         85          2   0.0%        5         0         0  level_insert     endpoint_hit
        96         84         12   0.0%        5         4         0  publish          due
        87         84          3   0.0%        2         1         0  publish          pr_transition
        91         83          7   0.0%        5         4         0  publish          page_fetch
        84         83          1   0.0%        1         1         0  publish          gql_pull_merged_at
       102         81         20   0.0%        6         9         0  publish          rest_response
        97         79         18   0.0%        8         0         8  stage            __host_demand_dl__tick_cost
        81         79          2   0.0%        2         1         0  publish          poll_endpoint
        96         77         18   0.0%        8         0        11  stage            poll_state_polled
        81         77          4   0.0%        4         3         0  publish          poll_state_tag
        97         76         21   0.0%        7         0        13  stage            pr_due
        95         75         19   0.0%        8         0         8  stage            header_rate_remaining
        81         75          5   0.0%        3         5         0  publish          request_headers
        85         73         11   0.0%        9         8         0  publish          rate_state
        81         72          8   0.0%        5         5         1  publish          __host_response_clock__tick
        89         72         16   0.0%        6         0         8  stage            change_log
        75         72          3   0.0%        2         2         0  publish          graphql_headers
        76         72          4   0.0%        4         3         0  publish          page_prev_etag
        92         70         22   0.0%        4         4         0  publish          pr_batch_arrival
        77         70          7   0.0%        8         4         0  publish          page_ordinal
        87         69         17   0.0%        8         0         8  stage            header_etag
        89         69         19   0.0%        4         4         0  publish          pr_batch_response
        73         69          4   0.0%        1         1         1  publish          __host_response_toml__json
        79         68         11   0.0%        2         0         2  stage            watched_repo
        82         68         14   0.0%        3         0         3  stage            open_pr
        71         68          3   0.0%        4         1         0  edge_project     global_setting
        82         68         14   0.0%        4         0         4  stage            repo_event
        77         67          9   0.0%        4         0         5  stage            poll_state_changed
        69         67          2   0.0%        2         1         0  publish          global_setting
        80         66         13   0.0%        4         0         5  stage            last_body
        71         65          6   0.0%        5         5         0  publish          header_rate_reset
        67         64          2   0.0%        2         1         0  publish          pr_merge_commit
        72         64          7   0.0%        8         7         0  publish          poll_state_polled
        70         64          5   0.0%       10         0         0  level_insert     header_link
        77         64         12   0.0%        6         0         6  stage            poll_state_tag
        79         64         15   0.0%        6         0         6  stage            gql_rate_remaining
        69         63          5   0.0%        4         4         0  publish          gql_rate_remaining
        78         63         15   0.0%        6         0         8  stage            change_candidate
        70         62          8   0.0%        8         3         6  aggregate        best_token_rank
        63         61          2   0.0%        2         1         0  publish          repo
        64         61          3   0.0%        5         4         4  level_insert     header_rate_reset
        75         61         13   0.0%        6         0         6  stage            gql_rate_reset
        64         61          3   0.0%        8         2         2  level_insert     poll_state_tag
        67         61          6   0.0%        5         5         0  publish          header_rate_remaining
        70         59         11   0.0%        5         0         8  stage            request_header
        73         58         14   0.0%        4         0         4  stage            repo_event_seen
        62         57          5   0.0%        2         1         2  arrive           __host_response_toml__json
        66         57          9   0.0%        8         3         6  aggregate        best_config_rank
        62         56          5   0.0%       10         0         0  level_insert     header_modified
        57         55          2   0.0%        3         3         2  edge_project     chosen_config
        67         55         12   0.0%        3         0         3  stage            watched_endpoint
        61         54          7   0.0%        4         3         0  publish          last_body
        56         53          2   0.0%        5         4         4  level_insert     header_rate_remaining
        55         53          2   0.0%        2         2         2  level_insert     api_tier
        56         53          3   0.0%        2         2         0  publish          api_tier
        60         52          7   0.0%       12         4         6  edge_project     page_ordinal
        54         52          1   0.0%        1         1         0  publish          pr_merge_commit_seen
        57         52          4   0.0%       14         0         0  retention        change_log
        52         51          0   0.0%        1         1         1  level_insert     config_present
        56         51          4   0.0%        4         4         0  publish          gql_rate_reset
        55         50          4   0.0%        4         3         0  publish          poll_state_changed
        55         50          5   0.0%        3         3         3  level_insert     gql_rate_remaining
        62         50         11   0.0%        5         0         6  stage            endpoint_period
        51         48          2   0.0%        3         3         3  level_insert     gql_rate_reset
        58         48          9   0.0%        5         0         5  stage            page_prev_etag
        56         48          8   0.0%        3         0         3  stage            repo
        51         47          4   0.0%        2         1         1  publish          chosen_config
        55         47          8   0.0%        3         0         6  stage            api_tier
        54         47          7   0.0%        4         8         0  publish          pr_due
        57         46         11   0.0%        4         0         5  stage            best_token_rank
        47         45          1   0.0%        2         1         0  publish          api_token
        52         45          7   0.0%        3         0         3  stage            poll_endpoint
        50         44          5   0.0%        2         1         2  arrive           __host_response_env__var
        56         44         12   0.0%        4         0         4  edge_write       page_ordinal
        54         44          9   0.0%        2         0         2  stage            __host_response_toml__json
        52         44          7   0.0%        3         0         3  stage            open_pr_head
        46         44          2   0.0%        2         2         0  publish          endpoint_period
        53         43         10   0.0%        4         0         5  stage            best_config_rank
        44         42          2   0.0%        1         1         0  publish          dirty_pr
        51         42          9   0.0%        2         0         2  stage            global_setting
        51         41          9   0.0%        2         0         2  stage            repo_config
        42         41          1   0.0%        1         1         1  publish          config_present
        43         40          2   0.0%        2         1         0  publish          seq_repo_ordinal_2
        42         40          1   0.0%        1         1         0  publish          token_seen
        42         40          2   0.0%        4         1         1  level_insert     open_pr_head
        45         39          5   0.0%        2         0         2  stage            gql_merge_commit
        42         39          2   0.0%        5         0         0  level_insert     endpoint_miss
        43         39          4   0.0%       14         0         0  retention        engine_tick_cost
        41         39          1   0.0%        3         2         2  level_insert     dirty_repo
        41         38          3   0.0%        1         1         1  publish          config_doc
        46         38          8   0.0%        2         0         2  stage            chosen_config
        40         38          2   0.0%        2         1         0  publish          period_candidate
        46         38          7   0.0%        4         0         4  stage            dirty_repo
        58         38         20   0.0%        6         0         7  edge_write       call_log
        42         37          5   0.0%        3         3         0  publish          dirty_repo
        45         36          8   0.0%        2         0         4  stage            __host_demand_env__var
        50         36         13   0.0%        4         0         4  edge_write       poll_state_etag
        37         36          1   0.0%        2         1         1  level_insert     poll_endpoint
        42         35          6   0.0%        2         0         4  stage            __host_demand_toml__json
        42         35          7   0.0%        3         0         3  stage            period_candidate
        41         35          6   0.0%        2         0         2  stage            gql_pull_closed_at
        39         34          4   0.0%        2         0         2  stage            dirty_pr
        50         34         16   0.0%        2         0         2  edge_write       pull_request
        39         34          5   0.0%        2         0         2  stage            gql_pull_merged_at
        41         33          7   0.0%        2         0         2  stage            config_doc
        36         33          2   0.0%        5         0         0  level_insert     header_poll_interval
        39         33          5   0.0%        7         7         6  edge_project     call_log
        40         33          6   0.0%        2         0         2  stage            __host_response_env__var
        39         33          6   0.0%        2         0         2  stage            pr_transition
        41         33          8   0.0%        2         0         2  stage            repo_ordinal
        36         31          5   0.0%        2         0         2  stage            pr_merge_commit_seen
       119         31         88   0.1%        2         0         2  stage            seq_repo_ordinal_2
        36         30          5   0.0%        2         0         2  stage            pr_merge_commit
        31         30          1   0.0%        2         1         1  level_insert     repo
        37         29          8   0.0%        1         0         1  edge_write       watched_repo
        34         29          5   0.0%        2         0         2  stage            token_seen
        32         28          3   0.0%        8         0         5  edge_project     page_queued
        32         28          4   0.0%        2         0         2  stage            config_present
        37         27          9   0.0%        3         2         3  edge_lookup      pull_request
        29         27          1   0.0%        2         1         2  edge_project     seq_repo_ordinal_2
        33         27          5   0.0%        5         5         1  publish          current_clock
        31         27          3   0.0%        2         0         2  stage            api_token
        30         26          4   0.0%        4         3         4  edge_project     pull_request
        34         25          8   0.0%        4         0         1  edge_lookup      page_ordinal
        33         25          7   0.0%        2         0         2  edge_write       repo_event
        27         25          2   0.0%        2         1         0  publish          repo_ordinal
        39         25         14   0.0%        5         0         5  edge_write       rate_state
        30         24          6   0.0%        4         3         4  read_staged      pull_request_seen
        27         24          3   0.0%        5         4         3  edge_project     poll_state_etag
        25         23          2   0.0%        2         1         0  publish          pr_ever_synced
        26         23          3   0.0%        2         0         2  stage            pr_ever_synced
        23         22          1   0.0%        2         2         2  edge_project     api_token
        33         21         12   0.0%        6         5         0  edge_lookup      rate_state
        29         21          7   0.0%        4         0         4  edge_write       poll_state_polled
        26         21          4   0.0%        6         7         0  edge_project     rate_state
        22         19          2   0.0%        4         4         4  edge_project     change_log
        24         19          4   0.0%        2         0         2  edge_write       last_body
        25         19          5   0.0%        1         0         1  edge_write       global_setting
        23         19          3   0.0%        2         0         3  edge_lookup      repo_event
        20         18          1   0.0%        1         1         0  edge_project     watched_repo
        18         17          1   0.0%        2         1         2  edge_project     repo_ordinal
        23         17          5   0.0%        1         0         1  edge_write       repo_config
        23         17          5   0.0%        3         0         4  edge_write       change_log
        18         16          2   0.0%        5         0         5  edge_project     poll_state_modified
        20         16          3   0.0%        2         0         2  edge_write       poll_state_changed
        23         16          6   0.0%        2         0         2  edge_write       seq_repo_ordinal_2
        17         16          1   0.0%        1         1         1  read_staged      watched_repo
        18         15          2   0.0%        5         2         2  edge_project     last_body
        17         15          1   0.0%        3         1         3  edge_project     pr_transition
        25         15         10   0.0%        1         0         3  edge_lookup      repo_config
        16         14          2   0.0%        3         2         4  edge_project     repo_event
        15         13          1   0.0%        1         2         1  publish          best_config_rank
        16         13          3   0.0%        1         0         1  edge_write       chosen_config
        16         13          2   0.0%        1         0         1  edge_write       pr_merge_commit
        15         13          1   0.0%        1         0         1  edge_lookup      pr_merge_commit
        14         13          1   0.0%        1         2         0  publish          best_token_rank
        13         11          2   0.0%        5         2         5  edge_project     poll_state_changed
        11         11          0   0.0%        1         1         1  edge_project     pr_merge_commit
        14         10          3   0.0%        1         0         0  edge_lookup      watched_repo
        12         10          1   0.0%        4         3         4  edge_project     pr_ever_synced
        12         10          1   0.0%        1         0         1  edge_write       repo_ordinal
        12         10          2   0.0%        5         4         5  edge_project     poll_state_polled
        11          9          2   0.0%        5         0         5  edge_project     poll_state_period
        12          9          2   0.0%        1         0         0  edge_lookup      global_setting
        16          9          7   0.0%        4         3         2  edge_lookup      poll_state_etag
        12          8          4   0.0%        3         2         2  edge_lookup      chosen_config
        13          7          5   0.0%        4         3         4  edge_lookup      poll_state_polled
         9          7          1   0.0%        1         0         1  edge_write       api_token
         9          7          2   0.0%        2         1         2  edge_lookup      poll_state_changed
        10          6          3   0.0%        2         1         1  edge_lookup      last_body
         8          6          2   0.0%        1         0         1  edge_write       pr_transition
         7          6          1   0.0%        1         0         1  edge_write       pr_ever_synced
         8          5          3   0.0%        3         2         3  edge_lookup      pr_ever_synced
         6          4          2   0.0%        2         1         2  edge_lookup      api_token
         5          4          1   0.0%        1         0         1  edge_lookup      repo_ordinal
         5          4          1   0.0%        1         0         1  edge_lookup      seq_repo_ordinal_2
        14          0         14   0.0%        0         0         0  arrive_diff      -
        29          0         29   0.0%        0         0         0  arrive_encode    -
         0          0          0   0.0%        0         0         0  decode           -
       862          0        862   0.4%        0         0         0  ticklog          -
    191732                        92.2%                               TOTAL sqlite     
      4017                         1.9%                               TOTAL rust in scopes 
     12222                         5.9%                               TOTAL rust unscoped 
    207972                       100.0%                               TOTAL wall       
