[2m2026-08-24T17:41:40.278668Z[0m [32m INFO[0m [1mtick[0m[1m{[0m[3mtick[0m[2m=[0m0 [3marrivals[0m[2m=[0m2[1m}[0m[2m:[0m[1mapply_arrivals[0m[1m{[0m[3marrivals[0m[2m=[0m2 [3mgroups[0m[2m=[0m2[1m}[0m[2m:[0m [2msprefa_engine_rs::incremental[0m[2m:[0m close [3mtime.busy[0m[2m=[0m243µs [3mtime.idle[0m[2m=[0m1.29µs
[2m2026-08-24T17:41:40.283811Z[0m [32m INFO[0m [1mtick[0m[1m{[0m[3mtick[0m[2m=[0m0 [3marrivals[0m[2m=[0m2[1m}[0m[2m:[0m [2msprefa_engine_rs::driver[0m[2m:[0m close [3mtime.busy[0m[2m=[0m7.36ms [3mtime.idle[0m[2m=[0m3.58µs
[2m2026-08-24T17:41:40.285694Z[0m [32m INFO[0m [1mtick[0m[1m{[0m[3mtick[0m[2m=[0m1 [3marrivals[0m[2m=[0m1[1m}[0m[2m:[0m[1mapply_arrivals[0m[1m{[0m[3marrivals[0m[2m=[0m1 [3mgroups[0m[2m=[0m1[1m}[0m[2m:[0m [2msprefa_engine_rs::incremental[0m[2m:[0m close [3mtime.busy[0m[2m=[0m129µs [3mtime.idle[0m[2m=[0m541ns
[2m2026-08-24T17:41:40.294424Z[0m [32m INFO[0m [1mtick[0m[1m{[0m[3mtick[0m[2m=[0m1 [3marrivals[0m[2m=[0m1[1m}[0m[2m:[0m [2msprefa_engine_rs::driver[0m[2m:[0m close [3mtime.busy[0m[2m=[0m9.86ms [3mtime.idle[0m[2m=[0m749ns
[2m2026-08-24T17:41:40.295534Z[0m [32m INFO[0m [1mtick[0m[1m{[0m[3mtick[0m[2m=[0m2 [3marrivals[0m[2m=[0m1[1m}[0m[2m:[0m[1mapply_arrivals[0m[1m{[0m[3marrivals[0m[2m=[0m1 [3mgroups[0m[2m=[0m1[1m}[0m[2m:[0m [2msprefa_engine_rs::incremental[0m[2m:[0m close [3mtime.busy[0m[2m=[0m51.3µs [3mtime.idle[0m[2m=[0m418ns
[2m2026-08-24T17:41:40.302428Z[0m [32m INFO[0m [1mtick[0m[1m{[0m[3mtick[0m[2m=[0m2 [3marrivals[0m[2m=[0m1[1m}[0m[2m:[0m [2msprefa_engine_rs::driver[0m[2m:[0m close [3mtime.busy[0m[2m=[0m7.97ms [3mtime.idle[0m[2m=[0m209ns
[2m2026-08-24T17:41:40.303531Z[0m [32m INFO[0m [1mtick[0m[1m{[0m[3mtick[0m[2m=[0m3 [3marrivals[0m[2m=[0m1[1m}[0m[2m:[0m[1mapply_arrivals[0m[1m{[0m[3marrivals[0m[2m=[0m1 [3mgroups[0m[2m=[0m1[1m}[0m[2m:[0m [2msprefa_engine_rs::incremental[0m[2m:[0m close [3mtime.busy[0m[2m=[0m164µs [3mtime.idle[0m[2m=[0m250ns
[2m2026-08-24T17:41:40.316279Z[0m [32m INFO[0m [1mtick[0m[1m{[0m[3mtick[0m[2m=[0m3 [3marrivals[0m[2m=[0m1[1m}[0m[2m:[0m [2msprefa_engine_rs::driver[0m[2m:[0m close [3mtime.busy[0m[2m=[0m13.8ms [3mtime.idle[0m[2m=[0m1.29µs
[2m2026-08-24T17:41:40.317991Z[0m [32m INFO[0m [1mtick[0m[1m{[0m[3mtick[0m[2m=[0m4 [3marrivals[0m[2m=[0m1[1m}[0m[2m:[0m[1mapply_arrivals[0m[1m{[0m[3marrivals[0m[2m=[0m1 [3mgroups[0m[2m=[0m1[1m}[0m[2m:[0m [2msprefa_engine_rs::incremental[0m[2m:[0m close [3mtime.busy[0m[2m=[0m218µs [3mtime.idle[0m[2m=[0m1.08µs
[2m2026-08-24T17:41:40.328335Z[0m [32m INFO[0m [1mtick[0m[1m{[0m[3mtick[0m[2m=[0m4 [3marrivals[0m[2m=[0m1[1m}[0m[2m:[0m [2msprefa_engine_rs::driver[0m[2m:[0m close [3mtime.busy[0m[2m=[0m11.9ms [3mtime.idle[0m[2m=[0m1.12µs
[2m2026-08-24T17:41:40.329502Z[0m [32m INFO[0m [1mtick[0m[1m{[0m[3mtick[0m[2m=[0m5 [3marrivals[0m[2m=[0m1[1m}[0m[2m:[0m[1mapply_arrivals[0m[1m{[0m[3marrivals[0m[2m=[0m1 [3mgroups[0m[2m=[0m1[1m}[0m[2m:[0m [2msprefa_engine_rs::incremental[0m[2m:[0m close [3mtime.busy[0m[2m=[0m55.0µs [3mtime.idle[0m[2m=[0m625ns
[2m2026-08-24T17:41:40.345321Z[0m [32m INFO[0m [1mtick[0m[1m{[0m[3mtick[0m[2m=[0m5 [3marrivals[0m[2m=[0m1[1m}[0m[2m:[0m [2msprefa_engine_rs::driver[0m[2m:[0m close [3mtime.busy[0m[2m=[0m16.8ms [3mtime.idle[0m[2m=[0m1.46µs
[2m2026-08-24T17:41:40.346740Z[0m [32m INFO[0m [1mtick[0m[1m{[0m[3mtick[0m[2m=[0m6 [3marrivals[0m[2m=[0m1[1m}[0m[2m:[0m[1mapply_arrivals[0m[1m{[0m[3marrivals[0m[2m=[0m1 [3mgroups[0m[2m=[0m1[1m}[0m[2m:[0m [2msprefa_engine_rs::incremental[0m[2m:[0m close [3mtime.busy[0m[2m=[0m72.6µs [3mtime.idle[0m[2m=[0m500ns
[2m2026-08-24T17:41:40.354108Z[0m [32m INFO[0m [1mtick[0m[1m{[0m[3mtick[0m[2m=[0m6 [3marrivals[0m[2m=[0m1[1m}[0m[2m:[0m [2msprefa_engine_rs::driver[0m[2m:[0m close [3mtime.busy[0m[2m=[0m8.61ms [3mtime.idle[0m[2m=[0m1.00µs
[2m2026-08-24T17:41:40.355394Z[0m [32m INFO[0m [1mtick[0m[1m{[0m[3mtick[0m[2m=[0m7 [3marrivals[0m[2m=[0m1[1m}[0m[2m:[0m[1mapply_arrivals[0m[1m{[0m[3marrivals[0m[2m=[0m1 [3mgroups[0m[2m=[0m1[1m}[0m[2m:[0m [2msprefa_engine_rs::incremental[0m[2m:[0m close [3mtime.busy[0m[2m=[0m80.4µs [3mtime.idle[0m[2m=[0m709ns
[2m2026-08-24T17:41:40.358606Z[0m [32m INFO[0m [1mtick[0m[1m{[0m[3mtick[0m[2m=[0m7 [3marrivals[0m[2m=[0m1[1m}[0m[2m:[0m [2msprefa_engine_rs::driver[0m[2m:[0m close [3mtime.busy[0m[2m=[0m4.41ms [3mtime.idle[0m[2m=[0m1.21µs
[2m2026-08-24T17:41:40.359499Z[0m [32m INFO[0m [1mtick[0m[1m{[0m[3mtick[0m[2m=[0m8 [3marrivals[0m[2m=[0m1[1m}[0m[2m:[0m[1mapply_arrivals[0m[1m{[0m[3marrivals[0m[2m=[0m1 [3mgroups[0m[2m=[0m1[1m}[0m[2m:[0m [2msprefa_engine_rs::incremental[0m[2m:[0m close [3mtime.busy[0m[2m=[0m47.0µs [3mtime.idle[0m[2m=[0m375ns
[2m2026-08-24T17:41:40.361586Z[0m [32m INFO[0m [1mtick[0m[1m{[0m[3mtick[0m[2m=[0m8 [3marrivals[0m[2m=[0m1[1m}[0m[2m:[0m [2msprefa_engine_rs::driver[0m[2m:[0m close [3mtime.busy[0m[2m=[0m2.95ms [3mtime.idle[0m[2m=[0m541ns
[2m2026-08-24T17:41:40.362634Z[0m [32m INFO[0m [1mtick[0m[1m{[0m[3mtick[0m[2m=[0m9 [3marrivals[0m[2m=[0m1[1m}[0m[2m:[0m[1mapply_arrivals[0m[1m{[0m[3marrivals[0m[2m=[0m1 [3mgroups[0m[2m=[0m1[1m}[0m[2m:[0m [2msprefa_engine_rs::incremental[0m[2m:[0m close [3mtime.busy[0m[2m=[0m68.0µs [3mtime.idle[0m[2m=[0m416ns
[2m2026-08-24T17:41:40.365208Z[0m [32m INFO[0m [1mtick[0m[1m{[0m[3mtick[0m[2m=[0m9 [3marrivals[0m[2m=[0m1[1m}[0m[2m:[0m [2msprefa_engine_rs::driver[0m[2m:[0m close [3mtime.busy[0m[2m=[0m3.59ms [3mtime.idle[0m[2m=[0m458ns
[2m2026-08-24T17:41:40.366162Z[0m [32m INFO[0m [1mtick[0m[1m{[0m[3mtick[0m[2m=[0m10 [3marrivals[0m[2m=[0m1[1m}[0m[2m:[0m[1mapply_arrivals[0m[1m{[0m[3marrivals[0m[2m=[0m1 [3mgroups[0m[2m=[0m1[1m}[0m[2m:[0m [2msprefa_engine_rs::incremental[0m[2m:[0m close [3mtime.busy[0m[2m=[0m43.1µs [3mtime.idle[0m[2m=[0m209ns
[2m2026-08-24T17:41:40.367871Z[0m [32m INFO[0m [1mtick[0m[1m{[0m[3mtick[0m[2m=[0m10 [3marrivals[0m[2m=[0m1[1m}[0m[2m:[0m [2msprefa_engine_rs::driver[0m[2m:[0m close [3mtime.busy[0m[2m=[0m2.63ms [3mtime.idle[0m[2m=[0m500ns
[2m2026-08-24T17:41:40.368854Z[0m [32m INFO[0m [1mtick[0m[1m{[0m[3mtick[0m[2m=[0m11 [3marrivals[0m[2m=[0m1[1m}[0m[2m:[0m[1mapply_arrivals[0m[1m{[0m[3marrivals[0m[2m=[0m1 [3mgroups[0m[2m=[0m1[1m}[0m[2m:[0m [2msprefa_engine_rs::incremental[0m[2m:[0m close [3mtime.busy[0m[2m=[0m75.5µs [3mtime.idle[0m[2m=[0m375ns
[2m2026-08-24T17:41:40.377334Z[0m [32m INFO[0m [1mtick[0m[1m{[0m[3mtick[0m[2m=[0m11 [3marrivals[0m[2m=[0m1[1m}[0m[2m:[0m [2msprefa_engine_rs::driver[0m[2m:[0m close [3mtime.busy[0m[2m=[0m9.43ms [3mtime.idle[0m[2m=[0m625ns
[2m2026-08-24T17:41:40.378984Z[0m [32m INFO[0m [1mtick[0m[1m{[0m[3mtick[0m[2m=[0m12 [3marrivals[0m[2m=[0m1[1m}[0m[2m:[0m[1mapply_arrivals[0m[1m{[0m[3marrivals[0m[2m=[0m1 [3mgroups[0m[2m=[0m1[1m}[0m[2m:[0m [2msprefa_engine_rs::incremental[0m[2m:[0m close [3mtime.busy[0m[2m=[0m96.6µs [3mtime.idle[0m[2m=[0m917ns
[2m2026-08-24T17:41:40.385922Z[0m [32m INFO[0m [1mtick[0m[1m{[0m[3mtick[0m[2m=[0m12 [3marrivals[0m[2m=[0m1[1m}[0m[2m:[0m [2msprefa_engine_rs::driver[0m[2m:[0m close [3mtime.busy[0m[2m=[0m8.24ms [3mtime.idle[0m[2m=[0m541ns
[2m2026-08-24T17:41:40.387809Z[0m [32m INFO[0m [1mtick[0m[1m{[0m[3mtick[0m[2m=[0m13 [3marrivals[0m[2m=[0m0[1m}[0m[2m:[0m [2msprefa_engine_rs::driver[0m[2m:[0m close [3mtime.busy[0m[2m=[0m1.77ms [3mtime.idle[0m[2m=[0m792ns
[2m2026-08-24T17:41:40.387841Z[0m [32m INFO[0m [2msprefa_engine_rs::sql[0m[2m:[0m seam tally [3mstatements[0m[2m=[0m10147 [3minert[0m[2m=[0m4266 [3minert_pct[0m[2m=[0m42 [3mrows_out[0m[2m=[0m834 [3mrows_changed[0m[2m=[0m2162 [3mms[0m[2m=[0m84

== DL_TRACE_SUMMARY ==
  us_total     us_sql    us_rust    pct    calls  rows_out   changed  verb             relation
     98079      97979        100  45.0%     1743         0         0  ddl              -
     10127       9536        591   4.6%       28        28        28  probe            -
      6927       6889         38   3.2%      344         0        25  boot             -
      6035       6035          0   2.8%     1093         0         0  unlabelled       -
      2640       2579         60   1.2%       36         0         0  level_insert     notification_seen
      2052       2036         15   0.9%        6         3        13  level_insert     gql_pull
      1846       1840          6   0.8%       27         0         0  clear            promote
      1818       1813          5   0.8%       13         0         0  clear            prepare
      1384       1342         42   0.6%       55         3         3  level_insert     pull_request_seen
      1365       1328         37   0.6%       48         7         9  level_insert     pr_batch_member
      1304       1207         97   0.6%      187         0        71  recount          __host_demand_http__post
      1229       1194         35   0.6%       49         0         0  level_insert     discovered_repo
      1064       1038         26   0.5%       31         0         3  recount          gql_pull
      1047       1012         34   0.5%       42        11        19  level_insert     __host_demand_http__post
      1013        992         21   0.5%       24         7        21  level_insert     __host_demand_http__get
       994        943         51   0.5%       73         0         0  recount          notification_seen
       963        909         54   0.4%       94         0        70  recount          __host_demand_http__get
       893        843         50   0.4%       90        28        67  aggregate        pr_post_body
       918        836         82   0.4%      140         0         0  level_insert     branch_pattern_list
       826        802         24   0.4%       24         2         7  level_insert     repo_event_seen
       809        799          9   0.4%        5         4         4  level_insert     page_response
       804        721         83   0.4%      140         0         0  level_insert     link_part_list
       708        698          9   0.3%        6         0         0  level_insert     gql_check_run
       654        638         16   0.3%       10         4         4  level_insert     page_arrival
       640        628         11   0.3%        6         0         0  level_insert     gql_comment
       615        608          6   0.3%        6         0         0  level_insert     gql_status_context
       588        577         11   0.3%        8         5         5  level_insert     poll_state
       603        572         31   0.3%       54         0         6  recount          change_candidate
       574        570          3   0.3%       13         0         0  clear            merge
       570        564          6   0.3%        6         0         0  level_insert     gql_review
       556        548          7   0.3%        4         1         1  level_insert     period_candidate
       562        544         18   0.3%       13         3         3  level_insert     pr_batch_arrival
       591        543         48   0.3%       84         0        13  recount          pull_request_seen
       548        532         15   0.3%       16         0         0  level_insert     lane_proof
       565        526         39   0.3%       73         0        11  recount          repo_event_seen
       560        525         34   0.3%       70        24        57  aggregate        pr_batch
       537        522         14   0.2%       14         0         0  level_insert     over_budget
       596        516         79   0.3%      169         0        22  recount          pr_batch_arrival
       555        504         51   0.3%       95         0        42  recount          page_response
       517        502         14   0.2%       16         0         0  level_insert     checkout_task
       497        477         19   0.2%       24        18        20  level_insert     pr_selection
       489        470         19   0.2%        4         4         0  publish          pull_request_seen
       474        464          9   0.2%       12         2         2  level_insert     page_prev_etag
       520        462         58   0.2%      112         0        47  recount          poll_state
       470        459         10   0.2%        8         4         4  level_insert     due
       466        455         11   0.2%       20         0         0  level_insert     watched_global
       469        454         15   0.2%       25         4         6  level_insert     change_candidate
       454        448          5   0.2%       14         0         0  snapshot_pre     -
       463        446         16   0.2%       24         0         0  level_insert     candidate_branch
       469        442         27   0.2%       54         0         0  recount          link_part_list
       601        439        162   0.3%        9        16         0  publish          __host_demand_http__post
       450        432         18   0.2%        4         3         0  publish          pull_request
       450        431         19   0.2%        4         4         0  publish          gql_pull
       467        421         45   0.2%       85         0        20  recount          page_arrival
       472        419         53   0.2%      114         0        59  recount          pr_query
       435        416         18   0.2%       31         0         0  recount          gql_status_context
       434        416         17   0.2%       31         0         0  recount          gql_comment
       439        402         37   0.2%       80         0         0  recount          discovered_repo
       445        401         44   0.2%       88        23        51  aggregate        rate_pool
       407        401          6   0.2%        5         1         1  level_insert     dirty_pr
       415        396         19   0.2%       31         0         0  recount          gql_review
       405        396          9   0.2%       10         0         0  level_insert     pr_status_check_seen
       410        394         16   0.2%       31         0         0  recount          gql_check_run
       430        386         43   0.2%       85         0        25  recount          pr_batch_response
       366        360          6   0.2%        6         0         0  level_insert     gql_label
       361        350         10   0.2%       15         2         6  level_insert     __host_demand_env__var
       403        342         61   0.2%      112         0        38  recount          page_prev_etag
       355        332         23   0.2%       46         0        30  recount          pr_selection
       337        331          5   0.2%        2         1         1  level_insert     watched_repo_seen
       340        324         15   0.2%       30         7        16  aggregate        request_headers
       334        322         12   0.2%       15         2         5  level_insert     __host_demand_toml__json
       316        307          9   0.1%       10         6         6  level_insert     pr_due
       385        298         86   0.2%       30         0        44  stage            rate_pool
       327        294         33   0.2%       73         0         0  recount          candidate_branch
       325        292         32   0.1%       66         0        39  recount          rest_response
       295        290          5   0.1%        6         0         0  level_insert     gql_requested_reviewer
       294        289          4   0.1%        3         3         3  level_insert     pr_batch_response
       315        287         27   0.1%       56         0         5  recount          dirty_pr
       290        284          5   0.1%        5         1         1  level_insert     config_doc
       313        281         31   0.1%       66         0        24  recount          pr_post_field
       443        277        166   0.2%       38         0        14  recount          call_candidate
       296        273         22   0.1%       42         0         9  recount          pr_batch_member
       270        265          5   0.1%        6         1         2  level_insert     gql_merge_commit
       279        264         14   0.1%       31         0         0  recount          gql_label
       303        263         40   0.1%       84         0        29  recount          poll_state_tag
       328        261         66   0.2%       27         0        47  stage            pr_post_body
       270        254         16   0.1%       31         0        24  recount          request_header
       256        251          5   0.1%        6         1         1  level_insert     gql_pull_closed_at
       264        250         13   0.1%       20         0         3  recount          open_pr
       251        247          3   0.1%       13        13         0  read_staged      -
       259        246         12   0.1%       21         3         3  level_insert     request_header
       254        246          7   0.1%       10         0         0  level_insert     pr_comment_seen
       254        242         11   0.1%       20         0         0  recount          lane_proof
       245        239          5   0.1%        6         1         1  level_insert     gql_pull_merged_at
       267        237         29   0.1%       57         0         0  recount          pr_comment_seen
       292        231         61   0.1%        6        10         0  publish          __host_demand_http__get
       257        230         26   0.1%       57         0         0  recount          pr_status_check_seen
       246        229         16   0.1%       31         0         0  recount          gql_requested_reviewer
       240        226         14   0.1%        5         5         0  publish          page_response
       245        225         20   0.1%       42         0        30  recount          pr_batch_alias
       233        225          8   0.1%        9         6         6  level_insert     rest_response
       231        222          8   0.1%       11         1         1  level_insert     pr_merge_commit_seen
       260        222         37   0.1%       74         0         0  recount          over_budget
       274        217         56   0.1%       21         0        41  stage            pr_batch
       224        217          6   0.1%        6         1         1  level_insert     token_seen
       226        212         14   0.1%       31         0         0  recount          gql_pull_merged_at
       219        208         11   0.1%        3         3         0  publish          repo_event_seen
       228        206         21   0.1%        6        20         0  publish          pr_batch_alias
       257        205         52   0.1%       15         0        42  stage            pr_batch_alias
       217        202         15   0.1%       31         0         0  recount          gql_merge_commit
       218        202         15   0.1%       31         0         0  recount          gql_pull_closed_at
       221        201         20   0.1%       42         0         8  recount          header_etag
       207        200          6   0.1%        8         2         4  level_insert     recent_event
       264        200         63   0.1%       18         0        24  stage            __host_demand_http__post
       208        200          8   0.1%        3         2         0  publish          open_pr
       209        198         10   0.1%       20         3         8  aggregate        graphql_headers
       203        196          7   0.1%        7         7         7  level_insert     call_candidate
       207        193         13   0.1%       20         9        10  level_insert     pr_query
       219        193         26   0.1%        5         5         0  publish          __host_response_http__get
       199        192          6   0.1%       10         0         0  level_insert     pr_label_seen
       244        192         52   0.1%       19         0        25  stage            pr_post_field
       196        189          7   0.1%       10         0         0  level_insert     pr_review_seen
       234        188         46   0.1%        6        20         0  publish          pr_selection
       215        187         27   0.1%       57         0         0  recount          pr_review_seen
       222        187         35   0.1%       10         5         5  arrive           __host_response_http__get
       212        187         25   0.1%       57         0         0  recount          pr_requested_reviewer_seen
       189        186          3   0.1%        4         1         6  edge_project     repo_config
       251        185         66   0.1%        8        19         0  publish          pr_post_body
       212        183         28   0.1%        2         2         0  publish          __host_response_http__post
       186        181          4   0.1%       10         0         0  level_insert     pr_requested_reviewer_seen
       227        180         47   0.1%        8        14         0  publish          pr_post_field
       189        180          9   0.1%       12         0         0  level_insert     rate_warm
       225        178         46   0.1%       15         0        42  stage            pr_selection
       200        177         22   0.1%       47         0         9  recount          pr_due
       190        177         13   0.1%       16        18        19  level_insert     pr_batch_alias
       179        175          4   0.1%        5         0         0  level_insert     endpoint_cooling
       176        168          7   0.1%       10         4        12  level_insert     __host_demand_dl__tick_cost
       179        165         14   0.1%       28         0         8  recount          due
       188        164         24   0.1%       57         0         0  recount          pr_label_seen
       195        162         32   0.1%       74         0         0  recount          rate_warm
       164        160          4   0.1%        2         1         0  publish          watched_repo_seen
       208        157         51   0.1%       12         0        14  stage            call_log
       215        156         59   0.1%       10         0        10  stage            __host_response_http__get
       167        155         11   0.1%        5         8         0  publish          pr_batch_member
       159        155          3   0.1%        2         1         0  publish          watched_repo
       162        153          8   0.1%       12         0         0  level_insert     not_an_org
       175        150         24   0.1%       57         0         0  recount          pr_merge_commit_seen
       200        149         50   0.1%       12         0        14  stage            call_candidate
       165        149         15   0.1%        8         9         0  publish          poll_state
       153        149          4   0.1%        7         4         4  level_insert     page_fetch
       197        149         47   0.1%       14         0        20  stage            pr_query
       153        147          6   0.1%        4         2         0  publish          recent_event
       163        147         16   0.1%       38         0         8  recount          header_rate_reset
       186        146         40   0.1%       11         0        14  stage            rest_response
       268        146        121   0.1%       26        38         4  intern           -
       159        145         13   0.1%       28         0         3  recount          gql_rate_remaining
       188        142         46   0.1%        6         0         6  stage            gql_pull
       150        142          7   0.1%        4         2         0  publish          repo_event
       158        142         16   0.1%        5         5         0  publish          page_arrival
       189        141         47   0.1%        6        15         0  publish          pr_batch
       158        141         17   0.1%       38         0         8  recount          header_rate_remaining
       157        140         17   0.1%        4         2         2  arrive           __host_response_http__post
       149        140          9   0.1%        5         5         5  level_insert     current_clock
       161        140         20   0.1%        7         9         0  publish          call_candidate
       155        139         15   0.1%       42         0         0  recount          header_link
       181        137         43   0.1%        6         0         6  stage            pull_request_seen
       179        137         41   0.1%        8         0         8  stage            page_arrival
       154        135         18   0.1%       42         0         0  recount          header_modified
       137        133          3   0.1%        5         0         0  level_insert     measured
       143        132         10   0.1%        8         7         0  publish          poll_state_etag
       139        128         10   0.1%       10         4         6  level_insert     header_etag
       140        128         12   0.1%       28         0         3  recount          gql_rate_reset
       164        127         37   0.1%       10         0        16  stage            pr_batch_member
       143        126         16   0.1%       10         7         0  publish          call_log
       158        126         32   0.1%       10         5         6  arrive           __host_response_clock__tick
       165        124         40   0.1%       12         0        15  stage            poll_state
       134        124          9   0.1%       18         0         3  recount          open_pr_head
       171        123         47   0.1%        8         0         8  stage            page_response
       131        123          7   0.1%       10        11        11  level_insert     pr_post_field
       165        123         42   0.1%        6         0         6  stage            pr_batch_arrival
       131        123          8   0.1%       15         0         0  level_insert     branch_seen
       172        122         49   0.1%       10         0        13  stage            rate_state
       130        122          8   0.1%        4         6         0  publish          change_candidate
       125        122          3   0.1%       14         0         0  advance_tick     -
       128        121          7   0.1%        8         1         1  level_insert     open_pr
       161        121         40   0.1%        7        12         0  publish          pr_query
       124        120          3   0.1%        2         1         0  publish          repo_config
       151        119         32   0.1%        4         0         5  stage            pull_request
       151        118         33   0.1%        9         0        15  stage            __host_demand_http__get
       121        114          7   0.1%        5         4         0  publish          change_log
       130        113         16   0.1%       38         0         0  recount          endpoint_hit
       149        112         37   0.1%        6         0         6  stage            pr_batch_response
       128        111         16   0.1%       38         0         0  recount          header_poll_interval
       129        110         19   0.1%       10        16         0  publish          rate_pool
       126        109         16   0.1%       38         0         3  recount          dirty_repo
       111        108          2   0.1%        1         1         0  publish          gql_merge_commit
       112        107          4   0.1%        6         1         2  level_insert     watched_endpoint
       142        107         35   0.1%        4         0         4  stage            __host_response_http__post
       112        107          4   0.1%        1         2         1  publish          __host_demand_env__var
       108        105          3   0.0%        1         1         0  publish          __host_response_env__var
       107        103          3   0.0%        1         2         1  publish          __host_demand_toml__json
       140        103         37   0.1%       10         0        10  stage            __host_response_clock__tick
       114        102         11   0.1%        4         4         0  publish          __host_demand_dl__tick_cost
       117        101         16   0.1%       38         0         0  recount          endpoint_miss
       103        100          3   0.0%        2         1         0  publish          watched_endpoint
       124         99         24   0.1%        9         0         9  stage            page_fetch
       123         98         24   0.1%        9         0         9  stage            due
       115         97         18   0.1%        6         9         0  publish          rest_response
       105         97          7   0.0%        5         4         0  publish          page_fetch
       108         96         11   0.0%        9         8         0  publish          rate_state
        99         96          3   0.0%        5         0         0  level_insert     endpoint_hit
       122         95         26   0.1%       10         0        10  stage            current_clock
        98         93          4   0.0%        3         3         0  publish          request_header
       103         93          9   0.0%       12         0         0  edge_project     gh_username
        98         93          5   0.0%        3         2         0  publish          open_pr_head
       100         92          7   0.0%        5         5         0  publish          header_etag
       116         92         24   0.1%        8         0        11  stage            poll_state_etag
        94         92          2   0.0%        4         0         0  edge_project     org_config
        93         91          2   0.0%        1         1         0  publish          gql_pull_closed_at
        98         90          8   0.0%        5         4         0  publish          due
        99         90          9   0.0%       14         0         0  retention        call_log
       111         90         21   0.1%        9         0        12  stage            request_headers
        92         90          1   0.0%        1         1         0  publish          gql_pull_merged_at
       111         90         21   0.1%        8         0        11  stage            poll_state_polled
       100         89         10   0.0%        5         5         1  publish          __host_response_clock__tick
        92         89          3   0.0%        2         1         0  publish          graphql_header
        93         87          6   0.0%        2         1         0  publish          pr_transition
       108         85         23   0.0%        8         0         8  stage            header_etag
       100         85         15   0.0%        3         0         3  stage            open_pr
        87         84          2   0.0%        2         1         0  publish          poll_endpoint
        92         83          8   0.0%       16         3         7  aggregate        endpoint_period
       106         83         22   0.0%        8         0         8  stage            page_ordinal
       101         81         19   0.0%        8         0         8  stage            __host_demand_dl__tick_cost
       102         80         21   0.0%        8         0         8  stage            header_rate_remaining
        96         78         17   0.0%        6         0         8  stage            change_log
        83         77          6   0.0%        3         5         0  publish          request_headers
        94         77         17   0.0%        7         0        13  stage            pr_due
       105         77         28   0.0%        7         0         6  edge_project     repo_checkout
        97         77         20   0.0%        8         0         8  stage            header_rate_reset
       100         76         23   0.0%        4         4         0  publish          pr_batch_arrival
        94         76         17   0.0%        6         0         6  stage            recent_event
        80         75          4   0.0%        4         3         0  publish          page_prev_etag
        96         75         20   0.0%        4         4         0  publish          pr_batch_response
        90         74         16   0.0%        3         0         3  stage            watched_repo_seen
        81         73          7   0.0%        8         4         0  publish          page_ordinal
        79         73          6   0.0%       10         0         0  level_insert     header_link
        77         72          4   0.0%        4         3         0  publish          poll_state_tag
        81         72          8   0.0%        8         7         0  publish          poll_state_polled
        89         71         17   0.0%        4         0         4  stage            repo_event_seen
        86         70         15   0.0%        6         0         6  stage            gql_rate_reset
        76         70          5   0.0%        8         3         6  aggregate        best_token_rank
        88         70         17   0.0%        6         0         8  stage            change_candidate
        74         70          3   0.0%        2         2         0  publish          graphql_headers
        73         70          3   0.0%        5         4         4  level_insert     header_rate_reset
        87         69         17   0.0%        6         0         6  stage            gql_rate_remaining
        74         69          4   0.0%        1         1         1  publish          __host_response_toml__json
        71         68          3   0.0%        4         1         0  edge_project     global_setting
        75         67          7   0.0%        5         5         0  publish          header_rate_remaining
        73         67          6   0.0%       10         0         0  level_insert     header_modified
        73         67          6   0.0%        2         1         2  arrive           __host_response_env__var
        79         65         14   0.0%        4         0         4  stage            repo_event
        71         65          6   0.0%        4         4         0  publish          gql_rate_remaining
        67         64          2   0.0%        3         3         3  level_insert     gql_rate_remaining
        68         64          3   0.0%        2         1         0  publish          global_setting
        68         64          4   0.0%        8         2         2  level_insert     poll_state_tag
        67         64          3   0.0%        5         4         4  level_insert     header_rate_remaining
        74         63         11   0.0%        8         3         6  aggregate        best_config_rank
        66         63          3   0.0%        3         3         3  level_insert     gql_rate_reset
        65         63          2   0.0%        2         1         0  publish          repo
        75         62         13   0.0%        6         0         6  stage            poll_state_tag
        67         61          5   0.0%        5         5         0  publish          header_rate_reset
        73         60         12   0.0%        5         0         8  stage            request_header
        63         60          3   0.0%        2         1         0  publish          pr_merge_commit
        65         60          5   0.0%       14         0         0  retention        change_log
        71         58         13   0.0%        4         0         5  stage            last_body
        64         57          7   0.0%        4         3         0  publish          last_body
        58         56          1   0.0%        3         3         2  edge_project     chosen_config
        67         56         11   0.0%        5         0         6  stage            graphql_headers
        59         55          3   0.0%        2         2         0  publish          api_tier
        60         55          5   0.0%        4         4         0  publish          gql_rate_reset
        57         55          1   0.0%        2         2         2  level_insert     api_tier
        60         54          5   0.0%        2         1         2  arrive           __host_response_toml__json
        57         54          2   0.0%        4         1         2  level_insert     graphql_header
        67         54         12   0.0%        5         0         6  stage            endpoint_period
        64         53         10   0.0%        5         0         5  stage            page_prev_etag
        60         52          7   0.0%       12         4         6  edge_project     page_ordinal
        53         52          0   0.0%        1         1         1  level_insert     config_present
        60         52          8   0.0%        3         0         3  stage            open_pr_head
        56         52          4   0.0%        4         3         0  publish          poll_state_changed
        53         51          1   0.0%        1         1         0  publish          pr_merge_commit_seen
        53         50          2   0.0%        4         1         1  level_insert     open_pr_head
        60         50         10   0.0%        4         0         5  stage            best_token_rank
        58         50          7   0.0%        3         0         3  stage            graphql_header
        58         50          8   0.0%        3         0         6  stage            api_tier
        58         49          9   0.0%        2         0         2  stage            global_setting
        51         48          2   0.0%        2         1         0  publish          seq_repo_ordinal_2
        57         48          9   0.0%        4         0         4  stage            dirty_repo
        58         47         10   0.0%        2         0         2  stage            __host_response_toml__json
        54         47          6   0.0%        2         0         2  stage            gql_merge_commit
        51         47          4   0.0%        2         1         1  publish          chosen_config
        57         47         10   0.0%        2         0         2  stage            watched_repo
        51         46          4   0.0%       14         0         0  retention        engine_tick_cost
        55         46          8   0.0%        4         8         0  publish          pr_due
        55         45          9   0.0%        2         0         2  stage            repo_config
        54         45          8   0.0%        3         0         3  stage            watched_endpoint
        48         45          2   0.0%        2         2         0  publish          endpoint_period
        54         45          9   0.0%        4         0         5  stage            poll_state_changed
        52         43          8   0.0%        2         0         2  stage            __host_response_env__var
        45         43          1   0.0%        1         1         0  publish          token_seen
        53         43          9   0.0%        4         0         5  stage            best_config_rank
        61         43         18   0.0%        6         0         7  edge_write       call_log
        45         43          2   0.0%        2         1         0  publish          api_token
        45         43          2   0.0%        2         1         0  publish          period_candidate
        44         42          2   0.0%        1         1         0  publish          dirty_pr
        44         42          1   0.0%        3         2         2  level_insert     dirty_repo
        45         42          3   0.0%        2         1         0  publish          repo_ordinal
        48         41          7   0.0%        3         0         3  stage            poll_endpoint
        50         41          9   0.0%        2         0         2  stage            config_doc
        58         41         17   0.0%        2         0         2  edge_write       pull_request
        50         40         10   0.0%        2         0         4  stage            __host_demand_env__var
        45         40          4   0.0%        2         0         2  stage            dirty_pr
        47         40          7   0.0%        3         0         3  stage            repo
        46         39          6   0.0%        2         0         2  stage            pr_transition
        45         39          6   0.0%        2         0         2  stage            gql_pull_closed_at
        40         39          1   0.0%        1         1         1  publish          config_present
        41         39          2   0.0%        1         1         1  publish          config_doc
        48         39          9   0.0%        2         0         2  stage            chosen_config
        41         38          2   0.0%        5         0         0  level_insert     header_poll_interval
        43         38          4   0.0%        3         3         0  publish          dirty_repo
        45         38          7   0.0%        2         0         4  stage            __host_demand_toml__json
        47         38          9   0.0%        4         0         4  edge_write       poll_state_polled
        42         36          5   0.0%        2         0         2  stage            gql_pull_merged_at
        42         36          5   0.0%        7         7         6  edge_project     call_log
        37         35          1   0.0%        2         1         1  level_insert     poll_endpoint
        42         35          6   0.0%        3         0         3  stage            period_candidate
        40         35          5   0.0%        2         0         2  stage            token_seen
        40         34          5   0.0%        2         0         2  stage            pr_merge_commit
        40         34          5   0.0%        2         0         2  stage            pr_merge_commit_seen
        41         34          6   0.0%        5         5         1  publish          current_clock
        45         34         11   0.0%        3         2         3  edge_lookup      pull_request
        37         34          2   0.0%        5         0         0  level_insert     endpoint_miss
        38         33          4   0.0%        4         3         4  edge_project     pull_request
        37         32          4   0.0%        2         0         2  stage            pr_ever_synced
        46         32         14   0.0%        6         5         0  edge_lookup      rate_state
        37         31          5   0.0%        6         7         0  edge_project     rate_state
        46         31         15   0.0%        5         0         5  edge_write       rate_state
        35         30          5   0.0%        2         0         2  stage            repo_ordinal
       104         30         74   0.0%        2         0         2  stage            seq_repo_ordinal_2
        32         29          2   0.0%        2         1         1  level_insert     repo
        33         29          4   0.0%        2         0         2  stage            config_present
        33         28          4   0.0%        2         0         2  stage            api_token
        29         27          2   0.0%        2         1         0  publish          pr_ever_synced
        29         27          2   0.0%        8         0         5  edge_project     page_queued
        38         26         11   0.0%        4         0         4  edge_write       page_ordinal
        27         26          1   0.0%        2         2         2  edge_project     api_token
        33         26          6   0.0%        4         3         4  read_staged      pull_request_seen
        32         26          6   0.0%        1         0         1  edge_write       watched_repo
        33         25          7   0.0%        2         0         2  edge_write       repo_event
        34         24          9   0.0%        4         0         1  edge_lookup      page_ordinal
        28         24          3   0.0%        5         4         3  edge_project     poll_state_etag
        37         24         13   0.0%        4         0         4  edge_write       poll_state_etag
        24         22          1   0.0%        2         1         2  edge_project     seq_repo_ordinal_2
        24         21          2   0.0%        4         4         4  edge_project     change_log
        27         21          5   0.0%        1         0         1  edge_write       global_setting
        24         20          4   0.0%        2         0         3  edge_lookup      repo_event
        25         19          5   0.0%        1         0         1  edge_write       repo_config
        25         18          6   0.0%        3         0         4  edge_write       change_log
        23         18          5   0.0%        2         0         2  edge_write       last_body
        20         17          2   0.0%        5         0         5  edge_project     poll_state_modified
        20         17          2   0.0%        2         0         2  edge_write       seq_repo_ordinal_2
        19         16          2   0.0%        5         2         5  edge_project     poll_state_changed
        35         16         19   0.0%        1         0         3  edge_lookup      repo_config
        17         16          1   0.0%        1         1         0  edge_project     watched_repo
        17         15          1   0.0%        3         2         4  edge_project     repo_event
        18         15          3   0.0%        5         2         2  edge_project     last_body
        17         15          2   0.0%        3         1         3  edge_project     pr_transition
        17         15          2   0.0%        1         0         1  edge_write       pr_merge_commit
        16         14          1   0.0%        1         2         1  publish          best_config_rank
        16         14          1   0.0%        1         0         1  edge_lookup      pr_merge_commit
        19         14          4   0.0%        2         0         2  edge_write       poll_state_changed
        14         13          0   0.0%        1         1         1  edge_project     pr_merge_commit
        17         13          3   0.0%        1         0         1  edge_write       chosen_config
        15         13          1   0.0%        1         1         1  read_staged      watched_repo
        15         13          1   0.0%        1         2         0  publish          best_token_rank
        15         13          2   0.0%        1         0         1  edge_write       repo_ordinal
        14         13          1   0.0%        2         1         2  edge_project     repo_ordinal
        14         12          2   0.0%        4         3         4  edge_project     pr_ever_synced
        13         11          2   0.0%        5         4         5  edge_project     poll_state_polled
        19         10          8   0.0%        4         3         2  edge_lookup      poll_state_etag
        13         10          3   0.0%        1         0         0  edge_lookup      global_setting
        12         10          2   0.0%        5         0         5  edge_project     poll_state_period
        12          9          2   0.0%        1         0         0  edge_lookup      watched_repo
        10          9          1   0.0%        1         0         1  edge_write       api_token
        12          8          4   0.0%        3         2         2  edge_lookup      chosen_config
        13          8          5   0.0%        4         3         4  edge_lookup      poll_state_polled
         9          7          1   0.0%        1         0         1  edge_write       pr_ever_synced
        11          7          3   0.0%        2         1         1  edge_lookup      last_body
        10          7          3   0.0%        2         1         2  edge_lookup      poll_state_changed
         9          7          2   0.0%        1         0         1  edge_write       pr_transition
        10          6          3   0.0%        3         2         3  edge_lookup      pr_ever_synced
         7          5          2   0.0%        2         1         2  edge_lookup      api_token
         5          4          1   0.0%        1         0         1  edge_lookup      repo_ordinal
         6          4          1   0.0%        1         0         1  edge_lookup      seq_repo_ordinal_2
        16          0         16   0.0%        0         0         0  arrive_diff      -
        32          0         32   0.0%        0         0         0  arrive_encode    -
         0          0          0   0.0%        0         0         0  decode           -
       950          0        950   0.4%        0         0         0  ticklog          -
    198822                        91.2%                               TOTAL sqlite     
      2452                         1.1%                               TOTAL rust in scopes 
     16661                         7.6%                               TOTAL rust unscoped 
    217936                       100.0%                               TOTAL wall       
