[2m2026-08-24T17:41:40.210910Z[0m [32m INFO[0m [1mtick[0m[1m{[0m[3mtick[0m[2m=[0m0 [3marrivals[0m[2m=[0m64[1m}[0m[2m:[0m[1mapply_arrivals[0m[1m{[0m[3marrivals[0m[2m=[0m64 [3mgroups[0m[2m=[0m64[1m}[0m[2m:[0m [2msprefa_engine_rs::incremental[0m[2m:[0m close [3mtime.busy[0m[2m=[0m4.01ms [3mtime.idle[0m[2m=[0m1.08µs
[2m2026-08-24T17:41:40.222888Z[0m [32m INFO[0m [1mtick[0m[1m{[0m[3mtick[0m[2m=[0m0 [3marrivals[0m[2m=[0m64[1m}[0m[2m:[0m [2msprefa_engine_rs::driver[0m[2m:[0m close [3mtime.busy[0m[2m=[0m17.8ms [3mtime.idle[0m[2m=[0m14.3µs
[2m2026-08-24T17:41:40.226835Z[0m [32m INFO[0m [1mtick[0m[1m{[0m[3mtick[0m[2m=[0m1 [3marrivals[0m[2m=[0m64[1m}[0m[2m:[0m[1mapply_arrivals[0m[1m{[0m[3marrivals[0m[2m=[0m64 [3mgroups[0m[2m=[0m64[1m}[0m[2m:[0m [2msprefa_engine_rs::incremental[0m[2m:[0m close [3mtime.busy[0m[2m=[0m1.96ms [3mtime.idle[0m[2m=[0m793ns
[2m2026-08-24T17:41:40.232084Z[0m [32m INFO[0m [1mtick[0m[1m{[0m[3mtick[0m[2m=[0m1 [3marrivals[0m[2m=[0m64[1m}[0m[2m:[0m [2msprefa_engine_rs::driver[0m[2m:[0m close [3mtime.busy[0m[2m=[0m9.07ms [3mtime.idle[0m[2m=[0m1.00µs
[2m2026-08-24T17:41:40.236088Z[0m [32m INFO[0m [1mtick[0m[1m{[0m[3mtick[0m[2m=[0m2 [3marrivals[0m[2m=[0m64[1m}[0m[2m:[0m[1mapply_arrivals[0m[1m{[0m[3marrivals[0m[2m=[0m64 [3mgroups[0m[2m=[0m64[1m}[0m[2m:[0m [2msprefa_engine_rs::incremental[0m[2m:[0m close [3mtime.busy[0m[2m=[0m2.00ms [3mtime.idle[0m[2m=[0m708ns
[2m2026-08-24T17:41:40.241916Z[0m [32m INFO[0m [1mtick[0m[1m{[0m[3mtick[0m[2m=[0m2 [3marrivals[0m[2m=[0m64[1m}[0m[2m:[0m [2msprefa_engine_rs::driver[0m[2m:[0m close [3mtime.busy[0m[2m=[0m9.74ms [3mtime.idle[0m[2m=[0m1.04µs
[2m2026-08-24T17:41:40.241984Z[0m [32m INFO[0m [2msprefa_engine_rs::sql[0m[2m:[0m seam tally [3mstatements[0m[2m=[0m4496 [3minert[0m[2m=[0m0 [3minert_pct[0m[2m=[0m0 [3mrows_out[0m[2m=[0m963 [3mrows_changed[0m[2m=[0m1922 [3mms[0m[2m=[0m21

== DL_TRACE_SUMMARY ==
  us_total     us_sql    us_rust    pct    calls  rows_out   changed  verb             relation
     55238      55154         83  57.3%     1345         0         0  ddl              -
      7955       7955          0   8.2%      838         0         0  unlabelled       -
      2307       2306          0   2.4%        2         0         0  clear            prepare
      2344       2216        128   2.4%        3         3         2  probe            -
      1258       1256          1   1.3%        3         3         0  retraction_guard -
       718        712          6   0.7%      128         0         0  boot             -
       442        437          4   0.5%        3         0         0  clear            promote
       311        163        147   0.3%        6       192       384  intern           -
       128         99         29   0.1%        3         3         3  publish          heavy_0
       109         97         12   0.1%        6         0         6  stage            source_7
       117         94         22   0.1%        6         0         6  stage            source_55
       110         87         22   0.1%        3         3         3  arrive           source_0
       105         86         18   0.1%        6         0         6  stage            heavy_50
        96         86         10   0.1%        6         0         6  stage            source_61
        93         83         10   0.1%        6         0         6  stage            source_16
        90         82          8   0.1%        3         3         3  publish          heavy_14
        84         82          2   0.1%        3         3         3  level_insert     heavy_51
        85         81          4   0.1%        3         3         3  publish          heavy_15
        93         79         13   0.1%        6         0         6  stage            heavy_51
        82         78          3   0.1%        3         3         3  publish          source_8
        90         78         12   0.1%        6         0         6  stage            source_11
        88         78         10   0.1%        6         0         6  stage            source_48
        81         76          4   0.1%        3         3         3  publish          source_62
       117         74         43   0.1%        6         0         6  stage            source_0
        84         72         12   0.1%        6         0         6  stage            source_10
        78         71          7   0.1%        3         3         3  arrive           source_55
        72         70          1   0.1%        3         3         3  level_insert     heavy_14
        79         69          9   0.1%        6         0         6  stage            heavy_21
        78         68         10   0.1%        6         0         6  stage            source_4
        69         68          1   0.1%        3         3         3  level_insert     heavy_53
        70         66          3   0.1%        3         3         3  publish          source_63
        68         66          1   0.1%        3         3         3  level_insert     heavy_47
        77         66         11   0.1%        6         0         6  stage            source_31
        80         65         14   0.1%        6         0         6  stage            source_1
        82         65         17   0.1%        6         0         6  stage            source_56
        75         64         10   0.1%        6         0         6  stage            source_59
        77         64         13   0.1%        6         0         6  stage            heavy_45
        73         63         10   0.1%        6         0         6  stage            source_37
        66         63          2   0.1%        3         3         3  level_insert     heavy_0
        76         62         13   0.1%        6         0         6  stage            source_12
        72         62         10   0.1%        6         0         6  stage            source_45
        73         61         11   0.1%        6         0         6  stage            source_28
        71         61         10   0.1%        6         0         6  stage            source_29
        72         61         10   0.1%        6         0         6  stage            source_49
        71         61         10   0.1%        6         0         6  stage            source_25
        73         61         12   0.1%        6         0         6  stage            source_3
        71         61         10   0.1%        6         0         6  stage            source_20
        73         61         12   0.1%        6         0         6  stage            source_17
        70         60         10   0.1%        6         0         6  stage            source_62
        70         60         10   0.1%        6         0         6  stage            source_51
        71         60         10   0.1%        6         0         6  stage            source_60
        70         60         10   0.1%        6         0         6  stage            source_13
        73         60         12   0.1%        6         0         6  stage            source_57
        71         60         11   0.1%        6         0         6  stage            source_2
        70         60         10   0.1%        6         0         6  stage            source_30
        70         60         10   0.1%        6         0         6  stage            source_46
        70         60         10   0.1%        6         0         6  stage            source_19
        60         59          1   0.1%        3         3         3  level_insert     heavy_42
        71         59         11   0.1%        6         0         6  stage            source_14
        70         59         10   0.1%        6         0         6  stage            source_15
        68         58          9   0.1%        6         0         6  stage            source_38
        69         58         10   0.1%        6         0         6  stage            source_6
        68         58         10   0.1%        6         0         6  stage            source_63
        69         58         10   0.1%        6         0         6  stage            heavy_16
        69         58         10   0.1%        6         0         6  stage            source_9
        68         58          9   0.1%        6         0         6  stage            source_27
        68         58         10   0.1%        6         0         6  stage            source_44
        68         58         10   0.1%        6         0         6  stage            source_39
        68         58         10   0.1%        6         0         6  stage            source_50
        69         58         11   0.1%        6         0         6  stage            source_8
        67         58          9   0.1%        6         0         6  stage            source_41
        71         57         13   0.1%        6         0         6  stage            source_36
        67         57          9   0.1%        6         0         6  stage            source_26
        67         57          9   0.1%        6         0         6  stage            source_33
        61         57          3   0.1%        3         3         3  publish          source_7
        68         57         10   0.1%        6         0         6  stage            source_34
        68         57         10   0.1%        6         0         6  stage            source_5
        68         57         11   0.1%        6         0         6  stage            heavy_15
        67         57         10   0.1%        6         0         6  stage            source_35
        67         57          9   0.1%        6         0         6  stage            source_24
        67         57          9   0.1%        6         0         6  stage            source_47
        67         57          9   0.1%        6         0         6  stage            source_43
        67         57          9   0.1%        6         0         6  stage            source_22
        68         56         11   0.1%        6         0         6  stage            heavy_0
        67         56         10   0.1%        6         0         6  stage            source_40
        67         56         10   0.1%        6         0         6  stage            source_58
        66         56          9   0.1%        6         0         6  stage            source_42
        66         56          9   0.1%        6         0         6  stage            source_18
        65         55          9   0.1%        6         0         6  stage            source_32
        65         55          9   0.1%        6         0         6  stage            source_52
        66         55         10   0.1%        6         0         6  stage            heavy_61
        65         55          9   0.1%        6         0         6  stage            source_21
        65         55          9   0.1%        6         0         6  stage            source_23
        65         55         10   0.1%        6         0         6  stage            source_53
        65         55         10   0.1%        6         0         6  stage            source_54
        87         55         32   0.1%        6         0         6  stage            heavy_49
        64         54          9   0.1%        6         0         6  stage            heavy_14
        57         54          3   0.1%        3         3         3  publish          heavy_16
        63         54          8   0.1%        6         0         6  stage            heavy_53
        62         54          8   0.1%        6         0         6  stage            heavy_57
        63         54          9   0.1%        6         0         6  stage            heavy_12
        63         53          9   0.1%        6         0         6  stage            heavy_48
        62         53          9   0.1%        6         0         6  stage            heavy_11
        57         53          3   0.1%        3         3         3  publish          heavy_1
        71         52         18   0.1%        6         0         6  stage            heavy_52
        61         52          9   0.1%        6         0         6  stage            heavy_44
        61         52          9   0.1%        6         0         6  stage            heavy_60
        62         52          9   0.1%        6         0         6  stage            heavy_3
        55         52          3   0.1%        3         3         3  publish          source_9
        54         52          2   0.1%        3         3         3  level_insert     heavy_52
        61         52          9   0.1%        6         0         6  stage            heavy_6
        62         51         10   0.1%        6         0         6  stage            heavy_10
        60         51          8   0.1%        6         0         6  stage            heavy_33
        60         51          9   0.1%        6         0         6  stage            heavy_13
        63         51         12   0.1%        3         3         3  arrive           source_56
        62         51         10   0.1%        6         0         6  stage            heavy_1
        53         51          1   0.1%        3         3         3  level_insert     heavy_1
        61         51          9   0.1%        6         0         6  stage            heavy_47
        60         51          9   0.1%        6         0         6  stage            heavy_55
        60         51          8   0.1%        6         0         6  stage            heavy_63
        60         51          9   0.1%        6         0         6  stage            heavy_62
        60         51          9   0.1%        6         0         6  stage            heavy_36
        69         51         18   0.1%        6         0         6  stage            heavy_17
        53         51          1   0.1%        3         3         3  level_insert     heavy_46
        60         51          9   0.1%        6         0         6  stage            heavy_7
        60         51          8   0.1%        6         0         6  stage            heavy_32
        60         50          9   0.1%        6         0         6  stage            heavy_22
        61         50         11   0.1%        6         0         6  stage            heavy_34
        59         50          8   0.1%        6         0         6  stage            heavy_31
        59         50          8   0.1%        6         0         6  stage            heavy_24
        59         50          9   0.1%        6         0         6  stage            heavy_25
        59         50          8   0.1%        6         0         6  stage            heavy_40
        60         50          9   0.1%        6         0         6  stage            heavy_5
        59         50          8   0.1%        6         0         6  stage            heavy_27
        59         50          9   0.1%        6         0         6  stage            heavy_20
        51         50          1   0.1%        3         3         3  level_insert     heavy_60
        53         50          3   0.1%        3         3         3  publish          source_57
        61         50         10   0.1%        6         0         6  stage            heavy_46
        59         50          9   0.1%        6         0         6  stage            heavy_8
        53         50          3   0.1%        3         3         3  publish          heavy_17
        59         50          9   0.1%        6         0         6  stage            heavy_56
        59         50          9   0.1%        6         0         6  stage            heavy_35
        59         49          9   0.1%        6         0         6  stage            heavy_2
        51         49          1   0.1%        3         3         3  level_insert     heavy_23
        53         49          3   0.1%        3         3         3  publish          source_2
        58         49          9   0.1%        6         0         6  stage            heavy_18
        58         49          8   0.1%        6         0         6  stage            heavy_19
        58         49          9   0.1%        6         0         6  stage            heavy_43
        57         49          8   0.1%        6         0         6  stage            heavy_28
        58         49          9   0.1%        6         0         6  stage            heavy_4
        58         49          9   0.1%        6         0         6  stage            heavy_23
        54         49          4   0.1%        3         3         3  publish          source_0
        50         49          1   0.1%        3         3         3  level_insert     heavy_10
        57         49          8   0.1%        6         0         6  stage            heavy_58
        57         49          8   0.1%        6         0         6  stage            heavy_26
        58         48          9   0.1%        6         0         6  stage            heavy_29
        57         48          8   0.1%        6         0         6  stage            heavy_39
        51         48          2   0.1%        3         3         3  publish          source_34
        57         48          9   0.1%        6         0         6  stage            heavy_9
        50         48          1   0.1%        3         3         3  level_insert     heavy_58
        51         48          3   0.1%        3         3         3  publish          source_26
        57         48          9   0.1%        6         0         6  stage            heavy_38
        58         48          9   0.1%        6         0         6  stage            heavy_54
        51         48          2   0.1%        3         3         3  publish          source_49
        57         48          8   0.1%        6         0         6  stage            heavy_30
        50         47          2   0.1%        3         3         3  publish          source_35
        56         47          8   0.1%        6         0         6  stage            heavy_37
        51         47          3   0.1%        3         3         3  publish          heavy_2
        49         47          1   0.1%        3         3         3  level_insert     heavy_20
        56         47          8   0.1%        6         0         6  stage            heavy_42
        48         47          1   0.1%        3         3         3  level_insert     heavy_18
        56         47          9   0.1%        6         0         6  stage            heavy_41
        48         47          1   0.1%        3         3         3  level_insert     heavy_6
        50         47          3   0.1%        3         3         3  publish          heavy_18
        50         47          3   0.1%        3         3         3  publish          source_52
        50         47          2   0.1%        3         3         3  publish          source_22
        50         47          3   0.1%        3         3         3  publish          source_18
        49         47          1   0.1%        3         3         3  level_insert     heavy_7
        48         47          1   0.1%        3         3         3  level_insert     heavy_29
        50         47          2   0.1%        3         3         3  publish          source_25
        48         47          1   0.1%        3         3         3  level_insert     heavy_5
        48         47          1   0.1%        3         3         3  level_insert     heavy_62
        56         47          8   0.1%        6         0         6  stage            heavy_59
        52         47          4   0.1%        3         3         3  arrive           source_12
        52         47          5   0.1%        3         3         3  arrive           source_1
        48         47          1   0.1%        3         3         3  level_insert     heavy_30
        48         47          1   0.1%        3         3         3  level_insert     heavy_21
        48         46          1   0.0%        3         3         3  level_insert     heavy_48
        49         46          2   0.1%        3         3         3  publish          source_32
        48         46          1   0.0%        3         3         3  level_insert     heavy_34
        48         46          1   0.0%        3         3         3  level_insert     heavy_37
        51         46          5   0.1%        3         3         3  arrive           source_3
        50         46          3   0.1%        3         3         3  publish          source_11
        49         46          3   0.1%        3         3         3  publish          source_19
        47         46          1   0.0%        3         3         3  level_insert     heavy_49
        50         46          3   0.1%        3         3         3  arrive           source_58
        47         46          1   0.0%        3         3         3  level_insert     heavy_59
        49         46          3   0.1%        3         3         3  publish          source_21
        50         46          3   0.1%        3         3         3  publish          heavy_10
        48         46          2   0.1%        3         3         3  publish          heavy_28
        49         46          3   0.1%        3         3         3  publish          source_24
        49         46          3   0.1%        3         3         3  publish          heavy_60
        47         46          1   0.0%        3         3         3  level_insert     heavy_17
        47         46          1   0.0%        3         3         3  level_insert     heavy_31
        47         46          1   0.0%        3         3         3  level_insert     heavy_25
        47         46          1   0.0%        3         3         3  level_insert     heavy_3
        49         45          3   0.1%        3         3         3  publish          source_1
        47         45          1   0.0%        3         3         3  level_insert     heavy_2
        49         45          3   0.1%        3         3         3  arrive           source_29
        47         45          1   0.0%        3         3         3  level_insert     heavy_15
        48         45          3   0.1%        3         3         3  publish          heavy_54
        49         45          3   0.1%        3         3         3  publish          heavy_56
        49         45          3   0.1%        3         3         3  publish          source_13
        49         45          3   0.1%        3         3         3  publish          source_31
        47         45          1   0.0%        3         3         3  level_insert     heavy_24
        47         45          1   0.0%        3         3         3  level_insert     heavy_33
        47         45          1   0.0%        3         3         3  level_insert     heavy_9
        47         45          1   0.0%        3         3         3  level_insert     heavy_13
        47         45          1   0.0%        3         3         3  level_insert     heavy_50
        47         45          1   0.0%        3         3         3  level_insert     heavy_39
        49         45          3   0.1%        3         3         3  publish          source_23
        49         45          3   0.1%        3         3         3  publish          source_42
        47         45          1   0.0%        3         3         3  level_insert     heavy_11
        46         45          1   0.0%        3         3         3  level_insert     heavy_22
        48         45          2   0.1%        3         3         3  publish          source_54
        48         45          3   0.1%        3         3         3  publish          source_50
        48         45          2   0.1%        3         3         3  publish          heavy_19
        46         45          0   0.0%        3         3         3  level_insert     heavy_44
        48         45          3   0.1%        3         3         3  publish          source_20
        48         45          3   0.1%        3         3         3  publish          source_5
        46         45          1   0.0%        3         3         3  level_insert     heavy_57
        48         45          3   0.1%        3         3         3  publish          source_61
        46         45          1   0.0%        3         3         3  level_insert     heavy_16
        48         45          3   0.1%        3         3         3  publish          source_51
        46         45          1   0.0%        3         3         3  level_insert     heavy_35
        48         45          3   0.1%        3         3         3  publish          source_60
        46         45          1   0.0%        3         3         3  level_insert     heavy_32
        48         45          3   0.1%        3         3         3  publish          source_10
        48         45          3   0.0%        3         3         3  publish          source_27
        46         45          1   0.0%        3         3         3  level_insert     heavy_54
        48         44          3   0.1%        3         3         3  arrive           source_36
        46         44          1   0.0%        3         3         3  level_insert     heavy_12
        46         44          1   0.0%        3         3         3  level_insert     heavy_28
        46         44          1   0.0%        3         3         3  level_insert     heavy_43
        48         44          3   0.0%        3         3         3  publish          source_17
        45         44          1   0.0%        3         3         3  level_insert     heavy_36
        47         44          3   0.0%        3         3         3  publish          source_33
        47         44          3   0.0%        3         3         3  publish          source_56
        48         44          3   0.0%        3         3         3  publish          source_28
        48         44          3   0.0%        3         3         3  publish          heavy_32
        48         44          3   0.0%        3         3         3  publish          source_39
        46         44          1   0.0%        3         3         3  level_insert     heavy_4
        47         44          2   0.0%        3         3         3  publish          source_47
        47         44          2   0.0%        3         3         3  publish          heavy_6
        47         44          3   0.0%        3         3         3  publish          source_15
        45         44          1   0.0%        3         3         3  level_insert     heavy_38
        48         44          4   0.1%        3         3         3  level_insert     heavy_45
        47         44          2   0.0%        3         3         3  publish          source_4
        47         44          3   0.0%        3         3         3  publish          source_44
        47         44          2   0.0%        3         3         3  publish          source_30
        45         44          1   0.0%        3         3         3  level_insert     heavy_41
        48         44          3   0.0%        3         3         3  arrive           source_9
        47         44          2   0.0%        3         3         3  publish          heavy_25
        45         44          1   0.0%        3         3         3  level_insert     heavy_63
        47         44          3   0.0%        3         3         3  publish          source_37
        48         44          4   0.1%        3         3         3  arrive           source_57
        47         44          2   0.0%        3         3         3  publish          heavy_63
        47         44          2   0.0%        3         3         3  publish          source_29
        47         44          3   0.0%        3         3         3  arrive           source_6
        47         44          2   0.0%        3         3         3  publish          source_41
        47         44          3   0.0%        3         3         3  arrive           source_4
        45         44          1   0.0%        3         3         3  level_insert     heavy_40
        49         44          4   0.1%        3         3         3  arrive           source_2
        45         44          1   0.0%        3         3         3  level_insert     heavy_8
        47         44          3   0.0%        3         3         3  publish          source_55
        47         44          3   0.0%        3         3         3  publish          source_6
        48         44          4   0.0%        3         3         3  publish          heavy_20
        46         43          2   0.0%        3         3         3  publish          source_48
        45         43          1   0.0%        3         3         3  level_insert     heavy_19
        46         43          3   0.0%        3         3         3  publish          source_36
        46         43          3   0.0%        3         3         3  publish          source_12
        44         43          1   0.0%        3         3         3  level_insert     heavy_56
        46         43          2   0.0%        3         3         3  publish          source_40
        47         43          4   0.0%        3         3         3  arrive           source_34
        47         43          3   0.0%        3         3         3  publish          source_3
        44         43          1   0.0%        3         3         3  level_insert     heavy_61
        47         43          4   0.0%        3         3         3  arrive           source_60
        46         43          2   0.0%        3         3         3  publish          source_43
        45         43          1   0.0%        3         3         3  level_insert     heavy_26
        47         43          3   0.0%        3         3         3  publish          source_16
        46         43          2   0.0%        3         3         3  publish          heavy_27
        46         43          3   0.0%        3         3         3  publish          heavy_24
        46         43          3   0.0%        3         3         3  publish          source_45
        46         43          2   0.0%        3         3         3  publish          heavy_13
        45         43          2   0.0%        3         3         3  publish          heavy_55
        46         43          2   0.0%        3         3         3  publish          source_58
        46         43          3   0.0%        3         3         3  publish          heavy_4
        46         43          2   0.0%        3         3         3  publish          source_38
        45         43          2   0.0%        3         3         3  publish          heavy_23
        46         43          2   0.0%        3         3         3  publish          source_46
        46         43          3   0.0%        3         3         3  publish          source_53
        44         43          1   0.0%        3         3         3  level_insert     heavy_55
        47         42          4   0.0%        3         3         3  arrive           source_5
        46         42          3   0.0%        3         3         3  publish          source_14
        46         42          4   0.0%        3         3         3  arrive           source_15
        46         42          3   0.0%        3         3         3  publish          heavy_12
        45         42          2   0.0%        3         3         3  publish          heavy_51
        45         42          2   0.0%        3         3         3  publish          heavy_26
        46         42          3   0.0%        3         3         3  publish          source_59
        46         42          3   0.0%        3         3         3  arrive           source_35
        46         42          3   0.0%        3         3         3  arrive           source_40
        45         42          3   0.0%        3         3         3  publish          heavy_11
        47         42          5   0.0%        3         3         3  arrive           source_11
        44         42          2   0.0%        3         3         3  publish          heavy_38
        45         42          2   0.0%        3         3         3  publish          heavy_22
        44         42          2   0.0%        3         3         3  publish          heavy_35
        44         42          2   0.0%        3         3         3  publish          heavy_49
        44         42          2   0.0%        3         3         3  publish          heavy_44
        45         42          3   0.0%        3         3         3  arrive           source_54
        44         42          2   0.0%        3         3         3  publish          heavy_43
        46         42          4   0.0%        3         3         3  arrive           source_43
        45         42          2   0.0%        3         3         3  publish          heavy_47
        46         42          3   0.0%        3         3         3  arrive           source_53
        45         42          3   0.0%        3         3         3  arrive           source_33
        45         42          3   0.0%        3         3         3  publish          heavy_8
        44         42          2   0.0%        3         3         3  publish          heavy_29
        44         42          2   0.0%        3         3         3  publish          heavy_50
        44         41          2   0.0%        3         3         3  publish          heavy_48
        45         41          4   0.0%        3         3         3  arrive           source_48
        44         41          2   0.0%        3         3         3  publish          heavy_3
        44         41          2   0.0%        3         3         3  publish          heavy_34
        43         41          1   0.0%        3         3         3  level_insert     heavy_27
        45         41          3   0.0%        3         3         3  publish          heavy_30
        44         41          2   0.0%        3         3         3  publish          heavy_52
        44         41          3   0.0%        3         3         3  publish          heavy_9
        44         41          3   0.0%        3         3         3  arrive           source_41
        44         41          2   0.0%        3         3         3  publish          heavy_33
        45         41          3   0.0%        3         3         3  arrive           source_38
        47         41          5   0.0%        3         3         3  arrive           source_14
        44         41          3   0.0%        3         3         3  arrive           source_37
        44         41          2   0.0%        3         3         3  publish          heavy_21
        44         41          3   0.0%        3         3         3  publish          heavy_61
        43         41          2   0.0%        3         3         3  publish          heavy_39
        44         41          3   0.0%        3         3         3  publish          heavy_58
        45         41          4   0.0%        3         3         3  arrive           source_50
        43         41          2   0.0%        3         3         3  publish          heavy_45
        43         41          2   0.0%        3         3         3  publish          heavy_53
        44         41          3   0.0%        3         3         3  arrive           source_42
        43         41          2   0.0%        3         3         3  publish          heavy_46
        44         40          3   0.0%        3         3         3  arrive           source_45
        43         40          3   0.0%        3         3         3  publish          heavy_37
        43         40          2   0.0%        3         3         3  publish          heavy_41
        44         40          3   0.0%        3         3         3  arrive           source_8
        45         40          4   0.0%        3         3         3  arrive           source_10
        44         40          3   0.0%        3         3         3  arrive           source_31
        43         40          2   0.0%        3         3         3  publish          heavy_40
        43         40          2   0.0%        3         3         3  publish          heavy_62
        44         40          3   0.0%        3         3         3  arrive           source_46
        45         40          5   0.0%        3         3         3  arrive           source_7
        64         40         23   0.1%        3         3         3  publish          heavy_7
        44         40          3   0.0%        3         3         3  arrive           source_16
        43         40          3   0.0%        3         3         3  arrive           source_27
        43         40          3   0.0%        3         3         3  arrive           source_24
        43         40          3   0.0%        3         3         3  publish          heavy_5
        43         40          2   0.0%        3         3         3  publish          heavy_59
        42         40          2   0.0%        3         3         3  publish          heavy_57
        43         40          2   0.0%        3         3         3  publish          heavy_31
        43         40          3   0.0%        3         3         3  arrive           source_32
        43         40          3   0.0%        3         3         3  arrive           source_51
        42         39          2   0.0%        3         3         3  publish          heavy_36
        43         39          4   0.0%        3         3         3  arrive           source_52
        43         39          3   0.0%        3         3         3  arrive           source_20
        43         39          3   0.0%        3         3         3  arrive           source_17
        41         39          2   0.0%        3         3         3  publish          heavy_42
        46         39          7   0.0%        3         3         3  arrive           source_28
        43         39          3   0.0%        3         3         3  arrive           source_59
        42         39          3   0.0%        3         3         3  arrive           source_44
        43         38          4   0.0%        3         3         3  arrive           source_49
        42         38          4   0.0%        3         3         3  arrive           source_39
        42         38          3   0.0%        3         3         3  arrive           source_13
        42         38          3   0.0%        3         3         3  arrive           source_63
        42         38          3   0.0%        3         3         3  arrive           source_30
        42         38          3   0.0%        3         3         3  arrive           source_61
        42         38          3   0.0%        3         3         3  arrive           source_47
        41         38          3   0.0%        3         3         3  arrive           source_62
        41         37          3   0.0%        3         3         3  arrive           source_21
        41         37          3   0.0%        3         3         3  arrive           source_19
        41         37          3   0.0%        3         3         3  arrive           source_22
        40         37          3   0.0%        3         3         3  arrive           source_18
        40         36          3   0.0%        3         3         3  arrive           source_26
        39         36          3   0.0%        3         3         3  arrive           source_23
        36         33          3   0.0%        3         3         3  arrive           source_25
        87          0         87   0.1%        0         0         0  arrive_diff      -
        73          0         73   0.1%        0         0         0  arrive_encode    -
         0          0          0   0.0%        0         0         0  decode           -
       153          0        153   0.2%        0         0         0  ticklog          -
     89287                        92.6%                               TOTAL sqlite     
         0                         0.0%                               TOTAL rust in scopes 
      7159                         7.4%                               TOTAL rust unscoped 
     96446                       100.0%                               TOTAL wall       
