[2m2026-08-24T17:41:40.212636Z[0m [32m INFO[0m [1mtick[0m[1m{[0m[3mtick[0m[2m=[0m0 [3marrivals[0m[2m=[0m64[1m}[0m[2m:[0m[1mapply_arrivals[0m[1m{[0m[3marrivals[0m[2m=[0m64 [3mgroups[0m[2m=[0m64[1m}[0m[2m:[0m [2msprefa_engine_rs::incremental[0m[2m:[0m close [3mtime.busy[0m[2m=[0m3.97ms [3mtime.idle[0m[2m=[0m1.54µs
[2m2026-08-24T17:41:40.224325Z[0m [32m INFO[0m [1mtick[0m[1m{[0m[3mtick[0m[2m=[0m0 [3marrivals[0m[2m=[0m64[1m}[0m[2m:[0m [2msprefa_engine_rs::driver[0m[2m:[0m close [3mtime.busy[0m[2m=[0m17.4ms [3mtime.idle[0m[2m=[0m4.50µs
[2m2026-08-24T17:41:40.228188Z[0m [32m INFO[0m [1mtick[0m[1m{[0m[3mtick[0m[2m=[0m1 [3marrivals[0m[2m=[0m64[1m}[0m[2m:[0m[1mapply_arrivals[0m[1m{[0m[3marrivals[0m[2m=[0m64 [3mgroups[0m[2m=[0m64[1m}[0m[2m:[0m [2msprefa_engine_rs::incremental[0m[2m:[0m close [3mtime.busy[0m[2m=[0m1.96ms [3mtime.idle[0m[2m=[0m1.08µs
[2m2026-08-24T17:41:40.233750Z[0m [32m INFO[0m [1mtick[0m[1m{[0m[3mtick[0m[2m=[0m1 [3marrivals[0m[2m=[0m64[1m}[0m[2m:[0m [2msprefa_engine_rs::driver[0m[2m:[0m close [3mtime.busy[0m[2m=[0m9.33ms [3mtime.idle[0m[2m=[0m1.04µs
[2m2026-08-24T17:41:40.237523Z[0m [32m INFO[0m [1mtick[0m[1m{[0m[3mtick[0m[2m=[0m2 [3marrivals[0m[2m=[0m64[1m}[0m[2m:[0m[1mapply_arrivals[0m[1m{[0m[3marrivals[0m[2m=[0m64 [3mgroups[0m[2m=[0m64[1m}[0m[2m:[0m [2msprefa_engine_rs::incremental[0m[2m:[0m close [3mtime.busy[0m[2m=[0m2.02ms [3mtime.idle[0m[2m=[0m875ns
[2m2026-08-24T17:41:40.242658Z[0m [32m INFO[0m [1mtick[0m[1m{[0m[3mtick[0m[2m=[0m2 [3marrivals[0m[2m=[0m64[1m}[0m[2m:[0m [2msprefa_engine_rs::driver[0m[2m:[0m close [3mtime.busy[0m[2m=[0m8.82ms [3mtime.idle[0m[2m=[0m666ns
[2m2026-08-24T17:41:40.242718Z[0m [32m INFO[0m [2msprefa_engine_rs::sql[0m[2m:[0m seam tally [3mstatements[0m[2m=[0m4496 [3minert[0m[2m=[0m0 [3minert_pct[0m[2m=[0m0 [3mrows_out[0m[2m=[0m963 [3mrows_changed[0m[2m=[0m1922 [3mms[0m[2m=[0m21

== DL_TRACE_SUMMARY ==
  us_total     us_sql    us_rust    pct    calls  rows_out   changed  verb             relation
     59400      59299        101  61.2%     1345         0         0  ddl              -
      6766       6766          0   7.0%      838         0         0  unlabelled       -
      2387       2258        128   2.5%        3         3         2  probe            -
      1945       1944          1   2.0%        2         0         0  clear            prepare
      1179       1178          1   1.2%        3         3         0  retraction_guard -
       642        635          6   0.7%      128         0         0  boot             -
       388        386          1   0.4%        3         0         0  clear            promote
       253        145        107   0.3%        6       192       384  intern           -
       134        119         14   0.1%        6         0         6  stage            source_34
       127        110         17   0.1%        6         0         6  stage            heavy_47
       116        105         10   0.1%        6         0         6  stage            source_37
       100         89         11   0.1%        6         0         6  stage            source_2
        88         79          9   0.1%        3         3         3  publish          heavy_0
        87         77         10   0.1%        6         0         6  stage            source_50
        79         75          3   0.1%        3         3         3  arrive           source_46
        76         74          1   0.1%        3         3         3  level_insert     heavy_46
        87         73         13   0.1%        6         0         6  stage            source_35
        83         73          9   0.1%        6         0         6  stage            source_48
        94         72         22   0.1%        6         0         6  stage            source_0
        78         68          9   0.1%        6         0         6  stage            heavy_9
        71         67          3   0.1%        3         3         3  level_insert     heavy_0
        82         67         14   0.1%        6         0         6  stage            source_56
        85         67         18   0.1%        6         0         6  stage            source_36
        76         66          9   0.1%        6         0         6  stage            source_4
        68         66          1   0.1%        3         3         3  level_insert     heavy_13
        78         66         12   0.1%        6         0         6  stage            source_3
        76         66         10   0.1%        6         0         6  stage            source_51
        75         64         11   0.1%        6         0         6  stage            source_43
        74         63         10   0.1%        3         3         3  arrive           source_0
        73         63         10   0.1%        6         0         6  stage            source_5
        73         63          9   0.1%        6         0         6  stage            source_21
        73         63         10   0.1%        6         0         6  stage            source_20
        73         63         10   0.1%        6         0         6  stage            source_45
        74         62         11   0.1%        6         0         6  stage            source_14
        73         62         10   0.1%        6         0         6  stage            source_38
        65         62          3   0.1%        3         3         3  level_insert     heavy_48
        65         61          3   0.1%        3         3         3  arrive           source_42
        74         61         12   0.1%        6         0         6  stage            source_17
        71         61         10   0.1%        6         0         6  stage            source_39
        75         61         14   0.1%        6         0         6  stage            source_1
        72         61         10   0.1%        6         0         6  stage            source_30
        62         61          1   0.1%        3         3         3  level_insert     heavy_41
        71         61          9   0.1%        6         0         6  stage            source_42
        71         60         10   0.1%        6         0         6  stage            source_47
        72         60         11   0.1%        6         0         6  stage            source_10
        70         60         10   0.1%        6         0         6  stage            source_62
        71         60         11   0.1%        6         0         6  stage            source_31
        71         60         10   0.1%        6         0         6  stage            source_25
        73         60         13   0.1%        6         0         6  stage            heavy_48
        70         60         10   0.1%        6         0         6  stage            source_9
        70         60         10   0.1%        6         0         6  stage            source_49
        70         60         10   0.1%        6         0         6  stage            source_26
        70         60         10   0.1%        6         0         6  stage            source_40
        69         60          9   0.1%        6         0         6  stage            source_33
        71         59         11   0.1%        6         0         6  stage            source_7
        69         59          9   0.1%        6         0         6  stage            source_23
        71         59         11   0.1%        6         0         6  stage            source_28
        69         59         10   0.1%        6         0         6  stage            source_29
        70         59         10   0.1%        6         0         6  stage            source_12
        69         59          9   0.1%        6         0         6  stage            source_44
        69         59          9   0.1%        6         0         6  stage            source_55
        70         59         10   0.1%        6         0         6  stage            source_46
        71         59         11   0.1%        6         0         6  stage            source_6
        69         59          9   0.1%        6         0         6  stage            source_52
        68         59          9   0.1%        6         0         6  stage            source_24
        64         59          5   0.1%        3         3         3  arrive           source_35
        69         59         10   0.1%        6         0         6  stage            source_13
        68         59          9   0.1%        6         0         6  stage            source_63
        69         58         10   0.1%        6         0         6  stage            source_32
        70         58         11   0.1%        6         0         6  stage            source_57
        68         58          9   0.1%        6         0         6  stage            heavy_6
        68         58          9   0.1%        6         0         6  stage            source_61
        68         58          9   0.1%        6         0         6  stage            source_58
        69         58         10   0.1%        6         0         6  stage            source_22
        68         58          9   0.1%        6         0         6  stage            source_19
        67         58          9   0.1%        6         0         6  stage            heavy_62
        67         58          9   0.1%        6         0         6  stage            heavy_2
        59         57          1   0.1%        3         3         3  level_insert     heavy_52
        68         57         11   0.1%        6         0         6  stage            heavy_49
        67         57         10   0.1%        6         0         6  stage            source_60
        67         57          9   0.1%        6         0         6  stage            source_53
        66         57          9   0.1%        6         0         6  stage            heavy_42
        67         57          9   0.1%        6         0         6  stage            source_18
        73         57         16   0.1%        6         0         6  stage            heavy_52
        68         57         11   0.1%        6         0         6  stage            heavy_5
        66         56          9   0.1%        6         0         6  stage            heavy_12
        67         56         10   0.1%        6         0         6  stage            source_11
        66         56          9   0.1%        6         0         6  stage            source_59
        67         56         11   0.1%        6         0         6  stage            source_16
        57         56          1   0.1%        3         3         3  level_insert     heavy_12
        66         56         10   0.1%        6         0         6  stage            source_15
        66         56         10   0.1%        6         0         6  stage            source_27
        66         56         10   0.1%        6         0         6  stage            source_41
        68         56         11   0.1%        6         0         6  stage            source_8
        65         55          9   0.1%        6         0         6  stage            heavy_46
        66         55         10   0.1%        6         0         6  stage            heavy_50
        65         55         10   0.1%        6         0         6  stage            source_54
        64         55          9   0.1%        6         0         6  stage            heavy_20
        66         54         12   0.1%        6         0         6  stage            heavy_0
        63         54          9   0.1%        6         0         6  stage            heavy_59
        63         54          9   0.1%        6         0         6  stage            heavy_51
        63         54          9   0.1%        6         0         6  stage            heavy_36
        57         54          3   0.1%        3         3         3  publish          heavy_1
        64         54         10   0.1%        6         0         6  stage            heavy_10
        55         53          1   0.1%        3         3         3  level_insert     heavy_55
        55         53          1   0.1%        3         3         3  level_insert     heavy_5
        62         53          9   0.1%        6         0         6  stage            heavy_4
        62         53          8   0.1%        6         0         6  stage            heavy_45
        62         53          9   0.1%        6         0         6  stage            heavy_44
        62         53          9   0.1%        6         0         6  stage            heavy_54
        64         53         11   0.1%        6         0         6  stage            heavy_8
        62         53          8   0.1%        6         0         6  stage            heavy_63
        62         52          9   0.1%        6         0         6  stage            heavy_1
        63         52         10   0.1%        6         0         6  stage            heavy_41
        61         52          8   0.1%        6         0         6  stage            heavy_19
        61         52          9   0.1%        6         0         6  stage            heavy_25
        61         52          8   0.1%        6         0         6  stage            heavy_28
        61         52          8   0.1%        6         0         6  stage            heavy_27
        61         52          9   0.1%        6         0         6  stage            heavy_43
        61         52          8   0.1%        6         0         6  stage            heavy_23
        61         52          8   0.1%        6         0         6  stage            heavy_53
        53         52          1   0.1%        3         3         3  level_insert     heavy_1
        60         52          8   0.1%        6         0         6  stage            heavy_39
        61         51          9   0.1%        6         0         6  stage            heavy_56
        60         51          8   0.1%        6         0         6  stage            heavy_29
        60         51          9   0.1%        6         0         6  stage            heavy_60
        60         51          9   0.1%        6         0         6  stage            heavy_18
        61         51          9   0.1%        6         0         6  stage            heavy_7
        60         51          9   0.1%        6         0         6  stage            heavy_16
        60         51          8   0.1%        6         0         6  stage            heavy_31
        52         51          1   0.1%        3         3         3  level_insert     heavy_49
        60         51          8   0.1%        6         0         6  stage            heavy_26
        59         51          8   0.1%        6         0         6  stage            heavy_34
        60         51          9   0.1%        6         0         6  stage            heavy_11
        60         50          9   0.1%        6         0         6  stage            heavy_37
        59         50          8   0.1%        6         0         6  stage            heavy_61
        54         50          3   0.1%        3         3         3  publish          source_5
        59         50          8   0.1%        6         0         6  stage            heavy_40
        59         50          8   0.1%        6         0         6  stage            heavy_14
        51         50          1   0.1%        3         3         3  level_insert     heavy_44
        60         50         10   0.1%        6         0         6  stage            heavy_38
        59         50          9   0.1%        6         0         6  stage            heavy_3
        67         50         17   0.1%        6         0         6  stage            heavy_17
        59         50          8   0.1%        6         0         6  stage            heavy_58
        58         50          8   0.1%        6         0         6  stage            heavy_21
        54         50          4   0.1%        3         3         3  publish          source_0
        58         50          8   0.1%        6         0         6  stage            heavy_57
        58         49          9   0.1%        6         0         6  stage            heavy_13
        58         49          9   0.1%        6         0         6  stage            heavy_55
        58         49          9   0.1%        6         0         6  stage            heavy_24
        58         49          8   0.1%        6         0         6  stage            heavy_15
        58         49          9   0.1%        6         0         6  stage            heavy_35
        50         49          1   0.1%        3         3         3  level_insert     heavy_30
        58         49          9   0.1%        6         0         6  stage            heavy_22
        57         48          8   0.1%        6         0         6  stage            heavy_32
        50         48          1   0.1%        3         3         3  level_insert     heavy_47
        52         48          3   0.1%        3         3         3  publish          source_4
        51         48          2   0.1%        3         3         3  publish          heavy_39
        51         48          3   0.1%        3         3         3  publish          heavy_10
        50         48          2   0.1%        3         3         3  publish          heavy_49
        51         48          3   0.1%        3         3         3  publish          source_51
        49         47          1   0.1%        3         3         3  level_insert     heavy_11
        50         47          2   0.1%        3         3         3  publish          source_39
        48         47          1   0.1%        3         3         3  level_insert     heavy_43
        51         47          3   0.1%        3         3         3  publish          source_40
        56         47          8   0.1%        6         0         6  stage            heavy_30
        51         47          3   0.1%        3         3         3  publish          source_41
        50         47          3   0.1%        3         3         3  publish          source_1
        49         47          1   0.1%        3         3         3  level_insert     heavy_2
        50         47          3   0.1%        3         3         3  publish          source_16
        56         47          9   0.1%        6         0         6  stage            heavy_33
        50         47          3   0.1%        3         3         3  publish          source_12
        48         47          1   0.1%        3         3         3  level_insert     heavy_27
        48         47          1   0.0%        3         3         3  level_insert     heavy_42
        50         47          3   0.1%        3         3         3  publish          source_6
        48         46          1   0.0%        3         3         3  level_insert     heavy_61
        48         46          1   0.1%        3         3         3  level_insert     heavy_22
        48         46          1   0.0%        3         3         3  level_insert     heavy_35
        48         46          1   0.1%        3         3         3  level_insert     heavy_45
        48         46          1   0.1%        3         3         3  level_insert     heavy_51
        48         46          1   0.0%        3         3         3  level_insert     heavy_37
        49         46          2   0.1%        3         3         3  publish          heavy_41
        48         46          1   0.0%        3         3         3  level_insert     heavy_6
        49         46          2   0.1%        3         3         3  publish          heavy_34
        48         46          1   0.0%        3         3         3  level_insert     heavy_32
        47         46          1   0.0%        3         3         3  level_insert     heavy_8
        47         46          1   0.0%        3         3         3  level_insert     heavy_24
        49         46          2   0.1%        3         3         3  publish          heavy_13
        50         46          3   0.1%        3         3         3  publish          source_10
        47         46          1   0.0%        3         3         3  level_insert     heavy_10
        47         46          1   0.0%        3         3         3  level_insert     heavy_58
        49         46          3   0.1%        3         3         3  publish          source_30
        48         46          2   0.1%        3         3         3  publish          heavy_38
        47         46          1   0.0%        3         3         3  level_insert     heavy_57
        49         46          3   0.1%        3         3         3  publish          source_17
        47         46          1   0.0%        3         3         3  level_insert     heavy_16
        49         46          3   0.1%        3         3         3  publish          heavy_43
        47         46          1   0.0%        3         3         3  level_insert     heavy_53
        49         46          2   0.1%        3         3         3  publish          source_29
        47         46          1   0.0%        3         3         3  level_insert     heavy_19
        47         46          1   0.0%        3         3         3  level_insert     heavy_26
        49         46          2   0.1%        3         3         3  publish          heavy_12
        49         45          3   0.1%        3         3         3  publish          source_31
        49         45          3   0.1%        3         3         3  arrive           source_30
        49         45          3   0.1%        3         3         3  publish          source_60
        46         45          1   0.0%        3         3         3  level_insert     heavy_25
        49         45          3   0.1%        3         3         3  publish          source_49
        47         45          1   0.0%        3         3         3  level_insert     heavy_40
        49         45          3   0.1%        3         3         3  publish          source_46
        48         45          2   0.1%        3         3         3  publish          source_54
        49         45          3   0.1%        3         3         3  publish          source_42
        48         45          2   0.0%        3         3         3  publish          heavy_45
        49         45          3   0.1%        3         3         3  publish          source_47
        49         45          3   0.1%        3         3         3  publish          source_48
        48         45          3   0.1%        3         3         3  publish          source_34
        46         45          1   0.0%        3         3         3  level_insert     heavy_29
        46         45          1   0.0%        3         3         3  level_insert     heavy_63
        46         45          1   0.0%        3         3         3  level_insert     heavy_20
        48         45          3   0.1%        3         3         3  publish          source_45
        46         45          1   0.0%        3         3         3  level_insert     heavy_4
        46         45          1   0.0%        3         3         3  level_insert     heavy_39
        48         45          3   0.1%        3         3         3  publish          source_9
        48         45          3   0.1%        3         3         3  publish          source_33
        46         45          1   0.0%        3         3         3  level_insert     heavy_33
        46         45          1   0.0%        3         3         3  level_insert     heavy_50
        48         45          3   0.1%        3         3         3  publish          heavy_11
        46         45          1   0.0%        3         3         3  level_insert     heavy_36
        49         45          3   0.1%        3         3         3  publish          source_3
        48         45          2   0.0%        3         3         3  publish          source_25
        48         45          3   0.1%        3         3         3  publish          source_13
        48         45          3   0.0%        3         3         3  arrive           source_18
        46         45          1   0.0%        3         3         3  level_insert     heavy_21
        48         45          2   0.0%        3         3         3  publish          source_26
        46         45          1   0.0%        3         3         3  level_insert     heavy_28
        49         45          4   0.1%        3         3         3  publish          source_14
        48         45          3   0.1%        3         3         3  publish          source_52
        48         45          3   0.0%        3         3         3  publish          source_37
        48         45          3   0.0%        3         3         3  publish          source_55
        48         45          3   0.0%        3         3         3  publish          source_59
        46         45          1   0.0%        3         3         3  level_insert     heavy_56
        48         45          3   0.0%        3         3         3  publish          heavy_56
        48         45          3   0.0%        3         3         3  publish          source_11
        48         45          3   0.0%        3         3         3  publish          source_35
        48         44          3   0.1%        3         3         3  arrive           source_4
        48         44          3   0.0%        3         3         3  publish          source_63
        48         44          3   0.0%        3         3         3  publish          source_44
        47         44          2   0.0%        3         3         3  publish          heavy_40
        46         44          1   0.0%        3         3         3  level_insert     heavy_62
        46         44          1   0.0%        3         3         3  level_insert     heavy_59
        47         44          3   0.0%        3         3         3  publish          heavy_2
        48         44          3   0.0%        3         3         3  publish          source_57
        48         44          3   0.0%        3         3         3  publish          source_58
        45         44          1   0.0%        3         3         3  level_insert     heavy_15
        48         44          3   0.0%        3         3         3  publish          source_7
        45         44          1   0.0%        3         3         3  level_insert     heavy_18
        46         44          1   0.0%        3         3         3  level_insert     heavy_3
        48         44          3   0.0%        3         3         3  publish          source_36
        45         44          1   0.0%        3         3         3  level_insert     heavy_23
        47         44          3   0.0%        3         3         3  publish          source_28
        47         44          2   0.0%        3         3         3  publish          heavy_16
        47         44          3   0.0%        3         3         3  publish          source_61
        45         44          1   0.0%        3         3         3  level_insert     heavy_54
        48         44          3   0.0%        3         3         3  publish          source_23
        47         44          2   0.0%        3         3         3  publish          heavy_5
        47         44          3   0.0%        3         3         3  publish          source_19
        47         44          3   0.0%        3         3         3  publish          source_22
        47         44          3   0.0%        3         3         3  publish          source_27
        49         44          4   0.1%        3         3         3  publish          source_2
        47         44          3   0.0%        3         3         3  publish          source_20
        49         44          4   0.1%        3         3         3  arrive           source_2
        47         44          2   0.0%        3         3         3  publish          heavy_24
        45         44          1   0.0%        3         3         3  level_insert     heavy_14
        47         44          3   0.0%        3         3         3  publish          heavy_15
        47         44          3   0.0%        3         3         3  publish          source_21
        47         44          3   0.0%        3         3         3  publish          source_53
        45         44          1   0.0%        3         3         3  level_insert     heavy_9
        47         44          3   0.0%        3         3         3  arrive           source_20
        45         44          1   0.0%        3         3         3  level_insert     heavy_60
        48         44          3   0.0%        3         3         3  publish          source_50
        46         44          2   0.0%        3         3         3  publish          heavy_17
        46         44          2   0.0%        3         3         3  publish          heavy_25
        47         44          3   0.0%        3         3         3  publish          source_18
        47         44          3   0.0%        3         3         3  publish          source_43
        47         44          3   0.0%        3         3         3  publish          heavy_18
        47         44          3   0.0%        3         3         3  publish          heavy_22
        46         44          2   0.0%        3         3         3  publish          source_24
        45         44          1   0.0%        3         3         3  level_insert     heavy_7
        47         44          3   0.0%        3         3         3  publish          heavy_37
        46         43          2   0.0%        3         3         3  publish          heavy_21
        47         43          3   0.0%        3         3         3  publish          heavy_20
        46         43          3   0.0%        3         3         3  publish          source_62
        47         43          3   0.0%        3         3         3  publish          source_8
        47         43          3   0.0%        3         3         3  publish          source_15
        47         43          3   0.0%        3         3         3  publish          source_38
        46         43          2   0.0%        3         3         3  publish          heavy_36
        48         43          4   0.0%        3         3         3  arrive           source_36
        46         43          2   0.0%        3         3         3  publish          heavy_28
        46         43          2   0.0%        3         3         3  publish          heavy_47
        46         43          2   0.0%        3         3         3  publish          heavy_26
        44         43          1   0.0%        3         3         3  level_insert     heavy_34
        46         43          2   0.0%        3         3         3  publish          heavy_4
        47         43          4   0.0%        3         3         3  publish          heavy_30
        44         43          1   0.0%        3         3         3  level_insert     heavy_17
        47         43          3   0.0%        3         3         3  arrive           source_45
        46         43          2   0.0%        3         3         3  publish          heavy_31
        54         43         10   0.1%        3         3         3  arrive           source_56
        44         43          1   0.0%        3         3         3  level_insert     heavy_38
        46         43          3   0.0%        3         3         3  publish          heavy_51
        47         43          3   0.0%        3         3         3  arrive           source_37
        46         43          2   0.0%        3         3         3  publish          heavy_3
        46         43          2   0.0%        3         3         3  publish          heavy_35
        47         43          4   0.0%        3         3         3  arrive           source_5
        46         43          3   0.0%        3         3         3  publish          heavy_59
        46         43          3   0.0%        3         3         3  publish          source_56
        45         43          2   0.0%        3         3         3  publish          heavy_58
        46         43          2   0.0%        3         3         3  publish          heavy_50
        46         43          3   0.0%        3         3         3  publish          heavy_8
        47         43          4   0.0%        3         3         3  arrive           source_1
        45         43          2   0.0%        3         3         3  publish          heavy_63
        46         43          3   0.0%        3         3         3  arrive           source_12
        46         43          3   0.0%        3         3         3  publish          heavy_44
        46         43          3   0.0%        3         3         3  arrive           source_61
        45         42          2   0.0%        3         3         3  publish          heavy_46
        45         42          2   0.0%        3         3         3  publish          heavy_32
        46         42          3   0.0%        3         3         3  publish          source_32
        45         42          2   0.0%        3         3         3  publish          heavy_55
        43         42          1   0.0%        3         3         3  level_insert     heavy_31
        47         42          5   0.0%        3         3         3  arrive           source_3
        45         42          2   0.0%        3         3         3  publish          heavy_23
        45         42          2   0.0%        3         3         3  publish          heavy_54
        46         42          3   0.0%        3         3         3  arrive           source_15
        45         42          2   0.0%        3         3         3  publish          heavy_14
        45         42          3   0.0%        3         3         3  arrive           source_16
        45         42          2   0.0%        3         3         3  publish          heavy_27
        45         42          2   0.0%        3         3         3  publish          heavy_61
        47         42          5   0.0%        3         3         3  arrive           source_34
        45         42          3   0.0%        3         3         3  arrive           source_57
        45         42          2   0.0%        3         3         3  publish          heavy_6
        65         42         23   0.1%        3         3         3  publish          heavy_7
        44         42          2   0.0%        3         3         3  publish          heavy_42
        44         42          2   0.0%        3         3         3  publish          heavy_60
        47         41          5   0.0%        3         3         3  arrive           source_7
        45         41          3   0.0%        3         3         3  arrive           source_11
        45         41          3   0.0%        3         3         3  arrive           source_38
        44         41          2   0.0%        3         3         3  publish          heavy_19
        45         41          3   0.0%        3         3         3  arrive           source_22
        44         41          3   0.0%        3         3         3  publish          heavy_9
        45         41          3   0.0%        3         3         3  arrive           source_54
        44         41          3   0.0%        3         3         3  arrive           source_63
        44         41          2   0.0%        3         3         3  publish          heavy_29
        44         41          2   0.0%        3         3         3  publish          heavy_52
        44         41          3   0.0%        3         3         3  arrive           source_19
        44         41          3   0.0%        3         3         3  arrive           source_47
        44         41          2   0.0%        3         3         3  publish          heavy_53
        45         41          4   0.0%        3         3         3  arrive           source_39
        43         41          2   0.0%        3         3         3  publish          heavy_33
        44         41          3   0.0%        3         3         3  arrive           source_25
        44         41          3   0.0%        3         3         3  arrive           source_44
        43         41          2   0.0%        3         3         3  publish          heavy_57
        43         41          2   0.0%        3         3         3  publish          heavy_48
        43         40          2   0.0%        3         3         3  publish          heavy_62
        47         40          7   0.0%        3         3         3  arrive           source_28
        44         40          3   0.0%        3         3         3  arrive           source_8
        43         40          3   0.0%        3         3         3  arrive           source_23
        44         40          3   0.0%        3         3         3  arrive           source_55
        44         40          4   0.0%        3         3         3  arrive           source_10
        44         40          3   0.0%        3         3         3  arrive           source_51
        45         40          5   0.0%        3         3         3  arrive           source_14
        43         40          3   0.0%        3         3         3  arrive           source_58
        43         39          3   0.0%        3         3         3  arrive           source_62
        43         39          3   0.0%        3         3         3  arrive           source_31
        44         39          4   0.0%        3         3         3  arrive           source_40
        43         39          3   0.0%        3         3         3  arrive           source_60
        43         39          3   0.0%        3         3         3  arrive           source_9
        43         39          4   0.0%        3         3         3  arrive           source_53
        43         39          4   0.0%        3         3         3  arrive           source_27
        42         39          3   0.0%        3         3         3  arrive           source_17
        42         39          3   0.0%        3         3         3  arrive           source_52
        43         39          4   0.0%        3         3         3  arrive           source_50
        42         39          3   0.0%        3         3         3  arrive           source_32
        42         39          3   0.0%        3         3         3  arrive           source_13
        43         39          4   0.0%        3         3         3  arrive           source_43
        43         39          4   0.0%        3         3         3  arrive           source_21
        42         38          3   0.0%        3         3         3  arrive           source_29
        42         38          3   0.0%        3         3         3  arrive           source_6
        42         38          3   0.0%        3         3         3  arrive           source_49
        42         38          3   0.0%        3         3         3  arrive           source_33
        41         37          3   0.0%        3         3         3  arrive           source_59
        41         37          3   0.0%        3         3         3  arrive           source_26
        40         36          3   0.0%        3         3         3  arrive           source_48
        39         36          3   0.0%        3         3         3  arrive           source_24
        40         36          3   0.0%        3         3         3  arrive           source_41
        83          0         83   0.1%        0         0         0  arrive_diff      -
        73          0         73   0.1%        0         0         0  arrive_encode    -
         0          0          0   0.0%        0         0         0  decode           -
       133          0        133   0.1%        0         0         0  ticklog          -
     91677                        94.5%                               TOTAL sqlite     
         0                         0.0%                               TOTAL rust in scopes 
      5336                         5.5%                               TOTAL rust unscoped 
     97013                       100.0%                               TOTAL wall       
