[2m2026-08-24T17:39:36.594328Z[0m [32m INFO[0m [1mtick[0m[1m{[0m[3mtick[0m[2m=[0m0 [3marrivals[0m[2m=[0m64[1m}[0m[2m:[0m[1mapply_arrivals[0m[1m{[0m[3marrivals[0m[2m=[0m64 [3mgroups[0m[2m=[0m64[1m}[0m[2m:[0m [2msprefa_engine_rs::incremental[0m[2m:[0m close [3mtime.busy[0m[2m=[0m4.87ms [3mtime.idle[0m[2m=[0m1.88µs
[2m2026-08-24T17:39:36.608925Z[0m [32m INFO[0m [1mtick[0m[1m{[0m[3mtick[0m[2m=[0m0 [3marrivals[0m[2m=[0m64[1m}[0m[2m:[0m [2msprefa_engine_rs::driver[0m[2m:[0m close [3mtime.busy[0m[2m=[0m21.7ms [3mtime.idle[0m[2m=[0m2.62µs
[2m2026-08-24T17:39:36.612912Z[0m [32m INFO[0m [1mtick[0m[1m{[0m[3mtick[0m[2m=[0m1 [3marrivals[0m[2m=[0m64[1m}[0m[2m:[0m[1mapply_arrivals[0m[1m{[0m[3marrivals[0m[2m=[0m64 [3mgroups[0m[2m=[0m64[1m}[0m[2m:[0m [2msprefa_engine_rs::incremental[0m[2m:[0m close [3mtime.busy[0m[2m=[0m2.01ms [3mtime.idle[0m[2m=[0m1.21µs
[2m2026-08-24T17:39:36.619726Z[0m [32m INFO[0m [1mtick[0m[1m{[0m[3mtick[0m[2m=[0m1 [3marrivals[0m[2m=[0m64[1m}[0m[2m:[0m [2msprefa_engine_rs::driver[0m[2m:[0m close [3mtime.busy[0m[2m=[0m10.7ms [3mtime.idle[0m[2m=[0m1.37µs
[2m2026-08-24T17:39:36.623665Z[0m [32m INFO[0m [1mtick[0m[1m{[0m[3mtick[0m[2m=[0m2 [3marrivals[0m[2m=[0m64[1m}[0m[2m:[0m[1mapply_arrivals[0m[1m{[0m[3marrivals[0m[2m=[0m64 [3mgroups[0m[2m=[0m64[1m}[0m[2m:[0m [2msprefa_engine_rs::incremental[0m[2m:[0m close [3mtime.busy[0m[2m=[0m2.02ms [3mtime.idle[0m[2m=[0m1.12µs
[2m2026-08-24T17:39:36.629424Z[0m [32m INFO[0m [1mtick[0m[1m{[0m[3mtick[0m[2m=[0m2 [3marrivals[0m[2m=[0m64[1m}[0m[2m:[0m [2msprefa_engine_rs::driver[0m[2m:[0m close [3mtime.busy[0m[2m=[0m9.59ms [3mtime.idle[0m[2m=[0m1.21µs
[2m2026-08-24T17:39:36.629497Z[0m [32m INFO[0m [2msprefa_engine_rs::sql[0m[2m:[0m seam tally [3mstatements[0m[2m=[0m4496 [3minert[0m[2m=[0m0 [3minert_pct[0m[2m=[0m0 [3mrows_out[0m[2m=[0m963 [3mrows_changed[0m[2m=[0m1922 [3mms[0m[2m=[0m25

== DL_TRACE_SUMMARY ==
  us_total     us_sql    us_rust    pct    calls  rows_out   changed  verb             relation
     52416      52337         78  53.2%     1345         0         0  ddl              -
      8446       8446          0   8.6%      838         0         0  unlabelled       -
      2329       2213        115   2.4%        3         3         2  probe            -
      2112       2111          1   2.1%        2         0         0  clear            prepare
      1302       1299          3   1.3%        3         3         0  retraction_guard -
       685        677          7   0.7%      128         0         0  boot             -
       401        401          0   0.4%        3         0         0  clear            promote
       779        331        447   0.8%        6       192       384  intern           -
       287        275         12   0.3%        3         3         3  publish          heavy_33
       239        221         18   0.2%        3         3         3  arrive           source_32
       210        205          4   0.2%        3         3         3  publish          heavy_39
       183        176          7   0.2%        3         3         3  level_insert     heavy_4
       177        169          7   0.2%        3         3         3  publish          heavy_35
       170        162          8   0.2%        3         3         3  publish          source_47
       190        156         34   0.2%        6         0         6  stage            source_32
       158        145         13   0.2%        3         3         3  arrive           source_33
       151        145          6   0.2%        3         3         3  publish          source_31
       145        130         14   0.1%        6         0         6  stage            source_15
       131        128          3   0.1%        3         3         3  publish          source_37
       132        126          6   0.1%        3         3         3  publish          heavy_34
       129        125          4   0.1%        3         3         3  publish          heavy_49
       150        119         31   0.2%        6         0         6  stage            heavy_4
       132        119         13   0.1%        6         0         6  stage            heavy_59
       156        116         39   0.2%        3         3         3  arrive           source_0
       129        114         15   0.1%        3         3         3  publish          source_30
       119        113          5   0.1%        3         3         3  publish          source_32
       359        113        246   0.4%        3         3         3  publish          heavy_0
       117        109          7   0.1%        3         3         3  level_insert     heavy_41
       113        108          5   0.1%        3         3         3  publish          heavy_36
       113        108          5   0.1%        3         3         3  publish          source_33
       110        106          3   0.1%        3         3         3  publish          heavy_50
       110        105          5   0.1%        3         3         3  publish          heavy_5
       114        104          9   0.1%        6         0         6  stage            heavy_44
       106        101          4   0.1%        3         3         3  publish          heavy_37
       113        101         11   0.1%        6         0         6  stage            source_48
       107        100          6   0.1%        3         3         3  publish          heavy_1
       100         99          1   0.1%        3         3         3  level_insert     heavy_2
       132         98         33   0.1%        6         0         6  stage            source_31
       101         96          4   0.1%        3         3         3  publish          heavy_38
       103         93         10   0.1%        6         0         6  stage            source_59
       100         90         10   0.1%        6         0         6  stage            source_26
        93         88          5   0.1%        3         3         3  level_insert     heavy_0
       103         88         14   0.1%        6         0         6  stage            source_1
        90         86          4   0.1%        3         3         3  publish          source_34
        96         85         10   0.1%        6         0         6  stage            heavy_23
        89         85          4   0.1%        3         3         3  publish          heavy_15
        96         84         11   0.1%        6         0         6  stage            source_6
        96         84         12   0.1%        6         0         6  stage            source_10
        96         81         15   0.1%        6         0         6  stage            source_33
        96         79         16   0.1%        6         0         6  stage            heavy_41
        80         78          2   0.1%        3         3         3  level_insert     heavy_6
        80         76          4   0.1%        3         3         3  publish          source_36
       123         75         48   0.1%        6         0         6  stage            source_0
        80         73          7   0.1%        3         3         3  publish          heavy_48
        82         72         10   0.1%        6         0         6  stage            source_61
        83         71         11   0.1%        6         0         6  stage            source_19
        82         71         11   0.1%        6         0         6  stage            source_41
        80         71          9   0.1%        6         0         6  stage            heavy_39
        72         70          1   0.1%        3         3         3  level_insert     heavy_28
        85         70         14   0.1%        6         0         6  stage            source_56
        74         70          3   0.1%        3         3         3  publish          heavy_12
        84         69         14   0.1%        6         0         6  stage            source_16
        73         69          3   0.1%        3         3         3  arrive           source_60
        71         66          5   0.1%        3         3         3  arrive           source_2
        69         66          3   0.1%        3         3         3  publish          source_48
       117         65         52   0.1%        6         0         6  stage            source_36
        68         65          2   0.1%        3         3         3  publish          heavy_60
        77         64         12   0.1%        6         0         6  stage            source_2
        81         64         17   0.1%        6         0         6  stage            heavy_0
        75         64         10   0.1%        6         0         6  stage            source_38
        66         64          1   0.1%        3         3         3  level_insert     heavy_39
        74         63         10   0.1%        6         0         6  stage            source_11
        74         63         11   0.1%        6         0         6  stage            source_21
        78         63         14   0.1%        6         0         6  stage            source_17
        66         63          3   0.1%        3         3         3  publish          heavy_16
        76         63         13   0.1%        6         0         6  stage            heavy_6
        73         62         10   0.1%        6         0         6  stage            source_22
        73         62         10   0.1%        6         0         6  stage            source_27
        76         62         14   0.1%        6         0         6  stage            source_20
        73         62         11   0.1%        6         0         6  stage            source_14
        74         61         12   0.1%        6         0         6  stage            source_42
        65         61          4   0.1%        3         3         3  publish          heavy_10
        63         61          2   0.1%        3         3         3  level_insert     heavy_1
        71         60         10   0.1%        6         0         6  stage            source_55
        71         60         10   0.1%        6         0         6  stage            source_29
        70         60         10   0.1%        6         0         6  stage            source_5
        69         60          9   0.1%        6         0         6  stage            heavy_33
        70         60         10   0.1%        6         0         6  stage            source_45
        62         60          1   0.1%        3         3         3  level_insert     heavy_15
        72         60         12   0.1%        6         0         6  stage            source_3
        70         60          9   0.1%        6         0         6  stage            heavy_30
        74         60         13   0.1%        6         0         6  stage            source_51
        71         60         10   0.1%        6         0         6  stage            source_13
        71         59         11   0.1%        6         0         6  stage            source_37
        70         59         11   0.1%        6         0         6  stage            source_30
        70         59         11   0.1%        6         0         6  stage            source_12
        70         59         10   0.1%        6         0         6  stage            source_23
        62         59          3   0.1%        3         3         3  publish          source_38
        69         59         10   0.1%        6         0         6  stage            source_18
        63         58          4   0.1%        3         3         3  publish          source_35
        70         58         11   0.1%        6         0         6  stage            source_34
        71         58         12   0.1%        6         0         6  stage            source_8
        69         58         10   0.1%        6         0         6  stage            source_53
        69         58         10   0.1%        6         0         6  stage            source_46
        60         58          1   0.1%        3         3         3  level_insert     heavy_42
        69         58         11   0.1%        6         0         6  stage            source_43
        70         58         12   0.1%        6         0         6  stage            source_28
        68         58         10   0.1%        6         0         6  stage            source_54
        68         58         10   0.1%        6         0         6  stage            source_60
        59         58          1   0.1%        3         3         3  level_insert     heavy_59
        69         58         11   0.1%        6         0         6  stage            source_7
        59         58          1   0.1%        3         3         3  level_insert     heavy_19
        69         58         11   0.1%        6         0         6  stage            heavy_15
        60         57          2   0.1%        3         3         3  level_insert     heavy_7
        68         57         11   0.1%        6         0         6  stage            source_39
        68         57         10   0.1%        6         0         6  stage            source_62
        68         57         10   0.1%        6         0         6  stage            source_49
        68         57         10   0.1%        6         0         6  stage            source_4
        68         57         10   0.1%        6         0         6  stage            source_58
        59         57          1   0.1%        3         3         3  level_insert     heavy_17
        67         57         10   0.1%        6         0         6  stage            heavy_19
        61         57          4   0.1%        3         3         3  arrive           source_55
        69         57         12   0.1%        6         0         6  stage            source_40
        67         57         10   0.1%        6         0         6  stage            source_24
        67         57         10   0.1%        6         0         6  stage            source_63
        59         57          1   0.1%        3         3         3  level_insert     heavy_16
        68         57         11   0.1%        6         0         6  stage            heavy_16
        66         56          9   0.1%        6         0         6  stage            heavy_29
        66         56         10   0.1%        6         0         6  stage            heavy_31
        66         56          9   0.1%        6         0         6  stage            heavy_40
        66         56         10   0.1%        6         0         6  stage            source_44
        76         56         19   0.1%        6         0         6  stage            heavy_17
        66         56         10   0.1%        6         0         6  stage            heavy_43
        66         56         10   0.1%        6         0         6  stage            source_57
        58         56          1   0.1%        3         3         3  level_insert     heavy_22
        66         56          9   0.1%        6         0         6  stage            heavy_28
        57         56          1   0.1%        3         3         3  level_insert     heavy_23
        65         56          9   0.1%        6         0         6  stage            heavy_47
        66         56          9   0.1%        6         0         6  stage            source_47
        66         56          9   0.1%        6         0         6  stage            heavy_12
        66         56         10   0.1%        6         0         6  stage            heavy_42
        64         55          9   0.1%        6         0         6  stage            heavy_37
        66         55         10   0.1%        6         0         6  stage            source_35
        62         55          6   0.1%        3         3         3  arrive           source_16
        66         55         10   0.1%        6         0         6  stage            heavy_22
        66         55         11   0.1%        6         0         6  stage            source_52
        67         55         11   0.1%        6         0         6  stage            heavy_1
        63         55          7   0.1%        3         3         3  arrive           source_45
        59         55          3   0.1%        3         3         3  publish          source_4
        64         55          8   0.1%        6         0         6  stage            heavy_34
        64         55          9   0.1%        6         0         6  stage            heavy_9
        65         54         10   0.1%        6         0         6  stage            source_25
        65         54         10   0.1%        6         0         6  stage            source_9
        65         54         10   0.1%        6         0         6  stage            heavy_2
        65         54         11   0.1%        6         0         6  stage            heavy_60
        80         54         25   0.1%        6         0         6  stage            source_50
        64         54          9   0.1%        6         0         6  stage            heavy_18
        55         54          1   0.1%        3         3         3  level_insert     heavy_38
        55         54          1   0.1%        3         3         3  level_insert     heavy_31
        63         54          9   0.1%        6         0         6  stage            heavy_36
        55         54          1   0.1%        3         3         3  level_insert     heavy_33
        64         54          9   0.1%        6         0         6  stage            heavy_11
        64         54         10   0.1%        6         0         6  stage            heavy_38
        59         54          4   0.1%        3         3         3  publish          heavy_28
        65         54         11   0.1%        6         0         6  stage            heavy_10
        64         54         10   0.1%        6         0         6  stage            heavy_3
        63         54          9   0.1%        6         0         6  stage            heavy_8
        63         54          9   0.1%        6         0         6  stage            heavy_53
        56         53          2   0.1%        3         3         3  publish          heavy_58
        55         53          1   0.1%        3         3         3  level_insert     heavy_40
        63         53          9   0.1%        6         0         6  stage            heavy_46
        55         53          1   0.1%        3         3         3  level_insert     heavy_36
        57         53          3   0.1%        3         3         3  publish          heavy_4
        63         53          9   0.1%        6         0         6  stage            heavy_45
        62         53          9   0.1%        6         0         6  stage            heavy_27
        62         53          9   0.1%        6         0         6  stage            heavy_24
        62         53          9   0.1%        6         0         6  stage            heavy_63
        62         53          9   0.1%        6         0         6  stage            heavy_49
        63         53          9   0.1%        6         0         6  stage            heavy_5
        54         53          1   0.1%        3         3         3  level_insert     heavy_44
        62         53          9   0.1%        6         0         6  stage            heavy_50
        62         52          9   0.1%        6         0         6  stage            heavy_32
        54         52          1   0.1%        3         3         3  level_insert     heavy_51
        61         52          9   0.1%        6         0         6  stage            heavy_54
        54         52          1   0.1%        3         3         3  level_insert     heavy_43
        62         52          9   0.1%        6         0         6  stage            heavy_61
        56         52          4   0.1%        3         3         3  publish          source_49
        54         52          1   0.1%        3         3         3  level_insert     heavy_32
        69         52         17   0.1%        6         0         6  stage            heavy_52
        53         52          1   0.1%        3         3         3  level_insert     heavy_30
        55         52          3   0.1%        3         3         3  publish          heavy_24
        61         51          9   0.1%        6         0         6  stage            heavy_48
        61         51          9   0.1%        6         0         6  stage            heavy_20
        60         51          9   0.1%        6         0         6  stage            heavy_55
        53         51          1   0.1%        3         3         3  level_insert     heavy_8
        60         51          9   0.1%        6         0         6  stage            heavy_13
        61         51          9   0.1%        6         0         6  stage            heavy_35
        60         51          9   0.1%        6         0         6  stage            heavy_25
        60         51          9   0.1%        6         0         6  stage            heavy_57
        53         51          2   0.1%        3         3         3  level_insert     heavy_45
        60         51          9   0.1%        6         0         6  stage            heavy_21
        60         51          9   0.1%        6         0         6  stage            heavy_51
        60         51          9   0.1%        6         0         6  stage            heavy_14
        52         51          1   0.1%        3         3         3  level_insert     heavy_46
        59         51          8   0.1%        6         0         6  stage            heavy_26
        52         50          1   0.1%        3         3         3  level_insert     heavy_20
        52         50          1   0.1%        3         3         3  level_insert     heavy_58
        52         50          1   0.1%        3         3         3  level_insert     heavy_52
        60         50          9   0.1%        6         0         6  stage            heavy_7
        59         50          9   0.1%        6         0         6  stage            heavy_62
        54         50          4   0.1%        3         3         3  publish          heavy_11
        55         50          5   0.1%        3         3         3  publish          source_0
        52         50          2   0.1%        3         3         3  publish          heavy_45
        51         50          1   0.1%        3         3         3  level_insert     heavy_27
        59         50          9   0.1%        6         0         6  stage            heavy_58
        51         50          1   0.1%        3         3         3  level_insert     heavy_3
        51         50          1   0.1%        3         3         3  level_insert     heavy_13
        51         50          1   0.1%        3         3         3  level_insert     heavy_37
        56         50          6   0.1%        3         3         3  arrive           source_51
        51         50          1   0.1%        3         3         3  level_insert     heavy_12
        53         50          3   0.1%        3         3         3  publish          source_5
        51         49          1   0.1%        3         3         3  level_insert     heavy_10
        51         49          1   0.1%        3         3         3  level_insert     heavy_47
        58         49          9   0.1%        6         0         6  stage            heavy_56
        51         49          1   0.1%        3         3         3  level_insert     heavy_11
        51         49          1   0.1%        3         3         3  level_insert     heavy_56
        50         49          1   0.1%        3         3         3  level_insert     heavy_24
        52         49          3   0.1%        3         3         3  publish          source_1
        50         49          1   0.1%        3         3         3  level_insert     heavy_26
        50         49          1   0.1%        3         3         3  level_insert     heavy_34
        50         48          1   0.1%        3         3         3  level_insert     heavy_55
        50         48          1   0.1%        3         3         3  level_insert     heavy_29
        52         48          3   0.1%        3         3         3  publish          source_43
        50         48          1   0.1%        3         3         3  level_insert     heavy_9
        50         48          1   0.1%        3         3         3  level_insert     heavy_18
        51         48          3   0.1%        3         3         3  publish          source_39
        49         48          1   0.1%        3         3         3  level_insert     heavy_21
        49         48          1   0.1%        3         3         3  level_insert     heavy_49
        49         48          1   0.1%        3         3         3  level_insert     heavy_48
        51         48          2   0.1%        3         3         3  publish          source_62
        49         48          1   0.1%        3         3         3  level_insert     heavy_50
        51         47          3   0.1%        3         3         3  publish          heavy_51
        51         47          4   0.1%        3         3         3  publish          source_14
        51         47          3   0.1%        3         3         3  publish          heavy_17
        49         47          1   0.1%        3         3         3  level_insert     heavy_14
        51         47          3   0.1%        3         3         3  publish          source_50
        51         47          3   0.1%        3         3         3  publish          source_7
        49         47          1   0.1%        3         3         3  level_insert     heavy_53
        50         47          3   0.1%        3         3         3  publish          source_52
        52         47          4   0.1%        3         3         3  arrive           source_34
        50         47          3   0.1%        3         3         3  publish          source_53
        52         47          5   0.1%        3         3         3  arrive           source_37
        50         47          2   0.1%        3         3         3  publish          source_44
        48         47          1   0.0%        3         3         3  level_insert     heavy_57
        50         47          3   0.1%        3         3         3  publish          source_51
        48         47          1   0.0%        3         3         3  level_insert     heavy_35
        50         46          3   0.1%        3         3         3  publish          source_15
        50         46          3   0.1%        3         3         3  publish          heavy_29
        48         46          1   0.0%        3         3         3  level_insert     heavy_5
        52         46          5   0.1%        3         3         3  arrive           source_3
        51         46          4   0.1%        3         3         3  arrive           source_42
        49         46          3   0.1%        3         3         3  publish          source_55
        47         46          1   0.0%        3         3         3  level_insert     heavy_25
        50         46          4   0.1%        3         3         3  arrive           source_52
        49         46          3   0.1%        3         3         3  publish          source_17
        51         46          5   0.1%        3         3         3  arrive           source_1
        49         46          3   0.1%        3         3         3  publish          heavy_40
        49         46          3   0.1%        3         3         3  publish          heavy_18
        47         46          1   0.0%        3         3         3  level_insert     heavy_54
        49         46          3   0.1%        3         3         3  publish          source_41
        48         45          2   0.0%        3         3         3  publish          heavy_3
        49         45          3   0.0%        3         3         3  publish          source_23
        49         45          3   0.1%        3         3         3  publish          source_42
        49         45          3   0.1%        3         3         3  publish          heavy_30
        49         45          3   0.0%        3         3         3  publish          source_6
        48         45          2   0.0%        3         3         3  publish          source_8
        48         45          3   0.0%        3         3         3  publish          source_54
        48         45          3   0.0%        3         3         3  publish          source_26
        49         45          4   0.1%        3         3         3  arrive           source_38
        48         45          2   0.0%        3         3         3  publish          source_57
        46         45          1   0.0%        3         3         3  level_insert     heavy_62
        48         44          3   0.0%        3         3         3  publish          source_63
        52         44          7   0.1%        3         3         3  publish          source_13
        46         44          1   0.0%        3         3         3  level_insert     heavy_61
        48         44          3   0.0%        3         3         3  publish          source_10
        47         44          3   0.0%        3         3         3  publish          source_56
        47         44          2   0.0%        3         3         3  publish          source_16
        47         44          2   0.0%        3         3         3  publish          source_60
        48         44          4   0.0%        3         3         3  arrive           source_17
        49         44          4   0.1%        3         3         3  arrive           source_36
        47         44          2   0.0%        3         3         3  publish          source_21
        47         44          3   0.0%        3         3         3  publish          source_20
        47         44          3   0.0%        3         3         3  publish          heavy_14
        45         44          1   0.0%        3         3         3  level_insert     heavy_60
        47         44          3   0.0%        3         3         3  publish          source_9
        45         44          1   0.0%        3         3         3  level_insert     heavy_63
        47         44          3   0.0%        3         3         3  publish          source_2
        49         44          5   0.1%        3         3         3  arrive           source_7
        46         44          2   0.0%        3         3         3  publish          source_46
        46         43          2   0.0%        3         3         3  publish          source_40
        47         43          3   0.0%        3         3         3  publish          source_27
        47         43          3   0.0%        3         3         3  publish          heavy_2
        46         43          2   0.0%        3         3         3  publish          source_59
        46         43          3   0.0%        3         3         3  publish          source_18
        48         43          4   0.0%        3         3         3  arrive           source_20
        47         43          3   0.0%        3         3         3  arrive           source_12
        49         43          5   0.0%        3         3         3  arrive           source_43
        46         43          3   0.0%        3         3         3  publish          source_29
        46         43          2   0.0%        3         3         3  publish          source_24
        46         43          3   0.0%        3         3         3  publish          source_12
        46         43          3   0.0%        3         3         3  publish          heavy_26
        46         43          2   0.0%        3         3         3  publish          heavy_19
        46         43          3   0.0%        3         3         3  publish          source_25
        47         43          3   0.0%        3         3         3  publish          heavy_27
        46         43          3   0.0%        3         3         3  publish          source_3
        46         43          3   0.0%        3         3         3  publish          heavy_41
        46         43          3   0.0%        3         3         3  publish          source_61
        47         43          3   0.0%        3         3         3  arrive           source_58
        51         43          8   0.1%        3         3         3  arrive           source_28
        46         43          2   0.0%        3         3         3  publish          heavy_42
        49         43          6   0.1%        3         3         3  arrive           source_14
        46         43          3   0.0%        3         3         3  arrive           source_44
        45         43          2   0.0%        3         3         3  publish          heavy_32
        46         43          3   0.0%        3         3         3  publish          source_28
        46         43          3   0.0%        3         3         3  arrive           source_59
        45         43          2   0.0%        3         3         3  publish          heavy_25
        46         43          3   0.0%        3         3         3  publish          source_22
        46         42          3   0.0%        3         3         3  publish          source_19
        46         42          3   0.0%        3         3         3  arrive           source_8
        46         42          3   0.0%        3         3         3  publish          heavy_21
        47         42          4   0.0%        3         3         3  arrive           source_10
        46         42          3   0.0%        3         3         3  arrive           source_18
        45         42          3   0.0%        3         3         3  publish          heavy_9
        46         42          3   0.0%        3         3         3  publish          heavy_13
        70         42         28   0.1%        3         3         3  publish          heavy_7
        49         42          6   0.1%        3         3         3  publish          heavy_20
        45         42          3   0.0%        3         3         3  publish          source_11
        47         42          4   0.0%        3         3         3  arrive           source_40
        45         42          3   0.0%        3         3         3  publish          source_45
        46         42          3   0.0%        3         3         3  arrive           source_4
        44         42          2   0.0%        3         3         3  publish          heavy_44
        44         42          2   0.0%        3         3         3  publish          heavy_31
        45         42          3   0.0%        3         3         3  publish          heavy_59
        45         42          3   0.0%        3         3         3  publish          heavy_23
        45         42          3   0.0%        3         3         3  publish          heavy_56
        44         41          2   0.0%        3         3         3  publish          heavy_61
        44         41          2   0.0%        3         3         3  publish          heavy_54
        44         41          2   0.0%        3         3         3  publish          heavy_43
        44         41          2   0.0%        3         3         3  publish          heavy_55
        45         41          3   0.0%        3         3         3  publish          heavy_63
        45         41          3   0.0%        3         3         3  publish          source_58
        45         41          3   0.0%        3         3         3  publish          heavy_8
        45         41          3   0.0%        3         3         3  arrive           source_54
        46         41          4   0.0%        3         3         3  arrive           source_5
        44         41          2   0.0%        3         3         3  publish          heavy_53
        44         41          3   0.0%        3         3         3  publish          heavy_6
        44         41          2   0.0%        3         3         3  publish          heavy_46
        45         41          3   0.0%        3         3         3  arrive           source_35
        45         41          4   0.0%        3         3         3  arrive           source_19
        43         41          2   0.0%        3         3         3  publish          heavy_57
        44         40          3   0.0%        3         3         3  publish          heavy_52
        45         40          4   0.0%        3         3         3  arrive           source_53
        44         40          3   0.0%        3         3         3  arrive           source_6
        44         40          3   0.0%        3         3         3  publish          heavy_22
        44         40          3   0.0%        3         3         3  arrive           source_11
        44         40          3   0.0%        3         3         3  arrive           source_25
        42         40          2   0.0%        3         3         3  publish          heavy_47
        45         40          4   0.0%        3         3         3  arrive           source_31
        44         40          3   0.0%        3         3         3  arrive           source_57
        43         39          3   0.0%        3         3         3  arrive           source_9
        45         39          5   0.0%        3         3         3  arrive           source_15
        42         39          3   0.0%        3         3         3  publish          heavy_62
        43         39          3   0.0%        3         3         3  arrive           source_13
        43         39          3   0.0%        3         3         3  arrive           source_63
        43         39          4   0.0%        3         3         3  arrive           source_50
        43         39          3   0.0%        3         3         3  arrive           source_23
        43         39          3   0.0%        3         3         3  arrive           source_26
        43         39          3   0.0%        3         3         3  arrive           source_27
        50         39         11   0.1%        3         3         3  arrive           source_56
        43         39          4   0.0%        3         3         3  arrive           source_29
        43         39          3   0.0%        3         3         3  arrive           source_49
        42         39          3   0.0%        3         3         3  arrive           source_61
        42         39          3   0.0%        3         3         3  arrive           source_30
        43         39          4   0.0%        3         3         3  arrive           source_22
        42         38          3   0.0%        3         3         3  arrive           source_62
        43         38          4   0.0%        3         3         3  arrive           source_21
        42         38          3   0.0%        3         3         3  arrive           source_41
        42         38          3   0.0%        3         3         3  arrive           source_39
        42         38          4   0.0%        3         3         3  arrive           source_46
        41         38          3   0.0%        3         3         3  arrive           source_24
        40         37          3   0.0%        3         3         3  arrive           source_48
        40         36          4   0.0%        3         3         3  arrive           source_47
       106          0        106   0.1%        0         0         0  arrive_diff      -
        83          0         83   0.1%        0         0         0  arrive_encode    -
         0          0          0   0.0%        0         0         0  decode           -
       154          0        154   0.2%        0         0         0  ticklog          -
     90204                        91.6%                               TOTAL sqlite     
         0                         0.0%                               TOTAL rust in scopes 
      8256                         8.4%                               TOTAL rust unscoped 
     98461                       100.0%                               TOTAL wall       
